[2J[01;01H[=3h[2J[01;01H[2J[01;01H[=3h[2J[01;01H[2J[01;01H[=3h[2J[01;01HBdsDxe: loading Boot0001 "UEFI QEMU HARDDISK QM00001 " from PciRoot(0x0)/Pci(0x1,0x1)/Ata(Primary,Master,0x0)
BdsDxe: starting Boot0001 "UEFI QEMU HARDDISK QM00001 " from PciRoot(0x0)/Pci(0x1,0x1)/Ata(Primary,Master,0x0)
guideXOS UEFI Bootloader
ACPI RSDP found at 0x000000003F77E000, rev 0
ELF: vaddr range 0x100000 - 0x4dfb770 (size 0x4cfb770)
ELF: Allocated 19708 pages at 0x36e79000
ELF: Loading seg 0: vaddr=0x100000 -> phys=0x36e79000 (filesz=0x1a5018)
ELF: Loading seg 1: vaddr=0x2a6000 -> phys=0x3701f000 (filesz=0xe040)
ELF: Entry point in segment 0 (vaddr 0x100000)
ELF: Entry vaddr=0x100000, offset=0x0, physEntry=0x36e79000
Kernel entry phys: 0x0000000036E79000 virt: 0x0000000000100000
Kernel loaded at: 0x0000000036E79000 - 0x000000003BB74770
Ramdisk size: 67108864 bytes
Ramdisk loaded at 0x0000000032E79000
Stack allocated at 0x0000000000200000, top at 0x0000000000210000 (below kernel)

=== PCI Enumeration ===
Found 1 network controller(s)
  [%02x:%02x.0] Vendor=%04x Device=%04x Class=%02x/%02x IRQ=3
    BAR0: Phys=%016lx Size=81040000 ()
    ** Supported Intel E1000 NIC **

*** Using NIC at [%02x:%02x.0] ***
    Vendor: %04x  Device: %04x
    MMIO Phys: %016lx  Size: 81040000
    PCI bus mastering enabled
=========================

Runtime frame pool: 0x000000003CB29000 pages=4096
Mapping stack: 0x0000000000200000 size 65536
Mapping framebuffer: 0x0000000080000000 size 4096000
Mapping ramdisk: 0x0000000032E79000 size 67108864
Mapping ACPI RSDP region: 0x000000003F77E000
Mapping bootloader: 0x000000003DB69000 size 73728
Mapping allocator region: 0x4000000 size 64MB
Mapping low memory stack region: 0x100000 size 2MB
Mapping NIC MMIO: %016lx size 81040000
NIC MMIO mapped: Phys=%016lx Virt=%016lx
Building identity page tables with 14 ranges...
Page tables built at PML4: 0x000000003DE33000
Pre-EBS marker drawn (green square top-left)
Exiting boot services...


=== GuideXOS Boot (Post-ExitBootServices) ===

=== CPU State Check ===
CR0 = 0x0000000080010033
CR3 = 0x000000003F801000
CR4 = 0x0000000000000668
EFER = 0x0000000000000D00
  [OK] CR0.PG (Paging) enabled
  [OK] CR0.PE (Protected Mode) enabled
  [OK] CR4.PAE enabled
  [OK] EFER.LME (Long Mode Enable) set
  [OK] EFER.LMA (Long Mode Active) set

=== BootInfo ===
Magic: 0x49425847
Framebuffer: 0x0000000080000000 (0x00000500x0x00000320)

=== Kernel Entry Validation ===
Entry point: 0x0000000036E79000
First 16 bytes at entry:
  FA 66 31 C0 8E D8 8E C0 8E E0 8E E8 8E D0 48 BC 
  [INFO] Unknown prologue pattern

=== Jumping to Kernel (Trampoline) ===

========================================
=== PRE-HANDOFF VALIDATION ===
========================================

--- Parameters ---
Kernel Entry: 0x0000000036E79000
BootInfo:     0x000000003DE3B000
Stack Top:    0x0000000000210000
PML4 Phys:    0x000000003DE33000

--- Validating Mappings ---

[1] Kernel Entry:
Checking mapping for: 0x0000000036E79000
  PML4[0x00000000] = 0x000000003DE32003
  PDPT[0x00000000] = 0x000000003DB87003
  PD[0x000001B7] = 0x000000003DB85003
  PT[0x00000079] = 0x0000000036E79003
  [OK] Maps to physical: 0x0000000036E79000

[2] BootInfo:
Checking mapping for: 0x000000003DE3B000
  PML4[0x00000000] = 0x000000003DE32003
  PDPT[0x00000000] = 0x000000003DB87003
  PD[0x000001EF] = 0x000000003CB0B003
  PT[0x0000003B] = 0x000000003DE3B003
  [OK] Maps to physical: 0x000000003DE3B000

[3] Stack (top - 0x1000):
Checking mapping for: 0x000000000020F000
  PML4[0x00000000] = 0x000000003DE32003
  PDPT[0x00000000] = 0x000000003DB87003
  PD[0x00000001] = 0x000000003CB0C003
  PT[0x0000000F] = 0x0000000036F88003
  [OK] Maps to physical: 0x0000000036F88000

[4] PML4 self-mapping:
Checking mapping for: 0x000000003DE33000
  PML4[0x00000000] = 0x000000003DE32003
  PDPT[0x00000000] = 0x000000003DB87003
  PD[0x000001EF] = 0x000000003CB0B003
  PT[0x00000033] = 0x000000003DE33003
  [OK] Maps to physical: 0x000000003DE33000

[5] Framebuffer:
Checking mapping for: 0x0000000080000000
  PML4[0x00000000] = 0x000000003DE32003
  PDPT[0x00000002] = 0x000000003CB01003
  PD[0x00000000] = 0x000000003CB00003
  PT[0x00000000] = 0x0000000080000003
  [OK] Maps to physical: 0x0000000080000000

========================================
=== VALIDATION COMPLETE ===
========================================


[BOOT] Validating VIRTUAL kernel entry mapping:
Checking mapping for: 0x0000000000100000
  PML4[0x00000000] = 0x000000003DE32003
  PDPT[0x00000000] = 0x000000003DB87003
  PD[0x00000000] = 0x000000003DB86003
  PT[0x00000100] = 0x0000000036E79003
  [OK] Maps to physical: 0x0000000036E79000
[BOOT] About to handoff via trampoline...
[BOOT] Trampoline at: 0x000000003DE34000
[BOOT] Kernel entry: 0x0000000036E79000
[BOOT] BootInfo at: 0x000000003DE3B000
[BOOT] Stack top: 0x0000000000210000
[BOOT] PML4: 0x000000003DE33000

[BOOT] Validating trampoline mapping:
Checking mapping for: 0x000000003DE34000
  PML4[0x00000000] = 0x000000003DE32003
  PDPT[0x00000000] = 0x000000003DB87003
  PD[0x000001EF] = 0x000000003CB0B003
  PT[0x00000034] = 0x000000003DE34003
  [OK] Maps to physical: 0x000000003DE34000

[BOOT] === CALLING TRAMPOLINE NOW ===
[KERNEL] guideXOS kernel_main entered
[KERNEL] Boot method: UEFI BootInfo
[KERNEL] Generic address-space frame pool initialized
[GDT] GDT loaded with 3 entries, segments reloaded
[IRQ] IDT loaded, PIC remapped, interrupts enabled
[IRQ] Master PIC mask: 0xFF Slave PIC mask: 0xFF
[PIT] Timer configured at ~00000064 Hz (divisor=0x00002E9B)
[IRQ] register_irq called for IRQ 00
[IRQ] Handler stored, unmasking...
[IRQ] Registered and unmasked IRQ 00 Master mask: 0xFE Slave mask: 0xFF
[native-thread-test] timer services ready
[native-thread-test] BEGIN
[native-thread-test] created tid=0000000000000002 slot=00000001 generation=00000001 stack_low=000000000383C820 stack_high=000000000383E820 initial_ip=00000000001DAC30 initial_sp=000000000383E818
[native-thread-test] single created slot=00000001 generation=00000001
[native-thread-test] join timeout valid=00000001 infinite=00000001 nanos=0000000000000000
[native-thread-test] first schedule tid=0000000000000002 slot=00000001 generation=00000001 stack_low=000000000383C820 stack_high=000000000383E820 initial_ip=00000000001DAC30 initial_sp=000000000383E818
[native-thread-test] entry invocation tid=0000000000000002 slot=00000001 generation=00000001 context=0000000004D36DE0
[native-thread-test] exit result=0000000000001234
[native-thread-test] completion signal slot=00000001
[native-thread-test] wake runnable slot=00000000 state=00000000 ready=00000001
[native-thread-test] exit switch next slot=00000000 context=0000000004D36B28 rip=00000000001B3A58 rsp=0000000004D36B70
[IRQ] dispatch irq=00
[native-thread-test] wait resume switch slot=00000000 state=00000002
[native-thread-test] join wait result=00000000
[native-thread-test] join wake slot=00000001 generation=00000001
[native-thread-test] reclamation slot=00000001 generation=00000001
[native-thread-test] Context delivery: PASS
[native-thread-test] Result capture: PASS
[native-thread-test] Stack/ABI: PASS
[native-thread-test] Single worker: PASS
[native-thread-test] created tid=0000000000000003 slot=00000001 generation=00000002 stack_low=000000000383C820 stack_high=000000000383E820 initial_ip=00000000001DAC30 initial_sp=000000000383E818
[native-thread-test] first schedule tid=0000000000000003 slot=00000001 generation=00000002 stack_low=000000000383C820 stack_high=000000000383E820 initial_ip=00000000001DAC30 initial_sp=000000000383E818
[native-thread-test] entry invocation tid=0000000000000003 slot=00000001 generation=00000002 context=0000000004D36CB0
[native-thread-test] wake runnable slot=00000000 state=00000000 ready=00000001
[native-thread-test] wait resume switch slot=00000000 state=00000002
[native-thread-test] join timeout valid=00000001 infinite=00000000 nanos=0000000000000000
[native-thread-test] join wait result=00000001
[native-thread-test] join timeout valid=00000001 infinite=00000000 nanos=0000000001312D00
[IRQ] dispatch irq=00
[IRQ] dispatch irq=00
[native-thread-test] wait resume idle slot=00000000 reason=00000002
[native-thread-test] join wait result=00000001
[native-thread-test] wake runnable slot=00000001 state=00000000 ready=00000001
[native-thread-test] join timeout valid=00000001 infinite=00000001 nanos=0000000000000000
[native-thread-test] wait resume switch slot=00000001 state=00000002
[native-thread-test] exit result=000000000000BEEF
[native-thread-test] completion signal slot=00000001
[native-thread-test] wake runnable slot=00000000 state=00000000 ready=00000001
[native-thread-test] exit switch next slot=00000000 context=0000000004D369B8 rip=00000000001B3A58 rsp=0000000004D36A00
[native-thread-test] wait resume switch slot=00000000 state=00000002
[native-thread-test] join wait result=00000000
[native-thread-test] join wake slot=00000001 generation=00000002
[native-thread-test] reclamation slot=00000001 generation=00000002
[native-thread-test] Zero-timeout join: PASS
[native-thread-test] Finite-timeout join: PASS
[native-thread-test] Join retry: PASS
[native-thread-test] Timed join retains target: PASS
[native-thread-test] Join-before-exit: PASS
[native-thread-test] created tid=0000000000000004 slot=00000001 generation=00000003 stack_low=000000000383C820 stack_high=000000000383E820 initial_ip=00000000001DAC30 initial_sp=000000000383E818
[native-thread-test] first schedule tid=0000000000000004 slot=00000001 generation=00000003 stack_low=000000000383C820 stack_high=000000000383E820 initial_ip=00000000001DAC30 initial_sp=000000000383E818
[native-thread-test] entry invocation tid=0000000000000004 slot=00000001 generation=00000003 context=0000000004D36DE0
[native-thread-test] wake runnable slot=00000000 state=00000000 ready=00000001
[native-thread-test] exit result=000000000000CAFE
[native-thread-test] completion signal slot=00000001
[native-thread-test] exit switch next slot=00000000 context=0000000004D36A78 rip=00000000001B3A58 rsp=0000000004D36AC0
[native-thread-test] wait resume switch slot=00000000 state=00000002
[native-thread-test] join timeout valid=00000001 infinite=00000000 nanos=0000000000000000
[native-thread-test] join wait result=00000000
[native-thread-test] join wake slot=00000001 generation=00000003
[native-thread-test] reclamation slot=00000001 generation=00000003
[native-thread-test] join rejected slot=00000001 generation=00000003 current_slot=00000000
[native-thread-test] Join-after-exit: PASS
[native-thread-test] Second-join rejection: PASS
[native-thread-test] Stale-handle rejection: PASS
[native-thread-test] created tid=0000000000000005 slot=00000001 generation=00000004 stack_low=000000000383C820 stack_high=000000000383E820 initial_ip=00000000001DAC30 initial_sp=000000000383E818
[native-thread-test] join timeout valid=00000001 infinite=00000001 nanos=0000000000000000
[native-thread-test] first schedule tid=0000000000000005 slot=00000001 generation=00000004 stack_low=000000000383C820 stack_high=000000000383E820 initial_ip=00000000001DAC30 initial_sp=000000000383E818
[native-thread-test] entry invocation tid=0000000000000005 slot=00000001 generation=00000004 context=0000000004D36DE0
[native-thread-test] exit result=0000000000002000
[native-thread-test] completion signal slot=00000001
[native-thread-test] wake runnable slot=00000000 state=00000000 ready=00000001
[native-thread-test] exit switch next slot=00000000 context=0000000004D36B18 rip=00000000001B3A58 rsp=0000000004D36B60
[native-thread-test] wait resume switch slot=00000000 state=00000002
[native-thread-test] join wait result=00000000
[native-thread-test] join wake slot=00000001 generation=00000004
[native-thread-test] reclamation slot=00000001 generation=00000004
[native-thread-test] created tid=0000000000000006 slot=00000001 generation=00000005 stack_low=000000000383C820 stack_high=000000000383E820 initial_ip=00000000001DAC30 initial_sp=000000000383E818
[native-thread-test] join timeout valid=00000001 infinite=00000001 nanos=0000000000000000
[native-thread-test] first schedule tid=0000000000000006 slot=00000001 generation=00000005 stack_low=000000000383C820 stack_high=000000000383E820 initial_ip=00000000001DAC30 initial_sp=000000000383E818
[native-thread-test] entry invocation tid=0000000000000006 slot=00000001 generation=00000005 context=0000000004D36DE0
[native-thread-test] exit result=0000000000002001
[native-thread-test] completion signal slot=00000001
[native-thread-test] wake runnable slot=00000000 state=00000000 ready=00000001
[native-thread-test] exit switch next slot=00000000 context=0000000004D36B18 rip=00000000001B3A58 rsp=0000000004D36B60
[native-thread-test] wait resume switch slot=00000000 state=00000002
[native-thread-test] join wait result=00000000
[native-thread-test] join wake slot=00000001 generation=00000005
[native-thread-test] reclamation slot=00000001 generation=00000005
[native-thread-test] join rejected slot=00000001 generation=00000004 current_slot=00000000
[native-thread-test] created tid=0000000000000007 slot=00000001 generation=00000006 stack_low=000000000383C820 stack_high=000000000383E820 initial_ip=00000000001DAC30 initial_sp=000000000383E818
[IRQ] dispatch irq=00
[native-thread-test] join timeout valid=00000001 infinite=00000001 nanos=0000000000000000
[native-thread-test] first schedule tid=0000000000000007 slot=00000001 generation=00000006 stack_low=000000000383C820 stack_high=000000000383E820 initial_ip=00000000001DAC30 initial_sp=000000000383E818
[native-thread-test] entry invocation tid=0000000000000007 slot=00000001 generation=00000006 context=0000000004D36DE0
[native-thread-test] exit result=0000000000002002
[native-thread-test] completion signal slot=00000001
[native-thread-test] wake runnable slot=00000000 state=00000000 ready=00000001
[native-thread-test] exit switch next slot=00000000 context=0000000004D36B18 rip=00000000001B3A58 rsp=0000000004D36B60
[native-thread-test] wait resume switch slot=00000000 state=00000002
[native-thread-test] join wait result=00000000
[native-thread-test] join wake slot=00000001 generation=00000006
[native-thread-test] reclamation slot=00000001 generation=00000006
[native-thread-test] join rejected slot=00000001 generation=00000005 current_slot=00000000
[native-thread-test] created tid=0000000000000008 slot=00000001 generation=00000007 stack_low=000000000383C820 stack_high=000000000383E820 initial_ip=00000000001DAC30 initial_sp=000000000383E818
[native-thread-test] join timeout valid=00000001 infinite=00000001 nanos=0000000000000000
[native-thread-test] first schedule tid=0000000000000008 slot=00000001 generation=00000007 stack_low=000000000383C820 stack_high=000000000383E820 initial_ip=00000000001DAC30 initial_sp=000000000383E818
[native-thread-test] entry invocation tid=0000000000000008 slot=00000001 generation=00000007 context=0000000004D36DE0
[native-thread-test] exit result=0000000000002003
[native-thread-test] completion signal slot=00000001
[native-thread-test] wake runnable slot=00000000 state=00000000 ready=00000001
[native-thread-test] exit switch next slot=00000000 context=0000000004D36B18 rip=00000000001B3A58 rsp=0000000004D36B60
[native-thread-test] wait resume switch slot=00000000 state=00000002
[native-thread-test] join wait result=00000000
[native-thread-test] join wake slot=00000001 generation=00000007
[native-thread-test] reclamation slot=00000001 generation=00000007
[native-thread-test] join rejected slot=00000001 generation=00000006 current_slot=00000000
[native-thread-test] created tid=0000000000000009 slot=00000001 generation=00000008 stack_low=000000000383C820 stack_high=000000000383E820 initial_ip=00000000001DAC30 initial_sp=000000000383E818
[native-thread-test] join timeout valid=00000001 infinite=00000001 nanos=0000000000000000
[native-thread-test] first schedule tid=0000000000000009 slot=00000001 generation=00000008 stack_low=000000000383C820 stack_high=000000000383E820 initial_ip=00000000001DAC30 initial_sp=000000000383E818
[native-thread-test] entry invocation tid=0000000000000009 slot=00000001 generation=00000008 context=0000000004D36DE0
[native-thread-test] exit result=0000000000002004
[native-thread-test] completion signal slot=00000001
[native-thread-test] wake runnable slot=00000000 state=00000000 ready=00000001
[native-thread-test] exit switch next slot=00000000 context=0000000004D36B18 rip=00000000001B3A58 rsp=0000000004D36B60
[native-thread-test] wait resume switch slot=00000000 state=00000002
[native-thread-test] join wait result=00000000
[native-thread-test] join wake slot=00000001 generation=00000008
[native-thread-test] reclamation slot=00000001 generation=00000008
[native-thread-test] join rejected slot=00000001 generation=00000007 current_slot=00000000
[native-thread-test] created tid=000000000000000A slot=00000001 generation=00000009 stack_low=000000000383C820 stack_high=000000000383E820 initial_ip=00000000001DAC30 initial_sp=000000000383E818
[native-thread-test] join timeout valid=00000001 infinite=00000001 nanos=0000000000000000
[native-thread-test] first schedule tid=000000000000000A slot=00000001 generation=00000009 stack_low=000000000383C820 stack_high=000000000383E820 initial_ip=00000000001DAC30 initial_sp=000000000383E818
[native-thread-test] entry invocation tid=000000000000000A slot=00000001 generation=00000009 context=0000000004D36DE0
[native-thread-test] exit result=0[IRQ] dispatch irq=00
000000000002005
[native-thread-test] completion signal slot=00000001
[native-thread-test] wake runnable slot=00000000 state=00000000 ready=00000001
[native-thread-test] exit switch next slot=00000000 context=0000000004D36B18 rip=00000000001B3A58 rsp=0000000004D36B60
[native-thread-test] wait resume switch slot=00000000 state=00000002
[native-thread-test] join wait result=00000000
[native-thread-test] join wake slot=00000001 generation=00000009
[native-thread-test] reclamation slot=00000001 generation=00000009
[native-thread-test] join rejected slot=00000001 generation=00000008 current_slot=00000000
[native-thread-test] created tid=000000000000000B slot=00000001 generation=0000000A stack_low=000000000383C820 stack_high=000000000383E820 initial_ip=00000000001DAC30 initial_sp=000000000383E818
[native-thread-test] join timeout valid=00000001 infinite=00000001 nanos=0000000000000000
[native-thread-test] first schedule tid=000000000000000B slot=00000001 generation=0000000A stack_low=000000000383C820 stack_high=000000000383E820 initial_ip=00000000001DAC30 initial_sp=000000000383E818
[native-thread-test] entry invocation tid=000000000000000B slot=00000001 generation=0000000A context=0000000004D36DE0
[native-thread-test] exit result=0000000000002006
[native-thread-test] completion signal slot=00000001
[native-thread-test] wake runnable slot=00000000 state=00000000 ready=00000001
[native-thread-test] exit switch next slot=00000000 context=0000000004D36B18 rip=00000000001B3A58 rsp=0000000004D36B60
[native-thread-test] wait resume switch slot=00000000 state=00000002
[native-thread-test] join wait result=00000000
[native-thread-test] join wake slot=00000001 generation=0000000A
[native-thread-test] reclamation slot=00000001 generation=0000000A
[native-thread-test] join rejected slot=00000001 generation=00000009 current_slot=00000000
[native-thread-test] created tid=000000000000000C slot=00000001 generation=0000000B stack_low=000000000383C820 stack_high=000000000383E820 initial_ip=00000000001DAC30 initial_sp=000000000383E818
[native-thread-test] join timeout valid=00000001 infinite=00000001 nanos=0000000000000000
[native-thread-test] first schedule tid=000000000000000C slot=00000001 generation=0000000B stack_low=000000000383C820 stack_high=000000000383E820 initial_ip=00000000001DAC30 initial_sp=000000000383E818
[native-thread-test] entry invocation tid=000000000000000C slot=00000001 generation=0000000B context=0000000004D36DE0
[native-thread-test] exit result=0000000000002007
[native-thread-test] completion signal slot=00000001
[native-thread-test] wake runnable slot=00000000 state=00000000 ready=00000001
[native-thread-test] exit switch next slot=00000000 context=0000000004D36B18 rip=00000000001B3A58 rsp=0000000004D36B60
[native-thread-test] wait resume switch slot=00000000 state=00000002
[native-thread-test] join wait result=00000000
[native-thread-test] join wake slot=00000001 generation=0000000B
[native-thread-test] reclamation slot=00000001 generation=0000000B
[native-thread-test] join rejected slot=00000001 generation=0000000A current_slot=00000000
[native-thread-test] created tid=000000000000000D slot=00000001 generation=0000000C stack_low=000000000383C820 stack_high=000000000383E820 initial_ip=00000000001DAC30 initial_sp=000000000383E818
[native-thread-test] join timeout valid=00000001 infinite=00000001 nanos=0000000000000000
[native-thread-test] first schedule tid=000000000000000D slot=00000001 generation=0000000C stack_low=000000000383C820 stack_high=000000000383E820 initial_ip=00000000001DAC30 initial_sp=000000000383E818
[native-thread-test] entry invocation tid=000000000000000D slot=00000001 generation=0000000C context=0000000004D36DE0
[native-thread-test] exit result=0000000000002008
[native-thread-test] completion signal slot=00000001
[native-thread-test] wake runnable slot=00000000 state=00000000 ready=00000001
[native-thread-test] exit switch next slot=00000000 context=0000000004D36B18 rip=00000000001B3A58 rsp=0000000004D36B60
[native-thread-test] wait resume switch slot=00000000 state=00000002
[native-thread-test] join wait result=00000000
[native-thread-test] join wake slot=00000001 generation=0000000C
[native-thread-test] reclamation slot=00000001 generation=0000000C
[native-thread-test] join rejected slot=00000001 generation=0000000B current_slot=00000000
[native-thread-test] created tid=000000000000000E slot=00000001 generation=0000000D stack_low=000000000383C820 stack_high=000000000383E820 initial_ip=00000000001DAC30 initial_sp=000000000383E818
[native-thread-test] join timeout valid=00000001 infinite=00000001 nanos=0000000000000000
[native-thread-test] first schedule tid=000000000000000E slot=00000001 generation=0000000D stack_low=000000000383C820 stack_high=000000000383E820 initial_ip=00000000001DAC30 initial_sp=000000000383E818
[IRQ] dispatch irq=00
[native-thread-test] entry invocation tid=000000000000000E slot=00000001 generation=0000000D context=0000000004D36DE0
[native-thread-test] exit result=0000000000002009
[native-thread-test] completion signal slot=00000001
[native-thread-test] wake runnable slot=00000000 state=00000000 ready=00000001
[native-thread-test] exit switch next slot=00000000 context=0000000004D36B18 rip=00000000001B3A58 rsp=0000000004D36B60
[native-thread-test] wait resume switch slot=00000000 state=00000002
[native-thread-test] join wait result=00000000
[native-thread-test] join wake slot=00000001 generation=0000000D
[native-thread-test] reclamation slot=00000001 generation=0000000D
[native-thread-test] join rejected slot=00000001 generation=0000000C current_slot=00000000
[native-thread-test] created tid=000000000000000F slot=00000001 generation=0000000E stack_low=000000000383C820 stack_high=000000000383E820 initial_ip=00000000001DAC30 initial_sp=000000000383E818
[native-thread-test] join timeout valid=00000001 infinite=00000001 nanos=0000000000000000
[native-thread-test] first schedule tid=000000000000000F slot=00000001 generation=0000000E stack_low=000000000383C820 stack_high=000000000383E820 initial_ip=00000000001DAC30 initial_sp=000000000383E818
[native-thread-test] entry invocation tid=000000000000000F slot=00000001 generation=0000000E context=0000000004D36DE0
[native-thread-test] exit result=000000000000200A
[native-thread-test] completion signal slot=00000001
[native-thread-test] wake runnable slot=00000000 state=00000000 ready=00000001
[native-thread-test] exit switch next slot=00000000 context=0000000004D36B18 rip=00000000001B3A58 rsp=0000000004D36B60
[native-thread-test] wait resume switch slot=00000000 state=00000002
[native-thread-test] join wait result=00000000
[native-thread-test] join wake slot=00000001 generation=0000000E
[native-thread-test] reclamation slot=00000001 generation=0000000E
[native-thread-test] join rejected slot=00000001 generation=0000000D current_slot=00000000
[native-thread-test] created tid=0000000000000010 slot=00000001 generation=0000000F stack_low=000000000383C820 stack_high=000000000383E820 initial_ip=00000000001DAC30 initial_sp=000000000383E818
[native-thread-test] join timeout valid=00000001 infinite=00000001 nanos=0000000000000000
[native-thread-test] first schedule tid=0000000000000010 slot=00000001 generation=0000000F stack_low=000000000383C820 stack_high=000000000383E820 initial_ip=00000000001DAC30 initial_sp=000000000383E818
[native-thread-test] entry invocation tid=0000000000000010 slot=00000001 generation=0000000F context=0000000004D36DE0
[native-thread-test] exit result=000000000000200B
[native-thread-test] completion signal slot=00000001
[native-thread-test] wake runnable slot=00000000 state=00000000 ready=00000001
[native-thread-test] exit switch next slot=00000000 context=0000000004D36B18 rip=00000000001B3A58 rsp=0000000004D36B60
[native-thread-test] wait resume switch slot=00000000 state=00000002
[native-thread-test] join wait result=00000000
[native-thread-test] join wake slot=00000001 generation=0000000F
[native-thread-test] reclamation slot=00000001 generation=0000000F
[native-thread-test] join rejected slot=00000001 generation=0000000E current_slot=00000000
[native-thread-test] created tid=0000000000000011 slot=00000001 generation=00000010 stack_low=000000000383C820 stack_high=000000000383E820 initial_ip=00000000001DAC30 initial_sp=000000000383E818
[native-thread-test] join timeout valid=00000001 infinite=00000001 nanos=0000000000000000
[native-thread-test] first schedule tid=0000000000000011 slot=00000001 generation=00000010 stack_low=000000000383C820 stack_high=000000000383E820 initial_ip=00000000001DAC30 initial_sp=000000000383E818
[native-thread-test] entry invocation tid=0000000000000011 slot=00000001 generation=00000010 context=0000000004D36DE0
[native-thread-test] exit result=000000000000200C
[native-thread-test] completion signal slot=00000001
[native-thread-test] wake runnable slot=00000000 state=00000000 ready=00000001
[native-thread-test] exit switch next slot=00000000 context=0000000004D36B18 rip=00000000001B3A58 rsp=0000000004D36B60
[native-thread-test] wait resume switch slot=00000000 state=00000002
[native-thread-test] join wait result=00000000
[native-thread-test] join wake slot=00000001 generation=00000010
[native-thread-test] reclamation slot=00000001 generation=00000010
[native-thread-test] join rejected slot=00000001 generation=0000000F current_slot=00000000
[native-thread-test] created tid=0000000000000012 slot=00000001 generation=00000011 stack_low=000000000383C820 stack_high=000000000383E820 initial_ip=00000000001DAC30 initial_sp=000000000383E818
[native-thread-test] join timeout valid=00000001 infinite=00000001 nanos=0000000000000000
[native-thread-test] first schedule tid=0000000000000012 slot=00000001 generation=00000011 stack_low=000000000383C820 stack_high=000000000383E820 initial_ip=00000000001DAC30 initial_sp=000000000383E818
[IRQ] dispatch irq=00
[native-thread-test] entry invocation tid=0000000000000012 slot=00000001 generation=00000011 context=0000000004D36DE0
[native-thread-test] exit result=000000000000200D
[native-thread-test] completion signal slot=00000001
[native-thread-test] wake runnable slot=00000000 state=00000000 ready=00000001
[native-thread-test] exit switch next slot=00000000 context=0000000004D36B18 rip=00000000001B3A58 rsp=0000000004D36B60
[native-thread-test] wait resume switch slot=00000000 state=00000002
[native-thread-test] join wait result=00000000
[native-thread-test] join wake slot=00000001 generation=00000011
[native-thread-test] reclamation slot=00000001 generation=00000011
[native-thread-test] join rejected slot=00000001 generation=00000010 current_slot=00000000
[native-thread-test] created tid=0000000000000013 slot=00000001 generation=00000012 stack_low=000000000383C820 stack_high=000000000383E820 initial_ip=00000000001DAC30 initial_sp=000000000383E818
[native-thread-test] join timeout valid=00000001 infinite=00000001 nanos=0000000000000000
[native-thread-test] first schedule tid=0000000000000013 slot=00000001 generation=00000012 stack_low=000000000383C820 stack_high=000000000383E820 initial_ip=00000000001DAC30 initial_sp=000000000383E818
[native-thread-test] entry invocation tid=0000000000000013 slot=00000001 generation=00000012 context=0000000004D36DE0
[native-thread-test] exit result=000000000000200E
[native-thread-test] completion signal slot=00000001
[native-thread-test] wake runnable slot=00000000 state=00000000 ready=00000001
[native-thread-test] exit switch next slot=00000000 context=0000000004D36B18 rip=00000000001B3A58 rsp=0000000004D36B60
[native-thread-test] wait resume switch slot=00000000 state=00000002
[native-thread-test] join wait result=00000000
[native-thread-test] join wake slot=00000001 generation=00000012
[native-thread-test] reclamation slot=00000001 generation=00000012
[native-thread-test] join rejected slot=00000001 generation=00000011 current_slot=00000000
[native-thread-test] created tid=0000000000000014 slot=00000001 generation=00000013 stack_low=000000000383C820 stack_high=000000000383E820 initial_ip=00000000001DAC30 initial_sp=000000000383E818
[native-thread-test] join timeout valid=00000001 infinite=00000001 nanos=0000000000000000
[native-thread-test] first schedule tid=0000000000000014 slot=00000001 generation=00000013 stack_low=000000000383C820 stack_high=000000000383E820 initial_ip=00000000001DAC30 initial_sp=000000000383E818
[native-thread-test] entry invocation tid=0000000000000014 slot=00000001 generation=00000013 context=0000000004D36DE0
[native-thread-test] exit result=000000000000200F
[native-thread-test] completion signal slot=00000001
[native-thread-test] wake runnable slot=00000000 state=00000000 ready=00000001
[native-thread-test] exit switch next slot=00000000 context=0000000004D36B18 rip=00000000001B3A58 rsp=0000000004D36B60
[native-thread-test] wait resume switch slot=00000000 state=00000002
[native-thread-test] join wait result=00000000
[native-thread-test] join wake slot=00000001 generation=00000013
[native-thread-test] reclamation slot=00000001 generation=00000013
[native-thread-test] join rejected slot=00000001 generation=00000012 current_slot=00000000
[native-thread-test] created tid=0000000000000015 slot=00000001 generation=00000014 stack_low=000000000383C820 stack_high=000000000383E820 initial_ip=00000000001DAC30 initial_sp=000000000383E818
[native-thread-test] join timeout valid=00000001 infinite=00000001 nanos=0000000000000000
[native-thread-test] first schedule tid=0000000000000015 slot=00000001 generation=00000014 stack_low=000000000383C820 stack_high=000000000383E820 initial_ip=00000000001DAC30 initial_sp=000000000383E818
[native-thread-test] entry invocation tid=0000000000000015 slot=00000001 generation=00000014 context=0000000004D36DE0
[native-thread-test] exit result=0000000000002010
[native-thread-test] completion signal slot=00000001
[native-thread-test] wake runnable slot=00000000 state=00000000 ready=00000001
[native-thread-test] exit switch next slot=00000000 context=0000000004D36B18 rip=00000000001B3A58 rsp=0000000004D36B60
[native-thread-test] wait resume switch slot=00000000 state=00000002
[native-thread-test] join wait result=00000000
[native-thread-test] join wake slot=00000001 generation=00000014
[native-thread-test] reclamation slot=00000001 generation=00000014
[native-thread-test] join rejected slot=00000001 generation=00000013 current_slot=00000000
[native-thread-test] created tid=0000000000000016 slot=00000001 generation=00000015 stack_low=000000000383C820 stack_high=000000000383E820 initial_ip=00000000001DAC30 initial_sp=000000000383E818
[IRQ] dispatch irq=00
[native-thread-test] join timeout valid=00000001 infinite=00000001 nanos=0000000000000000
[native-thread-test] first schedule tid=0000000000000016 slot=00000001 generation=00000015 stack_low=000000000383C820 stack_high=000000000383E820 initial_ip=00000000001DAC30 initial_sp=000000000383E818
[native-thread-test] entry invocation tid=0000000000000016 slot=00000001 generation=00000015 context=0000000004D36DE0
[native-thread-test] exit result=0000000000002011
[native-thread-test] completion signal slot=00000001
[native-thread-test] wake runnable slot=00000000 state=00000000 ready=00000001
[native-thread-test] exit switch next slot=00000000 context=0000000004D36B18 rip=00000000001B3A58 rsp=0000000004D36B60
[native-thread-test] wait resume switch slot=00000000 state=00000002
[native-thread-test] join wait result=00000000
[native-thread-test] join wake slot=00000001 generation=00000015
[native-thread-test] reclamation slot=00000001 generation=00000015
[native-thread-test] join rejected slot=00000001 generation=00000014 current_slot=00000000
[native-thread-test] created tid=0000000000000017 slot=00000001 generation=00000016 stack_low=000000000383C820 stack_high=000000000383E820 initial_ip=00000000001DAC30 initial_sp=000000000383E818
[native-thread-test] join timeout valid=00000001 infinite=00000001 nanos=0000000000000000
[native-thread-test] first schedule tid=0000000000000017 slot=00000001 generation=00000016 stack_low=000000000383C820 stack_high=000000000383E820 initial_ip=00000000001DAC30 initial_sp=000000000383E818
[native-thread-test] entry invocation tid=0000000000000017 slot=00000001 generation=00000016 context=0000000004D36DE0
[native-thread-test] exit result=0000000000002012
[native-thread-test] completion signal slot=00000001
[native-thread-test] wake runnable slot=00000000 state=00000000 ready=00000001
[native-thread-test] exit switch next slot=00000000 context=0000000004D36B18 rip=00000000001B3A58 rsp=0000000004D36B60
[native-thread-test] wait resume switch slot=00000000 state=00000002
[native-thread-test] join wait result=00000000
[native-thread-test] join wake slot=00000001 generation=00000016
[native-thread-test] reclamation slot=00000001 generation=00000016
[native-thread-test] join rejected slot=00000001 generation=00000015 current_slot=00000000
[native-thread-test] created tid=0000000000000018 slot=00000001 generation=00000017 stack_low=000000000383C820 stack_high=000000000383E820 initial_ip=00000000001DAC30 initial_sp=000000000383E818
[native-thread-test] join timeout valid=00000001 infinite=00000001 nanos=0000000000000000
[native-thread-test] first schedule tid=0000000000000018 slot=00000001 generation=00000017 stack_low=000000000383C820 stack_high=000000000383E820 initial_ip=00000000001DAC30 initial_sp=000000000383E818
[native-thread-test] entry invocation tid=0000000000000018 slot=00000001 generation=00000017 context=0000000004D36DE0
[native-thread-test] exit result=0000000000002013
[native-thread-test] completion signal slot=00000001
[native-thread-test] wake runnable slot=00000000 state=00000000 ready=00000001
[native-thread-test] exit switch next slot=00000000 context=0000000004D36B18 rip=00000000001B3A58 rsp=0000000004D36B60
[native-thread-test] wait resume switch slot=00000000 state=00000002
[native-thread-test] join wait result=00000000
[native-thread-test] join wake slot=00000001 generation=00000017
[native-thread-test] reclamation slot=00000001 generation=00000017
[native-thread-test] join rejected slot=00000001 generation=00000016 current_slot=00000000
[native-thread-test] TCB reuse: PASS
[native-thread-test] Generation change: PASS
[native-thread-test] Stale-handle rejection: PASS
[native-thread-test] created tid=0000000000000019 slot=00000001 generation=00000018 stack_low=000000000383C820 stack_high=000000000383E820 initial_ip=00000000001DAC30 initial_sp=000000000383E818
[native-thread-test] first schedule tid=0000000000000019 slot=00000001 generation=00000018 stack_low=000000000383C820 stack_high=000000000383E820 initial_ip=00000000001DAC30 initial_sp=000000000383E818
[native-thread-test] entry invocation tid=0000000000000019 slot=00000001 generation=00000018 context=0000000004D36CB0
[native-thread-test] wake runnable slot=00000000 state=00000000 ready=00000001
[native-thread-test] wait resume switch slot=00000000 state=00000002
[IRQ] dispatch irq=00
[native-thread-test] join rejected slot=00000001 generation=00000018 current_slot=00000000
[native-thread-test] wake runnable slot=00000001 state=00000000 ready=00000001
[native-thread-test] wait resume switch slot=00000001 state=00000002
[native-thread-test] wake runnable slot=00000000 state=00000000 ready=00000001
[native-thread-test] exit result=0000000000004444
[native-thread-test] completion signal slot=00000001
[native-thread-test] exit switch next slot=00000000 context=0000000004D36AB8 rip=00000000001B3A58 rsp=0000000004D36B00
[native-thread-test] wait resume switch slot=00000000 state=00000002
[native-thread-test] Detach before exit: PASS
[native-thread-test] created tid=000000000000001A slot=00000001 generation=00000019 stack_low=000000000383C820 stack_high=000000000383E820 initial_ip=00000000001DAC30 initial_sp=000000000383E818
[native-thread-test] first schedule tid=000000000000001A slot=00000001 generation=00000019 stack_low=000000000383C820 stack_high=000000000383E820 initial_ip=00000000001DAC30 initial_sp=000000000383E818
[native-thread-test] entry invocation tid=000000000000001A slot=00000001 generation=00000019 context=0000000004D36DE0
[native-thread-test] wake runnable slot=00000000 state=00000000 ready=00000001
[native-thread-test] exit result=0000000000005555
[native-thread-test] completion signal slot=00000001
[native-thread-test] exit switch next slot=00000000 context=0000000004D36AB8 rip=00000000001B3A58 rsp=0000000004D36B00
[native-thread-test] wait resume switch slot=00000000 state=00000002
[native-thread-test] detached reclamation slot=00000001 generation=00000019
[native-thread-test] join rejected slot=00000001 generation=00000019 current_slot=00000000
[native-thread-test] Detach after exit: PASS
[native-thread-test] Stack/TCB leak check: PASS
[native-thread-test] created tid=000000000000001B slot=00000001 generation=0000001A stack_low=000000000383C820 stack_high=000000000383E820 initial_ip=00000000001DAC30 initial_sp=000000000383E818
[native-thread-test] first schedule tid=000000000000001B slot=00000001 generation=0000001A stack_low=000000000383C820 stack_high=000000000383E820 initial_ip=00000000001DAC30 initial_sp=000000000383E818
[native-thread-test] entry invocation tid=000000000000001B slot=00000001 generation=0000001A context=0000000004D36A50
[native-thread-test] wake runnable slot=00000000 state=00000000 ready=00000001
[native-thread-test] wait resume switch slot=00000000 state=00000002
[native-thread-test] created tid=000000000000001C slot=00000002 generation=00000001 stack_low=00000000038409B0 stack_high=00000000038429B0 initial_ip=00000000001DAC30 initial_sp=00000000038429A8
[native-thread-test] first schedule tid=000000000000001C slot=00000002 generation=00000001 stack_low=00000000038409B0 stack_high=00000000038429B0 initial_ip=00000000001DAC30 initial_sp=00000000038429A8
[native-thread-test] entry invocation tid=000000000000001C slot=00000002 generation=00000001 context=0000000004D36B80
[native-thread-test] wake runnable slot=00000000 state=00000000 ready=00000001
[native-thread-test] wait resume switch slot=00000000 state=00000002
[native-thread-test] created tid=000000000000001D slot=00000003 generation=00000001 stack_low=0000000003844B40 stack_high=0000000003846B40 initial_ip=00000000001DAC30 initial_sp=0000000003846B38
[native-thread-test] first schedule tid=000000000000001D slot=00000003 generation=00000001 stack_low=0000000003844B40 stack_high=0000000003846B40 initial_ip=00000000001DAC30 initial_sp=0000000003846B38
[native-thread-test] entry invocation tid=000000000000001D slot=00000003 generation=00000001 context=0000000004D36CB0
[native-thread-test] wake runnable slot=00000000 state=00000000 ready=00000001
[native-thread-test] wait resume switch slot=00000000 state=00000002
[native-thread-test] created tid=000000000000001E slot=00000004 generation=00000001 stack_low=0000000003848CD0 stack_high=000000000384ACD0 initial_ip=00000000001DAC30 initial_sp=000000000384ACC8
[native-thread-test] first schedule tid=000000000000001E slot=00000004 generation=00000001 stack_low=0000000003848CD0 stack_high=000000000384ACD0 initial_ip=00000000001DAC30 initial_sp=000000000384ACC8
[[IRQ] dispatch irq=00
native-thread-test] entry invocation tid=000000000000001E slot=00000004 generation=00000001 context=0000000004D36DE0
[native-thread-test] wake runnable slot=00000000 state=00000000 ready=00000001
[native-thread-test] wait resume switch slot=00000000 state=00000002
[native-thread-test] wake runnable slot=00000001 state=00000000 ready=00000001
[native-thread-test] wake runnable slot=00000002 state=00000000 ready=00000001
[native-thread-test] wake runnable slot=00000003 state=00000000 ready=00000001
[native-thread-test] wake runnable slot=00000004 state=00000000 ready=00000001
[native-thread-test] join timeout valid=00000001 infinite=00000001 nanos=0000000000000000
[native-thread-test] wait resume switch slot=00000001 state=00000002
[native-thread-test] exit result=0000000000003000
[native-thread-test] completion signal slot=00000001
[native-thread-test] wake runnable slot=00000000 state=00000000 ready=00000001
[native-thread-test] exit switch next slot=00000002 context=0000000003842668 rip=00000000001B3A58 rsp=00000000038426B0
[native-thread-test] wait resume switch slot=00000002 state=00000002
[native-thread-test] exit result=0000000000003001
[native-thread-test] completion signal slot=00000002
[native-thread-test] exit switch next slot=00000003 context=00000000038467F8 rip=00000000001B3A58 rsp=0000000003846840
[native-thread-test] wait resume switch slot=00000003 state=00000002
[native-thread-test] exit result=0000000000003002
[native-thread-test] completion signal slot=00000003
[native-thread-test] exit switch next slot=00000004 context=000000000384A988 rip=00000000001B3A58 rsp=000000000384A9D0
[native-thread-test] wait resume switch slot=00000004 state=00000002
[native-thread-test] exit result=0000000000003003
[native-thread-test] completion signal slot=00000004
[native-thread-test] exit switch next slot=00000000 context=0000000004D36768 rip=00000000001B3A58 rsp=0000000004D367B0
[native-thread-test] wait resume switch slot=00000000 state=00000002
[native-thread-test] join wait result=00000000
[native-thread-test] join wake slot=00000001 generation=0000001A
[native-thread-test] reclamation slot=00000001 generation=0000001A
[native-thread-test] join timeout valid=00000001 infinite=00000001 nanos=0000000000000000
[native-thread-test] join wait result=00000000
[native-thread-test] join wake slot=00000002 generation=00000001
[native-thread-test] reclamation slot=00000002 generation=00000001
[native-thread-test] join timeout valid=00000001 infinite=00000001 nanos=0000000000000000
[native-thread-test] join wait result=00000000
[native-thread-test] join wake slot=00000003 generation=00000001
[native-thread-test] reclamation slot=00000003 generation=00000001
[native-thread-test] join timeout valid=00000001 infinite=00000001 nanos=0000000000000000
[native-thread-test] join wait result=00000000
[native-thread-test] join wake slot=00000004 generation=00000001
[native-thread-test] reclamation slot=00000004 generation=00000001
[native-thread-test] Multiple workers: PASS
[native-thread-test] created tid=000000000000001F slot=00000001 generation=0000001B stack_low=000000000383C820 stack_high=000000000383E820 initial_ip=00000000001DAC30 initial_sp=000000000383E818
[native-thread-test] first schedule tid=000000000000001F slot=00000001 generation=0000001B stack_low=000000000383C820 stack_high=000000000383E820 initial_ip=00000000001DAC30 initial_sp=000000000383E818
[native-thread-test] entry invocation tid=000000000000001F slot=00000001 generation=0000001B context=0000000004D36CB0
[native-thread-test] wake runnable slot=00000000 state=00000000 ready=00000001
[native-thread-test] wait resume switch slot=00000000 state=00000002
[native-thread-test] wake runnable slot=00000001 state=00000000 ready=00000001
[native-thread-test] wait resume switch slot=00000001 state=00000002
[native-thread-test] wake runnable slot=00000000 state=00000000 ready=00000001
[native-thread-test] exit result=0000000000006001
[native-thread-test] completion signal slot=00000001
[native-thread-test] exit switch next slot=00000000 context=0000000004D36AA8 rip=00000000001B3A58 rsp=0000000004D36AF0
[native-thread-test] wait resume switch slot=00000000 state=00000002
[native-thread-test] join timeout valid=00000001 infinite=00000001 nanos=0000000000000000
[native-thread-test] join wait result=00000000
[native-thread-test] join wake slot=00000001 generation=0000001B
[native-thread-test] reclamation slot=00000001 generation=0000001B
[native-thread-test] Timeout before signal: PASS
[native-thread-test] created tid=0000000000000020 slot=00000001 generation=0000001C stack_low=000000000383C820 stack_high=000000000383E820 initial_ip=00000000001DAC30 initial_sp=000000000383E818
[native-thread-test] first schedule tid=0000000000000020 slot=00000001 generation=0000001C stack_low=000000000383C820 stack_high=000000000383E820 initial_ip=00000000001DAC30 initial_sp=000000000383E818
[native-thread-test] entry invocation tid=0000000000000020 slot=00000001 generation=0000001C context=0000000004D36DE0
[native-thread-test] wake runnable slot=00000000 state=00000000 ready=00000001
[native-thread-test] wait resume switch slot=00000000 state=00000002
[native-thread-test] wake runnable slot=00000001 state=00000000 ready=00000001
[native-thread-test] wait resume switch slot=00000001 state=00000002
[native-thread-test] wake runnable slot=00000000 state=00000000 ready=00000001
[native-thread-test] exit result=0000000000006002
[native-thread-test] completion signal slot=00000001
[native-thread-test] exit switch next slot=00000000 context=0000000004D36AA8 rip=00000000001B3A58 rsp=0000000004D36AF0
[native-thread-test] wait resume switch slot=00000000 state=00000002
[native-thread-test] join timeout valid=00000001 infinite=00000001 nanos=0000000000000000
[native-thread-test] join wait result=00000000
[native-thread-test] join wake slot=00000001 generation=0000001C
[native-thread-test] reclamation slot=00000001 generation=0000001C
[native-thread-test] Signal before timeout: PASS
[native-thread-test] Wait/timer cleanup: PASS
[native-thread-test] created tid=0000000000000021 slot=00000001 generation=0000001D stack_low=000000000383C820 stack_high=000000000383E820 initial_ip=00000000001DAC30 initial_sp=000000000383E818
[native-thread-test] created tid=0000000000000022 slot=00000001 generation=0000001E stack_low=000000000383C820 stack_high=000000000383E820 initial_ip=00000000001DAC30 initial_sp=000000000383E818
[native-thread-test] first schedule tid=0000000000000022 slot=00000001 generation=0000001E stack_low=000000000383C820 stack_high=000000000383E820 initial_ip=00000000001DAC30 initial_sp=000000000383E818
[native-thread-test] entry invocation tid=0000000000000022 slot=00000001 generation=0000001E context=0000000004D36DF0
[native-thread-test] wake runnable slot=00000000 state=00000000 ready=00000001
[native-thread-test] wait resume switch slot=00000000 state=00000002
[native-thread-test] created tid=0000000000000023 slot=00000001 generation=0000001F stack_low=000000000383C820 stack_high=000000000383E820 initial_ip=00000000001DAC30 initial_sp=000000000383E818
[native-thread-test] first schedule tid=0000000000000023 slot=00000001 generation=0000001F stack_low=000000000383C820 stack_high=000000000383E820 initial_ip=00000000001DAC30 initial_sp=000000000383E818
[native-thread-test] entry invocation tid=0000000000000023 slot=00000001 generation=0000001F context=0000000004D36DF0
[native-thread-test] wake runnable slot=00000000 state=00000000 ready=00000001
[native-thread-test] wait resume switch slot=00000000 state=00000002
[native-thread-test] created tid=0000000000000024 slot=00000001 generation=00000020 stack_low=000000000383C820 stack_high=000000000383E820 initial_ip=00000000001DAC30 initial_sp=000000000383E818
[native-thread-test] first schedule tid=0000000000000024 slot=00000001 generation=00000020 stack_low=000000000383C820 stack_high=000000000383E820 initial_ip=00000000001DAC30 initial_sp=000000000383E818
[native-thread-test] entry invocation tid=0000000000000024 slot=00000001 generation=00000020 context=0000000004D36DF0
[native-thread-test] wake runnable slot=00000000 state=00000000 ready=00000001
[native-thread-test] wait resume switch slot=00000000 state=00000002
[native-thread-test] Process teardown: PASS
[native-thread-test] Bootstrap bounds available: PASS
[native-thread-test] Bootstrap RSP inside bounds: PASS
[native-thread-test] Bootstrap bounds exact-source validation: PASS
[native-thread-test] Initial-thread exact stack bounds: PASS
[native-thread-test] Initial RSP validation: PASS
[native-thread-test] created tid=0000000000000025 slot=00000001 generation=00000021 stack_low=000000000383C820 stack_high=000000000383E820 initial_ip=00000000001DAC30 initial_sp=000000000383E818
[native-thread-test] join timeout valid=00000001 infinite=00000001 nanos=0000000000000000
[native-thread-test] first schedule tid=0000000000000025 slot=00000001 generation=00000021 stack_low=000000000383C820 stack_high=000000000383E820 initial_ip=00000000001DAC30 initial_sp=000000000383E818
[native-thread-test] entry invocation tid=0000000000000025 slot=00000001 generation=00000021 context=0000000004D36CB0
[native-thread-test] exit result=000000000000B00D
[native-thread-test] completion signal slot=00000001
[native-thread-test] wake runnable slot=00000000 state=00000000 ready=00000001
[native-thread-test] exit switch next slot=00000000 context=0000000004D36948 rip=00000000001B3A58 rsp=0000000004D36990
[native-thread-test] wait resume switch slot=00000000 state=00000002
[native-thread-test] join wait result=00000000
[native-thread-test] join wake slot=00000001 generation=00000021
[native-thread-test] reclamation slot=00000001 generation=00000021
[native-thread-test] Worker bounds available: PASS
[native-thread-test] Worker RSP inside bounds: PASS
[native-thread-test] Bounds valid during local-storage detach: PASS
[native-thread-test] created tid=0000000000000026 slot=00000001 generation=00000022 stack_low=000000000383C820 stack_high=000000000383E820 initial_ip=00000000001DAC30 initial_sp=000000000383E818
[native-thread-test] join timeout valid=00000001 infinite=00000001 nanos=0000000000000000
[native-thread-test] first schedule tid=0000000000000026 slot=00000001 generation=00000022 stack_low=000000000383C820 stack_high=000000000383E820 initial_ip=00000000001DAC30 initial_sp=000000000383E818
[native-thread-test] entry invocation tid=0000000000000026 slot=00000001 generation=00000022 context=0000000004D36DE0
[native-thread-test] exit result=000000000000B00E
[native-thread-test] completion signal slot=00000001
[native-thread-test] wake runnable slot=00000000 state=00000000 ready=00000001
[native-thread-test] exit switch next slot=00000000 context=0000000004D36948 rip=00000000001B3A58 rsp=0000000004D36990
[native-thread-test] wait resume switch slot=00000000 state=00000002
[native-thread-test] join wait result=00000000
[native-thread-test] join wake slot=00000001 generation=00000022
[native-thread-test] reclamation slot=00000001 generation=00000022
[native-thread-test] Bounds invalidated before TCB reuse: PASS
[native-thread-test] TCB reuse receives new valid bounds: PASS
[native-thread-test] Stack-bound local-storage teardown: PASS
[native-thread-test] Stack/TCB leak check: PASS
[native-thread-test] ALL_PASS
