guideXOSServer server starting...
WARNING: Experimental Native ELF execution is enabled.
Only trusted Native ELF apps should be run.
WARNING: Experimental Native ELF execution is enabled.
Only trusted Native ELF apps should be run.
[lifecycle] phase -> PlatformDiscovery
[lifecycle] phase -> MemoryReady
[lifecycle] phase -> SchedulerReady
[lifecycle] phase -> IpcReady
[lifecycle] phase -> DesktopStateReady
AppRegistry initializing, count=1
AppRegistry manifest scan succeeded: scanned=10, registered=10
AppModel registry candidate:  displayName=Hello World id=com.guidexos.samples.helloworld kind=NativeElf source=SystemApps
Registered app: Hello World
AppModel registry candidate:  displayName=Resource Viewer id=com.guidexos.samples.resourceviewer kind=NativeElf source=SystemApps
Registered app: Resource Viewer
AppModel registry candidate:  displayName=Future GXApp Package id=com.guidexos.examples.futuregxapp kind=GXAppPackage source=SystemApps
Registered app: Future GXApp Package
AppModel registry candidate:  displayName=HelloWorld ELF id=com.guidexos.examples.helloworld kind=NativeElf source=SystemApps
Registered app: HelloWorld ELF
AppModel registry candidate:  displayName=Notepad id=com.guidexos.examples.notepad kind=BuiltIn source=SystemApps
Registered app: Notepad
AppModel registry candidate:  displayName=Hello World id=com.guidexos.helloworld kind=NativeElf source=Package
Registered app: Hello World
AppModel registry candidate:  displayName=Nexgen PacMan id=com.guidexos.pacman kind=NativeElf source=Package
Registered app: Nexgen PacMan
AppModel registry candidate:  displayName=Nexgen PacMan Danger Validation id=com.guidexos.pacman.danger-validation kind=NativeElf source=Package
Registered app: Nexgen PacMan Danger Validation
AppModel registry candidate:  displayName=Resource Viewer id=com.guidexos.resourceviewer kind=NativeElf source=Package
Registered app: Resource Viewer
AppModel registry candidate:  displayName=NativeAOT PAL Probe id=com.guidexos.experimental.nativeaot.palprobe kind=NativeElf source=Package
Registered app: NativeAOT PAL Probe
AppModel registry candidate:  displayName=Notepad id=gxos.builtin.notepad kind=BuiltIn source=BuiltIn
Registered app: Notepad
AppModel registry candidate:  displayName=Calculator id=gxos.builtin.calculator kind=BuiltIn source=BuiltIn
Registered app: Calculator
AppModel registry candidate:  displayName=Clock id=gxos.builtin.clock kind=BuiltIn source=BuiltIn
Registered app: Clock
AppModel registry candidate:  displayName=Console id=gxos.builtin.console kind=BuiltIn source=BuiltIn
Registered app: Console
AppModel registry candidate:  displayName=File Explorer id=gxos.builtin.fileexplorer kind=BuiltIn source=BuiltIn
Registered app: File Explorer
AppModel registry candidate:  displayName=Trash id=gxos.builtin.trash kind=BuiltIn source=BuiltIn
Registered app: Trash
AppModel registry candidate:  displayName=TaskManager id=gxos.builtin.taskmanager kind=BuiltIn source=BuiltIn
Registered app: TaskManager
AppModel registry candidate:  displayName=Paint id=gxos.builtin.paint kind=BuiltIn source=BuiltIn
Registered app: Paint
AppModel registry candidate:  displayName=Image Viewer id=gxos.builtin.imageviewer kind=BuiltIn source=BuiltIn
Registered app: Image Viewer
AppModel registry candidate:  displayName=OnScreenKeyboard id=gxos.builtin.onscreenkeyboard kind=BuiltIn source=BuiltIn
Registered app: OnScreenKeyboard
AppModel registry candidate:  displayName=ShutdownDialog id=gxos.builtin.shutdowndialog kind=BuiltIn source=BuiltIn
Registered app: ShutdownDialog
AppModel registry candidate:  displayName=DiskManager id=gxos.builtin.diskmanager kind=BuiltIn source=BuiltIn
Registered app: DiskManager
AppModel registry candidate:  displayName=ControlPanel id=gxos.builtin.controlpanel kind=BuiltIn source=BuiltIn
Registered app: ControlPanel
AppModel registry candidate:  displayName=DisplayOptions id=gxos.builtin.displayoptions kind=BuiltIn source=BuiltIn
Registered app: DisplayOptions
AppModel registry candidate:  displayName=guideXOS Navigator id=guidexos.navigator kind=BuiltIn source=BuiltIn
Registered app: guideXOS Navigator
AppModel registry candidate:  displayName=App Model Demo id=gxos.builtin.appmodeldemo kind=BuiltIn source=BuiltIn
Registered app: App Model Demo
AppModel registry candidate:  displayName=Native App Debug Viewer id=gxos.builtin.nativeappdebugviewer kind=BuiltIn source=BuiltIn
Registered app: Native App Debug Viewer
AppModel registry candidate:  displayName=HDInstaller id=gxos.builtin.hdinstaller kind=BuiltIn source=BuiltIn
Registered app: HDInstaller
Pinned app: App Model Demo
Pinned app-model demo app: App Model Demo
Pinned app: Native App Debug Viewer
Pinned app-model demo app: Native App Debug Viewer
Pinned app: Hello World
Pinned app-model demo app: Hello World
Pinned app: Resource Viewer
Pinned app-model demo app: Resource Viewer
AppRegistry initialized, desktop apps=28
Desktop folder resolver selected virtualPath=/Documents hostedPath=D:/dev/guideXOSServerV1.1_DOTNET_SUPPORT/Documents
Desktop folder already exists: D:/dev/guideXOSServerV1.1_DOTNET_SUPPORT/Documents
Desktop folder resolver selected virtualPath=/Pictures hostedPath=D:/dev/guideXOSServerV1.1_DOTNET_SUPPORT/Pictures
Desktop folder already exists: D:/dev/guideXOSServerV1.1_DOTNET_SUPPORT/Pictures
Desktop folder resolver selected virtualPath=/Music hostedPath=D:/dev/guideXOSServerV1.1_DOTNET_SUPPORT/Music
Desktop folder already exists: D:/dev/guideXOSServerV1.1_DOTNET_SUPPORT/Music
Desktop folder resolver selected virtualPath=/Network hostedPath=D:/dev/guideXOSServerV1.1_DOTNET_SUPPORT/Network
Desktop folder already exists: D:/dev/guideXOSServerV1.1_DOTNET_SUPPORT/Network
Desktop state loaded
NotificationManager initialized
Firewall initialized (Normal mode)
Module registered: Notepad
Module registered: Calculator
Module registered: Paint
Module registered: ImageViewer
Module registered: Clock
Module registered: TaskManager
Module registered: FileExplorer
Module registered: Console
Module registered: OnScreenKeyboard
Module registered: ShutdownDialog
Built-in modules registered (10)
[lifecycle] phase -> ServicesReady
[lifecycle] phase -> Interactive
Commands:
 mem | alloc <n> | tasks | log
 spawn <echo|worker> [args...] | plist
 send <pid> <text> | recv <pid>
 bus.sub <chan> <pid> | bus.unsub <chan> <pid>
 bus.pub <chan> <text> [fanout] | bus.pop <chan> [timeoutMs]
 bus.cap <chan> <cap> | bus.stats <chan>
 console.start | console.send <text> | console.pop [timeoutMs]
 gui.start | gui.open.appmodeldemo | gui.smoke.launchshadow | gui.win <title> [w h] | gui.text <id> <text> | gui.close <id>
 gui.rect <id> <x> <y> <w> <h> <r> <g> <b> | gui.move <id> <x> <y> | gui.resize <id> <w> <h> | gui.title <id> <title>
 gui.btn <win> <id> <x> <y> <w> <h> <text> | gui.pop | gui.wlist | gui.activate <id> | gui.min <id>
 gxm.load <path> | gxm.sample | gui.save <path> | gui.load <path>
 desktop.wallpaper <path> | desktop.launch <action> | desktop.open <path> [dir] | desktop.launch.resolve <label> | desktop.launch.adapt <label> | desktop.launch.compare | desktop.launch.storage | desktop.launch.storage.preview | desktop.launch.storage.preview.compare | desktop.launch.types | desktop.open.resolve <path> [dir] | desktop.appmodel.active-typed-dispatch-gate [force-on|force-off|reset] | desktop.appmodel.active-typed-dispatch-default-on-candidate [on|off|reset] | desktop.pin <action> | desktop.unpin <action> | desktop.showconfig
 desktop.apps | desktop.apps.verbose | desktop.appmodel.summary | desktop.appmodel.inventory | desktop.appmodel.coverage | desktop.appmodel.file-associations | desktop.appmodel.shell-objects | desktop.appmodel.typed-dispatch-gate [force-off] | desktop.pinned | desktop.recent | desktop.recent.remove <name> | desktop.pinapp <name> | desktop.pinfile <name> <path>
 nativeapp.capabilities | nativeapp.inspect <app> | nativeapp.smoketest <app> | nativeapp.processes
 taskbar.list | taskbar.activate <id> | taskbar.min <id> | taskbar.close <id>
 workspace.switch <n> | workspace.next | workspace.prev | workspace.current
 notepad | notepad <file>
 calculator
 console | console.start | console.send <text> | console.pop [timeoutMs]
 files | files <path>
 clock
 taskmanager.snapshot | taskmanager.network-snapshot-wait | taskmanager.tombstone-test
 taskmgr
 paint
 navigator | navigator.smoke | navigator.goto <url>
 imgview [file] | osk
 shutdown | msgbox <text> | welcome
 notify <text> | notify.clear
 fw.mode <normal|block|disabled|auto> | fw.allow <name> | fw.list | fw.alerts
 modules | module.launch <name>
 pkg.install <path.gxapp> | pkg.launch <app> | pkg.list | pkg.validate <path.gxapp>
 proc.wait <pid> [timeoutMs] | proc.status <pid>
 vfs.mkdir <path> | vfs.write <path> <text> | vfs.read <path> | vfs.ls <path>
 vnc.start [port] | vnc.stop | vnc.status
 pbytes | help | quit/exit
[LaunchResolver] App: com.guidexos.experimental.nativeaot.palprobe Strategy: NativeElf Architecture: amd64 Entry: bin/amd64/NativeAotPalProbe.elf Result: success Reason: Launch resolved
[NativeElfLaunch] App: com.guidexos.experimental.nativeaot.palprobe Architecture: amd64 Path: D:\dev\guideXOSServerV1.1_DOTNET_SUPPORT\out\dotnet\pal-win64-qemu-bridge\artifact\qemu-probe\server-stage\apps\NativeAotPalProbe\bin/amd64/NativeAotPalProbe.elf Validation: valid Result: success Message: Native ELF validated.
[NativeElfImageLoader] App: com.guidexos.experimental.nativeaot.palprobe Architecture: amd64 EntryVA: 0x100015d0 Segments: 5 ImageSize: 20992 PIE: false Interpreter: false Result: success Diagnostics: Native ELF image loaded
[NativeAppRuntime] App: com.guidexos.experimental.nativeaot.palprobe RuntimeId: 1 ProcessId: 0 Architecture: amd64 ABI: guidexos-c-abi-v1 Permissions: 1 State: Prepared Result: success Diagnostics: Native app runtime prepared
[NativeElfExecutor] App: com.guidexos.experimental.nativeaot.palprobe Architecture: amd64 CanExecute: true Reason: Native ELF executor gate passed Result: available
[NativeAppRuntime] App: com.guidexos.experimental.nativeaot.palprobe (NativeAOT PAL Probe) runtimeId=1 entering host call dispatch
[NativeAppHost] App: com.guidexos.experimental.nativeaot.palprobe (NativeAOT PAL Probe) log: NativeAOT PAL PE bridge probe completed
[NativeAppRuntime] Cleanup begin app=com.guidexos.experimental.nativeaot.palprobe (NativeAOT PAL Probe) runtimeId=1 processId=0 ownedWindows=0
[NativeAppRuntime] Cleanup complete app=com.guidexos.experimental.nativeaot.palprobe (NativeAOT PAL Probe) runtimeId=1 state=Exited exitCode=0 cleanedWindows=0 remainingWindows=0
[NativeElfExecutor] App: com.guidexos.experimental.nativeaot.palprobe Architecture: amd64 CanExecute: true Reason: Native ELF mapped for experimental execution; Preferred base: 0x10000000; Actual mapped base: 0x10000000; Preferred-base mapping: success; Entry host address resolved: 0x100015d0; Windows amd64 trampoline used: yes; Native ELF gx_main returned 0; runtimeId: 1; lifecycle state before execution: Prepared; lifecycle state after execution: Exited; cleanup attempted: true; cleaned window count: 0; remaining owned window count: 0; Host log call count: 1; Last host log message: NativeAOT PAL PE bridge probe completed; API version returned: 0; request_window call count: 0; last window id: 0; request_window result: 0; drawText call count: 0; last drawText window: 0; last drawText result: 0; drawRect call count: 0; last drawRect window: 0; last drawRect width: 0; last drawRect height: 0; last drawRect color: 0; last drawRect result: 0; waitForClose call count: 0; last wait window: 0; last wait timeoutMs: 0; last wait result: 0; pollEvent call count: 0; last event type: 0; last event window: 0; last pollEvent result: 0; paint event count: 0; last paint window: 0; last paint width: 0; last paint height: 0; key event count: 0; last key window: 0; last key code: 0; last key action: 0; last key modifiers: 0; mouse event count: 0; last mouse window: 0; last mouse x: 0; last mouse y: 0; last mouse packed button action: 0; last mouse modifiers: 0; fileRead call count: 0; fileExists call count: 0; last file read bytes: 0; last file IO result: 0 Result: executed
NativeAppPipelineSmokeTest(com.guidexos.experimental.nativeaot.palprobe)
nativeapp.inspect com.guidexos.experimental.nativeaot.palprobe

[Manifest]
appId: com.guidexos.experimental.nativeaot.palprobe
displayName: NativeAOT PAL Probe
kind: NativeElf
version: 0.1.0
publisher: guideXOS Experimental

[LaunchResolution]
selectedStrategy: NativeElf
selectedArchitecture: amd64
selectedEntryPath: bin/amd64/NativeAotPalProbe.elf
runtime: native-elf
abi: guidexos-c-abi-v1
resolverSuccess: true
resolverReason: Launch resolved

[ElfValidation]
elfPath: D:\dev\guideXOSServerV1.1_DOTNET_SUPPORT\out\dotnet\pal-win64-qemu-bridge\artifact\qemu-probe\server-stage\apps\NativeAotPalProbe\bin/amd64/NativeAotPalProbe.elf
fileExists: true
elfClass: ELF64
endian: little
machineType: EM_X86_64
elfType: ET_EXEC
validationSuccess: true

[ElfImage]
entryVirtualAddress: 0x100015d0
preferredBase: 0x10000000
imageSize: 20992
segmentCount: 5
ptInterpPresent: false
pieOrDynamic: false
imageLoaderSuccess: true
imageDiagnostics: Native ELF image loaded

[Runtime]
runtimeId: 1
processId: 0
lifecycleState: Prepared
permissions: log
apiVersion: 0
hostCallsAvailable: true
runtimeSuccess: true
runtimeDiagnostics: Native app runtime prepared

[ExecutorGate]
canExecute: true
reason: Native ELF executor gate passed
buildFlagEnabled: true
hostArchitecture: amd64
appArchitecture: amd64
executableMappingPossible: true
executionAttempted: true
executionSuccess: true
runtimeId: 1
lifecycleStateBeforeExecution: Prepared
lifecycleStateAfterExecution: Exited
returnCode: 0
exitCode: 0
cleanupAttempted: true
cleanedWindowCount: 0
remainingOwnedWindowCount: 0
preferredBase: 0x10000000
actualMappedBase: 0x10000000
preferredBaseMappingAttempted: true
preferredBaseMappingSuccess: true
trampolineUsed: true
entryHostAddress: 0x100015d0
gxMainReturnCode: 0
requestWindowCallCount: 0
lastWindowId: 0
lastWindowTitle: 
requestWindowResult: 0
drawTextCallCount: 0
lastDrawTextWindow: 0
lastDrawText: 
lastDrawTextResult: 0
drawRectCallCount: 0
lastDrawRectWindow: 0
lastDrawRectWidth: 0
lastDrawRectHeight: 0
lastDrawRectColor: 0
lastDrawRectResult: 0
waitForCloseCallCount: 0
lastWaitWindow: 0
lastWaitTimeoutMs: 0
lastWaitResult: 0
pollEventCallCount: 0
lastEventType: 0
lastEventWindow: 0
lastPollEventResult: 0
paintEventCount: 0
lastPaintWindow: 0
lastPaintWidth: 0
lastPaintHeight: 0
keyEventCount: 0
lastKeyWindow: 0
lastKeyCode: 0
lastKeyAction: 0
lastKeyModifiers: 0
mouseEventCount: 0
lastMouseWindow: 0
lastMouseX: 0
lastMouseY: 0
lastMousePackedButtonAction: 0
lastMouseModifiers: 0
executionDiagnostics: Native ELF mapped for experimental execution; Preferred base: 0x10000000; Actual mapped base: 0x10000000; Preferred-base mapping: success; Entry host address resolved: 0x100015d0; Windows amd64 trampoline used: yes; Native ELF gx_main returned 0; runtimeId: 1; lifecycle state before execution: Prepared; lifecycle state after execution: Exited; cleanup attempted: true; cleaned window count: 0; remaining owned window count: 0; Host log call count: 1; Last host log message: NativeAOT PAL PE bridge probe completed; API version returned: 0; request_window call count: 0; last window id: 0; request_window result: 0; drawText call count: 0; last drawText window: 0; last drawText result: 0; drawRect call count: 0; last drawRect window: 0; last drawRect width: 0; last drawRect height: 0; last drawRect color: 0; last drawRect result: 0; waitForClose call count: 0; last wait window: 0; last wait timeoutMs: 0; last wait result: 0; pollEvent call count: 0; last event type: 0; last event window: 0; last pollEvent result: 0; paint event count: 0; last paint window: 0; last paint width: 0; last paint height: 0; key event count: 0; last key window: 0; last key code: 0; last key action: 0; last key modifiers: 0; mouse event count: 0; last mouse window: 0; last mouse x: 0; last mouse y: 0; last mouse packed button action: 0; last mouse modifiers: 0; fileRead call count: 0; fileExists call count: 0; last file read bytes: 0; last file IO result: 0

Result: inspection complete; experimental execution path attempted

Expected: find manifest, validate ELF if present, load image, prepare runtime, stop at executor gate unless experimental execution is enabled.
[lifecycle] phase -> ShuttingDown
[lifecycle] phase -> Stopped
guideXOSServer server exiting.
