guideXOSServer server starting...
[lifecycle] phase -> PlatformDiscovery
[lifecycle] phase -> MemoryReady
[lifecycle] phase -> SchedulerReady
[lifecycle] phase -> IpcReady
[lifecycle] phase -> DesktopStateReady
AppRegistry initializing, count=1
AppRegistry manifest scan succeeded: scanned=7, registered=7
AppModel registry candidate:  displayName=Hello World id=com.guidexos.samples.helloworld kind=NativeElf source=SystemApps
Registered app: Hello World
AppModel registry candidate:  displayName=Resource Viewer id=com.guidexos.samples.resourceviewer kind=NativeElf source=SystemApps
Registered app: Resource Viewer
AppModel registry candidate:  displayName=Future GXApp Package id=com.guidexos.examples.futuregxapp kind=GXAppPackage source=SystemApps
Registered app: Future GXApp Package
AppModel registry candidate:  displayName=HelloWorld ELF id=com.guidexos.examples.helloworld kind=NativeElf source=SystemApps
Registered app: HelloWorld ELF
AppModel registry candidate:  displayName=Notepad id=com.guidexos.examples.notepad kind=BuiltIn source=SystemApps
Registered app: Notepad
AppModel registry candidate:  displayName=Hello World id=com.guidexos.helloworld kind=NativeElf source=Package
Registered app: Hello World
AppModel registry candidate:  displayName=Resource Viewer id=com.guidexos.resourceviewer kind=NativeElf source=Package
Registered app: Resource Viewer
AppModel registry candidate:  displayName=Notepad id=gxos.builtin.notepad kind=BuiltIn source=BuiltIn
Registered app: Notepad
AppModel registry candidate:  displayName=Calculator id=gxos.builtin.calculator kind=BuiltIn source=BuiltIn
Registered app: Calculator
AppModel registry candidate:  displayName=Clock id=gxos.builtin.clock kind=BuiltIn source=BuiltIn
Registered app: Clock
AppModel registry candidate:  displayName=Console id=gxos.builtin.console kind=BuiltIn source=BuiltIn
Registered app: Console
AppModel registry candidate:  displayName=FileExplorer id=gxos.builtin.fileexplorer kind=BuiltIn source=BuiltIn
Registered app: FileExplorer
AppModel registry candidate:  displayName=Trash id=gxos.builtin.trash kind=BuiltIn source=BuiltIn
Registered app: Trash
AppModel registry candidate:  displayName=TaskManager id=gxos.builtin.taskmanager kind=BuiltIn source=BuiltIn
Registered app: TaskManager
AppModel registry candidate:  displayName=Paint id=gxos.builtin.paint kind=BuiltIn source=BuiltIn
Registered app: Paint
AppModel registry candidate:  displayName=Image Viewer id=gxos.builtin.imageviewer kind=BuiltIn source=BuiltIn
Registered app: Image Viewer
AppModel registry candidate:  displayName=OnScreenKeyboard id=gxos.builtin.onscreenkeyboard kind=BuiltIn source=BuiltIn
Registered app: OnScreenKeyboard
AppModel registry candidate:  displayName=ShutdownDialog id=gxos.builtin.shutdowndialog kind=BuiltIn source=BuiltIn
Registered app: ShutdownDialog
AppModel registry candidate:  displayName=DiskManager id=gxos.builtin.diskmanager kind=BuiltIn source=BuiltIn
Registered app: DiskManager
AppModel registry candidate:  displayName=ControlPanel id=gxos.builtin.controlpanel kind=BuiltIn source=BuiltIn
Registered app: ControlPanel
AppModel registry candidate:  displayName=DisplayOptions id=gxos.builtin.displayoptions kind=BuiltIn source=BuiltIn
Registered app: DisplayOptions
AppModel registry candidate:  displayName=guideXOS Navigator id=guidexos.navigator kind=BuiltIn source=BuiltIn
Registered app: guideXOS Navigator
AppModel registry candidate:  displayName=App Model Demo id=gxos.builtin.appmodeldemo kind=BuiltIn source=BuiltIn
Registered app: App Model Demo
AppModel registry candidate:  displayName=Native App Debug Viewer id=gxos.builtin.nativeappdebugviewer kind=BuiltIn source=BuiltIn
Registered app: Native App Debug Viewer
AppModel registry candidate:  displayName=HDInstaller id=gxos.builtin.hdinstaller kind=BuiltIn source=BuiltIn
Registered app: HDInstaller
AppRegistry initialized, desktop apps=25
Desktop state loaded
NotificationManager initialized
Firewall initialized (Normal mode)
Module registered: Notepad
Module registered: Calculator
Module registered: Paint
Module registered: ImageViewer
Module registered: Clock
Module registered: TaskManager
Module registered: FileExplorer
Module registered: Console
Module registered: OnScreenKeyboard
Module registered: ShutdownDialog
Built-in modules registered (10)
[lifecycle] phase -> ServicesReady
[lifecycle] phase -> Interactive
Commands:
 mem | alloc <n> | tasks | log
 spawn <echo|worker> [args...] | plist
 send <pid> <text> | recv <pid>
 bus.sub <chan> <pid> | bus.unsub <chan> <pid>
 bus.pub <chan> <text> [fanout] | bus.pop <chan> [timeoutMs]
 bus.cap <chan> <cap> | bus.stats <chan>
 console.start | console.send <text> | console.pop [timeoutMs]
 gui.start | gui.open.appmodeldemo | gui.smoke.launchshadow | gui.win <title> [w h] | gui.text <id> <text> | gui.close <id>
 gui.rect <id> <x> <y> <w> <h> <r> <g> <b> | gui.move <id> <x> <y> | gui.resize <id> <w> <h> | gui.title <id> <title>
 gui.btn <win> <id> <x> <y> <w> <h> <text> | gui.pop | gui.wlist | gui.activate <id> | gui.min <id>
 gxm.load <path> | gxm.sample | gui.save <path> | gui.load <path>
 desktop.wallpaper <path> | desktop.launch <action> | desktop.launch.resolve <label> | desktop.launch.adapt <label> | desktop.launch.compare | desktop.launch.storage | desktop.launch.storage.preview | desktop.launch.storage.preview.compare | desktop.launch.types | desktop.pin <action> | desktop.unpin <action> | desktop.showconfig
 desktop.apps | desktop.apps.verbose | desktop.appmodel.summary | desktop.appmodel.coverage | desktop.appmodel.typed-dispatch-gate [force-off] | desktop.pinned | desktop.recent | desktop.pinapp <name> | desktop.pinfile <name> <path>
 nativeapp.capabilities | nativeapp.inspect <app> | nativeapp.smoketest <app> | nativeapp.processes
 taskbar.list | taskbar.activate <id> | taskbar.min <id> | taskbar.close <id>
 workspace.switch <n> | workspace.next | workspace.prev | workspace.current
 notepad | notepad <file>
 calculator
 console | console.start | console.send <text> | console.pop [timeoutMs]
 files | files <path>
 clock
 taskmanager.snapshot | taskmanager.network-snapshot-wait | taskmanager.tombstone-test
 taskmgr
 paint
 navigator | navigator.smoke | navigator.goto <url>
 imgview [file] | osk
 shutdown | msgbox <text> | welcome
 notify <text> | notify.clear
 fw.mode <normal|block|disabled|auto> | fw.allow <name> | fw.list | fw.alerts
 modules | module.launch <name>
 pkg.install <path.gxapp> | pkg.launch <app> | pkg.list | pkg.validate <path.gxapp>
 proc.wait <pid> [timeoutMs] | proc.status <pid>
 vfs.mkdir <path> | vfs.write <path> <text> | vfs.read <path> | vfs.ls <path>
 vnc.start [port] | vnc.stop | vnc.status
 pbytes | help | quit/exit
[lifecycle] phase -> ServicesReady
[lifecycle] compositor pid=10
Compositor pid=10 (proto=3)
Bus::publish queueing msg type=17 to channel=gui.input
Requested window list (use gui.pop)
Compositor service started (native window)
Hosted freeze diagnostics enabled (GXOS_COMPOSITOR_FREEZE_DIAGNOSTICS=1, timer=1s)
GdiVideoBackend: initialized 1024x768
VideoBackend: GDI backend active
Compositor DesktopConfig loaded=true err=
Compositor taskbar position=bottom
Compositor background scale mode=fill
Compositor config pinned before merge count=8
  config pinned before merge: ComputerFiles
  config pinned before merge: Trash
  config pinned before merge: App Model Demo
  config pinned before merge: Native App Debug Viewer
  config pinned before merge: Hello World
  config pinned before merge: Resource Viewer
  config pinned before merge: Future GXApp Package
  config pinned before merge: HelloWorld ELF
Compositor config recent before merge count=14
  config recent before merge: Calculator
  config recent before merge: Notepad
  config recent before merge: guideXOS Navigator
  config recent before merge: ControlPanel
  config recent before merge: ComputerFiles
  config recent before merge: HelloWorld ELF
  config recent before merge: Native App Debug Viewer
  config recent before merge: Hello World
  config recent before merge: Resource Viewer
  config recent before merge: TaskManager
  config recent before merge: Future GXApp Package
  config recent before merge: Console
  config recent before merge: HDInstaller
  config recent before merge: App Model Demo
Compositor DesktopService pin considered: ComputerFiles
Compositor skip already present from DesktopService pin: ComputerFiles
Compositor DesktopService pin considered: Trash
Compositor skip already present from DesktopService pin: Trash
Compositor DesktopService pin considered: App Model Demo
Compositor skip already present from DesktopService pin: App Model Demo
Compositor DesktopService pin considered: Native App Debug Viewer
Compositor skip already present from DesktopService pin: Native App Debug Viewer
Compositor DesktopService pin considered: Hello World
Compositor skip already present from DesktopService pin: Hello World
Compositor DesktopService pin considered: Resource Viewer
Compositor skip already present from DesktopService pin: Resource Viewer
Compositor DesktopService pin considered: Future GXApp Package
Compositor skip already present from DesktopService pin: Future GXApp Package
Compositor DesktopService pin considered: HelloWorld ELF
Compositor skip already present from DesktopService pin: HelloWorld ELF
Compositor app-model app considered: App Model Demo id=gxos.builtin.appmodeldemo source=BuiltIn
Compositor skip already present from AppModel registry: App Model Demo
Compositor skip already present from AppModel registry: App Model Demo
Compositor app-model app considered: Future GXApp Package id=com.guidexos.examples.futuregxapp source=SystemApps
Compositor skip already present from AppModel registry: Future GXApp Package
Compositor skip already present from AppModel registry: Future GXApp Package
Compositor app-model app considered: Hello World id=com.guidexos.samples.helloworld source=SystemApps
Compositor skip already present from AppModel registry: Hello World
Compositor skip already present from AppModel registry: Hello World
Compositor app-model app considered: Hello World id=com.guidexos.helloworld source=Package
Compositor skip already present from AppModel registry: Hello World
Compositor skip already present from AppModel registry: Hello World
Compositor app-model app considered: HelloWorld ELF id=com.guidexos.examples.helloworld source=SystemApps
Compositor skip already present from AppModel registry: HelloWorld ELF
Compositor skip already present from AppModel registry: HelloWorld ELF
Compositor app-model app considered: Native App Debug Viewer id=gxos.builtin.nativeappdebugviewer source=BuiltIn
Compositor skip already present from AppModel registry: Native App Debug Viewer
Compositor skip already present from AppModel registry: Native App Debug Viewer
Compositor app-model app considered: Resource Viewer id=com.guidexos.samples.resourceviewer source=SystemApps
Compositor skip already present from AppModel registry: Resource Viewer
Compositor skip already present from AppModel registry: Resource Viewer
Compositor app-model app considered: Resource Viewer id=com.guidexos.resourceviewer source=Package
Compositor skip already present from AppModel registry: Resource Viewer
Compositor skip already present from AppModel registry: Resource Viewer
Compositor config pinned after merge count=8
  config pinned after merge: ComputerFiles
  config pinned after merge: Trash
  config pinned after merge: App Model Demo
  config pinned after merge: Native App Debug Viewer
  config pinned after merge: Hello World
  config pinned after merge: Resource Viewer
  config pinned after merge: Future GXApp Package
  config pinned after merge: HelloWorld ELF
Compositor config recent after merge count=14
  config recent after merge: Calculator
  config recent after merge: Notepad
  config recent after merge: guideXOS Navigator
  config recent after merge: ControlPanel
  config recent after merge: ComputerFiles
  config recent after merge: HelloWorld ELF
  config recent after merge: Native App Debug Viewer
  config recent after merge: Hello World
  config recent after merge: Resource Viewer
  config recent after merge: TaskManager
  config recent after merge: Future GXApp Package
  config recent after merge: Console
  config recent after merge: HDInstaller
  config recent after merge: App Model Demo
Compositor refreshDesktopItems input pinned=8 recent=14
Compositor start menu pinned/recent count=15
  start menu pinned/recent: ComputerFiles
  start menu pinned/recent: Trash
  start menu pinned/recent: App Model Demo
  start menu pinned/recent: Native App Debug Viewer
  start menu pinned/recent: Hello World
  start menu pinned/recent: Resource Viewer
  start menu pinned/recent: Future GXApp Package
  start menu pinned/recent: HelloWorld ELF
  start menu pinned/recent: Calculator
  start menu pinned/recent: Notepad
  start menu pinned/recent: guideXOS Navigator
  start menu pinned/recent: ControlPanel
  start menu pinned/recent: TaskManager
  start menu pinned/recent: Console
  start menu pinned/recent: HDInstaller
Desktop system icon visibility: system:Trash enabled=true
Desktop system icon created: system:Trash label=Trash icon=trash.empty
Desktop system icon visibility: system:ThisSystem enabled=true
Desktop system icon created: system:ThisSystem label=This System icon=place.computer
Desktop system icon visibility: system:FileManager enabled=true
Desktop system icon created: system:FileManager label=File Manager icon=app.files
Desktop system icon visibility: system:SystemSettings enabled=false
Desktop system icon skipped by setting: system:SystemSettings
Desktop folder resolver selected virtualPath=/Desktop hostedPath=D:/dev/guideXOSServer/Desktop
Desktop folder already exists: D:/dev/guideXOSServer/Desktop
Desktop folder enumeration started: D:/dev/guideXOSServer/Desktop
Desktop folder enumeration completed count=0
Desktop icon slot allocation: occupied=0 columns=11 rows=7
Desktop icon slot selected: x=20 y=20
Desktop icon auto-positioned: system:Trash x=20 y=20
Desktop icon slot allocation: occupied=1 columns=11 rows=7
Desktop icon slot selected: x=104 y=20
Desktop icon auto-positioned: system:ThisSystem x=104 y=20
Desktop icon slot allocation: occupied=2 columns=11 rows=7
Desktop icon slot selected: x=188 y=20
Desktop icon auto-positioned: system:FileManager x=188 y=20
Compositor desktop item count=3
  desktop item: Trash
  desktop item: This System
  desktop item: File Manager
Compositor start menu include: Hello World id=com.guidexos.samples.helloworld source=SystemApps
Compositor start menu include: Resource Viewer id=com.guidexos.samples.resourceviewer source=SystemApps
Compositor start menu include: Future GXApp Package id=com.guidexos.examples.futuregxapp source=SystemApps
Compositor start menu include: HelloWorld ELF id=com.guidexos.examples.helloworld source=SystemApps
Compositor start menu include: Notepad id=com.guidexos.examples.notepad source=SystemApps
Compositor start menu skipped duplicate app: Hello World id=com.guidexos.helloworld source=Package
Compositor start menu skipped duplicate app: Resource Viewer id=com.guidexos.resourceviewer source=Package
Compositor start menu skipped duplicate app: Notepad id=gxos.builtin.notepad source=BuiltIn
Compositor start menu include: Calculator id=gxos.builtin.calculator source=BuiltIn
Compositor start menu include: Clock id=gxos.builtin.clock source=BuiltIn
Compositor start menu include: Console id=gxos.builtin.console source=BuiltIn
Compositor start menu include: FileExplorer id=gxos.builtin.fileexplorer source=BuiltIn
Compositor start menu include: Trash id=gxos.builtin.trash source=BuiltIn
Compositor start menu include: TaskManager id=gxos.builtin.taskmanager source=BuiltIn
Compositor start menu include: Paint id=gxos.builtin.paint source=BuiltIn
Compositor start menu include: Image Viewer id=gxos.builtin.imageviewer source=BuiltIn
Compositor start menu include: OnScreenKeyboard id=gxos.builtin.onscreenkeyboard source=BuiltIn
Compositor start menu include: ShutdownDialog id=gxos.builtin.shutdowndialog source=BuiltIn
Compositor start menu include: DiskManager id=gxos.builtin.diskmanager source=BuiltIn
Compositor start menu include: ControlPanel id=gxos.builtin.controlpanel source=BuiltIn
Compositor start menu include: DisplayOptions id=gxos.builtin.displayoptions source=BuiltIn
Compositor start menu include: guideXOS Navigator id=guidexos.navigator source=BuiltIn
Compositor start menu include: App Model Demo id=gxos.builtin.appmodeldemo source=BuiltIn
Compositor start menu include: Native App Debug Viewer id=gxos.builtin.nativeappdebugviewer source=BuiltIn
Compositor start menu include: HDInstaller id=gxos.builtin.hdinstaller source=BuiltIn
Compositor start menu app count=22
  start menu app: App Model Demo
  start menu app: Calculator
  start menu app: Clock
  start menu app: Console
  start menu app: ControlPanel
  start menu app: DiskManager
  start menu app: DisplayOptions
  start menu app: FileExplorer
  start menu app: Future GXApp Package
  start menu app: guideXOS Navigator
  start menu app: HDInstaller
  start menu app: Hello World
  start menu app: HelloWorld ELF
  start menu app: Image Viewer
  start menu app: Native App Debug Viewer
  start menu app: Notepad
  start menu app: OnScreenKeyboard
  start menu app: Paint
  start menu app: Resource Viewer
  start menu app: ShutdownDialog
  start menu app: TaskManager
  start menu app: Trash
Desktop config persisted
Compositor background select id=legacy_ameobagx kind=image scale=fill
Compositor wallpaper select id=legacy_ameobagx full=/system/wallpapers/ameobagx.png thumb=/system/wallpapers/ameobagx_thumb.png
PngLoader: loaded /system/wallpapers/ameobagx.png 1536x1024 sourceChannels=3
Compositor wallpaper decode succeeded id=legacy_ameobagx full=/system/wallpapers/ameobagx.png
PngLoader: loaded /system/fonts/roboto/roboto_9pt_regular.png 260x160 sourceChannels=4
PngLoader: loaded /system/fonts/roboto/roboto_9pt_bold.png 260x160 sourceChannels=4
PngLoader: loaded /system/fonts/roboto/roboto_9pt_italic.png 260x160 sourceChannels=4
PngLoader: loaded /system/fonts/roboto/roboto_9pt_bolditalic.png 260x160 sourceChannels=4
PngLoader: loaded /system/fonts/roboto/roboto_12pt_regular.png 260x160 sourceChannels=4
PngLoader: loaded /system/fonts/roboto/roboto_12pt_bold.png 260x160 sourceChannels=4
PngLoader: loaded /system/fonts/roboto/roboto_12pt_italic.png 260x160 sourceChannels=4
PngLoader: loaded /system/fonts/roboto/roboto_12pt_bolditalic.png 260x160 sourceChannels=4
PngLoader: loaded /system/fonts/roboto/roboto_12pt_thin.png 390x240 sourceChannels=4
PngLoader: loaded assets/Images/Flat/64/24-Empty_Trash_256x256_35394.png 64x64 sourceChannels=4
PngLoader: loaded assets/Images/Flat/64/1_My_Computer_256x256_35372.png 64x64 sourceChannels=4
PngLoader: loaded assets/Images/Flat/64/25-Folder_256x256_35390.png 64x64 sourceChannels=4
Hosted freeze diag: reason=WM_PAINT pumps=1 messages=0 paints=1 timers=0 repaints=0 lastPumpAgeMs=26 lastMessageAgeMs=0 lastRepaintAgeMs=0 lastPaintAgeMs=0 lastTimerAgeMs=0 lastPaintDurationMs=26 maxPaintDurationMs=26 lastVncDurationMs=0 maxVncDurationMs=0 lastMessageDurationMs=0 maxMessageDurationMs=0 lastMessageType=0 vncClients=0 gdiObjects=17 userObjects=12
Bus::publish queueing msg type=17 to channel=gui.output
GUI: type=17 payload=
[lifecycle] phase -> ShuttingDown
Bus::publish queueing msg type=5 to channel=gui.input
Compositor service stopping
[lifecycle] phase -> Stopped
guideXOSServer server exiting.

---STDERR---

