guideXOSServer server starting...
WARNING: Experimental Native ELF execution is enabled.
Only trusted Native ELF apps should be run.
WARNING: Experimental Native ELF execution is enabled.
Only trusted Native ELF apps should be run.
[lifecycle] phase -> PlatformDiscovery
[lifecycle] phase -> MemoryReady
[lifecycle] phase -> SchedulerReady
[lifecycle] phase -> IpcReady
[lifecycle] phase -> DesktopStateReady
AppRegistry initializing, count=1
AppRegistry manifest scan succeeded: scanned=8, registered=8
AppModel registry candidate:  displayName=Hello World id=com.guidexos.samples.helloworld kind=NativeElf source=SystemApps
Registered app: Hello World
AppModel registry candidate:  displayName=Resource Viewer id=com.guidexos.samples.resourceviewer kind=NativeElf source=SystemApps
Registered app: Resource Viewer
AppModel registry candidate:  displayName=Future GXApp Package id=com.guidexos.examples.futuregxapp kind=GXAppPackage source=SystemApps
Registered app: Future GXApp Package
AppModel registry candidate:  displayName=HelloWorld ELF id=com.guidexos.examples.helloworld kind=NativeElf source=SystemApps
Registered app: HelloWorld ELF
AppModel registry candidate:  displayName=Notepad id=com.guidexos.examples.notepad kind=BuiltIn source=SystemApps
Registered app: Notepad
AppModel registry candidate:  displayName=Hello World id=com.guidexos.helloworld kind=NativeElf source=Package
Registered app: Hello World
AppModel registry candidate:  displayName=Nexgen PacMan id=com.guidexos.pacman kind=NativeElf source=Package
Registered app: Nexgen PacMan
AppModel registry candidate:  displayName=Resource Viewer id=com.guidexos.resourceviewer kind=NativeElf source=Package
Registered app: Resource Viewer
AppModel registry candidate:  displayName=Notepad id=gxos.builtin.notepad kind=BuiltIn source=BuiltIn
Registered app: Notepad
AppModel registry candidate:  displayName=Calculator id=gxos.builtin.calculator kind=BuiltIn source=BuiltIn
Registered app: Calculator
AppModel registry candidate:  displayName=Clock id=gxos.builtin.clock kind=BuiltIn source=BuiltIn
Registered app: Clock
AppModel registry candidate:  displayName=Console id=gxos.builtin.console kind=BuiltIn source=BuiltIn
Registered app: Console
AppModel registry candidate:  displayName=File Explorer id=gxos.builtin.fileexplorer kind=BuiltIn source=BuiltIn
Registered app: File Explorer
AppModel registry candidate:  displayName=Trash id=gxos.builtin.trash kind=BuiltIn source=BuiltIn
Registered app: Trash
AppModel registry candidate:  displayName=TaskManager id=gxos.builtin.taskmanager kind=BuiltIn source=BuiltIn
Registered app: TaskManager
AppModel registry candidate:  displayName=Paint id=gxos.builtin.paint kind=BuiltIn source=BuiltIn
Registered app: Paint
AppModel registry candidate:  displayName=Image Viewer id=gxos.builtin.imageviewer kind=BuiltIn source=BuiltIn
Registered app: Image Viewer
AppModel registry candidate:  displayName=OnScreenKeyboard id=gxos.builtin.onscreenkeyboard kind=BuiltIn source=BuiltIn
Registered app: OnScreenKeyboard
AppModel registry candidate:  displayName=ShutdownDialog id=gxos.builtin.shutdowndialog kind=BuiltIn source=BuiltIn
Registered app: ShutdownDialog
AppModel registry candidate:  displayName=DiskManager id=gxos.builtin.diskmanager kind=BuiltIn source=BuiltIn
Registered app: DiskManager
AppModel registry candidate:  displayName=ControlPanel id=gxos.builtin.controlpanel kind=BuiltIn source=BuiltIn
Registered app: ControlPanel
AppModel registry candidate:  displayName=DisplayOptions id=gxos.builtin.displayoptions kind=BuiltIn source=BuiltIn
Registered app: DisplayOptions
AppModel registry candidate:  displayName=guideXOS Navigator id=guidexos.navigator kind=BuiltIn source=BuiltIn
Registered app: guideXOS Navigator
AppModel registry candidate:  displayName=App Model Demo id=gxos.builtin.appmodeldemo kind=BuiltIn source=BuiltIn
Registered app: App Model Demo
AppModel registry candidate:  displayName=Native App Debug Viewer id=gxos.builtin.nativeappdebugviewer kind=BuiltIn source=BuiltIn
Registered app: Native App Debug Viewer
AppModel registry candidate:  displayName=HDInstaller id=gxos.builtin.hdinstaller kind=BuiltIn source=BuiltIn
Registered app: HDInstaller
Pinned app: App Model Demo
Pinned app-model demo app: App Model Demo
Pinned app: Native App Debug Viewer
Pinned app-model demo app: Native App Debug Viewer
Pinned app: Hello World
Pinned app-model demo app: Hello World
Pinned app: Resource Viewer
Pinned app-model demo app: Resource Viewer
AppRegistry initialized, desktop apps=26
Desktop folder resolver selected virtualPath=/Documents hostedPath=D:/dev/guideXOSServer/Documents
Desktop folder already exists: D:/dev/guideXOSServer/Documents
Desktop folder resolver selected virtualPath=/Pictures hostedPath=D:/dev/guideXOSServer/Pictures
Desktop folder already exists: D:/dev/guideXOSServer/Pictures
Desktop folder resolver selected virtualPath=/Music hostedPath=D:/dev/guideXOSServer/Music
Desktop folder already exists: D:/dev/guideXOSServer/Music
Desktop folder resolver selected virtualPath=/Network hostedPath=D:/dev/guideXOSServer/Network
Desktop folder already exists: D:/dev/guideXOSServer/Network
Desktop state loaded
NotificationManager initialized
Firewall initialized (Normal mode)
Module registered: Notepad
Module registered: Calculator
Module registered: Paint
Module registered: ImageViewer
Module registered: Clock
Module registered: TaskManager
Module registered: FileExplorer
Module registered: Console
Module registered: OnScreenKeyboard
Module registered: ShutdownDialog
Built-in modules registered (10)
[lifecycle] phase -> ServicesReady
[lifecycle] phase -> Interactive
Commands:
 mem | alloc <n> | tasks | log
 spawn <echo|worker> [args...] | plist
 send <pid> <text> | recv <pid>
 bus.sub <chan> <pid> | bus.unsub <chan> <pid>
 bus.pub <chan> <text> [fanout] | bus.pop <chan> [timeoutMs]
 bus.cap <chan> <cap> | bus.stats <chan>
 console.start | console.send <text> | console.pop [timeoutMs]
 gui.start | gui.open.appmodeldemo | gui.smoke.launchshadow | gui.win <title> [w h] | gui.text <id> <text> | gui.close <id>
 gui.rect <id> <x> <y> <w> <h> <r> <g> <b> | gui.move <id> <x> <y> | gui.resize <id> <w> <h> | gui.title <id> <title>
 gui.btn <win> <id> <x> <y> <w> <h> <text> | gui.pop | gui.wlist | gui.activate <id> | gui.min <id>
 gxm.load <path> | gxm.sample | gui.save <path> | gui.load <path>
 desktop.wallpaper <path> | desktop.background.remove <id> | desktop.launch <action> | desktop.open <path> [dir] | desktop.launch.resolve <label> | desktop.launch.adapt <label> | desktop.launch.compare | desktop.launch.storage | desktop.launch.storage.preview | desktop.launch.storage.preview.compare | desktop.launch.types | desktop.open.resolve <path> [dir] | desktop.appmodel.active-typed-dispatch-gate [force-on|force-off|reset] | desktop.appmodel.active-typed-dispatch-default-on-candidate [on|off|reset] | desktop.pin <action> | desktop.unpin <action> | desktop.showconfig
 desktop.apps | desktop.apps.verbose | desktop.appmodel.summary | desktop.appmodel.inventory | desktop.appmodel.coverage | desktop.appmodel.file-associations | desktop.appmodel.shell-objects | desktop.appmodel.typed-dispatch-gate [force-off] | desktop.pinned | desktop.recent | desktop.recent.remove <name> | desktop.pinapp <name> | desktop.pinfile <name> <path>
 nativeapp.capabilities | nativeapp.inspect <app> | nativeapp.smoketest <app> | nativeapp.processes
 taskbar.list | taskbar.activate <id> | taskbar.min <id> | taskbar.close <id>
 workspace.switch <n> | workspace.next | workspace.prev | workspace.current
 notepad | notepad <file>
 calculator
 console | console.start | console.send <text> | console.pop [timeoutMs]
 files | files <path>
 clock
 taskmanager.snapshot | taskmanager.network-snapshot-wait | taskmanager.tombstone-test
 taskmgr
 paint
 navigator | navigator.smoke | navigator.goto <url>
 imgview [file] | osk
 shutdown | msgbox <text> | welcome
 notify <text> | notify.clear
 fw.mode <normal|block|disabled|auto> | fw.allow <name> | fw.list | fw.alerts
 modules | module.launch <name>
 pkg.install <path.gxapp> | pkg.launch <app> | pkg.list | pkg.validate <path.gxapp>
 proc.wait <pid> [timeoutMs] | proc.status <pid>
 vfs.mkdir <path> | vfs.write <path> <text> | vfs.read <path> | vfs.ls <path>
 vnc.start [port] | vnc.stop | vnc.status
 pbytes | help | quit/exit
Unknown command (help for list)
[lifecycle] phase -> ServicesReady
[lifecycle] compositor pid=10
Compositor pid=10 (proto=3)
[LaunchDispatch] source=HostedDesktopService target=Nexgen PacMan resolvedType=NativeElfApp appId=com.guidexos.pacman usage=legacy-fallback selectedDispatch=Nexgen PacMan behaviorPreserved=true reason=Known target type is not yet enabled for typed dispatch
[AppModelActiveTypedDispatch] source=HostedDesktopService request=Nexgen PacMan classification=NativeElfApp shadowDecision=Nexgen PacMan shadowUsage=legacy-fallback selectedHandler=Nexgen PacMan appModelActiveDispatchDefaultOnCandidateGate=appmodel.active-typed-dispatch-default-on-candidate appModelActiveDispatchCandidateEnabled=false appModelActiveDispatchEnabled=true appModelActiveDispatchEffectiveStateSource=product-default appModelActiveDispatchRuntimeLaunchBehaviorChanged=true appModelActiveDispatchVisibleLaunchBehaviorChanged=false activeTypedDispatchHandled=false legacyFallbackUsed=true visibleBehaviorChanged=false visibleLaunchBehaviorChanged=false reason=Active typed dispatch is not enabled for this app target
[LaunchResolver] App: com.guidexos.pacman Strategy: NativeElf Architecture: amd64 Entry: bin/amd64/pacman.elf Result: success Reason: Launch resolved
Launched native app process: Nexgen PacMan pid=11
Compositor service started (native window)
[NativeElfLaunch] App: com.guidexos.pacman Architecture: amd64 Path: /Apps\PacMan\bin/amd64/pacman.elf Validation: valid Result: success Message: Native ELF validated.
Desktop launch successful: Nexgen PacMan
[NativeElfImageLoader] App: com.guidexos.pacman Architecture: amd64 EntryVA: 0x201a30 Segments: 3 ImageSize: 2256432 PIE: false Interpreter: false Result: success Diagnostics: Native ELF image loaded
[NativeAppRuntime] App: com.guidexos.pacman RuntimeId: 1 ProcessId: 0 Architecture: amd64 ABI: guidexos-c-abi-v1 Permissions: 4 State: Prepared Result: success Diagnostics: Native app runtime prepared
[NativeElfExecutor] App: com.guidexos.pacman Architecture: amd64 CanExecute: true Reason: Native ELF executor gate passed Result: available
[NativeAppRuntime] App: com.guidexos.pacman (Nexgen PacMan) runtimeId=1 entering host call dispatch
