guideXOSServer server starting...
WARNING: Experimental Native ELF execution is enabled.
Only trusted Native ELF apps should be run.
WARNING: Experimental Native ELF execution is enabled.
Only trusted Native ELF apps should be run.
[lifecycle] phase -> PlatformDiscovery
[lifecycle] phase -> MemoryReady
[lifecycle] phase -> SchedulerReady
[lifecycle] phase -> IpcReady
[lifecycle] phase -> DesktopStateReady
AppRegistry initializing, count=1
AppRegistry manifest scan succeeded: scanned=9, registered=9
AppModel registry candidate:  displayName=Hello World id=com.guidexos.samples.helloworld kind=NativeElf source=SystemApps
Registered app: Hello World
AppModel registry candidate:  displayName=Resource Viewer id=com.guidexos.samples.resourceviewer kind=NativeElf source=SystemApps
Registered app: Resource Viewer
AppModel registry candidate:  displayName=Future GXApp Package id=com.guidexos.examples.futuregxapp kind=GXAppPackage source=SystemApps
Registered app: Future GXApp Package
AppModel registry candidate:  displayName=HelloWorld ELF id=com.guidexos.examples.helloworld kind=NativeElf source=SystemApps
Registered app: HelloWorld ELF
AppModel registry candidate:  displayName=Notepad id=com.guidexos.examples.notepad kind=BuiltIn source=SystemApps
Registered app: Notepad
AppModel registry candidate:  displayName=Hello World id=com.guidexos.helloworld kind=NativeElf source=Package
Registered app: Hello World
AppModel registry candidate:  displayName=Nexgen PacMan id=com.guidexos.pacman kind=NativeElf source=Package
Registered app: Nexgen PacMan
AppModel registry candidate:  displayName=Nexgen PacMan Danger Validation id=com.guidexos.pacman.danger-validation kind=NativeElf source=Package
Registered app: Nexgen PacMan Danger Validation
AppModel registry candidate:  displayName=Resource Viewer id=com.guidexos.resourceviewer kind=NativeElf source=Package
Registered app: Resource Viewer
AppModel registry candidate:  displayName=Notepad id=gxos.builtin.notepad kind=BuiltIn source=BuiltIn
Registered app: Notepad
AppModel registry candidate:  displayName=Calculator id=gxos.builtin.calculator kind=BuiltIn source=BuiltIn
Registered app: Calculator
AppModel registry candidate:  displayName=Clock id=gxos.builtin.clock kind=BuiltIn source=BuiltIn
Registered app: Clock
AppModel registry candidate:  displayName=Console id=gxos.builtin.console kind=BuiltIn source=BuiltIn
Registered app: Console
AppModel registry candidate:  displayName=File Explorer id=gxos.builtin.fileexplorer kind=BuiltIn source=BuiltIn
Registered app: File Explorer
AppModel registry candidate:  displayName=Trash id=gxos.builtin.trash kind=BuiltIn source=BuiltIn
Registered app: Trash
AppModel registry candidate:  displayName=TaskManager id=gxos.builtin.taskmanager kind=BuiltIn source=BuiltIn
Registered app: TaskManager
AppModel registry candidate:  displayName=Paint id=gxos.builtin.paint kind=BuiltIn source=BuiltIn
Registered app: Paint
AppModel registry candidate:  displayName=Image Viewer id=gxos.builtin.imageviewer kind=BuiltIn source=BuiltIn
Registered app: Image Viewer
AppModel registry candidate:  displayName=OnScreenKeyboard id=gxos.builtin.onscreenkeyboard kind=BuiltIn source=BuiltIn
Registered app: OnScreenKeyboard
AppModel registry candidate:  displayName=ShutdownDialog id=gxos.builtin.shutdowndialog kind=BuiltIn source=BuiltIn
Registered app: ShutdownDialog
AppModel registry candidate:  displayName=DiskManager id=gxos.builtin.diskmanager kind=BuiltIn source=BuiltIn
Registered app: DiskManager
AppModel registry candidate:  displayName=ControlPanel id=gxos.builtin.controlpanel kind=BuiltIn source=BuiltIn
Registered app: ControlPanel
AppModel registry candidate:  displayName=DisplayOptions id=gxos.builtin.displayoptions kind=BuiltIn source=BuiltIn
Registered app: DisplayOptions
AppModel registry candidate:  displayName=guideXOS Navigator id=guidexos.navigator kind=BuiltIn source=BuiltIn
Registered app: guideXOS Navigator
AppModel registry candidate:  displayName=App Model Demo id=gxos.builtin.appmodeldemo kind=BuiltIn source=BuiltIn
Registered app: App Model Demo
AppModel registry candidate:  displayName=Native App Debug Viewer id=gxos.builtin.nativeappdebugviewer kind=BuiltIn source=BuiltIn
Registered app: Native App Debug Viewer
AppModel registry candidate:  displayName=HDInstaller id=gxos.builtin.hdinstaller kind=BuiltIn source=BuiltIn
Registered app: HDInstaller
Pinned app: App Model Demo
Pinned app-model demo app: App Model Demo
Pinned app: Native App Debug Viewer
Pinned app-model demo app: Native App Debug Viewer
Pinned app: Hello World
Pinned app-model demo app: Hello World
Pinned app: Resource Viewer
Pinned app-model demo app: Resource Viewer
AppRegistry initialized, desktop apps=27
Desktop folder resolver selected virtualPath=/Documents hostedPath=D:/dev/guideXOSServer/Documents
Desktop folder already exists: D:/dev/guideXOSServer/Documents
Desktop folder resolver selected virtualPath=/Pictures hostedPath=D:/dev/guideXOSServer/Pictures
Desktop folder already exists: D:/dev/guideXOSServer/Pictures
Desktop folder resolver selected virtualPath=/Music hostedPath=D:/dev/guideXOSServer/Music
Desktop folder already exists: D:/dev/guideXOSServer/Music
Desktop folder resolver selected virtualPath=/Network hostedPath=D:/dev/guideXOSServer/Network
Desktop folder already exists: D:/dev/guideXOSServer/Network
Desktop state loaded
NotificationManager initialized
Firewall initialized (Normal mode)
Module registered: Notepad
Module registered: Calculator
Module registered: Paint
Module registered: ImageViewer
Module registered: Clock
Module registered: TaskManager
Module registered: FileExplorer
Module registered: Console
Module registered: OnScreenKeyboard
Module registered: ShutdownDialog
Built-in modules registered (10)
[lifecycle] phase -> ServicesReady
[lifecycle] phase -> Interactive
Commands:
 mem | alloc <n> | tasks | log
 spawn <echo|worker> [args...] | plist
 send <pid> <text> | recv <pid>
 bus.sub <chan> <pid> | bus.unsub <chan> <pid>
 bus.pub <chan> <text> [fanout] | bus.pop <chan> [timeoutMs]
 bus.cap <chan> <cap> | bus.stats <chan>
 console.start | console.send <text> | console.pop [timeoutMs]
 gui.start | gui.open.appmodeldemo | gui.smoke.launchshadow | gui.win <title> [w h] | gui.text <id> <text> | gui.close <id>
 gui.rect <id> <x> <y> <w> <h> <r> <g> <b> | gui.move <id> <x> <y> | gui.resize <id> <w> <h> | gui.title <id> <title>
 gui.btn <win> <id> <x> <y> <w> <h> <text> | gui.pop | gui.wlist | gui.activate <id> | gui.min <id> | gui.sync <id> <frameGeneration> [frameSequence] [freeze] | gui.unfreeze <id>
 gxm.load <path> | gxm.sample | gui.save <path> | gui.load <path>
 desktop.wallpaper <path> | desktop.background.remove <id> | desktop.launch <action> | desktop.open <path> [dir] | desktop.launch.resolve <label> | desktop.launch.adapt <label> | desktop.launch.compare | desktop.launch.storage | desktop.launch.storage.preview | desktop.launch.storage.preview.compare | desktop.launch.types | desktop.open.resolve <path> [dir] | desktop.appmodel.active-typed-dispatch-gate [force-on|force-off|reset] | desktop.appmodel.active-typed-dispatch-default-on-candidate [on|off|reset] | desktop.pin <action> | desktop.unpin <action> | desktop.showconfig
 desktop.apps | desktop.apps.verbose | desktop.appmodel.summary | desktop.appmodel.inventory | desktop.appmodel.coverage | desktop.appmodel.file-associations | desktop.appmodel.shell-objects | desktop.appmodel.typed-dispatch-gate [force-off] | desktop.pinned | desktop.recent | desktop.recent.remove <name> | desktop.pinapp <name> | desktop.pinfile <name> <path>
 nativeapp.capabilities | nativeapp.inspect <app> | nativeapp.smoketest <app> | nativeapp.processes
 taskbar.list | taskbar.activate <id> | taskbar.min <id> | taskbar.close <id>
 workspace.switch <n> | workspace.next | workspace.prev | workspace.current
 notepad | notepad <file>
 calculator
 console | console.start | console.send <text> | console.pop [timeoutMs]
 files | files <path>
 clock
 taskmanager.snapshot | taskmanager.network-snapshot-wait | taskmanager.tombstone-test
 taskmgr
 paint
 navigator | navigator.smoke | navigator.goto <url>
 imgview [file] | osk
 shutdown | msgbox <text> | welcome
 notify <text> | notify.clear
 fw.mode <normal|block|disabled|auto> | fw.allow <name> | fw.list | fw.alerts
 modules | module.launch <name>
 pkg.install <path.gxapp> | pkg.launch <app> | pkg.list | pkg.validate <path.gxapp>
 proc.wait <pid> [timeoutMs] | proc.status <pid>
 vfs.mkdir <path> | vfs.write <path> <text> | vfs.read <path> | vfs.ls <path>
 vnc.start [port] | vnc.stop | vnc.status
 pbytes | help | quit/exit
[lifecycle] phase -> ServicesReady
[lifecycle] compositor pid=10
Compositor pid=10 (proto=3)
Compositor service started (native window)
Hosted freeze diagnostics enabled (GXOS_COMPOSITOR_FREEZE_DIAGNOSTICS=1, timer=1s)
GdiVideoBackend: initialized 1024x768
VideoBackend: GDI backend active
Compositor DesktopConfig loaded=true err=
Compositor display options store loaded=true err=
Compositor taskbar position=bottom
Compositor background scale mode=fill
Compositor config pinned before merge count=7
  config pinned before merge: App Model Demo
  config pinned before merge: Future GXApp Package
  config pinned before merge: Hello World
  config pinned before merge: HelloWorld ELF
  config pinned before merge: Native App Debug Viewer
  config pinned before merge: Resource Viewer
  config pinned before merge: Nexgen PacMan
Compositor config recent before merge count=7
  config recent before merge: Nexgen PacMan
  config recent before merge: Notepad
  config recent before merge: Resource Viewer
  config recent before merge: Image Viewer
  config recent before merge: DisplayOptions
  config recent before merge: ControlPanel
  config recent before merge: guideXOS Navigator
Compositor DesktopService pin considered: App Model Demo
Compositor skip already present from DesktopService pin: App Model Demo
Compositor DesktopService pin considered: Future GXApp Package
Compositor skip already present from DesktopService pin: Future GXApp Package
Compositor DesktopService pin considered: Hello World
Compositor skip already present from DesktopService pin: Hello World
Compositor DesktopService pin considered: HelloWorld ELF
Compositor skip already present from DesktopService pin: HelloWorld ELF
Compositor DesktopService pin considered: Native App Debug Viewer
Compositor skip already present from DesktopService pin: Native App Debug Viewer
Compositor DesktopService pin considered: Resource Viewer
Compositor skip already present from DesktopService pin: Resource Viewer
Compositor DesktopService pin considered: Nexgen PacMan
Compositor skip already present from DesktopService pin: Nexgen PacMan
Compositor app-model app considered: App Model Demo id=gxos.builtin.appmodeldemo source=BuiltIn
Compositor skip already present from AppModel registry: App Model Demo
Compositor app-model app considered: Future GXApp Package id=com.guidexos.examples.futuregxapp source=SystemApps
Compositor skip already present from AppModel registry: Future GXApp Package
Compositor app-model app considered: Hello World id=com.guidexos.samples.helloworld source=SystemApps
Compositor skip already present from AppModel registry: Hello World
Compositor app-model app considered: Hello World id=com.guidexos.helloworld source=Package
Compositor skip already present from AppModel registry: Hello World
Compositor app-model app considered: HelloWorld ELF id=com.guidexos.examples.helloworld source=SystemApps
Compositor skip already present from AppModel registry: HelloWorld ELF
Compositor app-model app considered: Native App Debug Viewer id=gxos.builtin.nativeappdebugviewer source=BuiltIn
Compositor skip already present from AppModel registry: Native App Debug Viewer
Compositor app-model app considered: Nexgen PacMan id=com.guidexos.pacman source=Package
Compositor skip already present from AppModel registry: Nexgen PacMan
Compositor app-model app considered: Nexgen PacMan Danger Validation id=com.guidexos.pacman.danger-validation source=Package
Compositor include desktop/start entry from AppModel registry: Nexgen PacMan Danger Validation
Compositor app-model app considered: Resource Viewer id=com.guidexos.samples.resourceviewer source=SystemApps
Compositor skip already present from AppModel registry: Resource Viewer
Compositor app-model app considered: Resource Viewer id=com.guidexos.resourceviewer source=Package
Compositor skip already present from AppModel registry: Resource Viewer
Compositor config pinned after merge count=8
  config pinned after merge: App Model Demo
  config pinned after merge: Future GXApp Package
  config pinned after merge: Hello World
  config pinned after merge: HelloWorld ELF
  config pinned after merge: Native App Debug Viewer
  config pinned after merge: Resource Viewer
  config pinned after merge: Nexgen PacMan
  config pinned after merge: Nexgen PacMan Danger Validation
Compositor config recent after merge count=7
  config recent after merge: Nexgen PacMan
  config recent after merge: Notepad
  config recent after merge: Resource Viewer
  config recent after merge: Image Viewer
  config recent after merge: DisplayOptions
  config recent after merge: ControlPanel
  config recent after merge: guideXOS Navigator
Compositor refreshDesktopItems input pinned=8 recent=7
Compositor start menu recent count=7
  start menu recent: Nexgen PacMan
  start menu recent: Notepad
  start menu recent: Resource Viewer
  start menu recent: Image Viewer
  start menu recent: DisplayOptions
  start menu recent: ControlPanel
  start menu recent: guideXOS Navigator
Desktop system icon visibility: system:Trash enabled=true
Desktop system icon created: system:Trash label=Trash icon=trash.empty
Desktop system icon visibility: system:FileExplorer enabled=true
Desktop system icon created: system:FileExplorer label=File Explorer icon=app.files
Desktop system icon visibility: system:SystemSettings enabled=false
Desktop system icon skipped by setting: system:SystemSettings
Desktop folder resolver selected virtualPath=/Desktop hostedPath=D:/dev/guideXOSServer/Desktop
Desktop folder already exists: D:/dev/guideXOSServer/Desktop
Desktop folder enumeration started: D:/dev/guideXOSServer/Desktop
Desktop folder enumeration completed count=0
Desktop icon slot allocation: occupied=0 columns=11 rows=7
Desktop icon slot selected: x=20 y=20
Desktop icon auto-positioned: system:Trash x=20 y=20
Desktop icon slot allocation: occupied=1 columns=11 rows=7
Desktop icon slot selected: x=104 y=20
Desktop icon auto-positioned: system:FileExplorer x=104 y=20
Compositor desktop item count=2
  desktop item: Trash
  desktop item: File Explorer
Compositor start menu include: Hello World id=com.guidexos.samples.helloworld source=SystemApps
Compositor start menu include: Resource Viewer id=com.guidexos.samples.resourceviewer source=SystemApps
Compositor start menu include: Future GXApp Package id=com.guidexos.examples.futuregxapp source=SystemApps
Compositor start menu include: HelloWorld ELF id=com.guidexos.examples.helloworld source=SystemApps
Compositor start menu include: Notepad id=com.guidexos.examples.notepad source=SystemApps
Compositor start menu skipped duplicate app: Hello World id=com.guidexos.helloworld source=Package
Compositor start menu include: Nexgen PacMan id=com.guidexos.pacman source=Package
Compositor start menu include: Nexgen PacMan Danger Validation id=com.guidexos.pacman.danger-validation source=Package
Compositor start menu skipped duplicate app: Resource Viewer id=com.guidexos.resourceviewer source=Package
Compositor start menu skipped duplicate app: Notepad id=gxos.builtin.notepad source=BuiltIn
Compositor start menu include: Calculator id=gxos.builtin.calculator source=BuiltIn
Compositor start menu include: Clock id=gxos.builtin.clock source=BuiltIn
Compositor start menu include: Console id=gxos.builtin.console source=BuiltIn
Compositor start menu include: File Explorer id=gxos.builtin.fileexplorer source=BuiltIn
Compositor start menu include: Trash id=gxos.builtin.trash source=BuiltIn
Compositor start menu include: TaskManager id=gxos.builtin.taskmanager source=BuiltIn
Compositor start menu include: Paint id=gxos.builtin.paint source=BuiltIn
Compositor start menu include: Image Viewer id=gxos.builtin.imageviewer source=BuiltIn
Compositor start menu include: OnScreenKeyboard id=gxos.builtin.onscreenkeyboard source=BuiltIn
Compositor start menu include: ShutdownDialog id=gxos.builtin.shutdowndialog source=BuiltIn
Compositor start menu include: DiskManager id=gxos.builtin.diskmanager source=BuiltIn
Compositor start menu include: ControlPanel id=gxos.builtin.controlpanel source=BuiltIn
Compositor start menu include: DisplayOptions id=gxos.builtin.displayoptions source=BuiltIn
Compositor start menu include: guideXOS Navigator id=guidexos.navigator source=BuiltIn
Compositor start menu include: App Model Demo id=gxos.builtin.appmodeldemo source=BuiltIn
Compositor start menu include: Native App Debug Viewer id=gxos.builtin.nativeappdebugviewer source=BuiltIn
Compositor start menu include: HDInstaller id=gxos.builtin.hdinstaller source=BuiltIn
Compositor start menu app count=24
  start menu app: App Model Demo
  start menu app: Calculator
  start menu app: Clock
  start menu app: Console
  start menu app: ControlPanel
  start menu app: DiskManager
  start menu app: DisplayOptions
  start menu app: File Explorer
  start menu app: Future GXApp Package
  start menu app: guideXOS Navigator
  start menu app: HDInstaller
  start menu app: Hello World
  start menu app: HelloWorld ELF
  start menu app: Image Viewer
  start menu app: Native App Debug Viewer
  start menu app: Nexgen PacMan
  start menu app: Nexgen PacMan Danger Validation
  start menu app: Notepad
  start menu app: OnScreenKeyboard
  start menu app: Paint
  start menu app: Resource Viewer
  start menu app: ShutdownDialog
  start menu app: TaskManager
  start menu app: Trash
Compositor background select id=legacy_ameobagx kind=image scale=fill
Compositor wallpaper select id=legacy_ameobagx full=/system/wallpapers/ameobagx.png thumb=/system/wallpapers/ameobagx_thumb.png
PngLoader: loaded /system/wallpapers/ameobagx.png 1536x1024 sourceChannels=3
Compositor wallpaper decode succeeded id=legacy_ameobagx full=/system/wallpapers/ameobagx.png
Bus::publish queueing msg type=13 to channel=gui.output
PngLoader: loaded /system/fonts/roboto/roboto_9pt_regular.png 260x160 sourceChannels=4
PngLoader: loaded /system/fonts/roboto/roboto_9pt_bold.png 260x160 sourceChannels=4
PngLoader: loaded /system/fonts/roboto/roboto_9pt_italic.png 260x160 sourceChannels=4
PngLoader: loaded /system/fonts/roboto/roboto_9pt_bolditalic.png 260x160 sourceChannels=4
PngLoader: loaded /system/fonts/roboto/roboto_12pt_regular.png 260x160 sourceChannels=4
PngLoader: loaded /system/fonts/roboto/roboto_12pt_bold.png 260x160 sourceChannels=4
PngLoader: loaded /system/fonts/roboto/roboto_12pt_italic.png 260x160 sourceChannels=4
PngLoader: loaded /system/fonts/roboto/roboto_12pt_bolditalic.png 260x160 sourceChannels=4
PngLoader: loaded /system/fonts/roboto/roboto_12pt_thin.png 390x240 sourceChannels=4
PngLoader: loaded assets/Images/Flat/64/24-Empty_Trash_256x256_35394.png 64x64 sourceChannels=4
PngLoader: loaded assets/Images/Flat/64/25-Folder_256x256_35390.png 64x64 sourceChannels=4
Hosted freeze diag: reason=WM_PAINT pumps=1 messages=0 paints=1 timers=0 repaints=0 lastPumpAgeMs=32 lastMessageAgeMs=0 lastRepaintAgeMs=0 lastPaintAgeMs=0 lastTimerAgeMs=0 lastPaintDurationMs=30 maxPaintDurationMs=30 lastVncDurationMs=0 maxVncDurationMs=0 lastMessageDurationMs=0 maxMessageDurationMs=0 lastMessageType=0 vncClients=0 gdiObjects=17 userObjects=17
[LaunchDispatch] source=HostedDesktopService target=Nexgen PacMan Danger Validation resolvedType=NativeElfApp appId=com.guidexos.pacman.danger-validation usage=legacy-fallback selectedDispatch=Nexgen PacMan Danger Validation behaviorPreserved=true reason=Known target type is not yet enabled for typed dispatch
[AppModelActiveTypedDispatch] source=HostedDesktopService request=Nexgen PacMan Danger Validation classification=NativeElfApp shadowDecision=Nexgen PacMan Danger Validation shadowUsage=legacy-fallback selectedHandler=Nexgen PacMan Danger Validation appModelActiveDispatchDefaultOnCandidateGate=appmodel.active-typed-dispatch-default-on-candidate appModelActiveDispatchCandidateEnabled=false appModelActiveDispatchEnabled=true appModelActiveDispatchEffectiveStateSource=product-default appModelActiveDispatchRuntimeLaunchBehaviorChanged=true appModelActiveDispatchVisibleLaunchBehaviorChanged=false activeTypedDispatchHandled=false legacyFallbackUsed=true visibleBehaviorChanged=false visibleLaunchBehaviorChanged=false reason=Active typed dispatch is not enabled for this app target
[LaunchResolver] App: com.guidexos.pacman.danger-validation Strategy: NativeElf Architecture: amd64 Entry: bin/amd64/pacman-danger-validation.elf Result: success Reason: Launch resolved
Launched native app process: Nexgen PacMan Danger Validation pid=11
Desktop launch successful: Nexgen PacMan Danger Validation
[NativeElfLaunch] App: com.guidexos.pacman.danger-validation Architecture: amd64 Path: /Apps\PacManDangerValidation\bin/amd64/pacman-danger-validation.elf Validation: valid Result: success Message: Native ELF validated.
[NativeElfImageLoader] App: com.guidexos.pacman.danger-validation Architecture: amd64 EntryVA: 0x2021b0 Segments: 3 ImageSize: 4256528 PIE: false Interpreter: false Result: success Diagnostics: Native ELF image loaded
[NativeAppRuntime] App: com.guidexos.pacman.danger-validation RuntimeId: 1 ProcessId: 0 Architecture: amd64 ABI: guidexos-c-abi-v1 Permissions: 4 State: Prepared Result: success Diagnostics: Native app runtime prepared
[NativeElfExecutor] App: com.guidexos.pacman.danger-validation Architecture: amd64 CanExecute: true Reason: Native ELF executor gate passed Result: available
[NativeAppRuntime] App: com.guidexos.pacman.danger-validation (Nexgen PacMan Danger Validation) runtimeId=1 entering host call dispatch
[NativeAppHost] App: com.guidexos.pacman.danger-validation (Nexgen PacMan Danger Validation) log: Nexgen PacMan Native ELF starting
[NativeAppHost] file_read phase=return runtimeId=1 appId=com.guidexos.pacman.danger-validation processId=11 contextActive=yes contextPointerMatched=yes requestedPath="resources/level1.gximg" offset=0 length=28 destination=0x2dd03fe190 destinationRange=inside-active-native-stack outBytesRead=0x2dd03fe110 outBytesReadRange=inside-active-native-stack resolvedPackagePath="/Apps\PacManDangerValidation" resolvedPath="/Apps\PacManDangerValidation/resources/level1.gximg" bytesRead=28 result=0 actualHostRead=read-complete returnPropagation=about-to-return
[NativeAppHost] file_read phase=return runtimeId=1 appId=com.guidexos.pacman.danger-validation processId=11 contextActive=yes contextPointerMatched=yes requestedPath="resources/level1.gximg" offset=28 length=65536 destination=0x208600 destinationRange=inside-native-image outBytesRead=0x2dd03fe110 outBytesReadRange=inside-active-native-stack resolvedPackagePath="/Apps\PacManDangerValidation" resolvedPath="/Apps\PacManDangerValidation/resources/level1.gximg" bytesRead=65536 result=0 actualHostRead=read-complete returnPropagation=about-to-return
[NativeAppHost] file_read phase=return runtimeId=1 appId=com.guidexos.pacman.danger-validation processId=11 contextActive=yes contextPointerMatched=yes requestedPath="resources/level1.gximg" offset=65564 length=65536 destination=0x218600 destinationRange=inside-native-image outBytesRead=0x2dd03fe110 outBytesReadRange=inside-active-native-stack resolvedPackagePath="/Apps\PacManDangerValidation" resolvedPath="/Apps\PacManDangerValidation/resources/level1.gximg" bytesRead=65536 result=0 actualHostRead=read-complete returnPropagation=about-to-return
[NativeAppHost] file_read phase=return runtimeId=1 appId=com.guidexos.pacman.danger-validation processId=11 contextActive=yes contextPointerMatched=yes requestedPath="resources/level1.gximg" offset=131100 length=65536 destination=0x228600 destinationRange=inside-native-image outBytesRead=0x2dd03fe110 outBytesReadRange=inside-active-native-stack resolvedPackagePath="/Apps\PacManDangerValidation" resolvedPath="/Apps\PacManDangerValidation/resources/level1.gximg" bytesRead=65536 result=0 actualHostRead=read-complete returnPropagation=about-to-return
[NativeAppHost] file_read phase=return runtimeId=1 appId=com.guidexos.pacman.danger-validation processId=11 contextActive=yes contextPointerMatched=yes requestedPath="resources/level1.gximg" offset=196636 length=65536 destination=0x238600 destinationRange=inside-native-image outBytesRead=0x2dd03fe110 outBytesReadRange=inside-active-native-stack resolvedPackagePath="/Apps\PacManDangerValidation" resolvedPath="/Apps\PacManDangerValidation/resources/level1.gximg" bytesRead=65536 result=0 actualHostRead=read-complete returnPropagation=about-to-return
[NativeAppHost] file_read phase=return runtimeId=1 appId=com.guidexos.pacman.danger-validation processId=11 contextActive=yes contextPointerMatched=yes requestedPath="resources/level1.gximg" offset=262172 length=65536 destination=0x248600 destinationRange=inside-native-image outBytesRead=0x2dd03fe110 outBytesReadRange=inside-active-native-stack resolvedPackagePath="/Apps\PacManDangerValidation" resolvedPath="/Apps\PacManDangerValidation/resources/level1.gximg" bytesRead=65536 result=0 actualHostRead=read-complete returnPropagation=about-to-return
[NativeAppHost] file_read phase=return runtimeId=1 appId=com.guidexos.pacman.danger-validation processId=11 contextActive=yes contextPointerMatched=yes requestedPath="resources/level1.gximg" offset=327708 length=65536 destination=0x258600 destinationRange=inside-native-image outBytesRead=0x2dd03fe110 outBytesReadRange=inside-active-native-stack resolvedPackagePath="/Apps\PacManDangerValidation" resolvedPath="/Apps\PacManDangerValidation/resources/level1.gximg" bytesRead=65536 result=0 actualHostRead=read-complete returnPropagation=about-to-return
[NativeAppHost] file_read phase=return runtimeId=1 appId=com.guidexos.pacman.danger-validation processId=11 contextActive=yes contextPointerMatched=yes requestedPath="resources/level1.gximg" offset=393244 length=65536 destination=0x268600 destinationRange=inside-native-image outBytesRead=0x2dd03fe110 outBytesReadRange=inside-active-native-stack resolvedPackagePath="/Apps\PacManDangerValidation" resolvedPath="/Apps\PacManDangerValidation/resources/level1.gximg" bytesRead=65536 result=0 actualHostRead=read-complete returnPropagation=about-to-return
[NativeAppHost] file_read phase=return runtimeId=1 appId=com.guidexos.pacman.danger-validation processId=11 contextActive=yes contextPointerMatched=yes requestedPath="resources/level1.gximg" offset=458780 length=65536 destination=0x278600 destinationRange=inside-native-image outBytesRead=0x2dd03fe110 outBytesReadRange=inside-active-native-stack resolvedPackagePath="/Apps\PacManDangerValidation" resolvedPath="/Apps\PacManDangerValidation/resources/level1.gximg" bytesRead=65536 result=0 actualHostRead=read-complete returnPropagation=about-to-return
[NativeAppHost] file_read phase=return runtimeId=1 appId=com.guidexos.pacman.danger-validation processId=11 contextActive=yes contextPointerMatched=yes requestedPath="resources/level1.gximg" offset=524316 length=65536 destination=0x288600 destinationRange=inside-native-image outBytesRead=0x2dd03fe110 outBytesReadRange=inside-active-native-stack resolvedPackagePath="/Apps\PacManDangerValidation" resolvedPath="/Apps\PacManDangerValidation/resources/level1.gximg" bytesRead=65536 result=0 actualHostRead=read-complete returnPropagation=about-to-return
[NativeAppHost] file_read phase=return runtimeId=1 appId=com.guidexos.pacman.danger-validation processId=11 contextActive=yes contextPointerMatched=yes requestedPath="resources/level1.gximg" offset=589852 length=65536 destination=0x298600 destinationRange=inside-native-image outBytesRead=0x2dd03fe110 outBytesReadRange=inside-active-native-stack resolvedPackagePath="/Apps\PacManDangerValidation" resolvedPath="/Apps\PacManDangerValidation/resources/level1.gximg" bytesRead=65536 result=0 actualHostRead=read-complete returnPropagation=about-to-return
[NativeAppHost] file_read phase=return runtimeId=1 appId=com.guidexos.pacman.danger-validation processId=11 contextActive=yes contextPointerMatched=yes requestedPath="resources/level1.gximg" offset=655388 length=65536 destination=0x2a8600 destinationRange=inside-native-image outBytesRead=0x2dd03fe110 outBytesReadRange=inside-active-native-stack resolvedPackagePath="/Apps\PacManDangerValidation" resolvedPath="/Apps\PacManDangerValidation/resources/level1.gximg" bytesRead=65536 result=0 actualHostRead=read-complete returnPropagation=about-to-return
[NativeAppHost] file_read phase=return runtimeId=1 appId=com.guidexos.pacman.danger-validation processId=11 contextActive=yes contextPointerMatched=yes requestedPath="resources/level1.gximg" offset=720924 length=65536 destination=0x2b8600 destinationRange=inside-native-image outBytesRead=0x2dd03fe110 outBytesReadRange=inside-active-native-stack resolvedPackagePath="/Apps\PacManDangerValidation" resolvedPath="/Apps\PacManDangerValidation/resources/level1.gximg" bytesRead=65536 result=0 actualHostRead=read-complete returnPropagation=about-to-return
[NativeAppHost] file_read phase=return runtimeId=1 appId=com.guidexos.pacman.danger-validation processId=11 contextActive=yes contextPointerMatched=yes requestedPath="resources/level1.gximg" offset=786460 length=65536 destination=0x2c8600 destinationRange=inside-native-image outBytesRead=0x2dd03fe110 outBytesReadRange=inside-active-native-stack resolvedPackagePath="/Apps\PacManDangerValidation" resolvedPath="/Apps\PacManDangerValidation/resources/level1.gximg" bytesRead=65536 result=0 actualHostRead=read-complete returnPropagation=about-to-return
[NativeAppHost] file_read phase=return runtimeId=1 appId=com.guidexos.pacman.danger-validation processId=11 contextActive=yes contextPointerMatched=yes requestedPath="resources/level1.gximg" offset=851996 length=36864 destination=0x2d8600 destinationRange=inside-native-image outBytesRead=0x2dd03fe110 outBytesReadRange=inside-active-native-stack resolvedPackagePath="/Apps\PacManDangerValidation" resolvedPath="/Apps\PacManDangerValidation/resources/level1.gximg" bytesRead=36864 result=0 actualHostRead=read-complete returnPropagation=about-to-return
[NativeAppHost] file_read phase=return runtimeId=1 appId=com.guidexos.pacman.danger-validation processId=11 contextActive=yes contextPointerMatched=yes requestedPath="resources/pacpics.gximg" offset=0 length=28 destination=0x2dd03fe190 destinationRange=inside-active-native-stack outBytesRead=0x2dd03fe110 outBytesReadRange=inside-active-native-stack resolvedPackagePath="/Apps\PacManDangerValidation" resolvedPath="/Apps\PacManDangerValidation/resources/pacpics.gximg" bytesRead=28 result=0 actualHostRead=read-complete returnPropagation=about-to-return
[NativeAppHost] file_read phase=return runtimeId=1 appId=com.guidexos.pacman.danger-validation processId=11 contextActive=yes contextPointerMatched=yes requestedPath="resources/pacpics.gximg" offset=28 length=65536 destination=0x2e1600 destinationRange=inside-native-image outBytesRead=0x2dd03fe110 outBytesReadRange=inside-active-native-stack resolvedPackagePath="/Apps\PacManDangerValidation" resolvedPath="/Apps\PacManDangerValidation/resources/pacpics.gximg" bytesRead=65536 result=0 actualHostRead=read-complete returnPropagation=about-to-return
[NativeAppHost] file_read phase=return runtimeId=1 appId=com.guidexos.pacman.danger-validation processId=11 contextActive=yes contextPointerMatched=yes requestedPath="resources/pacpics.gximg" offset=65564 length=65536 destination=0x2f1600 destinationRange=inside-native-image outBytesRead=0x2dd03fe110 outBytesReadRange=inside-active-native-stack resolvedPackagePath="/Apps\PacManDangerValidation" resolvedPath="/Apps\PacManDangerValidation/resources/pacpics.gximg" bytesRead=65536 result=0 actualHostRead=read-complete returnPropagation=about-to-return
[NativeAppHost] file_read phase=return runtimeId=1 appId=com.guidexos.pacman.danger-validation processId=11 contextActive=yes contextPointerMatched=yes requestedPath="resources/pacpics.gximg" offset=131100 length=65536 destination=0x301600 destinationRange=inside-native-image outBytesRead=0x2dd03fe110 outBytesReadRange=inside-active-native-stack resolvedPackagePath="/Apps\PacManDangerValidation" resolvedPath="/Apps\PacManDangerValidation/resources/pacpics.gximg" bytesRead=65536 result=0 actualHostRead=read-complete returnPropagation=about-to-return
[NativeAppHost] file_read phase=return runtimeId=1 appId=com.guidexos.pacman.danger-validation processId=11 contextActive=yes contextPointerMatched=yes requestedPath="resources/pacpics.gximg" offset=196636 length=65536 destination=0x311600 destinationRange=inside-native-image outBytesRead=0x2dd03fe110 outBytesReadRange=inside-active-native-stack resolvedPackagePath="/Apps\PacManDangerValidation" resolvedPath="/Apps\PacManDangerValidation/resources/pacpics.gximg" bytesRead=65536 result=0 actualHostRead=read-complete returnPropagation=about-to-return
[NativeAppHost] file_read phase=return runtimeId=1 appId=com.guidexos.pacman.danger-validation processId=11 contextActive=yes contextPointerMatched=yes requestedPath="resources/pacpics.gximg" offset=262172 length=65536 destination=0x321600 destinationRange=inside-native-image outBytesRead=0x2dd03fe110 outBytesReadRange=inside-active-native-stack resolvedPackagePath="/Apps\PacManDangerValidation" resolvedPath="/Apps\PacManDangerValidation/resources/pacpics.gximg" bytesRead=65536 result=0 actualHostRead=read-complete returnPropagation=about-to-return
[NativeAppHost] file_read phase=return runtimeId=1 appId=com.guidexos.pacman.danger-validation processId=11 contextActive=yes contextPointerMatched=yes requestedPath="resources/pacpics.gximg" offset=327708 length=32768 destination=0x331600 destinationRange=inside-native-image outBytesRead=0x2dd03fe110 outBytesReadRange=inside-active-native-stack resolvedPackagePath="/Apps\PacManDangerValidation" resolvedPath="/Apps\PacManDangerValidation/resources/pacpics.gximg" bytesRead=32768 result=0 actualHostRead=read-complete returnPropagation=about-to-return
[NativeAppHost] App: com.guidexos.pacman.danger-validation (Nexgen PacMan Danger Validation) log: PacMan ghosts initialized: Red moving; 3 stationary entities
[NativeAppHost] App: com.guidexos.pacman.danger-validation (Nexgen PacMan Danger Validation) log: red
[NativeAppHost] App: com.guidexos.pacman.danger-validation (Nexgen PacMan Danger Validation) log: pink
[NativeAppHost] App: com.guidexos.pacman.danger-validation (Nexgen PacMan Danger Validation) log: cyan
[NativeAppHost] App: com.guidexos.pacman.danger-validation (Nexgen PacMan Danger Validation) log: orange
[NativeAppHost] App: com.guidexos.pacman.danger-validation (Nexgen PacMan Danger Validation) log: PacMan hosted danger test placement enabled
[NativeAppHost] App: com.guidexos.pacman.danger-validation (Nexgen PacMan Danger Validation) log: PacMan hosted Red movement validation enabled
Bus::publish queueing msg type=1 to channel=gui.input
Compositor received MT_Create: Nexgen PacMan|480|640|2 from pid=11
Compositor created window id=1000 sending ack to pid=11
publishOut MT_Create payload=1000|Nexgen PacMan dstPid=11
Bus::publish directing msg type=1 to pid=11
Bus::publish directing msg type=14 to pid=11
Bus::publish directing msg type=13 to pid=11
[NativeAppHost] App: com.guidexos.pacman.danger-validation (Nexgen PacMan Danger Validation) request_window title="Nexgen PacMan" size=480x640 windowId=1000
Bus::publish queueing msg type=10 to channel=gui.input
Native ELF frame boundary runtimeId=1 windowId=1000 incomingFrameSeq=1 width=448 height=553 stride=1792 format=1 bytes=990976 validation=PASS presentation=PASS result=0
[NativeAppHost] App: com.guidexos.pacman.danger-validation (Nexgen PacMan Danger Validation) log: PacMan frame seq=1 window=1000 state=Playing step=0 score=0 lives=3 level=1 pacman=64,232 size=448x553 stride=1792 bytes=990976 result=0 red=224,184 dir=left target=64,232 anim=0
[NativeAppHost] App: com.guidexos.pacman.danger-validation (Nexgen PacMan Danger Validation) log: PacMan interactive frame presented
Bus::publish queueing msg type=4 to channel=gui.input
[NativeAppHost] App: com.guidexos.pacman.danger-validation (Nexgen PacMan Danger Validation) poll_event returned type=2 windowId=1000
[NativeAppHost] App: com.guidexos.pacman.danger-validation (Nexgen PacMan Danger Validation) log: PacMan focus gained; waiting for new direction
Bus::publish queueing msg type=4 to channel=gui.input
[NativeAppHost] App: com.guidexos.pacman.danger-validation (Nexgen PacMan Danger Validation) poll_event returned type=5 windowId=1000
Bus::publish queueing msg type=4 to channel=gui.input
Bus::publish directing msg type=13 to pid=11
Compositor frame replaced windowId=1000 incomingFrameSeq=1 frameGeneration=1 storedBytes=990976 width=448 height=553 stride=1792 format=1 validation=PASS
Bus::publish directing msg type=10 to pid=11
Compositor invalidation requested windowId=1000 frameGeneration=1
[NativeAppHost] App: com.guidexos.pacman.danger-validation (Nexgen PacMan Danger Validation) poll_event returned type=5 windowId=1000
Bus::publish queueing msg type=4 to channel=gui.input
Compositor paint complete windowId=1000 frameGeneration=1 paintGeneration=1
Bus::publish directing msg type=4 to pid=11
Bus::publish directing msg type=4 to pid=11
Bus::publish directing msg type=4 to pid=11
Bus::publish directing msg type=4 to pid=11
[NativeAppHost] App: com.guidexos.pacman.danger-validation (Nexgen PacMan Danger Validation) poll_event returned type=6 windowId=1000
[NativeAppHost] App: com.guidexos.pacman.danger-validation (Nexgen PacMan Danger Validation) log: PacMan fixed-step simulation started
[NativeAppHost] App: com.guidexos.pacman.danger-validation (Nexgen PacMan Danger Validation) log: PacMan Red state x=223 y=184 dir=left target=64,232 anim=1
[NativeAppHost] App: com.guidexos.pacman.danger-validation (Nexgen PacMan Danger Validation) log: PacMan Red state x=222 y=184 dir=left target=64,232 anim=0
Bus::publish queueing msg type=10 to channel=gui.input
Native ELF frame boundary runtimeId=1 windowId=1000 incomingFrameSeq=2 width=448 height=553 stride=1792 format=1 bytes=990976 validation=PASS presentation=PASS result=0
[NativeAppHost] App: com.guidexos.pacman.danger-validation (Nexgen PacMan Danger Validation) log: PacMan frame seq=2 window=1000 state=Playing step=2 score=0 lives=3 level=1 pacman=64,232 size=448x553 stride=1792 bytes=990976 result=0 red=222,184 dir=left target=64,232 anim=0
Bus::publish queueing msg type=4 to channel=gui.input
[NativeAppHost] App: com.guidexos.pacman.danger-validation (Nexgen PacMan Danger Validation) poll_event returned type=6 windowId=1000
Bus::publish queueing msg type=4 to channel=gui.input
[NativeAppHost] App: com.guidexos.pacman.danger-validation (Nexgen PacMan Danger Validation) poll_event returned type=6 windowId=1000
Bus::publish queueing msg type=4 to channel=gui.input
[NativeAppHost] App: com.guidexos.pacman.danger-validation (Nexgen PacMan Danger Validation) poll_event returned type=6 windowId=1000
Bus::publish queueing msg type=4 to channel=gui.input
[NativeAppHost] App: com.guidexos.pacman.danger-validation (Nexgen PacMan Danger Validation) log: PacMan Red state x=221 y=184 dir=left target=64,232 anim=1
[NativeAppHost] App: com.guidexos.pacman.danger-validation (Nexgen PacMan Danger Validation) log: PacMan Red state x=220 y=184 dir=left target=64,232 anim=0
Compositor frame replaced windowId=1000 incomingFrameSeq=2 frameGeneration=2 storedBytes=990976 width=448 height=553 stride=1792 format=1 validation=PASS
Bus::publish directing msg type=10 to pid=11
Compositor invalidation requested windowId=1000 frameGeneration=2
Bus::publish queueing msg type=10 to channel=gui.input
Native ELF frame boundary runtimeId=1 windowId=1000 incomingFrameSeq=3 width=448 height=553 stride=1792 format=1 bytes=990976 validation=PASS presentation=PASS result=0
[NativeAppHost] App: com.guidexos.pacman.danger-validation (Nexgen PacMan Danger Validation) log: PacMan frame seq=3 window=1000 state=Playing step=4 score=0 lives=3 level=1 pacman=64,232 size=448x553 stride=1792 bytes=990976 result=0 red=220,184 dir=left target=64,232 anim=0
Bus::publish queueing msg type=4 to channel=gui.input
Bus::publish directing msg type=13 to pid=11
[NativeAppHost] App: com.guidexos.pacman.danger-validation (Nexgen PacMan Danger Validation) poll_event returned type=5 windowId=1000
[NativeAppHost] App: com.guidexos.pacman.danger-validation (Nexgen PacMan Danger Validation) log: PacMan Red state x=219 y=184 dir=left target=64,232 anim=1
[NativeAppHost] App: com.guidexos.pacman.danger-validation (Nexgen PacMan Danger Validation) log: PacMan Red state x=218 y=184 dir=left target=64,232 anim=0
Bus::publish queueing msg type=10 to channel=gui.input
Native ELF frame boundary runtimeId=1 windowId=1000 incomingFrameSeq=4 width=448 height=553 stride=1792 format=1 bytes=990976 validation=PASS presentation=PASS result=0
[NativeAppHost] App: com.guidexos.pacman.danger-validation (Nexgen PacMan Danger Validation) log: PacMan frame seq=4 window=1000 state=Playing step=6 score=0 lives=3 level=1 pacman=64,232 size=448x553 stride=1792 bytes=990976 result=0 red=218,184 dir=left target=64,232 anim=0
Bus::publish queueing msg type=4 to channel=gui.input
Compositor paint complete windowId=1000 frameGeneration=2 paintGeneration=2
Compositor frame replaced windowId=1000 incomingFrameSeq=3 frameGeneration=3 storedBytes=990976 width=448 height=553 stride=1792 format=1 validation=PASS
Bus::publish directing msg type=10 to pid=11
Compositor invalidation requested windowId=1000 frameGeneration=3
[NativeAppHost] App: com.guidexos.pacman.danger-validation (Nexgen PacMan Danger Validation) log: PacMan Red state x=217 y=184 dir=left target=64,232 anim=1
[NativeAppHost] App: com.guidexos.pacman.danger-validation (Nexgen PacMan Danger Validation) log: PacMan Red state x=216 y=184 dir=left target=64,232 anim=0
Bus::publish queueing msg type=10 to channel=gui.input
Native ELF frame boundary runtimeId=1 windowId=1000 incomingFrameSeq=5 width=448 height=553 stride=1792 format=1 bytes=990976 validation=PASS presentation=PASS result=0
[NativeAppHost] App: com.guidexos.pacman.danger-validation (Nexgen PacMan Danger Validation) log: PacMan frame seq=5 window=1000 state=Playing step=8 score=0 lives=3 level=1 pacman=64,232 size=448x553 stride=1792 bytes=990976 result=0 red=216,184 dir=left target=64,232 anim=0
Bus::publish queueing msg type=4 to channel=gui.input
Compositor paint complete windowId=1000 frameGeneration=3 paintGeneration=3
Compositor frame replaced windowId=1000 incomingFrameSeq=4 frameGeneration=4 storedBytes=990976 width=448 height=553 stride=1792 format=1 validation=PASS
Bus::publish directing msg type=10 to pid=11
Compositor invalidation requested windowId=1000 frameGeneration=4
[lifecycle] phase -> ShuttingDown
Bus::publish queueing msg type=5 to channel=gui.input
[NativeAppHost] App: com.guidexos.pacman.danger-validation (Nexgen PacMan Danger Validation) log: PacMan Red state x=215 y=184 dir=left target=64,232 anim=1
[NativeAppHost] App: com.guidexos.pacman.danger-validation (Nexgen PacMan Danger Validation) log: PacMan Red state x=214 y=184 dir=left target=64,232 anim=0
Bus::publish queueing msg type=10 to channel=gui.input
Native ELF frame boundary runtimeId=1 windowId=1000 incomingFrameSeq=6 width=448 height=553 stride=1792 format=1 bytes=990976 validation=PASS presentation=PASS result=0
[NativeAppHost] App: com.guidexos.pacman.danger-validation (Nexgen PacMan Danger Validation) log: PacMan frame seq=6 window=1000 state=Playing step=10 score=0 lives=3 level=1 pacman=64,232 size=448x553 stride=1792 bytes=990976 result=0 red=214,184 dir=left target=64,232 anim=0
Bus::publish queueing msg type=4 to channel=gui.input
Compositor paint complete windowId=1000 frameGeneration=4 paintGeneration=4
Compositor frame replaced windowId=1000 incomingFrameSeq=5 frameGeneration=5 storedBytes=990976 width=448 height=553 stride=1792 format=1 validation=PASS
Bus::publish directing msg type=10 to pid=11
Compositor invalidation requested windowId=1000 frameGeneration=5
[NativeAppHost] App: com.guidexos.pacman.danger-validation (Nexgen PacMan Danger Validation) log: PacMan Red state x=213 y=184 dir=left target=64,232 anim=1
[NativeAppHost] App: com.guidexos.pacman.danger-validation (Nexgen PacMan Danger Validation) log: PacMan Red state x=212 y=184 dir=left target=64,232 anim=0
Bus::publish queueing msg type=10 to channel=gui.input
Native ELF frame boundary runtimeId=1 windowId=1000 incomingFrameSeq=7 width=448 height=553 stride=1792 format=1 bytes=990976 validation=PASS presentation=PASS result=0
[NativeAppHost] App: com.guidexos.pacman.danger-validation (Nexgen PacMan Danger Validation) log: PacMan frame seq=7 window=1000 state=Playing step=12 score=0 lives=3 level=1 pacman=64,232 size=448x553 stride=1792 bytes=990976 result=0 red=212,184 dir=left target=64,232 anim=0
Bus::publish queueing msg type=4 to channel=gui.input
Compositor paint complete windowId=1000 frameGeneration=5 paintGeneration=5
Compositor frame replaced windowId=1000 incomingFrameSeq=6 frameGeneration=6 storedBytes=990976 width=448 height=553 stride=1792 format=1 validation=PASS
Bus::publish directing msg type=10 to pid=11
Compositor invalidation requested windowId=1000 frameGeneration=6
Compositor paint complete windowId=1000 frameGeneration=6 paintGeneration=6
Compositor frame replaced windowId=1000 incomingFrameSeq=7 frameGeneration=7 storedBytes=990976 width=448 height=553 stride=1792 format=1 validation=PASS
Bus::publish directing msg type=10 to pid=11
Compositor invalidation requested windowId=1000 frameGeneration=7
[NativeAppHost] App: com.guidexos.pacman.danger-validation (Nexgen PacMan Danger Validation) log: PacMan Red state x=211 y=184 dir=left target=64,232 anim=1
[NativeAppHost] App: com.guidexos.pacman.danger-validation (Nexgen PacMan Danger Validation) log: PacMan Red state x=210 y=184 dir=left target=64,232 anim=0
[NativeAppHost] App: com.guidexos.pacman.danger-validation (Nexgen PacMan Danger Validation) log: PacMan Red state x=209 y=184 dir=left target=64,232 anim=1
Bus::publish queueing msg type=10 to channel=gui.input
Native ELF frame boundary runtimeId=1 windowId=1000 incomingFrameSeq=8 width=448 height=553 stride=1792 format=1 bytes=990976 validation=PASS presentation=PASS result=0
[NativeAppHost] App: com.guidexos.pacman.danger-validation (Nexgen PacMan Danger Validation) log: PacMan frame seq=8 window=1000 state=Playing step=15 score=0 lives=3 level=1 pacman=64,232 size=448x553 stride=1792 bytes=990976 result=0 red=209,184 dir=left target=64,232 anim=1
Bus::publish queueing msg type=4 to channel=gui.input
[NativeAppHost] App: com.guidexos.pacman.danger-validation (Nexgen PacMan Danger Validation) log: PacMan Red state x=208 y=184 dir=left target=64,232 anim=0
Bus::publish queueing msg type=4 to channel=gui.input
Compositor paint complete windowId=1000 frameGeneration=7 paintGeneration=7
Compositor frame replaced windowId=1000 incomingFrameSeq=8 frameGeneration=8 storedBytes=990976 width=448 height=553 stride=1792 format=1 validation=PASS
Bus::publish directing msg type=10 to pid=11
Compositor invalidation requested windowId=1000 frameGeneration=8
[NativeAppHost] App: com.guidexos.pacman.danger-validation (Nexgen PacMan Danger Validation) log: PacMan Red state x=207 y=184 dir=left target=64,232 anim=1
[NativeAppHost] App: com.guidexos.pacman.danger-validation (Nexgen PacMan Danger Validation) log: PacMan Red state x=206 y=184 dir=left target=64,232 anim=0
Bus::publish queueing msg type=10 to channel=gui.input
Native ELF frame boundary runtimeId=1 windowId=1000 incomingFrameSeq=9 width=448 height=553 stride=1792 format=1 bytes=990976 validation=PASS presentation=PASS result=0
[NativeAppHost] App: com.guidexos.pacman.danger-validation (Nexgen PacMan Danger Validation) log: PacMan frame seq=9 window=1000 state=Playing step=18 score=0 lives=3 level=1 pacman=64,232 size=448x553 stride=1792 bytes=990976 result=0 red=206,184 dir=left target=64,232 anim=0
Bus::publish queueing msg type=4 to channel=gui.input
Compositor paint complete windowId=1000 frameGeneration=8 paintGeneration=8
Compositor frame replaced windowId=1000 incomingFrameSeq=9 frameGeneration=9 storedBytes=990976 width=448 height=553 stride=1792 format=1 validation=PASS
Bus::publish directing msg type=10 to pid=11
Compositor invalidation requested windowId=1000 frameGeneration=9
[NativeAppHost] App: com.guidexos.pacman.danger-validation (Nexgen PacMan Danger Validation) log: PacMan Red state x=205 y=184 dir=left target=64,232 anim=1
Bus::publish queueing msg type=4 to channel=gui.input
Compositor paint complete windowId=1000 frameGeneration=9 paintGeneration=9
Bus::publish directing msg type=13 to pid=11
Bus::publish directing msg type=4 to pid=11
Bus::publish directing msg type=4 to pid=11
Bus::publish directing msg type=4 to pid=11
Bus::publish directing msg type=4 to pid=11
Bus::publish directing msg type=4 to pid=11
Bus::publish directing msg type=4 to pid=11
Bus::publish directing msg type=4 to pid=11
[NativeAppHost] App: com.guidexos.pacman.danger-validation (Nexgen PacMan Danger Validation) poll_event returned type=5 windowId=1000
[NativeAppHost] App: com.guidexos.pacman.danger-validation (Nexgen PacMan Danger Validation) log: PacMan Red state x=204 y=184 dir=left target=64,232 anim=0
[NativeAppHost] App: com.guidexos.pacman.danger-validation (Nexgen PacMan Danger Validation) log: PacMan Red state x=203 y=184 dir=left target=64,232 anim=1
Bus::publish queueing msg type=10 to channel=gui.input
Native ELF frame boundary runtimeId=1 windowId=1000 incomingFrameSeq=10 width=448 height=553 stride=1792 format=1 bytes=990976 validation=PASS presentation=PASS result=0
[NativeAppHost] App: com.guidexos.pacman.danger-validation (Nexgen PacMan Danger Validation) log: PacMan frame seq=10 window=1000 state=Playing step=21 score=0 lives=3 level=1 pacman=64,232 size=448x553 stride=1792 bytes=990976 result=0 red=203,184 dir=left target=64,232 anim=1
Bus::publish queueing msg type=4 to channel=gui.input
[NativeAppHost] App: com.guidexos.pacman.danger-validation (Nexgen PacMan Danger Validation) poll_event returned type=6 windowId=1000
Bus::publish queueing msg type=4 to channel=gui.input
[NativeAppHost] App: com.guidexos.pacman.danger-validation (Nexgen PacMan Danger Validation) poll_event returned type=6 windowId=1000
Bus::publish queueing msg type=4 to channel=gui.input
[NativeAppHost] App: com.guidexos.pacman.danger-validation (Nexgen PacMan Danger Validation) poll_event returned type=6 windowId=1000
Bus::publish queueing msg type=4 to channel=gui.input
[NativeAppHost] App: com.guidexos.pacman.danger-validation (Nexgen PacMan Danger Validation) poll_event returned type=6 windowId=1000
Bus::publish queueing msg type=4 to channel=gui.input
[NativeAppHost] App: com.guidexos.pacman.danger-validation (Nexgen PacMan Danger Validation) poll_event returned type=6 windowId=1000
Bus::publish queueing msg type=4 to channel=gui.input
[NativeAppHost] App: com.guidexos.pacman.danger-validation (Nexgen PacMan Danger Validation) poll_event returned type=6 windowId=1000
Bus::publish queueing msg type=4 to channel=gui.input
[NativeAppHost] App: com.guidexos.pacman.danger-validation (Nexgen PacMan Danger Validation) poll_event returned type=6 windowId=1000
Bus::publish queueing msg type=4 to channel=gui.input
Compositor service stopping
[lifecycle] phase -> Stopped
guideXOSServer server exiting.
