guideXOSServer server starting...
[lifecycle] phase -> PlatformDiscovery
[lifecycle] phase -> MemoryReady
[lifecycle] phase -> SchedulerReady
[lifecycle] phase -> IpcReady
[lifecycle] phase -> DesktopStateReady
AppRegistry initializing, count=1
AppRegistry manifest scan succeeded: scanned=8, registered=8
AppModel registry candidate:  displayName=Hello World id=com.guidexos.samples.helloworld kind=NativeElf source=SystemApps
Registered app: Hello World
AppModel registry candidate:  displayName=Resource Viewer id=com.guidexos.samples.resourceviewer kind=NativeElf source=SystemApps
Registered app: Resource Viewer
AppModel registry candidate:  displayName=Future GXApp Package id=com.guidexos.examples.futuregxapp kind=GXAppPackage source=SystemApps
Registered app: Future GXApp Package
AppModel registry candidate:  displayName=HelloWorld ELF id=com.guidexos.examples.helloworld kind=NativeElf source=SystemApps
Registered app: HelloWorld ELF
AppModel registry candidate:  displayName=Notepad id=com.guidexos.examples.notepad kind=BuiltIn source=SystemApps
Registered app: Notepad
AppModel registry candidate:  displayName=Hello World id=com.guidexos.helloworld kind=NativeElf source=Package
Registered app: Hello World
AppModel registry candidate:  displayName=Nexgen PacMan id=com.guidexos.pacman kind=NativeElf source=Package
Registered app: Nexgen PacMan
AppModel registry candidate:  displayName=Resource Viewer id=com.guidexos.resourceviewer kind=NativeElf source=Package
Registered app: Resource Viewer
AppModel registry candidate:  displayName=Notepad id=gxos.builtin.notepad kind=BuiltIn source=BuiltIn
Registered app: Notepad
AppModel registry candidate:  displayName=Calculator id=gxos.builtin.calculator kind=BuiltIn source=BuiltIn
Registered app: Calculator
AppModel registry candidate:  displayName=Clock id=gxos.builtin.clock kind=BuiltIn source=BuiltIn
Registered app: Clock
AppModel registry candidate:  displayName=Console id=gxos.builtin.console kind=BuiltIn source=BuiltIn
Registered app: Console
AppModel registry candidate:  displayName=File Explorer id=gxos.builtin.fileexplorer kind=BuiltIn source=BuiltIn
Registered app: File Explorer
AppModel registry candidate:  displayName=Trash id=gxos.builtin.trash kind=BuiltIn source=BuiltIn
Registered app: Trash
AppModel registry candidate:  displayName=TaskManager id=gxos.builtin.taskmanager kind=BuiltIn source=BuiltIn
Registered app: TaskManager
AppModel registry candidate:  displayName=Paint id=gxos.builtin.paint kind=BuiltIn source=BuiltIn
Registered app: Paint
AppModel registry candidate:  displayName=Image Viewer id=gxos.builtin.imageviewer kind=BuiltIn source=BuiltIn
Registered app: Image Viewer
AppModel registry candidate:  displayName=OnScreenKeyboard id=gxos.builtin.onscreenkeyboard kind=BuiltIn source=BuiltIn
Registered app: OnScreenKeyboard
AppModel registry candidate:  displayName=ShutdownDialog id=gxos.builtin.shutdowndialog kind=BuiltIn source=BuiltIn
Registered app: ShutdownDialog
AppModel registry candidate:  displayName=DiskManager id=gxos.builtin.diskmanager kind=BuiltIn source=BuiltIn
Registered app: DiskManager
AppModel registry candidate:  displayName=ControlPanel id=gxos.builtin.controlpanel kind=BuiltIn source=BuiltIn
Registered app: ControlPanel
AppModel registry candidate:  displayName=DisplayOptions id=gxos.builtin.displayoptions kind=BuiltIn source=BuiltIn
Registered app: DisplayOptions
AppModel registry candidate:  displayName=guideXOS Navigator id=guidexos.navigator kind=BuiltIn source=BuiltIn
Registered app: guideXOS Navigator
AppModel registry candidate:  displayName=App Model Demo id=gxos.builtin.appmodeldemo kind=BuiltIn source=BuiltIn
Registered app: App Model Demo
AppModel registry candidate:  displayName=Native App Debug Viewer id=gxos.builtin.nativeappdebugviewer kind=BuiltIn source=BuiltIn
Registered app: Native App Debug Viewer
AppModel registry candidate:  displayName=HDInstaller id=gxos.builtin.hdinstaller kind=BuiltIn source=BuiltIn
Registered app: HDInstaller
Pinned app: App Model Demo
Pinned app-model demo app: App Model Demo
Pinned app: Native App Debug Viewer
Pinned app-model demo app: Native App Debug Viewer
Pinned app: Hello World
Pinned app-model demo app: Hello World
Pinned app: Resource Viewer
Pinned app-model demo app: Resource Viewer
AppRegistry initialized, desktop apps=26
Desktop folder resolver selected virtualPath=/Documents hostedPath=D:/dev/guideXOSServer/Documents
Desktop folder already exists: D:/dev/guideXOSServer/Documents
Desktop folder resolver selected virtualPath=/Pictures hostedPath=D:/dev/guideXOSServer/Pictures
Desktop folder already exists: D:/dev/guideXOSServer/Pictures
Desktop folder resolver selected virtualPath=/Music hostedPath=D:/dev/guideXOSServer/Music
Desktop folder already exists: D:/dev/guideXOSServer/Music
Desktop folder resolver selected virtualPath=/Network hostedPath=D:/dev/guideXOSServer/Network
Desktop folder already exists: D:/dev/guideXOSServer/Network
Desktop state loaded
NotificationManager initialized
Firewall initialized (Normal mode)
Module registered: Notepad
Module registered: Calculator
Module registered: Paint
Module registered: ImageViewer
Module registered: Clock
Module registered: TaskManager
Module registered: FileExplorer
Module registered: Console
Module registered: OnScreenKeyboard
Module registered: ShutdownDialog
Built-in modules registered (10)
[lifecycle] phase -> ServicesReady
[lifecycle] phase -> Interactive
Commands:
 mem | alloc <n> | tasks | log
 spawn <echo|worker> [args...] | plist
 send <pid> <text> | recv <pid>
 bus.sub <chan> <pid> | bus.unsub <chan> <pid>
 bus.pub <chan> <text> [fanout] | bus.pop <chan> [timeoutMs]
 bus.cap <chan> <cap> | bus.stats <chan>
 console.start | console.send <text> | console.pop [timeoutMs]
 gui.start | gui.open.appmodeldemo | gui.smoke.launchshadow | gui.win <title> [w h] | gui.text <id> <text> | gui.close <id>
 gui.rect <id> <x> <y> <w> <h> <r> <g> <b> | gui.move <id> <x> <y> | gui.resize <id> <w> <h> | gui.title <id> <title>
 gui.btn <win> <id> <x> <y> <w> <h> <text> | gui.pop | gui.wlist | gui.activate <id> | gui.min <id>
 gxm.load <path> | gxm.sample | gui.save <path> | gui.load <path>
 desktop.wallpaper <path> | desktop.launch <action> | desktop.open <path> [dir] | desktop.launch.resolve <label> | desktop.launch.adapt <label> | desktop.launch.compare | desktop.launch.storage | desktop.launch.storage.preview | desktop.launch.storage.preview.compare | desktop.launch.types | desktop.open.resolve <path> [dir] | desktop.appmodel.active-typed-dispatch-gate [force-on|force-off|reset] | desktop.appmodel.active-typed-dispatch-default-on-candidate [on|off|reset] | desktop.pin <action> | desktop.unpin <action> | desktop.showconfig
 desktop.apps | desktop.apps.verbose | desktop.appmodel.summary | desktop.appmodel.inventory | desktop.appmodel.coverage | desktop.appmodel.file-associations | desktop.appmodel.shell-objects | desktop.appmodel.typed-dispatch-gate [force-off] | desktop.pinned | desktop.recent | desktop.recent.remove <name> | desktop.pinapp <name> | desktop.pinfile <name> <path>
 nativeapp.capabilities | nativeapp.inspect <app> | nativeapp.smoketest <app> | nativeapp.processes
 taskbar.list | taskbar.activate <id> | taskbar.min <id> | taskbar.close <id>
 workspace.switch <n> | workspace.next | workspace.prev | workspace.current
 notepad | notepad <file>
 calculator
 console | console.start | console.send <text> | console.pop [timeoutMs]
 files | files <path>
 clock
 taskmanager.snapshot | taskmanager.network-snapshot-wait | taskmanager.tombstone-test
 taskmgr
 paint
 navigator | navigator.smoke | navigator.goto <url>
 imgview [file] | osk
 shutdown | msgbox <text> | welcome
 notify <text> | notify.clear
 fw.mode <normal|block|disabled|auto> | fw.allow <name> | fw.list | fw.alerts
 modules | module.launch <name>
 pkg.install <path.gxapp> | pkg.launch <app> | pkg.list | pkg.validate <path.gxapp>
 proc.wait <pid> [timeoutMs] | proc.status <pid>
 vfs.mkdir <path> | vfs.write <path> <text> | vfs.read <path> | vfs.ls <path>
 vnc.start [port] | vnc.stop | vnc.status
 pbytes | help | quit/exit
[lifecycle] phase -> ServicesReady
[lifecycle] compositor pid=10
Compositor pid=10 (proto=3)
Compositor service started (native window)
GdiVideoBackend: initialized 1024x768
VideoBackend: GDI backend active
Compositor DesktopConfig loaded=true err=
Compositor display options store loaded=true err=
Compositor taskbar position=bottom
Compositor background scale mode=fill
Compositor config pinned before merge count=7
  config pinned before merge: App Model Demo
  config pinned before merge: Future GXApp Package
  config pinned before merge: Hello World
  config pinned before merge: HelloWorld ELF
  config pinned before merge: Native App Debug Viewer
  config pinned before merge: Resource Viewer
  config pinned before merge: Nexgen PacMan
Compositor config recent before merge count=5
  config recent before merge: Image Viewer
  config recent before merge: DisplayOptions
  config recent before merge: ControlPanel
  config recent before merge: Nexgen PacMan
  config recent before merge: guideXOS Navigator
Compositor DesktopService pin considered: App Model Demo
Compositor skip already present from DesktopService pin: App Model Demo
Compositor DesktopService pin considered: Future GXApp Package
Compositor skip already present from DesktopService pin: Future GXApp Package
Compositor DesktopService pin considered: Hello World
Compositor skip already present from DesktopService pin: Hello World
Compositor DesktopService pin considered: HelloWorld ELF
Compositor skip already present from DesktopService pin: HelloWorld ELF
Compositor DesktopService pin considered: Native App Debug Viewer
Compositor skip already present from DesktopService pin: Native App Debug Viewer
Compositor DesktopService pin considered: Resource Viewer
Compositor skip already present from DesktopService pin: Resource Viewer
Compositor DesktopService pin considered: Nexgen PacMan
Compositor skip already present from DesktopService pin: Nexgen PacMan
Compositor app-model app considered: App Model Demo id=gxos.builtin.appmodeldemo source=BuiltIn
Compositor skip already present from AppModel registry: App Model Demo
Compositor app-model app considered: Future GXApp Package id=com.guidexos.examples.futuregxapp source=SystemApps
Compositor skip already present from AppModel registry: Future GXApp Package
Compositor app-model app considered: Hello World id=com.guidexos.samples.helloworld source=SystemApps
Compositor skip already present from AppModel registry: Hello World
Compositor app-model app considered: Hello World id=com.guidexos.helloworld source=Package
Compositor skip already present from AppModel registry: Hello World
Compositor app-model app considered: HelloWorld ELF id=com.guidexos.examples.helloworld source=SystemApps
Compositor skip already present from AppModel registry: HelloWorld ELF
Compositor app-model app considered: Native App Debug Viewer id=gxos.builtin.nativeappdebugviewer source=BuiltIn
Compositor skip already present from AppModel registry: Native App Debug Viewer
Compositor app-model app considered: Nexgen PacMan id=com.guidexos.pacman source=Package
Compositor skip already present from AppModel registry: Nexgen PacMan
Compositor app-model app considered: Resource Viewer id=com.guidexos.samples.resourceviewer source=SystemApps
Compositor skip already present from AppModel registry: Resource Viewer
Compositor app-model app considered: Resource Viewer id=com.guidexos.resourceviewer source=Package
Compositor skip already present from AppModel registry: Resource Viewer
Compositor config pinned after merge count=7
  config pinned after merge: App Model Demo
  config pinned after merge: Future GXApp Package
  config pinned after merge: Hello World
  config pinned after merge: HelloWorld ELF
  config pinned after merge: Native App Debug Viewer
  config pinned after merge: Resource Viewer
  config pinned after merge: Nexgen PacMan
Compositor config recent after merge count=5
  config recent after merge: Image Viewer
  config recent after merge: DisplayOptions
  config recent after merge: ControlPanel
  config recent after merge: Nexgen PacMan
  config recent after merge: guideXOS Navigator
Compositor refreshDesktopItems input pinned=7 recent=5
Compositor start menu recent count=5
  start menu recent: Image Viewer
  start menu recent: DisplayOptions
  start menu recent: ControlPanel
  start menu recent: Nexgen PacMan
  start menu recent: guideXOS Navigator
Desktop system icon visibility: system:Trash enabled=true
Desktop system icon created: system:Trash label=Trash icon=trash.empty
Desktop system icon visibility: system:FileExplorer enabled=true
Desktop system icon created: system:FileExplorer label=File Explorer icon=app.files
Desktop system icon visibility: system:SystemSettings enabled=false
Desktop system icon skipped by setting: system:SystemSettings
Desktop folder resolver selected virtualPath=/Desktop hostedPath=D:/dev/guideXOSServer/Desktop
Desktop folder already exists: D:/dev/guideXOSServer/Desktop
Desktop folder enumeration started: D:/dev/guideXOSServer/Desktop
Desktop folder enumeration completed count=0
Desktop icon slot allocation: occupied=0 columns=11 rows=7
Desktop icon slot selected: x=20 y=20
Desktop icon auto-positioned: system:Trash x=20 y=20
Desktop icon slot allocation: occupied=1 columns=11 rows=7
Desktop icon slot selected: x=104 y=20
Desktop icon auto-positioned: system:FileExplorer x=104 y=20
Compositor desktop item count=2
  desktop item: Trash
  desktop item: File Explorer
Compositor start menu include: Hello World id=com.guidexos.samples.helloworld source=SystemApps
Compositor start menu include: Resource Viewer id=com.guidexos.samples.resourceviewer source=SystemApps
Compositor start menu include: Future GXApp Package id=com.guidexos.examples.futuregxapp source=SystemApps
Compositor start menu include: HelloWorld ELF id=com.guidexos.examples.helloworld source=SystemApps
Compositor start menu include: Notepad id=com.guidexos.examples.notepad source=SystemApps
Compositor start menu skipped duplicate app: Hello World id=com.guidexos.helloworld source=Package
Compositor start menu include: Nexgen PacMan id=com.guidexos.pacman source=Package
Compositor start menu skipped duplicate app: Resource Viewer id=com.guidexos.resourceviewer source=Package
Compositor start menu skipped duplicate app: Notepad id=gxos.builtin.notepad source=BuiltIn
Compositor start menu include: Calculator id=gxos.builtin.calculator source=BuiltIn
Compositor start menu include: Clock id=gxos.builtin.clock source=BuiltIn
Compositor start menu include: Console id=gxos.builtin.console source=BuiltIn
Compositor start menu include: File Explorer id=gxos.builtin.fileexplorer source=BuiltIn
Compositor start menu include: Trash id=gxos.builtin.trash source=BuiltIn
Compositor start menu include: TaskManager id=gxos.builtin.taskmanager source=BuiltIn
Compositor start menu include: Paint id=gxos.builtin.paint source=BuiltIn
Compositor start menu include: Image Viewer id=gxos.builtin.imageviewer source=BuiltIn
Compositor start menu include: OnScreenKeyboard id=gxos.builtin.onscreenkeyboard source=BuiltIn
Compositor start menu include: ShutdownDialog id=gxos.builtin.shutdowndialog source=BuiltIn
Compositor start menu include: DiskManager id=gxos.builtin.diskmanager source=BuiltIn
Compositor start menu include: ControlPanel id=gxos.builtin.controlpanel source=BuiltIn
Compositor start menu include: DisplayOptions id=gxos.builtin.displayoptions source=BuiltIn
Compositor start menu include: guideXOS Navigator id=guidexos.navigator source=BuiltIn
Compositor start menu include: App Model Demo id=gxos.builtin.appmodeldemo source=BuiltIn
Compositor start menu include: Native App Debug Viewer id=gxos.builtin.nativeappdebugviewer source=BuiltIn
Compositor start menu include: HDInstaller id=gxos.builtin.hdinstaller source=BuiltIn
Compositor start menu app count=23
  start menu app: App Model Demo
  start menu app: Calculator
  start menu app: Clock
  start menu app: Console
  start menu app: ControlPanel
  start menu app: DiskManager
  start menu app: DisplayOptions
  start menu app: File Explorer
  start menu app: Future GXApp Package
  start menu app: guideXOS Navigator
  start menu app: HDInstaller
  start menu app: Hello World
  start menu app: HelloWorld ELF
  start menu app: Image Viewer
  start menu app: Native App Debug Viewer
  start menu app: Nexgen PacMan
  start menu app: Notepad
  start menu app: OnScreenKeyboard
  start menu app: Paint
  start menu app: Resource Viewer
  start menu app: ShutdownDialog
  start menu app: TaskManager
  start menu app: Trash
Compositor background select id=legacy_ameobagx kind=image scale=fill
Compositor wallpaper select id=legacy_ameobagx full=/system/wallpapers/ameobagx.png thumb=/system/wallpapers/ameobagx_thumb.png
PngLoader: loaded /system/wallpapers/ameobagx.png 1536x1024 sourceChannels=3
Compositor wallpaper decode succeeded id=legacy_ameobagx full=/system/wallpapers/ameobagx.png
PngLoader: loaded /system/fonts/roboto/roboto_9pt_regular.png 260x160 sourceChannels=4
PngLoader: loaded /system/fonts/roboto/roboto_9pt_bold.png 260x160 sourceChannels=4
PngLoader: loaded /system/fonts/roboto/roboto_9pt_italic.png 260x160 sourceChannels=4
PngLoader: loaded /system/fonts/roboto/roboto_9pt_bolditalic.png 260x160 sourceChannels=4
PngLoader: loaded /system/fonts/roboto/roboto_12pt_regular.png 260x160 sourceChannels=4
PngLoader: loaded /system/fonts/roboto/roboto_12pt_bold.png 260x160 sourceChannels=4
PngLoader: loaded /system/fonts/roboto/roboto_12pt_italic.png 260x160 sourceChannels=4
PngLoader: loaded /system/fonts/roboto/roboto_12pt_bolditalic.png 260x160 sourceChannels=4
PngLoader: loaded /system/fonts/roboto/roboto_12pt_thin.png 390x240 sourceChannels=4
PngLoader: loaded assets/Images/Flat/64/24-Empty_Trash_256x256_35394.png 64x64 sourceChannels=4
PngLoader: loaded assets/Images/Flat/64/25-Folder_256x256_35390.png 64x64 sourceChannels=4
Bus::publish queueing msg type=1 to channel=gui.input
Requested window: DragAwayCancel
Compositor received MT_Create: DragAwayCancel|480|640 from pid=0
Compositor created window id=1000 sending ack to pid=0
publishOut MT_Create payload=1000|DragAwayCancel dstPid=0
Bus::publish queueing msg type=1 to channel=gui.output
Bus::publish queueing msg type=14 to channel=gui.output
Bus::publish queueing msg type=13 to channel=gui.output
Bus::publish queueing msg type=13 to channel=gui.output
Bus::publish queueing msg type=13 to channel=gui.output
Bus::publish queueing msg type=13 to channel=gui.output
Bus::publish queueing msg type=13 to channel=gui.output
Bus::publish queueing msg type=13 to channel=gui.output
Bus::publish queueing msg type=13 to channel=gui.output
Bus::publish queueing msg type=13 to channel=gui.output
Bus::publish queueing msg type=13 to channel=gui.output
Bus::publish queueing msg type=13 to channel=gui.output
Bus::publish queueing msg type=13 to channel=gui.output
Bus::publish queueing msg type=13 to channel=gui.output
Bus::publish queueing msg type=13 to channel=gui.output
Bus::publish queueing msg type=13 to channel=gui.output
Bus::publish queueing msg type=13 to channel=gui.output
Bus::publish queueing msg type=13 to channel=gui.output
Bus::publish queueing msg type=13 to channel=gui.output
Bus::publish queueing msg type=13 to channel=gui.output
Bus::publish queueing msg type=13 to channel=gui.output
Bus::publish queueing msg type=13 to channel=gui.output
Bus::publish queueing msg type=13 to channel=gui.output
Bus::publish queueing msg type=13 to channel=gui.output
Bus::publish queueing msg type=1 to channel=gui.input
Requested window: OutsidePressRelease
Compositor received MT_Create: OutsidePressRelease|480|640 from pid=0
Compositor created window id=1001 sending ack to pid=0
publishOut MT_Create payload=1001|OutsidePressRelease dstPid=0
Bus::publish queueing msg type=1 to channel=gui.output
Bus::publish queueing msg type=14 to channel=gui.output
Bus::publish queueing msg type=13 to channel=gui.output
Hosted title input diag: WndProc msg=513 capture=0 flags=1 x=200 y=112
Hosted title input diag: WM_LBUTTONDOWN entry hwnd=0x1551648 currentTid=25348 capture=0x0 owningPid=22032 owningTid=25348 x=200 y=112 captureBefore=0x0
Hosted title input diag: WM_LBUTTONDOWN before compositor handleMouse hwnd=0x1551648 currentTid=25348 capture=0x0 owningPid=22032 owningTid=25348 x=200 y=112
Hosted title input diag: handleMouse entry action=down x=200 y=112
Hosted title input diag: handleMouse hit=1001
Bus::publish queueing msg type=14 to channel=gui.output
Hosted title input diag: WM_LBUTTONDOWN after compositor handleMouse captureRequested=0 hwnd=0x1551648 currentTid=25348 capture=0x0 owningPid=22032 owningTid=25348
Bus::publish queueing msg type=13 to channel=gui.output
Hosted title input diag: WM_LBUTTONDOWN return hwnd=0x1551648 currentTid=25348 capture=0x0 owningPid=22032 owningTid=25348 captureAtReturn=0x0
Hosted title input diag: WndProc msg=514 capture=0 flags=0 x=528 y=72
Hosted title input diag: WM_LBUTTONUP entry hwnd=0x1551648 currentTid=25348 capture=0x0 owningPid=22032 owningTid=25348 x=528 y=72 state=targetWindow=1001 pressedClose=0 pressedTomb=0 pressedMax=0 pressedMin=0 pressedControl=none releaseOverPressedControl=n/a action=none
Hosted title input diag: WM_LBUTTONUP before compositor handleMouse hwnd=0x1551648 currentTid=25348 capture=0x0 owningPid=22032 owningTid=25348
Hosted title input diag: handleMouse entry action=up x=528 y=72
Hosted title input diag: handleMouse hit=1001
Hosted title input diag: WM_LBUTTONUP after compositor handleMouse captureRequested=0 hwnd=0x1551648 currentTid=25348 capture=0x0 owningPid=22032 owningTid=25348 state=targetWindow=1001 pressedClose=0 pressedTomb=0 pressedMax=0 pressedMin=0 pressedControl=none releaseOverPressedControl=n/a action=none
Bus::publish queueing msg type=13 to channel=gui.output
Hosted title input diag: WM_LBUTTONUP return hwnd=0x1551648 currentTid=25348 capture=0x0 owningPid=22032 owningTid=25348
Bus::publish queueing msg type=13 to channel=gui.output
Bus::publish queueing msg type=1 to channel=gui.input
Requested window: CaptureLossReset
Compositor received MT_Create: CaptureLossReset|480|640 from pid=0
Compositor created window id=1002 sending ack to pid=0
publishOut MT_Create payload=1002|CaptureLossReset dstPid=0
Bus::publish queueing msg type=1 to channel=gui.output
Bus::publish queueing msg type=14 to channel=gui.output
Bus::publish queueing msg type=13 to channel=gui.output
Hosted title input diag: WndProc msg=513 capture=0 flags=1 x=568 y=112
Hosted title input diag: WM_LBUTTONDOWN entry hwnd=0x1551648 currentTid=25348 capture=0x0 owningPid=22032 owningTid=25348 x=568 y=112 captureBefore=0x0
Hosted title input diag: WM_LBUTTONDOWN before compositor handleMouse hwnd=0x1551648 currentTid=25348 capture=0x0 owningPid=22032 owningTid=25348 x=568 y=112
Hosted title input diag: handleMouse entry action=down x=568 y=112
Hosted title input diag: handleMouse hit=1002
Hosted title input diag: title down window=1002 close=1 tomb=0 max=0 min=0
Bus::publish queueing msg type=14 to channel=gui.output
Hosted title input diag: WM_LBUTTONDOWN after compositor handleMouse captureRequested=1 hwnd=0x1551648 currentTid=25348 capture=0x0 owningPid=22032 owningTid=25348
Hosted title input diag: WM_LBUTTONDOWN before SetCapture hwnd=0x1551648 currentTid=25348 capture=0x0 owningPid=22032 owningTid=25348
Hosted title input diag: WM_LBUTTONDOWN after SetCapture hwnd=0x1551648 currentTid=25348 capture=0x1551648 owningPid=22032 owningTid=25348
Bus::publish queueing msg type=13 to channel=gui.output
Hosted title input diag: WM_LBUTTONDOWN return hwnd=0x1551648 currentTid=25348 capture=0x1551648 owningPid=22032 owningTid=25348 captureAtReturn=0x1551648
Hosted title input diag: WndProc msg=533 capture=1 flags=0
Hosted title input diag: WM_CAPTURECHANGED hwnd=0x1551648 currentTid=25348 capture=0x1551648 owningPid=22032 owningTid=25348 newCapture=0x0 state=targetWindow=1002 pressedClose=1 pressedTomb=0 pressedMax=0 pressedMin=0 pressedControl=close releaseOverPressedControl=0 action=cancel
Hosted title input diag: capture lost; cleared pressed, drag, and resize state
Hosted title input diag: WndProc msg=514 capture=1 flags=0 x=568 y=112
Hosted title input diag: WM_LBUTTONUP entry hwnd=0x1551648 currentTid=25348 capture=0x1551648 owningPid=22032 owningTid=25348 x=568 y=112 state=targetWindow=1002 pressedClose=0 pressedTomb=0 pressedMax=0 pressedMin=0 pressedControl=none releaseOverPressedControl=n/a action=none
Hosted title input diag: WM_LBUTTONUP before compositor handleMouse hwnd=0x1551648 currentTid=25348 capture=0x1551648 owningPid=22032 owningTid=25348
Hosted title input diag: handleMouse entry action=up x=568 y=112
Hosted title input diag: handleMouse hit=1002
Hosted title input diag: WM_LBUTTONUP after compositor handleMouse captureRequested=0 hwnd=0x1551648 currentTid=25348 capture=0x1551648 owningPid=22032 owningTid=25348 state=targetWindow=1002 pressedClose=0 pressedTomb=0 pressedMax=0 pressedMin=0 pressedControl=none releaseOverPressedControl=n/a action=none
Bus::publish queueing msg type=13 to channel=gui.output
Hosted title input diag: WM_LBUTTONUP before ReleaseCapture hwnd=0x1551648 currentTid=25348 capture=0x1551648 owningPid=22032 owningTid=25348
Hosted title input diag: WndProc msg=533 capture=0 flags=0
Hosted title input diag: WM_CAPTURECHANGED hwnd=0x1551648 currentTid=25348 capture=0x0 owningPid=22032 owningTid=25348 newCapture=0x0 state=targetWindow=0 pressedClose=0 pressedTomb=0 pressedMax=0 pressedMin=0 pressedControl=none releaseOverPressedControl=n/a action=none
Hosted title input diag: WM_LBUTTONUP return hwnd=0x1551648 currentTid=25348 capture=0x0 owningPid=22032 owningTid=25348
Bus::publish queueing msg type=13 to channel=gui.output
Bus::publish queueing msg type=13 to channel=gui.output
Bus::publish queueing msg type=1 to channel=gui.input
Requested window: CancelModeReset
Compositor received MT_Create: CancelModeReset|480|640 from pid=0
Compositor created window id=1003 sending ack to pid=0
publishOut MT_Create payload=1003|CancelModeReset dstPid=0
Bus::publish queueing msg type=1 to channel=gui.output
Bus::publish queueing msg type=14 to channel=gui.output
Bus::publish queueing msg type=13 to channel=gui.output
Hosted title input diag: WndProc msg=513 capture=0 flags=1 x=608 y=152
Hosted title input diag: WM_LBUTTONDOWN entry hwnd=0x1551648 currentTid=25348 capture=0x0 owningPid=22032 owningTid=25348 x=608 y=152 captureBefore=0x0
Hosted title input diag: WM_LBUTTONDOWN before compositor handleMouse hwnd=0x1551648 currentTid=25348 capture=0x0 owningPid=22032 owningTid=25348 x=608 y=152
Hosted title input diag: handleMouse entry action=down x=608 y=152
Hosted title input diag: handleMouse hit=1003
Hosted title input diag: title down window=1003 close=1 tomb=0 max=0 min=0
Bus::publish queueing msg type=14 to channel=gui.output
Hosted title input diag: WM_LBUTTONDOWN after compositor handleMouse captureRequested=1 hwnd=0x1551648 currentTid=25348 capture=0x0 owningPid=22032 owningTid=25348
Hosted title input diag: WM_LBUTTONDOWN before SetCapture hwnd=0x1551648 currentTid=25348 capture=0x0 owningPid=22032 owningTid=25348
Hosted title input diag: WM_LBUTTONDOWN after SetCapture hwnd=0x1551648 currentTid=25348 capture=0x1551648 owningPid=22032 owningTid=25348
Bus::publish queueing msg type=13 to channel=gui.output
Hosted title input diag: WM_LBUTTONDOWN return hwnd=0x1551648 currentTid=25348 capture=0x1551648 owningPid=22032 owningTid=25348 captureAtReturn=0x1551648
Hosted title input diag: WndProc msg=31 capture=1 flags=0
Hosted title input diag: WM_CANCELMODE hwnd=0x1551648 currentTid=25348 capture=0x1551648 owningPid=22032 owningTid=25348 state=targetWindow=1003 pressedClose=1 pressedTomb=0 pressedMax=0 pressedMin=0 pressedControl=close releaseOverPressedControl=0 action=cancel
Hosted title input diag: capture lost; cleared pressed, drag, and resize state
Hosted title input diag: WndProc msg=533 capture=0 flags=0
Hosted title input diag: WM_CAPTURECHANGED hwnd=0x1551648 currentTid=25348 capture=0x0 owningPid=22032 owningTid=25348 newCapture=0x0 state=targetWindow=0 pressedClose=0 pressedTomb=0 pressedMax=0 pressedMin=0 pressedControl=none releaseOverPressedControl=n/a action=none
Hosted title input diag: WndProc msg=512 capture=0 flags=1 x=608 y=152
Bus::publish queueing msg type=13 to channel=gui.output
Hosted title input diag: WndProc msg=514 capture=0 flags=0 x=608 y=152
Hosted title input diag: WM_LBUTTONUP entry hwnd=0x1551648 currentTid=25348 capture=0x0 owningPid=22032 owningTid=25348 x=608 y=152 state=targetWindow=1003 pressedClose=0 pressedTomb=0 pressedMax=0 pressedMin=0 pressedControl=none releaseOverPressedControl=n/a action=none
Hosted title input diag: WM_LBUTTONUP before compositor handleMouse hwnd=0x1551648 currentTid=25348 capture=0x0 owningPid=22032 owningTid=25348
Hosted title input diag: handleMouse entry action=up x=608 y=152
Hosted title input diag: handleMouse hit=1003
Hosted title input diag: WM_LBUTTONUP after compositor handleMouse captureRequested=0 hwnd=0x1551648 currentTid=25348 capture=0x0 owningPid=22032 owningTid=25348 state=targetWindow=1003 pressedClose=0 pressedTomb=0 pressedMax=0 pressedMin=0 pressedControl=none releaseOverPressedControl=n/a action=none
Bus::publish queueing msg type=13 to channel=gui.output
Hosted title input diag: WM_LBUTTONUP return hwnd=0x1551648 currentTid=25348 capture=0x0 owningPid=22032 owningTid=25348
Bus::publish queueing msg type=13 to channel=gui.output
Bus::publish queueing msg type=1 to channel=gui.input
Requested window: NormalCloseAfterCancel
Compositor received MT_Create: NormalCloseAfterCancel|480|640 from pid=0
Compositor created window id=1004 sending ack to pid=0
publishOut MT_Create payload=1004|NormalCloseAfterCancel dstPid=0
Bus::publish queueing msg type=1 to channel=gui.output
Bus::publish queueing msg type=14 to channel=gui.output
Bus::publish queueing msg type=13 to channel=gui.output
Hosted title input diag: WndProc msg=513 capture=0 flags=1 x=648 y=192
Hosted title input diag: WM_LBUTTONDOWN entry hwnd=0x1551648 currentTid=25348 capture=0x0 owningPid=22032 owningTid=25348 x=648 y=192 captureBefore=0x0
Hosted title input diag: WM_LBUTTONDOWN before compositor handleMouse hwnd=0x1551648 currentTid=25348 capture=0x0 owningPid=22032 owningTid=25348 x=648 y=192
Hosted title input diag: handleMouse entry action=down x=648 y=192
Hosted title input diag: handleMouse hit=1004
Hosted title input diag: title down window=1004 close=1 tomb=0 max=0 min=0
Bus::publish queueing msg type=14 to channel=gui.output
Hosted title input diag: WM_LBUTTONDOWN after compositor handleMouse captureRequested=1 hwnd=0x1551648 currentTid=25348 capture=0x0 owningPid=22032 owningTid=25348
Hosted title input diag: WM_LBUTTONDOWN before SetCapture hwnd=0x1551648 currentTid=25348 capture=0x0 owningPid=22032 owningTid=25348
Hosted title input diag: WM_LBUTTONDOWN after SetCapture hwnd=0x1551648 currentTid=25348 capture=0x1551648 owningPid=22032 owningTid=25348
Bus::publish queueing msg type=13 to channel=gui.output
Hosted title input diag: WM_LBUTTONDOWN return hwnd=0x1551648 currentTid=25348 capture=0x1551648 owningPid=22032 owningTid=25348 captureAtReturn=0x1551648
Hosted title input diag: WndProc msg=514 capture=1 flags=0 x=648 y=192
Hosted title input diag: WM_LBUTTONUP entry hwnd=0x1551648 currentTid=25348 capture=0x1551648 owningPid=22032 owningTid=25348 x=648 y=192 state=targetWindow=1004 pressedClose=1 pressedTomb=0 pressedMax=0 pressedMin=0 pressedControl=close releaseOverPressedControl=1 action=activate
Hosted title input diag: WM_LBUTTONUP before compositor handleMouse hwnd=0x1551648 currentTid=25348 capture=0x1551648 owningPid=22032 owningTid=25348
Hosted title input diag: handleMouse entry action=up x=648 y=192
Hosted title input diag: handleMouse hit=1004
Hosted title input diag: title release window=1004 control=close pressed=1 over=1 x=648 y=192
Bus::publish queueing msg type=2 to channel=gui.output
Hosted title input diag: WM_LBUTTONUP after compositor handleMouse captureRequested=1 hwnd=0x1551648 currentTid=25348 capture=0x1551648 owningPid=22032 owningTid=25348 state=targetWindow=0 pressedClose=0 pressedTomb=0 pressedMax=0 pressedMin=0 pressedControl=none releaseOverPressedControl=n/a action=none
Bus::publish queueing msg type=13 to channel=gui.output
Hosted title input diag: WM_LBUTTONUP before ReleaseCapture hwnd=0x1551648 currentTid=25348 capture=0x1551648 owningPid=22032 owningTid=25348
Hosted title input diag: WndProc msg=533 capture=0 flags=0
Hosted title input diag: WM_CAPTURECHANGED hwnd=0x1551648 currentTid=25348 capture=0x0 owningPid=22032 owningTid=25348 newCapture=0x0 state=targetWindow=0 pressedClose=0 pressedTomb=0 pressedMax=0 pressedMin=0 pressedControl=none releaseOverPressedControl=n/a action=none
Hosted title input diag: WM_LBUTTONUP return hwnd=0x1551648 currentTid=25348 capture=0x0 owningPid=22032 owningTid=25348
Bus::publish queueing msg type=13 to channel=gui.output
Bus::publish queueing msg type=13 to channel=gui.output
[lifecycle] phase -> ShuttingDown
Bus::publish queueing msg type=5 to channel=gui.input
Compositor service stopping
[lifecycle] phase -> Stopped
guideXOSServer server exiting.
