guideXOSServer server starting...
WARNING: Experimental Native ELF execution is enabled.
Only trusted Native ELF apps should be run.
WARNING: Experimental Native ELF execution is enabled.
Only trusted Native ELF apps should be run.
[lifecycle] phase -> PlatformDiscovery
[lifecycle] phase -> MemoryReady
[lifecycle] phase -> SchedulerReady
[lifecycle] phase -> IpcReady
[lifecycle] phase -> DesktopStateReady
AppRegistry initializing, count=1
AppRegistry manifest scan succeeded: scanned=9, registered=9
AppModel registry candidate:  displayName=Hello World id=com.guidexos.samples.helloworld kind=NativeElf source=SystemApps
Registered app: Hello World
AppModel registry candidate:  displayName=Resource Viewer id=com.guidexos.samples.resourceviewer kind=NativeElf source=SystemApps
Registered app: Resource Viewer
AppModel registry candidate:  displayName=Future GXApp Package id=com.guidexos.examples.futuregxapp kind=GXAppPackage source=SystemApps
Registered app: Future GXApp Package
AppModel registry candidate:  displayName=HelloWorld ELF id=com.guidexos.examples.helloworld kind=NativeElf source=SystemApps
Registered app: HelloWorld ELF
AppModel registry candidate:  displayName=Notepad id=com.guidexos.examples.notepad kind=BuiltIn source=SystemApps
Registered app: Notepad
AppModel registry candidate:  displayName=Hello World id=com.guidexos.helloworld kind=NativeElf source=Package
Registered app: Hello World
AppModel registry candidate:  displayName=Nexgen PacMan id=com.guidexos.pacman kind=NativeElf source=Package
Registered app: Nexgen PacMan
AppModel registry candidate:  displayName=Nexgen PacMan Danger Validation id=com.guidexos.pacman.danger-validation kind=NativeElf source=Package
Registered app: Nexgen PacMan Danger Validation
AppModel registry candidate:  displayName=Resource Viewer id=com.guidexos.resourceviewer kind=NativeElf source=Package
Registered app: Resource Viewer
AppModel registry candidate:  displayName=Notepad id=gxos.builtin.notepad kind=BuiltIn source=BuiltIn
Registered app: Notepad
AppModel registry candidate:  displayName=Calculator id=gxos.builtin.calculator kind=BuiltIn source=BuiltIn
Registered app: Calculator
AppModel registry candidate:  displayName=Clock id=gxos.builtin.clock kind=BuiltIn source=BuiltIn
Registered app: Clock
AppModel registry candidate:  displayName=Console id=gxos.builtin.console kind=BuiltIn source=BuiltIn
Registered app: Console
AppModel registry candidate:  displayName=File Explorer id=gxos.builtin.fileexplorer kind=BuiltIn source=BuiltIn
Registered app: File Explorer
AppModel registry candidate:  displayName=Trash id=gxos.builtin.trash kind=BuiltIn source=BuiltIn
Registered app: Trash
AppModel registry candidate:  displayName=TaskManager id=gxos.builtin.taskmanager kind=BuiltIn source=BuiltIn
Registered app: TaskManager
AppModel registry candidate:  displayName=Paint id=gxos.builtin.paint kind=BuiltIn source=BuiltIn
Registered app: Paint
AppModel registry candidate:  displayName=Image Viewer id=gxos.builtin.imageviewer kind=BuiltIn source=BuiltIn
Registered app: Image Viewer
AppModel registry candidate:  displayName=OnScreenKeyboard id=gxos.builtin.onscreenkeyboard kind=BuiltIn source=BuiltIn
Registered app: OnScreenKeyboard
AppModel registry candidate:  displayName=ShutdownDialog id=gxos.builtin.shutdowndialog kind=BuiltIn source=BuiltIn
Registered app: ShutdownDialog
AppModel registry candidate:  displayName=DiskManager id=gxos.builtin.diskmanager kind=BuiltIn source=BuiltIn
Registered app: DiskManager
AppModel registry candidate:  displayName=ControlPanel id=gxos.builtin.controlpanel kind=BuiltIn source=BuiltIn
Registered app: ControlPanel
AppModel registry candidate:  displayName=DisplayOptions id=gxos.builtin.displayoptions kind=BuiltIn source=BuiltIn
Registered app: DisplayOptions
AppModel registry candidate:  displayName=guideXOS Navigator id=guidexos.navigator kind=BuiltIn source=BuiltIn
Registered app: guideXOS Navigator
AppModel registry candidate:  displayName=App Model Demo id=gxos.builtin.appmodeldemo kind=BuiltIn source=BuiltIn
Registered app: App Model Demo
AppModel registry candidate:  displayName=Native App Debug Viewer id=gxos.builtin.nativeappdebugviewer kind=BuiltIn source=BuiltIn
Registered app: Native App Debug Viewer
AppModel registry candidate:  displayName=HDInstaller id=gxos.builtin.hdinstaller kind=BuiltIn source=BuiltIn
Registered app: HDInstaller
Pinned app: App Model Demo
Pinned app-model demo app: App Model Demo
Pinned app: Native App Debug Viewer
Pinned app-model demo app: Native App Debug Viewer
Pinned app: Hello World
Pinned app-model demo app: Hello World
Pinned app: Resource Viewer
Pinned app-model demo app: Resource Viewer
AppRegistry initialized, desktop apps=27
Desktop folder resolver selected virtualPath=/Documents hostedPath=D:/dev/guideXOSServer/Documents
Desktop folder already exists: D:/dev/guideXOSServer/Documents
Desktop folder resolver selected virtualPath=/Pictures hostedPath=D:/dev/guideXOSServer/Pictures
Desktop folder already exists: D:/dev/guideXOSServer/Pictures
Desktop folder resolver selected virtualPath=/Music hostedPath=D:/dev/guideXOSServer/Music
Desktop folder already exists: D:/dev/guideXOSServer/Music
Desktop folder resolver selected virtualPath=/Network hostedPath=D:/dev/guideXOSServer/Network
Desktop folder already exists: D:/dev/guideXOSServer/Network
Desktop state loaded
NotificationManager initialized
Firewall initialized (Normal mode)
Module registered: Notepad
Module registered: Calculator
Module registered: Paint
Module registered: ImageViewer
Module registered: Clock
Module registered: TaskManager
Module registered: FileExplorer
Module registered: Console
Module registered: OnScreenKeyboard
Module registered: ShutdownDialog
Built-in modules registered (10)
[lifecycle] phase -> ServicesReady
[lifecycle] phase -> Interactive
Commands:
 mem | alloc <n> | tasks | log
 spawn <echo|worker> [args...] | plist
 send <pid> <text> | recv <pid>
 bus.sub <chan> <pid> | bus.unsub <chan> <pid>
 bus.pub <chan> <text> [fanout] | bus.pop <chan> [timeoutMs]
 bus.cap <chan> <cap> | bus.stats <chan>
 console.start | console.send <text> | console.pop [timeoutMs]
 gui.start | gui.open.appmodeldemo | gui.smoke.launchshadow | gui.win <title> [w h] | gui.text <id> <text> | gui.close <id>
 gui.rect <id> <x> <y> <w> <h> <r> <g> <b> | gui.move <id> <x> <y> | gui.resize <id> <w> <h> | gui.title <id> <title>
 gui.btn <win> <id> <x> <y> <w> <h> <text> | gui.pop | gui.wlist | gui.activate <id> | gui.min <id> | gui.sync <id> <frameGeneration>
 gxm.load <path> | gxm.sample | gui.save <path> | gui.load <path>
 desktop.wallpaper <path> | desktop.background.remove <id> | desktop.launch <action> | desktop.open <path> [dir] | desktop.launch.resolve <label> | desktop.launch.adapt <label> | desktop.launch.compare | desktop.launch.storage | desktop.launch.storage.preview | desktop.launch.storage.preview.compare | desktop.launch.types | desktop.open.resolve <path> [dir] | desktop.appmodel.active-typed-dispatch-gate [force-on|force-off|reset] | desktop.appmodel.active-typed-dispatch-default-on-candidate [on|off|reset] | desktop.pin <action> | desktop.unpin <action> | desktop.showconfig
 desktop.apps | desktop.apps.verbose | desktop.appmodel.summary | desktop.appmodel.inventory | desktop.appmodel.coverage | desktop.appmodel.file-associations | desktop.appmodel.shell-objects | desktop.appmodel.typed-dispatch-gate [force-off] | desktop.pinned | desktop.recent | desktop.recent.remove <name> | desktop.pinapp <name> | desktop.pinfile <name> <path>
 nativeapp.capabilities | nativeapp.inspect <app> | nativeapp.smoketest <app> | nativeapp.processes
 taskbar.list | taskbar.activate <id> | taskbar.min <id> | taskbar.close <id>
 workspace.switch <n> | workspace.next | workspace.prev | workspace.current
 notepad | notepad <file>
 calculator
 console | console.start | console.send <text> | console.pop [timeoutMs]
 files | files <path>
 clock
 taskmanager.snapshot | taskmanager.network-snapshot-wait | taskmanager.tombstone-test
 taskmgr
 paint
 navigator | navigator.smoke | navigator.goto <url>
 imgview [file] | osk
 shutdown | msgbox <text> | welcome
 notify <text> | notify.clear
 fw.mode <normal|block|disabled|auto> | fw.allow <name> | fw.list | fw.alerts
 modules | module.launch <name>
 pkg.install <path.gxapp> | pkg.launch <app> | pkg.list | pkg.validate <path.gxapp>
 proc.wait <pid> [timeoutMs] | proc.status <pid>
 vfs.mkdir <path> | vfs.write <path> <text> | vfs.read <path> | vfs.ls <path>
 vnc.start [port] | vnc.stop | vnc.status
 pbytes | help | quit/exit
[lifecycle] phase -> ServicesReady
[lifecycle] compositor pid=10
Compositor pid=10 (proto=3)
Compositor service started (native window)
Hosted freeze diagnostics enabled (GXOS_COMPOSITOR_FREEZE_DIAGNOSTICS=1, timer=1s)
GdiVideoBackend: initialized 1024x768
VideoBackend: GDI backend active
Compositor DesktopConfig loaded=true err=
Compositor display options store loaded=true err=
Compositor taskbar position=bottom
Compositor background scale mode=fill
Compositor config pinned before merge count=7
  config pinned before merge: App Model Demo
  config pinned before merge: Future GXApp Package
  config pinned before merge: Hello World
  config pinned before merge: HelloWorld ELF
  config pinned before merge: Native App Debug Viewer
  config pinned before merge: Resource Viewer
  config pinned before merge: Nexgen PacMan
Compositor config recent before merge count=7
  config recent before merge: Nexgen PacMan
  config recent before merge: Notepad
  config recent before merge: Resource Viewer
  config recent before merge: Image Viewer
  config recent before merge: DisplayOptions
  config recent before merge: ControlPanel
  config recent before merge: guideXOS Navigator
Compositor DesktopService pin considered: App Model Demo
Compositor skip already present from DesktopService pin: App Model Demo
Compositor DesktopService pin considered: Future GXApp Package
Compositor skip already present from DesktopService pin: Future GXApp Package
Compositor DesktopService pin considered: Hello World
Compositor skip already present from DesktopService pin: Hello World
Compositor DesktopService pin considered: HelloWorld ELF
Compositor skip already present from DesktopService pin: HelloWorld ELF
Compositor DesktopService pin considered: Native App Debug Viewer
Compositor skip already present from DesktopService pin: Native App Debug Viewer
Compositor DesktopService pin considered: Resource Viewer
Compositor skip already present from DesktopService pin: Resource Viewer
Compositor DesktopService pin considered: Nexgen PacMan
Compositor skip already present from DesktopService pin: Nexgen PacMan
Compositor app-model app considered: App Model Demo id=gxos.builtin.appmodeldemo source=BuiltIn
Compositor skip already present from AppModel registry: App Model Demo
Compositor app-model app considered: Future GXApp Package id=com.guidexos.examples.futuregxapp source=SystemApps
Compositor skip already present from AppModel registry: Future GXApp Package
Compositor app-model app considered: Hello World id=com.guidexos.samples.helloworld source=SystemApps
Compositor skip already present from AppModel registry: Hello World
Compositor app-model app considered: Hello World id=com.guidexos.helloworld source=Package
Compositor skip already present from AppModel registry: Hello World
Compositor app-model app considered: HelloWorld ELF id=com.guidexos.examples.helloworld source=SystemApps
Compositor skip already present from AppModel registry: HelloWorld ELF
Compositor app-model app considered: Native App Debug Viewer id=gxos.builtin.nativeappdebugviewer source=BuiltIn
Compositor skip already present from AppModel registry: Native App Debug Viewer
Compositor app-model app considered: Nexgen PacMan id=com.guidexos.pacman source=Package
Compositor skip already present from AppModel registry: Nexgen PacMan
Compositor app-model app considered: Nexgen PacMan Danger Validation id=com.guidexos.pacman.danger-validation source=Package
Compositor include desktop/start entry from AppModel registry: Nexgen PacMan Danger Validation
Compositor app-model app considered: Resource Viewer id=com.guidexos.samples.resourceviewer source=SystemApps
Compositor skip already present from AppModel registry: Resource Viewer
Compositor app-model app considered: Resource Viewer id=com.guidexos.resourceviewer source=Package
Compositor skip already present from AppModel registry: Resource Viewer
Compositor config pinned after merge count=8
  config pinned after merge: App Model Demo
  config pinned after merge: Future GXApp Package
  config pinned after merge: Hello World
  config pinned after merge: HelloWorld ELF
  config pinned after merge: Native App Debug Viewer
  config pinned after merge: Resource Viewer
  config pinned after merge: Nexgen PacMan
  config pinned after merge: Nexgen PacMan Danger Validation
Compositor config recent after merge count=7
  config recent after merge: Nexgen PacMan
  config recent after merge: Notepad
  config recent after merge: Resource Viewer
  config recent after merge: Image Viewer
  config recent after merge: DisplayOptions
  config recent after merge: ControlPanel
  config recent after merge: guideXOS Navigator
Compositor refreshDesktopItems input pinned=8 recent=7
Compositor start menu recent count=7
  start menu recent: Nexgen PacMan
  start menu recent: Notepad
  start menu recent: Resource Viewer
  start menu recent: Image Viewer
  start menu recent: DisplayOptions
  start menu recent: ControlPanel
  start menu recent: guideXOS Navigator
Desktop system icon visibility: system:Trash enabled=true
Desktop system icon created: system:Trash label=Trash icon=trash.empty
Desktop system icon visibility: system:FileExplorer enabled=true
Desktop system icon created: system:FileExplorer label=File Explorer icon=app.files
Desktop system icon visibility: system:SystemSettings enabled=false
Desktop system icon skipped by setting: system:SystemSettings
Desktop folder resolver selected virtualPath=/Desktop hostedPath=D:/dev/guideXOSServer/Desktop
Desktop folder already exists: D:/dev/guideXOSServer/Desktop
Desktop folder enumeration started: D:/dev/guideXOSServer/Desktop
Desktop folder enumeration completed count=0
Desktop icon slot allocation: occupied=0 columns=11 rows=7
Desktop icon slot selected: x=20 y=20
Desktop icon auto-positioned: system:Trash x=20 y=20
Desktop icon slot allocation: occupied=1 columns=11 rows=7
Desktop icon slot selected: x=104 y=20
Desktop icon auto-positioned: system:FileExplorer x=104 y=20
Compositor desktop item count=2
  desktop item: Trash
  desktop item: File Explorer
Compositor start menu include: Hello World id=com.guidexos.samples.helloworld source=SystemApps
Compositor start menu include: Resource Viewer id=com.guidexos.samples.resourceviewer source=SystemApps
Compositor start menu include: Future GXApp Package id=com.guidexos.examples.futuregxapp source=SystemApps
Compositor start menu include: HelloWorld ELF id=com.guidexos.examples.helloworld source=SystemApps
Compositor start menu include: Notepad id=com.guidexos.examples.notepad source=SystemApps
Compositor start menu skipped duplicate app: Hello World id=com.guidexos.helloworld source=Package
Compositor start menu include: Nexgen PacMan id=com.guidexos.pacman source=Package
Compositor start menu include: Nexgen PacMan Danger Validation id=com.guidexos.pacman.danger-validation source=Package
Compositor start menu skipped duplicate app: Resource Viewer id=com.guidexos.resourceviewer source=Package
Compositor start menu skipped duplicate app: Notepad id=gxos.builtin.notepad source=BuiltIn
Compositor start menu include: Calculator id=gxos.builtin.calculator source=BuiltIn
Compositor start menu include: Clock id=gxos.builtin.clock source=BuiltIn
Compositor start menu include: Console id=gxos.builtin.console source=BuiltIn
Compositor start menu include: File Explorer id=gxos.builtin.fileexplorer source=BuiltIn
Compositor start menu include: Trash id=gxos.builtin.trash source=BuiltIn
Compositor start menu include: TaskManager id=gxos.builtin.taskmanager source=BuiltIn
Compositor start menu include: Paint id=gxos.builtin.paint source=BuiltIn
Compositor start menu include: Image Viewer id=gxos.builtin.imageviewer source=BuiltIn
Compositor start menu include: OnScreenKeyboard id=gxos.builtin.onscreenkeyboard source=BuiltIn
Compositor start menu include: ShutdownDialog id=gxos.builtin.shutdowndialog source=BuiltIn
Compositor start menu include: DiskManager id=gxos.builtin.diskmanager source=BuiltIn
Compositor start menu include: ControlPanel id=gxos.builtin.controlpanel source=BuiltIn
Compositor start menu include: DisplayOptions id=gxos.builtin.displayoptions source=BuiltIn
Compositor start menu include: guideXOS Navigator id=guidexos.navigator source=BuiltIn
Compositor start menu include: App Model Demo id=gxos.builtin.appmodeldemo source=BuiltIn
Compositor start menu include: Native App Debug Viewer id=gxos.builtin.nativeappdebugviewer source=BuiltIn
Compositor start menu include: HDInstaller id=gxos.builtin.hdinstaller source=BuiltIn
Compositor start menu app count=24
  start menu app: App Model Demo
  start menu app: Calculator
  start menu app: Clock
  start menu app: Console
  start menu app: ControlPanel
  start menu app: DiskManager
  start menu app: DisplayOptions
  start menu app: File Explorer
  start menu app: Future GXApp Package
  start menu app: guideXOS Navigator
  start menu app: HDInstaller
  start menu app: Hello World
  start menu app: HelloWorld ELF
  start menu app: Image Viewer
  start menu app: Native App Debug Viewer
  start menu app: Nexgen PacMan
  start menu app: Nexgen PacMan Danger Validation
  start menu app: Notepad
  start menu app: OnScreenKeyboard
  start menu app: Paint
  start menu app: Resource Viewer
  start menu app: ShutdownDialog
  start menu app: TaskManager
  start menu app: Trash
Compositor background select id=legacy_ameobagx kind=image scale=fill
Compositor wallpaper select id=legacy_ameobagx full=/system/wallpapers/ameobagx.png thumb=/system/wallpapers/ameobagx_thumb.png
PngLoader: loaded /system/wallpapers/ameobagx.png 1536x1024 sourceChannels=3
Compositor wallpaper decode succeeded id=legacy_ameobagx full=/system/wallpapers/ameobagx.png
PngLoader: loaded /system/fonts/roboto/roboto_9pt_regular.png 260x160 sourceChannels=4
PngLoader: loaded /system/fonts/roboto/roboto_9pt_bold.png 260x160 sourceChannels=4
PngLoader: loaded /system/fonts/roboto/roboto_9pt_italic.png 260x160 sourceChannels=4
PngLoader: loaded /system/fonts/roboto/roboto_9pt_bolditalic.png 260x160 sourceChannels=4
PngLoader: loaded /system/fonts/roboto/roboto_12pt_regular.png 260x160 sourceChannels=4
PngLoader: loaded /system/fonts/roboto/roboto_12pt_bold.png 260x160 sourceChannels=4
PngLoader: loaded /system/fonts/roboto/roboto_12pt_italic.png 260x160 sourceChannels=4
PngLoader: loaded /system/fonts/roboto/roboto_12pt_bolditalic.png 260x160 sourceChannels=4
PngLoader: loaded /system/fonts/roboto/roboto_12pt_thin.png 390x240 sourceChannels=4
PngLoader: loaded assets/Images/Flat/64/24-Empty_Trash_256x256_35394.png 64x64 sourceChannels=4
PngLoader: loaded assets/Images/Flat/64/25-Folder_256x256_35390.png 64x64 sourceChannels=4
Hosted freeze diag: reason=WM_PAINT pumps=1 messages=0 paints=1 timers=0 repaints=0 lastPumpAgeMs=37 lastMessageAgeMs=0 lastRepaintAgeMs=0 lastPaintAgeMs=0 lastTimerAgeMs=0 lastPaintDurationMs=36 maxPaintDurationMs=36 lastVncDurationMs=0 maxVncDurationMs=0 lastMessageDurationMs=0 maxMessageDurationMs=0 lastMessageType=0 vncClients=0 gdiObjects=17 userObjects=17
[LaunchDispatch] source=HostedDesktopService target=Nexgen PacMan Danger Validation resolvedType=NativeElfApp appId=com.guidexos.pacman.danger-validation usage=legacy-fallback selectedDispatch=Nexgen PacMan Danger Validation behaviorPreserved=true reason=Known target type is not yet enabled for typed dispatch
[AppModelActiveTypedDispatch] source=HostedDesktopService request=Nexgen PacMan Danger Validation classification=NativeElfApp shadowDecision=Nexgen PacMan Danger Validation shadowUsage=legacy-fallback selectedHandler=Nexgen PacMan Danger Validation appModelActiveDispatchDefaultOnCandidateGate=appmodel.active-typed-dispatch-default-on-candidate appModelActiveDispatchCandidateEnabled=false appModelActiveDispatchEnabled=true appModelActiveDispatchEffectiveStateSource=product-default appModelActiveDispatchRuntimeLaunchBehaviorChanged=true appModelActiveDispatchVisibleLaunchBehaviorChanged=false activeTypedDispatchHandled=false legacyFallbackUsed=true visibleBehaviorChanged=false visibleLaunchBehaviorChanged=false reason=Active typed dispatch is not enabled for this app target
[LaunchResolver] App: com.guidexos.pacman.danger-validation Strategy: NativeElf Architecture: amd64 Entry: bin/amd64/pacman-danger-validation.elf Result: success Reason: Launch resolved
Launched native app process: Nexgen PacMan Danger Validation pid=11
[NativeElfLaunch] App: com.guidexos.pacman.danger-validation Architecture: amd64 Path: /Apps\PacManDangerValidation\bin/amd64/pacman-danger-validation.elf Validation: valid Result: success Message: Native ELF validated.
Desktop launch successful: Nexgen PacMan Danger Validation
[NativeElfImageLoader] App: com.guidexos.pacman.danger-validation Architecture: amd64 EntryVA: 0x202140 Segments: 3 ImageSize: 4253536 PIE: false Interpreter: false Result: success Diagnostics: Native ELF image loaded
[NativeAppRuntime] App: com.guidexos.pacman.danger-validation RuntimeId: 1 ProcessId: 0 Architecture: amd64 ABI: guidexos-c-abi-v1 Permissions: 4 State: Prepared Result: success Diagnostics: Native app runtime prepared
[NativeElfExecutor] App: com.guidexos.pacman.danger-validation Architecture: amd64 CanExecute: true Reason: Native ELF executor gate passed Result: available
[NativeAppRuntime] App: com.guidexos.pacman.danger-validation (Nexgen PacMan Danger Validation) runtimeId=1 entering host call dispatch
[NativeAppHost] App: com.guidexos.pacman.danger-validation (Nexgen PacMan Danger Validation) log: Nexgen PacMan Native ELF starting
[NativeAppHost] file_read phase=return runtimeId=1 appId=com.guidexos.pacman.danger-validation processId=11 contextActive=yes contextPointerMatched=yes requestedPath="resources/level1.gximg" offset=0 length=28 destination=0xbbd99fe0f0 destinationRange=inside-active-native-stack outBytesRead=0xbbd99fe070 outBytesReadRange=inside-active-native-stack resolvedPackagePath="/Apps\PacManDangerValidation" resolvedPath="/Apps\PacManDangerValidation/resources/level1.gximg" bytesRead=28 result=0 actualHostRead=read-complete returnPropagation=about-to-return
[NativeAppHost] file_read phase=return runtimeId=1 appId=com.guidexos.pacman.danger-validation processId=11 contextActive=yes contextPointerMatched=yes requestedPath="resources/level1.gximg" offset=28 length=65536 destination=0x207a50 destinationRange=inside-native-image outBytesRead=0xbbd99fe070 outBytesReadRange=inside-active-native-stack resolvedPackagePath="/Apps\PacManDangerValidation" resolvedPath="/Apps\PacManDangerValidation/resources/level1.gximg" bytesRead=65536 result=0 actualHostRead=read-complete returnPropagation=about-to-return
[NativeAppHost] file_read phase=return runtimeId=1 appId=com.guidexos.pacman.danger-validation processId=11 contextActive=yes contextPointerMatched=yes requestedPath="resources/level1.gximg" offset=65564 length=65536 destination=0x217a50 destinationRange=inside-native-image outBytesRead=0xbbd99fe070 outBytesReadRange=inside-active-native-stack resolvedPackagePath="/Apps\PacManDangerValidation" resolvedPath="/Apps\PacManDangerValidation/resources/level1.gximg" bytesRead=65536 result=0 actualHostRead=read-complete returnPropagation=about-to-return
[NativeAppHost] file_read phase=return runtimeId=1 appId=com.guidexos.pacman.danger-validation processId=11 contextActive=yes contextPointerMatched=yes requestedPath="resources/level1.gximg" offset=131100 length=65536 destination=0x227a50 destinationRange=inside-native-image outBytesRead=0xbbd99fe070 outBytesReadRange=inside-active-native-stack resolvedPackagePath="/Apps\PacManDangerValidation" resolvedPath="/Apps\PacManDangerValidation/resources/level1.gximg" bytesRead=65536 result=0 actualHostRead=read-complete returnPropagation=about-to-return
[NativeAppHost] file_read phase=return runtimeId=1 appId=com.guidexos.pacman.danger-validation processId=11 contextActive=yes contextPointerMatched=yes requestedPath="resources/level1.gximg" offset=196636 length=65536 destination=0x237a50 destinationRange=inside-native-image outBytesRead=0xbbd99fe070 outBytesReadRange=inside-active-native-stack resolvedPackagePath="/Apps\PacManDangerValidation" resolvedPath="/Apps\PacManDangerValidation/resources/level1.gximg" bytesRead=65536 result=0 actualHostRead=read-complete returnPropagation=about-to-return
[NativeAppHost] file_read phase=return runtimeId=1 appId=com.guidexos.pacman.danger-validation processId=11 contextActive=yes contextPointerMatched=yes requestedPath="resources/level1.gximg" offset=262172 length=65536 destination=0x247a50 destinationRange=inside-native-image outBytesRead=0xbbd99fe070 outBytesReadRange=inside-active-native-stack resolvedPackagePath="/Apps\PacManDangerValidation" resolvedPath="/Apps\PacManDangerValidation/resources/level1.gximg" bytesRead=65536 result=0 actualHostRead=read-complete returnPropagation=about-to-return
[NativeAppHost] file_read phase=return runtimeId=1 appId=com.guidexos.pacman.danger-validation processId=11 contextActive=yes contextPointerMatched=yes requestedPath="resources/level1.gximg" offset=327708 length=65536 destination=0x257a50 destinationRange=inside-native-image outBytesRead=0xbbd99fe070 outBytesReadRange=inside-active-native-stack resolvedPackagePath="/Apps\PacManDangerValidation" resolvedPath="/Apps\PacManDangerValidation/resources/level1.gximg" bytesRead=65536 result=0 actualHostRead=read-complete returnPropagation=about-to-return
[NativeAppHost] file_read phase=return runtimeId=1 appId=com.guidexos.pacman.danger-validation processId=11 contextActive=yes contextPointerMatched=yes requestedPath="resources/level1.gximg" offset=393244 length=65536 destination=0x267a50 destinationRange=inside-native-image outBytesRead=0xbbd99fe070 outBytesReadRange=inside-active-native-stack resolvedPackagePath="/Apps\PacManDangerValidation" resolvedPath="/Apps\PacManDangerValidation/resources/level1.gximg" bytesRead=65536 result=0 actualHostRead=read-complete returnPropagation=about-to-return
[NativeAppHost] file_read phase=return runtimeId=1 appId=com.guidexos.pacman.danger-validation processId=11 contextActive=yes contextPointerMatched=yes requestedPath="resources/level1.gximg" offset=458780 length=65536 destination=0x277a50 destinationRange=inside-native-image outBytesRead=0xbbd99fe070 outBytesReadRange=inside-active-native-stack resolvedPackagePath="/Apps\PacManDangerValidation" resolvedPath="/Apps\PacManDangerValidation/resources/level1.gximg" bytesRead=65536 result=0 actualHostRead=read-complete returnPropagation=about-to-return
[NativeAppHost] file_read phase=return runtimeId=1 appId=com.guidexos.pacman.danger-validation processId=11 contextActive=yes contextPointerMatched=yes requestedPath="resources/level1.gximg" offset=524316 length=65536 destination=0x287a50 destinationRange=inside-native-image outBytesRead=0xbbd99fe070 outBytesReadRange=inside-active-native-stack resolvedPackagePath="/Apps\PacManDangerValidation" resolvedPath="/Apps\PacManDangerValidation/resources/level1.gximg" bytesRead=65536 result=0 actualHostRead=read-complete returnPropagation=about-to-return
[NativeAppHost] file_read phase=return runtimeId=1 appId=com.guidexos.pacman.danger-validation processId=11 contextActive=yes contextPointerMatched=yes requestedPath="resources/level1.gximg" offset=589852 length=65536 destination=0x297a50 destinationRange=inside-native-image outBytesRead=0xbbd99fe070 outBytesReadRange=inside-active-native-stack resolvedPackagePath="/Apps\PacManDangerValidation" resolvedPath="/Apps\PacManDangerValidation/resources/level1.gximg" bytesRead=65536 result=0 actualHostRead=read-complete returnPropagation=about-to-return
[NativeAppHost] file_read phase=return runtimeId=1 appId=com.guidexos.pacman.danger-validation processId=11 contextActive=yes contextPointerMatched=yes requestedPath="resources/level1.gximg" offset=655388 length=65536 destination=0x2a7a50 destinationRange=inside-native-image outBytesRead=0xbbd99fe070 outBytesReadRange=inside-active-native-stack resolvedPackagePath="/Apps\PacManDangerValidation" resolvedPath="/Apps\PacManDangerValidation/resources/level1.gximg" bytesRead=65536 result=0 actualHostRead=read-complete returnPropagation=about-to-return
[NativeAppHost] file_read phase=return runtimeId=1 appId=com.guidexos.pacman.danger-validation processId=11 contextActive=yes contextPointerMatched=yes requestedPath="resources/level1.gximg" offset=720924 length=65536 destination=0x2b7a50 destinationRange=inside-native-image outBytesRead=0xbbd99fe070 outBytesReadRange=inside-active-native-stack resolvedPackagePath="/Apps\PacManDangerValidation" resolvedPath="/Apps\PacManDangerValidation/resources/level1.gximg" bytesRead=65536 result=0 actualHostRead=read-complete returnPropagation=about-to-return
[NativeAppHost] file_read phase=return runtimeId=1 appId=com.guidexos.pacman.danger-validation processId=11 contextActive=yes contextPointerMatched=yes requestedPath="resources/level1.gximg" offset=786460 length=65536 destination=0x2c7a50 destinationRange=inside-native-image outBytesRead=0xbbd99fe070 outBytesReadRange=inside-active-native-stack resolvedPackagePath="/Apps\PacManDangerValidation" resolvedPath="/Apps\PacManDangerValidation/resources/level1.gximg" bytesRead=65536 result=0 actualHostRead=read-complete returnPropagation=about-to-return
[NativeAppHost] file_read phase=return runtimeId=1 appId=com.guidexos.pacman.danger-validation processId=11 contextActive=yes contextPointerMatched=yes requestedPath="resources/level1.gximg" offset=851996 length=36864 destination=0x2d7a50 destinationRange=inside-native-image outBytesRead=0xbbd99fe070 outBytesReadRange=inside-active-native-stack resolvedPackagePath="/Apps\PacManDangerValidation" resolvedPath="/Apps\PacManDangerValidation/resources/level1.gximg" bytesRead=36864 result=0 actualHostRead=read-complete returnPropagation=about-to-return
[NativeAppHost] file_read phase=return runtimeId=1 appId=com.guidexos.pacman.danger-validation processId=11 contextActive=yes contextPointerMatched=yes requestedPath="resources/pacpics.gximg" offset=0 length=28 destination=0xbbd99fe0f0 destinationRange=inside-active-native-stack outBytesRead=0xbbd99fe070 outBytesReadRange=inside-active-native-stack resolvedPackagePath="/Apps\PacManDangerValidation" resolvedPath="/Apps\PacManDangerValidation/resources/pacpics.gximg" bytesRead=28 result=0 actualHostRead=read-complete returnPropagation=about-to-return
[NativeAppHost] file_read phase=return runtimeId=1 appId=com.guidexos.pacman.danger-validation processId=11 contextActive=yes contextPointerMatched=yes requestedPath="resources/pacpics.gximg" offset=28 length=65536 destination=0x2e0a50 destinationRange=inside-native-image outBytesRead=0xbbd99fe070 outBytesReadRange=inside-active-native-stack resolvedPackagePath="/Apps\PacManDangerValidation" resolvedPath="/Apps\PacManDangerValidation/resources/pacpics.gximg" bytesRead=65536 result=0 actualHostRead=read-complete returnPropagation=about-to-return
[NativeAppHost] file_read phase=return runtimeId=1 appId=com.guidexos.pacman.danger-validation processId=11 contextActive=yes contextPointerMatched=yes requestedPath="resources/pacpics.gximg" offset=65564 length=65536 destination=0x2f0a50 destinationRange=inside-native-image outBytesRead=0xbbd99fe070 outBytesReadRange=inside-active-native-stack resolvedPackagePath="/Apps\PacManDangerValidation" resolvedPath="/Apps\PacManDangerValidation/resources/pacpics.gximg" bytesRead=65536 result=0 actualHostRead=read-complete returnPropagation=about-to-return
[NativeAppHost] file_read phase=return runtimeId=1 appId=com.guidexos.pacman.danger-validation processId=11 contextActive=yes contextPointerMatched=yes requestedPath="resources/pacpics.gximg" offset=131100 length=65536 destination=0x300a50 destinationRange=inside-native-image outBytesRead=0xbbd99fe070 outBytesReadRange=inside-active-native-stack resolvedPackagePath="/Apps\PacManDangerValidation" resolvedPath="/Apps\PacManDangerValidation/resources/pacpics.gximg" bytesRead=65536 result=0 actualHostRead=read-complete returnPropagation=about-to-return
[NativeAppHost] file_read phase=return runtimeId=1 appId=com.guidexos.pacman.danger-validation processId=11 contextActive=yes contextPointerMatched=yes requestedPath="resources/pacpics.gximg" offset=196636 length=65536 destination=0x310a50 destinationRange=inside-native-image outBytesRead=0xbbd99fe070 outBytesReadRange=inside-active-native-stack resolvedPackagePath="/Apps\PacManDangerValidation" resolvedPath="/Apps\PacManDangerValidation/resources/pacpics.gximg" bytesRead=65536 result=0 actualHostRead=read-complete returnPropagation=about-to-return
[NativeAppHost] file_read phase=return runtimeId=1 appId=com.guidexos.pacman.danger-validation processId=11 contextActive=yes contextPointerMatched=yes requestedPath="resources/pacpics.gximg" offset=262172 length=65536 destination=0x320a50 destinationRange=inside-native-image outBytesRead=0xbbd99fe070 outBytesReadRange=inside-active-native-stack resolvedPackagePath="/Apps\PacManDangerValidation" resolvedPath="/Apps\PacManDangerValidation/resources/pacpics.gximg" bytesRead=65536 result=0 actualHostRead=read-complete returnPropagation=about-to-return
[NativeAppHost] file_read phase=return runtimeId=1 appId=com.guidexos.pacman.danger-validation processId=11 contextActive=yes contextPointerMatched=yes requestedPath="resources/pacpics.gximg" offset=327708 length=32768 destination=0x330a50 destinationRange=inside-native-image outBytesRead=0xbbd99fe070 outBytesReadRange=inside-active-native-stack resolvedPackagePath="/Apps\PacManDangerValidation" resolvedPath="/Apps\PacManDangerValidation/resources/pacpics.gximg" bytesRead=32768 result=0 actualHostRead=read-complete returnPropagation=about-to-return
[NativeAppHost] App: com.guidexos.pacman.danger-validation (Nexgen PacMan Danger Validation) log: PacMan ghosts initialized: 4 stationary entities
[NativeAppHost] App: com.guidexos.pacman.danger-validation (Nexgen PacMan Danger Validation) log: red
[NativeAppHost] App: com.guidexos.pacman.danger-validation (Nexgen PacMan Danger Validation) log: pink
[NativeAppHost] App: com.guidexos.pacman.danger-validation (Nexgen PacMan Danger Validation) log: cyan
[NativeAppHost] App: com.guidexos.pacman.danger-validation (Nexgen PacMan Danger Validation) log: orange
[NativeAppHost] App: com.guidexos.pacman.danger-validation (Nexgen PacMan Danger Validation) log: PacMan hosted danger test placement enabled
Bus::publish queueing msg type=1 to channel=gui.input
Compositor received MT_Create: Nexgen PacMan|480|640|2 from pid=11
Compositor created window id=1000 sending ack to pid=11
publishOut MT_Create payload=1000|Nexgen PacMan dstPid=11
Bus::publish directing msg type=1 to pid=11
Bus::publish directing msg type=14 to pid=11
[NativeAppHost] App: com.guidexos.pacman.danger-validation (Nexgen PacMan Danger Validation) request_window title="Nexgen PacMan" size=480x640 windowId=1000
Bus::publish queueing msg type=10 to channel=gui.input
Native ELF frame boundary runtimeId=1 windowId=1000 incomingFrameSeq=1 width=448 height=553 stride=1792 format=1 bytes=990976 validation=PASS presentation=PASS result=0
[NativeAppHost] App: com.guidexos.pacman.danger-validation (Nexgen PacMan Danger Validation) log: PacMan frame seq=1 window=1000 state=Playing step=0 score=0 lives=3 level=1 pacman=224,376 size=448x553 stride=1792 bytes=990976 result=0
[NativeAppHost] App: com.guidexos.pacman.danger-validation (Nexgen PacMan Danger Validation) log: PacMan interactive frame presented
Bus::publish queueing msg type=4 to channel=gui.input
[NativeAppHost] App: com.guidexos.pacman.danger-validation (Nexgen PacMan Danger Validation) poll_event returned type=2 windowId=1000
[NativeAppHost] App: com.guidexos.pacman.danger-validation (Nexgen PacMan Danger Validation) log: PacMan focus gained; waiting for new direction
Bus::publish queueing msg type=4 to channel=gui.input
[NativeAppHost] App: com.guidexos.pacman.danger-validation (Nexgen PacMan Danger Validation) log: PacMan fixed-step simulation started
Bus::publish queueing msg type=4 to channel=gui.input
Compositor frame replaced windowId=1000 frameGeneration=1 storedBytes=990976 width=448 height=553 stride=1792 format=1 validation=PASS
Bus::publish directing msg type=10 to pid=11
Compositor invalidation requested windowId=1000 frameGeneration=1
Compositor paint complete windowId=1000 frameGeneration=1 paintGeneration=1
Bus::publish directing msg type=4 to pid=11
Bus::publish queueing msg type=10 to channel=gui.input
Native ELF frame boundary runtimeId=1 windowId=1000 incomingFrameSeq=2 width=448 height=553 stride=1792 format=1 bytes=990976 validation=PASS presentation=PASS result=0
[NativeAppHost] App: com.guidexos.pacman.danger-validation (Nexgen PacMan Danger Validation) log: PacMan frame seq=2 window=1000 state=Playing step=2 score=0 lives=3 level=1 pacman=226,376 size=448x553 stride=1792 bytes=990976 result=0
Bus::publish queueing msg type=4 to channel=gui.input
[NativeAppHost] App: com.guidexos.pacman.danger-validation (Nexgen PacMan Danger Validation) poll_event returned type=6 windowId=1000
Bus::publish queueing msg type=10 to channel=gui.input
Native ELF frame boundary runtimeId=1 windowId=1000 incomingFrameSeq=3 width=448 height=553 stride=1792 format=1 bytes=990976 validation=PASS presentation=PASS result=0
[NativeAppHost] App: com.guidexos.pacman.danger-validation (Nexgen PacMan Danger Validation) log: PacMan frame seq=3 window=1000 state=Playing step=2 score=0 lives=3 level=1 pacman=226,376 size=448x553 stride=1792 bytes=990976 result=0
Bus::publish queueing msg type=4 to channel=gui.input
Bus::publish queueing msg type=4 to channel=gui.input
Compositor paint complete windowId=1000 frameGeneration=1 paintGeneration=1
Bus::publish directing msg type=4 to pid=11
[NativeAppHost] App: com.guidexos.pacman.danger-validation (Nexgen PacMan Danger Validation) poll_event returned type=6 windowId=1000
Bus::publish queueing msg type=10 to channel=gui.input
Native ELF frame boundary runtimeId=1 windowId=1000 incomingFrameSeq=4 width=448 height=553 stride=1792 format=1 bytes=990976 validation=PASS presentation=PASS result=0
[NativeAppHost] App: com.guidexos.pacman.danger-validation (Nexgen PacMan Danger Validation) log: PacMan frame seq=4 window=1000 state=Playing step=4 score=0 lives=3 level=1 pacman=228,376 size=448x553 stride=1792 bytes=990976 result=0
Bus::publish queueing msg type=4 to channel=gui.input
Compositor paint complete windowId=1000 frameGeneration=1 paintGeneration=1
Bus::publish directing msg type=4 to pid=11
[NativeAppHost] App: com.guidexos.pacman.danger-validation (Nexgen PacMan Danger Validation) poll_event returned type=6 windowId=1000
Bus::publish queueing msg type=10 to channel=gui.input
Native ELF frame boundary runtimeId=1 windowId=1000 incomingFrameSeq=5 width=448 height=553 stride=1792 format=1 bytes=990976 validation=PASS presentation=PASS result=0
[NativeAppHost] App: com.guidexos.pacman.danger-validation (Nexgen PacMan Danger Validation) log: PacMan frame seq=5 window=1000 state=Playing step=6 score=0 lives=3 level=1 pacman=230,376 size=448x553 stride=1792 bytes=990976 result=0
Bus::publish queueing msg type=4 to channel=gui.input
Compositor paint complete windowId=1000 frameGeneration=1 paintGeneration=1
Compositor frame replaced windowId=1000 frameGeneration=2 storedBytes=990976 width=448 height=553 stride=1792 format=1 validation=PASS
Bus::publish directing msg type=10 to pid=11
Compositor invalidation requested windowId=1000 frameGeneration=2
[NativeAppHost] App: com.guidexos.pacman.danger-validation (Nexgen PacMan Danger Validation) log: PacMan normal pill consumed
[NativeAppHost] App: com.guidexos.pacman.danger-validation (Nexgen PacMan Danger Validation) log: PacMan score updated: 10
[NativeAppHost] App: com.guidexos.pacman.danger-validation (Nexgen PacMan Danger Validation) log: PacMan remaining consumables: 243
Bus::publish queueing msg type=4 to channel=gui.input
Bus::publish queueing msg type=10 to channel=gui.input
Native ELF frame boundary runtimeId=1 windowId=1000 incomingFrameSeq=6 width=448 height=553 stride=1792 format=1 bytes=990976 validation=PASS presentation=PASS result=0
[NativeAppHost] App: com.guidexos.pacman.danger-validation (Nexgen PacMan Danger Validation) log: PacMan frame seq=6 window=1000 state=Playing step=10 score=10 lives=3 level=1 pacman=234,376 size=448x553 stride=1792 bytes=990976 result=0
Bus::publish queueing msg type=4 to channel=gui.input
Compositor paint complete windowId=1000 frameGeneration=2 paintGeneration=2
Bus::publish directing msg type=4 to pid=11
[NativeAppHost] App: com.guidexos.pacman.danger-validation (Nexgen PacMan Danger Validation) poll_event returned type=6 windowId=1000
Bus::publish queueing msg type=10 to channel=gui.input
Native ELF frame boundary runtimeId=1 windowId=1000 incomingFrameSeq=7 width=448 height=553 stride=1792 format=1 bytes=990976 validation=PASS presentation=PASS result=0
[NativeAppHost] App: com.guidexos.pacman.danger-validation (Nexgen PacMan Danger Validation) log: PacMan frame seq=7 window=1000 state=Playing step=10 score=10 lives=3 level=1 pacman=234,376 size=448x553 stride=1792 bytes=990976 result=0
Bus::publish queueing msg type=4 to channel=gui.input
Compositor paint complete windowId=1000 frameGeneration=2 paintGeneration=2
Compositor frame replaced windowId=1000 frameGeneration=3 storedBytes=990976 width=448 height=553 stride=1792 format=1 validation=PASS
Bus::publish directing msg type=10 to pid=11
Compositor invalidation requested windowId=1000 frameGeneration=3
Bus::publish queueing msg type=4 to channel=gui.input
Compositor paint complete windowId=1000 frameGeneration=3 paintGeneration=3
Bus::publish directing msg type=4 to pid=11
[NativeAppHost] App: com.guidexos.pacman.danger-validation (Nexgen PacMan Danger Validation) poll_event returned type=6 windowId=1000
Bus::publish queueing msg type=10 to channel=gui.input
Native ELF frame boundary runtimeId=1 windowId=1000 incomingFrameSeq=8 width=448 height=553 stride=1792 format=1 bytes=990976 validation=PASS presentation=PASS result=0
[NativeAppHost] App: com.guidexos.pacman.danger-validation (Nexgen PacMan Danger Validation) log: PacMan frame seq=8 window=1000 state=Playing step=13 score=10 lives=3 level=1 pacman=237,376 size=448x553 stride=1792 bytes=990976 result=0
Bus::publish queueing msg type=4 to channel=gui.input
Compositor paint complete windowId=1000 frameGeneration=3 paintGeneration=3
Bus::publish directing msg type=4 to pid=11
[NativeAppHost] App: com.guidexos.pacman.danger-validation (Nexgen PacMan Danger Validation) poll_event returned type=6 windowId=1000
Bus::publish queueing msg type=10 to channel=gui.input
Native ELF frame boundary runtimeId=1 windowId=1000 incomingFrameSeq=9 width=448 height=553 stride=1792 format=1 bytes=990976 validation=PASS presentation=PASS result=0
[NativeAppHost] App: com.guidexos.pacman.danger-validation (Nexgen PacMan Danger Validation) log: PacMan frame seq=9 window=1000 state=Playing step=15 score=10 lives=3 level=1 pacman=239,376 size=448x553 stride=1792 bytes=990976 result=0
Bus::publish queueing msg type=4 to channel=gui.input
Bus::publish queueing msg type=4 to channel=gui.input
Compositor paint complete windowId=1000 frameGeneration=3 paintGeneration=3
Compositor frame replaced windowId=1000 frameGeneration=4 storedBytes=990976 width=448 height=553 stride=1792 format=1 validation=PASS
Bus::publish directing msg type=10 to pid=11
Compositor invalidation requested windowId=1000 frameGeneration=4
Bus::publish queueing msg type=10 to channel=gui.input
Native ELF frame boundary runtimeId=1 windowId=1000 incomingFrameSeq=10 width=448 height=553 stride=1792 format=1 bytes=990976 validation=PASS presentation=PASS result=0
[NativeAppHost] App: com.guidexos.pacman.danger-validation (Nexgen PacMan Danger Validation) log: PacMan frame seq=10 window=1000 state=Playing step=20 score=10 lives=3 level=1 pacman=244,376 size=448x553 stride=1792 bytes=990976 result=0
Bus::publish queueing msg type=4 to channel=gui.input
Compositor paint complete windowId=1000 frameGeneration=4 paintGeneration=4
Bus::publish directing msg type=4 to pid=11
[NativeAppHost] App: com.guidexos.pacman.danger-validation (Nexgen PacMan Danger Validation) poll_event returned type=6 windowId=1000
Bus::publish queueing msg type=10 to channel=gui.input
Native ELF frame boundary runtimeId=1 windowId=1000 incomingFrameSeq=11 width=448 height=553 stride=1792 format=1 bytes=990976 validation=PASS presentation=PASS result=0
[NativeAppHost] App: com.guidexos.pacman.danger-validation (Nexgen PacMan Danger Validation) log: PacMan frame seq=11 window=1000 state=Playing step=20 score=10 lives=3 level=1 pacman=244,376 size=448x553 stride=1792 bytes=990976 result=0
Bus::publish queueing msg type=4 to channel=gui.input
Compositor paint complete windowId=1000 frameGeneration=4 paintGeneration=4
Bus::publish queueing msg type=4 to channel=gui.input
Compositor frame replaced windowId=1000 frameGeneration=5 storedBytes=990976 width=448 height=553 stride=1792 format=1 validation=PASS
Bus::publish directing msg type=10 to pid=11
Compositor invalidation requested windowId=1000 frameGeneration=5
Bus::publish queueing msg type=10 to channel=gui.input
Native ELF frame boundary runtimeId=1 windowId=1000 incomingFrameSeq=12 width=448 height=553 stride=1792 format=1 bytes=990976 validation=PASS presentation=PASS result=0
[NativeAppHost] App: com.guidexos.pacman.danger-validation (Nexgen PacMan Danger Validation) log: PacMan frame seq=12 window=1000 state=Playing step=24 score=10 lives=3 level=1 pacman=248,376 size=448x553 stride=1792 bytes=990976 result=0
Bus::publish queueing msg type=4 to channel=gui.input
Compositor paint complete windowId=1000 frameGeneration=5 paintGeneration=5
Bus::publish directing msg type=4 to pid=11
[NativeAppHost] App: com.guidexos.pacman.danger-validation (Nexgen PacMan Danger Validation) poll_event returned type=6 windowId=1000
Bus::publish queueing msg type=10 to channel=gui.input
Native ELF frame boundary runtimeId=1 windowId=1000 incomingFrameSeq=13 width=448 height=553 stride=1792 format=1 bytes=990976 validation=PASS presentation=PASS result=0
[NativeAppHost] App: com.guidexos.pacman.danger-validation (Nexgen PacMan Danger Validation) log: PacMan frame seq=13 window=1000 state=Playing step=24 score=10 lives=3 level=1 pacman=248,376 size=448x553 stride=1792 bytes=990976 result=0
[NativeAppHost] App: com.guidexos.pacman.danger-validation (Nexgen PacMan Danger Validation) log: PacMan normal pill consumed
[NativeAppHost] App: com.guidexos.pacman.danger-validation (Nexgen PacMan Danger Validation) log: PacMan score updated: 20
[NativeAppHost] App: com.guidexos.pacman.danger-validation (Nexgen PacMan Danger Validation) log: PacMan remaining consumables: 242
Bus::publish queueing msg type=4 to channel=gui.input
Compositor paint complete windowId=1000 frameGeneration=5 paintGeneration=5
Bus::publish directing msg type=4 to pid=11
[NativeAppHost] App: com.guidexos.pacman.danger-validation (Nexgen PacMan Danger Validation) poll_event returned type=6 windowId=1000
Bus::publish queueing msg type=10 to channel=gui.input
Native ELF frame boundary runtimeId=1 windowId=1000 incomingFrameSeq=14 width=448 height=553 stride=1792 format=1 bytes=990976 validation=PASS presentation=PASS result=0
[NativeAppHost] App: com.guidexos.pacman.danger-validation (Nexgen PacMan Danger Validation) log: PacMan frame seq=14 window=1000 state=Playing step=26 score=20 lives=3 level=1 pacman=250,376 size=448x553 stride=1792 bytes=990976 result=0
Bus::publish queueing msg type=4 to channel=gui.input
Bus::publish queueing msg type=4 to channel=gui.input
Compositor paint complete windowId=1000 frameGeneration=5 paintGeneration=5
Compositor frame replaced windowId=1000 frameGeneration=6 storedBytes=990976 width=448 height=553 stride=1792 format=1 validation=PASS
Bus::publish directing msg type=10 to pid=11
Compositor invalidation requested windowId=1000 frameGeneration=6
Bus::publish queueing msg type=10 to channel=gui.input
Native ELF frame boundary runtimeId=1 windowId=1000 incomingFrameSeq=15 width=448 height=553 stride=1792 format=1 bytes=990976 validation=PASS presentation=PASS result=0
[NativeAppHost] App: com.guidexos.pacman.danger-validation (Nexgen PacMan Danger Validation) log: PacMan frame seq=15 window=1000 state=Playing step=31 score=20 lives=3 level=1 pacman=255,376 size=448x553 stride=1792 bytes=990976 result=0
Bus::publish queueing msg type=4 to channel=gui.input
Compositor paint complete windowId=1000 frameGeneration=6 paintGeneration=6
Bus::publish directing msg type=4 to pid=11
[NativeAppHost] App: com.guidexos.pacman.danger-validation (Nexgen PacMan Danger Validation) poll_event returned type=6 windowId=1000
Bus::publish queueing msg type=10 to channel=gui.input
Native ELF frame boundary runtimeId=1 windowId=1000 incomingFrameSeq=16 width=448 height=553 stride=1792 format=1 bytes=990976 validation=PASS presentation=PASS result=0
[NativeAppHost] App: com.guidexos.pacman.danger-validation (Nexgen PacMan Danger Validation) log: PacMan frame seq=16 window=1000 state=Playing step=31 score=20 lives=3 level=1 pacman=255,376 size=448x553 stride=1792 bytes=990976 result=0
Bus::publish queueing msg type=4 to channel=gui.input
Compositor paint complete windowId=1000 frameGeneration=6 paintGeneration=6
Compositor frame replaced windowId=1000 frameGeneration=7 storedBytes=990976 width=448 height=553 stride=1792 format=1 validation=PASS
Bus::publish directing msg type=10 to pid=11
Compositor invalidation requested windowId=1000 frameGeneration=7
Bus::publish queueing msg type=4 to channel=gui.input
Bus::publish queueing msg type=10 to channel=gui.input
Native ELF frame boundary runtimeId=1 windowId=1000 incomingFrameSeq=17 width=448 height=553 stride=1792 format=1 bytes=990976 validation=PASS presentation=PASS result=0
[NativeAppHost] App: com.guidexos.pacman.danger-validation (Nexgen PacMan Danger Validation) log: PacMan frame seq=17 window=1000 state=Playing step=35 score=20 lives=3 level=1 pacman=259,376 size=448x553 stride=1792 bytes=990976 result=0
Bus::publish queueing msg type=4 to channel=gui.input
Compositor paint complete windowId=1000 frameGeneration=7 paintGeneration=7
Bus::publish directing msg type=4 to pid=11
[NativeAppHost] App: com.guidexos.pacman.danger-validation (Nexgen PacMan Danger Validation) poll_event returned type=6 windowId=1000
Bus::publish queueing msg type=10 to channel=gui.input
Native ELF frame boundary runtimeId=1 windowId=1000 incomingFrameSeq=18 width=448 height=553 stride=1792 format=1 bytes=990976 validation=PASS presentation=PASS result=0
[NativeAppHost] App: com.guidexos.pacman.danger-validation (Nexgen PacMan Danger Validation) log: PacMan frame seq=18 window=1000 state=Playing step=35 score=20 lives=3 level=1 pacman=259,376 size=448x553 stride=1792 bytes=990976 result=0
Bus::publish queueing msg type=4 to channel=gui.input
Compositor paint complete windowId=1000 frameGeneration=7 paintGeneration=7
Bus::publish directing msg type=4 to pid=11
[NativeAppHost] App: com.guidexos.pacman.danger-validation (Nexgen PacMan Danger Validation) poll_event returned type=6 windowId=1000
Bus::publish queueing msg type=10 to channel=gui.input
Native ELF frame boundary runtimeId=1 windowId=1000 incomingFrameSeq=19 width=448 height=553 stride=1792 format=1 bytes=990976 validation=PASS presentation=PASS result=0
[NativeAppHost] App: com.guidexos.pacman.danger-validation (Nexgen PacMan Danger Validation) log: PacMan frame seq=19 window=1000 state=Playing step=37 score=20 lives=3 level=1 pacman=261,376 size=448x553 stride=1792 bytes=990976 result=0
Bus::publish queueing msg type=4 to channel=gui.input
Compositor paint complete windowId=1000 frameGeneration=7 paintGeneration=7
Compositor frame replaced windowId=1000 frameGeneration=8 storedBytes=990976 width=448 height=553 stride=1792 format=1 validation=PASS
Bus::publish directing msg type=10 to pid=11
Compositor invalidation requested windowId=1000 frameGeneration=8
Bus::publish queueing msg type=4 to channel=gui.input
[NativeAppHost] App: com.guidexos.pacman.danger-validation (Nexgen PacMan Danger Validation) log: PacMan normal pill consumed
[NativeAppHost] App: com.guidexos.pacman.danger-validation (Nexgen PacMan Danger Validation) log: PacMan score updated: 30
[NativeAppHost] App: com.guidexos.pacman.danger-validation (Nexgen PacMan Danger Validation) log: PacMan remaining consumables: 241
Bus::publish queueing msg type=10 to channel=gui.input
Native ELF frame boundary runtimeId=1 windowId=1000 incomingFrameSeq=20 width=448 height=553 stride=1792 format=1 bytes=990976 validation=PASS presentation=PASS result=0
[NativeAppHost] App: com.guidexos.pacman.danger-validation (Nexgen PacMan Danger Validation) log: PacMan frame seq=20 window=1000 state=Playing step=41 score=30 lives=3 level=1 pacman=265,376 size=448x553 stride=1792 bytes=990976 result=0
Bus::publish queueing msg type=4 to channel=gui.input
Compositor paint complete windowId=1000 frameGeneration=8 paintGeneration=8
Bus::publish directing msg type=4 to pid=11
[NativeAppHost] App: com.guidexos.pacman.danger-validation (Nexgen PacMan Danger Validation) poll_event returned type=6 windowId=1000
Bus::publish queueing msg type=10 to channel=gui.input
Native ELF frame boundary runtimeId=1 windowId=1000 incomingFrameSeq=21 width=448 height=553 stride=1792 format=1 bytes=990976 validation=PASS presentation=PASS result=0
[NativeAppHost] App: com.guidexos.pacman.danger-validation (Nexgen PacMan Danger Validation) log: PacMan frame seq=21 window=1000 state=Playing step=41 score=30 lives=3 level=1 pacman=265,376 size=448x553 stride=1792 bytes=990976 result=0
Bus::publish queueing msg type=4 to channel=gui.input
Compositor paint complete windowId=1000 frameGeneration=8 paintGeneration=8
Compositor frame replaced windowId=1000 frameGeneration=9 storedBytes=990976 width=448 height=553 stride=1792 format=1 validation=PASS
Bus::publish directing msg type=10 to pid=11
Compositor invalidation requested windowId=1000 frameGeneration=9
Bus::publish queueing msg type=4 to channel=gui.input
Compositor paint complete windowId=1000 frameGeneration=9 paintGeneration=9
Bus::publish directing msg type=4 to pid=11
[NativeAppHost] App: com.guidexos.pacman.danger-validation (Nexgen PacMan Danger Validation) poll_event returned type=6 windowId=1000
Bus::publish queueing msg type=10 to channel=gui.input
Native ELF frame boundary runtimeId=1 windowId=1000 incomingFrameSeq=22 width=448 height=553 stride=1792 format=1 bytes=990976 validation=PASS presentation=PASS result=0
[NativeAppHost] App: com.guidexos.pacman.danger-validation (Nexgen PacMan Danger Validation) log: PacMan frame seq=22 window=1000 state=Playing step=45 score=30 lives=3 level=1 pacman=269,376 size=448x553 stride=1792 bytes=990976 result=0
Bus::publish queueing msg type=4 to channel=gui.input
Bus::publish queueing msg type=4 to channel=gui.input
Compositor paint complete windowId=1000 frameGeneration=9 paintGeneration=9
Bus::publish directing msg type=4 to pid=11
Bus::publish queueing msg type=34 to channel=gui.sync
Frame sync requested: windowId=1000 expectedFrameGeneration=5
[NativeAppHost] App: com.guidexos.pacman.danger-validation (Nexgen PacMan Danger Validation) poll_event returned type=6 windowId=1000
Bus::publish queueing msg type=10 to channel=gui.input
Native ELF frame boundary runtimeId=1 windowId=1000 incomingFrameSeq=23 width=448 height=553 stride=1792 format=1 bytes=990976 validation=PASS presentation=PASS result=0
[NativeAppHost] App: com.guidexos.pacman.danger-validation (Nexgen PacMan Danger Validation) log: PacMan frame seq=23 window=1000 state=Playing step=48 score=30 lives=3 level=1 pacman=272,376 size=448x553 stride=1792 bytes=990976 result=0
Bus::publish queueing msg type=4 to channel=gui.input
Compositor paint complete windowId=1000 frameGeneration=9 paintGeneration=9
Bus::publish queueing msg type=4 to channel=gui.input
Compositor paint complete windowId=1000 frameGeneration=9 paintGeneration=9
Compositor frame sync windowId=1000 expectedFrameGeneration=5 frameGeneration=9 paintGeneration=9 captureGeneration=1 title="Nexgen PacMan" size=480x640 result=PASS
Compositor frame replaced windowId=1000 frameGeneration=10 storedBytes=990976 width=448 height=553 stride=1792 format=1 validation=PASS
Bus::publish directing msg type=10 to pid=11
Compositor invalidation requested windowId=1000 frameGeneration=10
Bus::publish queueing msg type=10 to channel=gui.input
Native ELF frame boundary runtimeId=1 windowId=1000 incomingFrameSeq=24 width=448 height=553 stride=1792 format=1 bytes=990976 validation=PASS presentation=PASS result=0
[NativeAppHost] App: com.guidexos.pacman.danger-validation (Nexgen PacMan Danger Validation) log: PacMan frame seq=24 window=1000 state=Playing step=52 score=30 lives=3 level=1 pacman=276,376 size=448x553 stride=1792 bytes=990976 result=0
Bus::publish queueing msg type=4 to channel=gui.input
Compositor paint complete windowId=1000 frameGeneration=10 paintGeneration=10
Bus::publish directing msg type=4 to pid=11
Bus::publish queueing msg type=10 to channel=gui.input
Native ELF frame boundary runtimeId=1 windowId=1000 incomingFrameSeq=25 width=448 height=553 stride=1792 format=1 bytes=990976 validation=PASS presentation=PASS result=0
[NativeAppHost] App: com.guidexos.pacman.danger-validation (Nexgen PacMan Danger Validation) log: PacMan frame seq=25 window=1000 state=Playing step=54 score=30 lives=3 level=1 pacman=278,376 size=448x553 stride=1792 bytes=990976 result=0
Bus::publish queueing msg type=4 to channel=gui.input
[NativeAppHost] App: com.guidexos.pacman.danger-validation (Nexgen PacMan Danger Validation) poll_event returned type=6 windowId=1000
Bus::publish queueing msg type=10 to channel=gui.input
Native ELF frame boundary runtimeId=1 windowId=1000 incomingFrameSeq=26 width=448 height=553 stride=1792 format=1 bytes=990976 validation=PASS presentation=PASS result=0
[NativeAppHost] App: com.guidexos.pacman.danger-validation (Nexgen PacMan Danger Validation) log: PacMan frame seq=26 window=1000 state=Playing step=54 score=30 lives=3 level=1 pacman=278,376 size=448x553 stride=1792 bytes=990976 result=0
Bus::publish queueing msg type=4 to channel=gui.input
Bus::publish queueing msg type=4 to channel=gui.input
Compositor paint complete windowId=1000 frameGeneration=10 paintGeneration=10
Compositor frame replaced windowId=1000 frameGeneration=11 storedBytes=990976 width=448 height=553 stride=1792 format=1 validation=PASS
Bus::publish directing msg type=10 to pid=11
Compositor invalidation requested windowId=1000 frameGeneration=11
[NativeAppHost] App: com.guidexos.pacman.danger-validation (Nexgen PacMan Danger Validation) log: PacMan normal pill consumed
[NativeAppHost] App: com.guidexos.pacman.danger-validation (Nexgen PacMan Danger Validation) log: PacMan score updated: 40
[NativeAppHost] App: com.guidexos.pacman.danger-validation (Nexgen PacMan Danger Validation) log: PacMan remaining consumables: 240
Bus::publish queueing msg type=10 to channel=gui.input
Native ELF frame boundary runtimeId=1 windowId=1000 incomingFrameSeq=27 width=448 height=553 stride=1792 format=1 bytes=990976 validation=PASS presentation=PASS result=0
[NativeAppHost] App: com.guidexos.pacman.danger-validation (Nexgen PacMan Danger Validation) log: PacMan frame seq=27 window=1000 state=Playing step=57 score=40 lives=3 level=1 pacman=281,376 size=448x553 stride=1792 bytes=990976 result=0
Bus::publish queueing msg type=4 to channel=gui.input
Bus::publish queueing msg type=10 to channel=gui.input
Native ELF frame boundary runtimeId=1 windowId=1000 incomingFrameSeq=28 width=448 height=553 stride=1792 format=1 bytes=990976 validation=PASS presentation=PASS result=0
[NativeAppHost] App: com.guidexos.pacman.danger-validation (Nexgen PacMan Danger Validation) log: PacMan frame seq=28 window=1000 state=Playing step=59 score=40 lives=3 level=1 pacman=283,376 size=448x553 stride=1792 bytes=990976 result=0
Bus::publish queueing msg type=4 to channel=gui.input
Compositor paint complete windowId=1000 frameGeneration=11 paintGeneration=11
Bus::publish directing msg type=4 to pid=11
[NativeAppHost] App: com.guidexos.pacman.danger-validation (Nexgen PacMan Danger Validation) poll_event returned type=6 windowId=1000
Bus::publish queueing msg type=10 to channel=gui.input
Native ELF frame boundary runtimeId=1 windowId=1000 incomingFrameSeq=29 width=448 height=553 stride=1792 format=1 bytes=990976 validation=PASS presentation=PASS result=0
[NativeAppHost] App: com.guidexos.pacman.danger-validation (Nexgen PacMan Danger Validation) log: PacMan frame seq=29 window=1000 state=Playing step=59 score=40 lives=3 level=1 pacman=283,376 size=448x553 stride=1792 bytes=990976 result=0
Bus::publish queueing msg type=4 to channel=gui.input
Compositor paint complete windowId=1000 frameGeneration=11 paintGeneration=11
Bus::publish directing msg type=4 to pid=11
[lifecycle] phase -> ShuttingDown
Bus::publish queueing msg type=5 to channel=gui.input
[NativeAppHost] App: com.guidexos.pacman.danger-validation (Nexgen PacMan Danger Validation) poll_event returned type=6 windowId=1000
Bus::publish queueing msg type=10 to channel=gui.input
Native ELF frame boundary runtimeId=1 windowId=1000 incomingFrameSeq=30 width=448 height=553 stride=1792 format=1 bytes=990976 validation=PASS presentation=PASS result=0
[NativeAppHost] App: com.guidexos.pacman.danger-validation (Nexgen PacMan Danger Validation) log: PacMan frame seq=30 window=1000 state=Playing step=60 score=40 lives=3 level=1 pacman=284,376 size=448x553 stride=1792 bytes=990976 result=0
Bus::publish queueing msg type=4 to channel=gui.input
Compositor paint complete windowId=1000 frameGeneration=11 paintGeneration=11
Compositor frame replaced windowId=1000 frameGeneration=12 storedBytes=990976 width=448 height=553 stride=1792 format=1 validation=PASS
Bus::publish directing msg type=10 to pid=11
Compositor invalidation requested windowId=1000 frameGeneration=12
Bus::publish queueing msg type=4 to channel=gui.input
Bus::publish queueing msg type=10 to channel=gui.input
Native ELF frame boundary runtimeId=1 windowId=1000 incomingFrameSeq=31 width=448 height=553 stride=1792 format=1 bytes=990976 validation=PASS presentation=PASS result=0
[NativeAppHost] App: com.guidexos.pacman.danger-validation (Nexgen PacMan Danger Validation) log: PacMan frame seq=31 window=1000 state=Playing step=65 score=40 lives=3 level=1 pacman=289,376 size=448x553 stride=1792 bytes=990976 result=0
Bus::publish queueing msg type=4 to channel=gui.input
Compositor paint complete windowId=1000 frameGeneration=12 paintGeneration=12
Bus::publish directing msg type=4 to pid=11
[NativeAppHost] App: com.guidexos.pacman.danger-validation (Nexgen PacMan Danger Validation) poll_event returned type=6 windowId=1000
Bus::publish queueing msg type=10 to channel=gui.input
Native ELF frame boundary runtimeId=1 windowId=1000 incomingFrameSeq=32 width=448 height=553 stride=1792 format=1 bytes=990976 validation=PASS presentation=PASS result=0
[NativeAppHost] App: com.guidexos.pacman.danger-validation (Nexgen PacMan Danger Validation) log: PacMan frame seq=32 window=1000 state=Playing step=65 score=40 lives=3 level=1 pacman=289,376 size=448x553 stride=1792 bytes=990976 result=0
Bus::publish queueing msg type=4 to channel=gui.input
Bus::publish queueing msg type=4 to channel=gui.input
Compositor paint complete windowId=1000 frameGeneration=12 paintGeneration=12
Compositor frame replaced windowId=1000 frameGeneration=13 storedBytes=990976 width=448 height=553 stride=1792 format=1 validation=PASS
Bus::publish directing msg type=10 to pid=11
Compositor invalidation requested windowId=1000 frameGeneration=13
Bus::publish queueing msg type=10 to channel=gui.input
Native ELF frame boundary runtimeId=1 windowId=1000 incomingFrameSeq=33 width=448 height=553 stride=1792 format=1 bytes=990976 validation=PASS presentation=PASS result=0
[NativeAppHost] App: com.guidexos.pacman.danger-validation (Nexgen PacMan Danger Validation) log: PacMan frame seq=33 window=1000 state=Playing step=69 score=40 lives=3 level=1 pacman=293,376 size=448x553 stride=1792 bytes=990976 result=0
Bus::publish queueing msg type=4 to channel=gui.input
Compositor paint complete windowId=1000 frameGeneration=13 paintGeneration=13
Bus::publish directing msg type=4 to pid=11
[NativeAppHost] App: com.guidexos.pacman.danger-validation (Nexgen PacMan Danger Validation) poll_event returned type=6 windowId=1000
Bus::publish queueing msg type=10 to channel=gui.input
Native ELF frame boundary runtimeId=1 windowId=1000 incomingFrameSeq=34 width=448 height=553 stride=1792 format=1 bytes=990976 validation=PASS presentation=PASS result=0
[NativeAppHost] App: com.guidexos.pacman.danger-validation (Nexgen PacMan Danger Validation) log: PacMan frame seq=34 window=1000 state=Playing step=69 score=40 lives=3 level=1 pacman=293,376 size=448x553 stride=1792 bytes=990976 result=0
Bus::publish queueing msg type=4 to channel=gui.input
Compositor paint complete windowId=1000 frameGeneration=13 paintGeneration=13
Compositor frame replaced windowId=1000 frameGeneration=14 storedBytes=990976 width=448 height=553 stride=1792 format=1 validation=PASS
Bus::publish directing msg type=10 to pid=11
Compositor invalidation requested windowId=1000 frameGeneration=14
[NativeAppHost] App: com.guidexos.pacman.danger-validation (Nexgen PacMan Danger Validation) log: PacMan normal pill consumed
[NativeAppHost] App: com.guidexos.pacman.danger-validation (Nexgen PacMan Danger Validation) log: PacMan score updated: 50
[NativeAppHost] App: com.guidexos.pacman.danger-validation (Nexgen PacMan Danger Validation) log: PacMan remaining consumables: 239
Bus::publish queueing msg type=4 to channel=gui.input
Compositor paint complete windowId=1000 frameGeneration=14 paintGeneration=14
Bus::publish directing msg type=4 to pid=11
[NativeAppHost] App: com.guidexos.pacman.danger-validation (Nexgen PacMan Danger Validation) poll_event returned type=6 windowId=1000
Bus::publish queueing msg type=10 to channel=gui.input
Native ELF frame boundary runtimeId=1 windowId=1000 incomingFrameSeq=35 width=448 height=553 stride=1792 format=1 bytes=990976 validation=PASS presentation=PASS result=0
[NativeAppHost] App: com.guidexos.pacman.danger-validation (Nexgen PacMan Danger Validation) log: PacMan frame seq=35 window=1000 state=Playing step=73 score=50 lives=3 level=1 pacman=297,376 size=448x553 stride=1792 bytes=990976 result=0
Bus::publish queueing msg type=4 to channel=gui.input
Bus::publish queueing msg type=4 to channel=gui.input
Compositor paint complete windowId=1000 frameGeneration=14 paintGeneration=14
Bus::publish directing msg type=4 to pid=11
[NativeAppHost] App: com.guidexos.pacman.danger-validation (Nexgen PacMan Danger Validation) poll_event returned type=6 windowId=1000
Bus::publish queueing msg type=10 to channel=gui.input
Native ELF frame boundary runtimeId=1 windowId=1000 incomingFrameSeq=36 width=448 height=553 stride=1792 format=1 bytes=990976 validation=PASS presentation=PASS result=0
[NativeAppHost] App: com.guidexos.pacman.danger-validation (Nexgen PacMan Danger Validation) log: PacMan frame seq=36 window=1000 state=Playing step=76 score=50 lives=3 level=1 pacman=300,376 size=448x553 stride=1792 bytes=990976 result=0
Bus::publish queueing msg type=4 to channel=gui.input
Compositor paint complete windowId=1000 frameGeneration=14 paintGeneration=14
Bus::publish queueing msg type=4 to channel=gui.input
Compositor paint complete windowId=1000 frameGeneration=14 paintGeneration=14
Compositor frame replaced windowId=1000 frameGeneration=15 storedBytes=990976 width=448 height=553 stride=1792 format=1 validation=PASS
Bus::publish directing msg type=10 to pid=11
Compositor invalidation requested windowId=1000 frameGeneration=15
Bus::publish queueing msg type=10 to channel=gui.input
Native ELF frame boundary runtimeId=1 windowId=1000 incomingFrameSeq=37 width=448 height=553 stride=1792 format=1 bytes=990976 validation=PASS presentation=PASS result=0
[NativeAppHost] App: com.guidexos.pacman.danger-validation (Nexgen PacMan Danger Validation) log: PacMan frame seq=37 window=1000 state=Playing step=80 score=50 lives=3 level=1 pacman=304,376 size=448x553 stride=1792 bytes=990976 result=0
Bus::publish queueing msg type=4 to channel=gui.input
Compositor paint complete windowId=1000 frameGeneration=15 paintGeneration=15
Bus::publish directing msg type=4 to pid=11
[NativeAppHost] App: com.guidexos.pacman.danger-validation (Nexgen PacMan Danger Validation) poll_event returned type=6 windowId=1000
Bus::publish queueing msg type=10 to channel=gui.input
Native ELF frame boundary runtimeId=1 windowId=1000 incomingFrameSeq=38 width=448 height=553 stride=1792 format=1 bytes=990976 validation=PASS presentation=PASS result=0
[NativeAppHost] App: com.guidexos.pacman.danger-validation (Nexgen PacMan Danger Validation) log: PacMan frame seq=38 window=1000 state=Playing step=80 score=50 lives=3 level=1 pacman=304,376 size=448x553 stride=1792 bytes=990976 result=0
Bus::publish queueing msg type=4 to channel=gui.input
Compositor paint complete windowId=1000 frameGeneration=15 paintGeneration=15
Compositor frame replaced windowId=1000 frameGeneration=16 storedBytes=990976 width=448 height=553 stride=1792 format=1 validation=PASS
Bus::publish directing msg type=10 to pid=11
Compositor invalidation requested windowId=1000 frameGeneration=16
Bus::publish queueing msg type=4 to channel=gui.input
Compositor paint complete windowId=1000 frameGeneration=16 paintGeneration=16
Bus::publish directing msg type=4 to pid=11
[NativeAppHost] App: com.guidexos.pacman.danger-validation (Nexgen PacMan Danger Validation) poll_event returned type=6 windowId=1000
Bus::publish queueing msg type=10 to channel=gui.input
Native ELF frame boundary runtimeId=1 windowId=1000 incomingFrameSeq=39 width=448 height=553 stride=1792 format=1 bytes=990976 validation=PASS presentation=PASS result=0
[NativeAppHost] App: com.guidexos.pacman.danger-validation (Nexgen PacMan Danger Validation) log: PacMan frame seq=39 window=1000 state=Playing step=83 score=50 lives=3 level=1 pacman=307,376 size=448x553 stride=1792 bytes=990976 result=0
Bus::publish queueing msg type=4 to channel=gui.input
Compositor paint complete windowId=1000 frameGeneration=16 paintGeneration=16
Bus::publish directing msg type=4 to pid=11
[NativeAppHost] App: com.guidexos.pacman.danger-validation (Nexgen PacMan Danger Validation) poll_event returned type=6 windowId=1000
Bus::publish queueing msg type=10 to channel=gui.input
Native ELF frame boundary runtimeId=1 windowId=1000 incomingFrameSeq=40 width=448 height=553 stride=1792 format=1 bytes=990976 validation=PASS presentation=PASS result=0
[NativeAppHost] App: com.guidexos.pacman.danger-validation (Nexgen PacMan Danger Validation) log: PacMan frame seq=40 window=1000 state=Playing step=85 score=50 lives=3 level=1 pacman=309,376 size=448x553 stride=1792 bytes=990976 result=0
Bus::publish queueing msg type=4 to channel=gui.input
Bus::publish queueing msg type=4 to channel=gui.input
Compositor paint complete windowId=1000 frameGeneration=16 paintGeneration=16
Compositor frame replaced windowId=1000 frameGeneration=17 storedBytes=990976 width=448 height=553 stride=1792 format=1 validation=PASS
Bus::publish directing msg type=10 to pid=11
Compositor invalidation requested windowId=1000 frameGeneration=17
[NativeAppHost] App: com.guidexos.pacman.danger-validation (Nexgen PacMan Danger Validation) log: PacMan normal pill consumed
[NativeAppHost] App: com.guidexos.pacman.danger-validation (Nexgen PacMan Danger Validation) log: PacMan score updated: 60
[NativeAppHost] App: com.guidexos.pacman.danger-validation (Nexgen PacMan Danger Validation) log: PacMan remaining consumables: 238
Bus::publish queueing msg type=10 to channel=gui.input
Native ELF frame boundary runtimeId=1 windowId=1000 incomingFrameSeq=41 width=448 height=553 stride=1792 format=1 bytes=990976 validation=PASS presentation=PASS result=0
[NativeAppHost] App: com.guidexos.pacman.danger-validation (Nexgen PacMan Danger Validation) log: PacMan frame seq=41 window=1000 state=Playing step=90 score=60 lives=3 level=1 pacman=314,376 size=448x553 stride=1792 bytes=990976 result=0
Bus::publish queueing msg type=4 to channel=gui.input
Compositor paint complete windowId=1000 frameGeneration=17 paintGeneration=17
Bus::publish directing msg type=4 to pid=11
[NativeAppHost] App: com.guidexos.pacman.danger-validation (Nexgen PacMan Danger Validation) poll_event returned type=6 windowId=1000
Bus::publish queueing msg type=10 to channel=gui.input
Native ELF frame boundary runtimeId=1 windowId=1000 incomingFrameSeq=42 width=448 height=553 stride=1792 format=1 bytes=990976 validation=PASS presentation=PASS result=0
[NativeAppHost] App: com.guidexos.pacman.danger-validation (Nexgen PacMan Danger Validation) log: PacMan frame seq=42 window=1000 state=Playing step=90 score=60 lives=3 level=1 pacman=314,376 size=448x553 stride=1792 bytes=990976 result=0
Bus::publish queueing msg type=4 to channel=gui.input
Compositor paint complete windowId=1000 frameGeneration=17 paintGeneration=17
Compositor frame replaced windowId=1000 frameGeneration=18 storedBytes=990976 width=448 height=553 stride=1792 format=1 validation=PASS
Bus::publish directing msg type=10 to pid=11
Compositor invalidation requested windowId=1000 frameGeneration=18
Bus::publish queueing msg type=4 to channel=gui.input
Compositor paint complete windowId=1000 frameGeneration=18 paintGeneration=18
Bus::publish directing msg type=4 to pid=11
[NativeAppHost] App: com.guidexos.pacman.danger-validation (Nexgen PacMan Danger Validation) poll_event returned type=6 windowId=1000
Bus::publish queueing msg type=10 to channel=gui.input
Native ELF frame boundary runtimeId=1 windowId=1000 incomingFrameSeq=43 width=448 height=553 stride=1792 format=1 bytes=990976 validation=PASS presentation=PASS result=0
[NativeAppHost] App: com.guidexos.pacman.danger-validation (Nexgen PacMan Danger Validation) log: PacMan frame seq=43 window=1000 state=Playing step=93 score=60 lives=3 level=1 pacman=317,376 size=448x553 stride=1792 bytes=990976 result=0
Bus::publish queueing msg type=4 to channel=gui.input
Bus::publish queueing msg type=4 to channel=gui.input
Compositor paint complete windowId=1000 frameGeneration=18 paintGeneration=18
Compositor frame replaced windowId=1000 frameGeneration=19 storedBytes=990976 width=448 height=553 stride=1792 format=1 validation=PASS
Bus::publish directing msg type=10 to pid=11
Compositor invalidation requested windowId=1000 frameGeneration=19
Bus::publish queueing msg type=10 to channel=gui.input
Native ELF frame boundary runtimeId=1 windowId=1000 incomingFrameSeq=44 width=448 height=553 stride=1792 format=1 bytes=990976 validation=PASS presentation=PASS result=0
[NativeAppHost] App: com.guidexos.pacman.danger-validation (Nexgen PacMan Danger Validation) log: PacMan frame seq=44 window=1000 state=Playing step=97 score=60 lives=3 level=1 pacman=321,376 size=448x553 stride=1792 bytes=990976 result=0
Bus::publish queueing msg type=4 to channel=gui.input
Compositor paint complete windowId=1000 frameGeneration=19 paintGeneration=19
Bus::publish directing msg type=4 to pid=11
[NativeAppHost] App: com.guidexos.pacman.danger-validation (Nexgen PacMan Danger Validation) poll_event returned type=6 windowId=1000
Bus::publish queueing msg type=10 to channel=gui.input
Native ELF frame boundary runtimeId=1 windowId=1000 incomingFrameSeq=45 width=448 height=553 stride=1792 format=1 bytes=990976 validation=PASS presentation=PASS result=0
[NativeAppHost] App: com.guidexos.pacman.danger-validation (Nexgen PacMan Danger Validation) log: PacMan frame seq=45 window=1000 state=Playing step=97 score=60 lives=3 level=1 pacman=321,376 size=448x553 stride=1792 bytes=990976 result=0
Bus::publish queueing msg type=4 to channel=gui.input
Bus::publish queueing msg type=4 to channel=gui.input
Compositor paint complete windowId=1000 frameGeneration=19 paintGeneration=19
Bus::publish directing msg type=4 to pid=11
[NativeAppHost] App: com.guidexos.pacman.danger-validation (Nexgen PacMan Danger Validation) poll_event returned type=6 windowId=1000
Bus::publish queueing msg type=10 to channel=gui.input
Native ELF frame boundary runtimeId=1 windowId=1000 incomingFrameSeq=46 width=448 height=553 stride=1792 format=1 bytes=990976 validation=PASS presentation=PASS result=0
[NativeAppHost] App: com.guidexos.pacman.danger-validation (Nexgen PacMan Danger Validation) log: PacMan frame seq=46 window=1000 state=Playing step=100 score=60 lives=3 level=1 pacman=324,376 size=448x553 stride=1792 bytes=990976 result=0
[NativeAppHost] App: com.guidexos.pacman.danger-validation (Nexgen PacMan Danger Validation) log: PacMan hosted danger overlap placed: 1
[NativeAppHost] App: com.guidexos.pacman.danger-validation (Nexgen PacMan Danger Validation) log: PacMan ghost collision detected
[NativeAppHost] App: com.guidexos.pacman.danger-validation (Nexgen PacMan Danger Validation) log: PacMan death state entered
[NativeAppHost] App: com.guidexos.pacman.danger-validation (Nexgen PacMan Danger Validation) log: PacMan life decremented; lives remaining: 2
Bus::publish queueing msg type=4 to channel=gui.input
Compositor paint complete windowId=1000 frameGeneration=19 paintGeneration=19
Compositor frame replaced windowId=1000 frameGeneration=20 storedBytes=990976 width=448 height=553 stride=1792 format=1 validation=PASS
Bus::publish directing msg type=10 to pid=11
Compositor invalidation requested windowId=1000 frameGeneration=20
Bus::publish queueing msg type=4 to channel=gui.input
Compositor paint complete windowId=1000 frameGeneration=20 paintGeneration=20
Bus::publish directing msg type=4 to pid=11
[NativeAppHost] App: com.guidexos.pacman.danger-validation (Nexgen PacMan Danger Validation) poll_event returned type=6 windowId=1000
Bus::publish queueing msg type=10 to channel=gui.input
Native ELF frame boundary runtimeId=1 windowId=1000 incomingFrameSeq=47 width=448 height=553 stride=1792 format=1 bytes=990976 validation=PASS presentation=PASS result=0
[NativeAppHost] App: com.guidexos.pacman.danger-validation (Nexgen PacMan Danger Validation) log: PacMan frame seq=47 window=1000 state=Dying step=104 score=60 lives=2 level=1 pacman=325,376 size=448x553 stride=1792 bytes=990976 result=0
Bus::publish queueing msg type=4 to channel=gui.input
Compositor paint complete windowId=1000 frameGeneration=20 paintGeneration=20
Compositor frame replaced windowId=1000 frameGeneration=21 storedBytes=990976 width=448 height=553 stride=1792 format=1 validation=PASS
Bus::publish directing msg type=10 to pid=11
Compositor invalidation requested windowId=1000 frameGeneration=21
Bus::publish queueing msg type=4 to channel=gui.input
Bus::publish queueing msg type=10 to channel=gui.input
Native ELF frame boundary runtimeId=1 windowId=1000 incomingFrameSeq=48 width=448 height=553 stride=1792 format=1 bytes=990976 validation=PASS presentation=PASS result=0
[NativeAppHost] App: com.guidexos.pacman.danger-validation (Nexgen PacMan Danger Validation) log: PacMan frame seq=48 window=1000 state=Dying step=108 score=60 lives=2 level=1 pacman=325,376 size=448x553 stride=1792 bytes=990976 result=0
Bus::publish queueing msg type=4 to channel=gui.input
Compositor paint complete windowId=1000 frameGeneration=21 paintGeneration=21
Bus::publish directing msg type=4 to pid=11
[NativeAppHost] App: com.guidexos.pacman.danger-validation (Nexgen PacMan Danger Validation) poll_event returned type=6 windowId=1000
Bus::publish queueing msg type=10 to channel=gui.input
Native ELF frame boundary runtimeId=1 windowId=1000 incomingFrameSeq=49 width=448 height=553 stride=1792 format=1 bytes=990976 validation=PASS presentation=PASS result=0
[NativeAppHost] App: com.guidexos.pacman.danger-validation (Nexgen PacMan Danger Validation) log: PacMan frame seq=49 window=1000 state=Dying step=108 score=60 lives=2 level=1 pacman=325,376 size=448x553 stride=1792 bytes=990976 result=0
Bus::publish queueing msg type=4 to channel=gui.input
Compositor paint complete windowId=1000 frameGeneration=21 paintGeneration=21
Bus::publish directing msg type=4 to pid=11
[NativeAppHost] App: com.guidexos.pacman.danger-validation (Nexgen PacMan Danger Validation) poll_event returned type=6 windowId=1000
Bus::publish queueing msg type=10 to channel=gui.input
Native ELF frame boundary runtimeId=1 windowId=1000 incomingFrameSeq=50 width=448 height=553 stride=1792 format=1 bytes=990976 validation=PASS presentation=PASS result=0
[NativeAppHost] App: com.guidexos.pacman.danger-validation (Nexgen PacMan Danger Validation) log: PacMan frame seq=50 window=1000 state=Dying step=110 score=60 lives=2 level=1 pacman=325,376 size=448x553 stride=1792 bytes=990976 result=0
Bus::publish queueing msg type=4 to channel=gui.input
Compositor paint complete windowId=1000 frameGeneration=21 paintGeneration=21
Compositor frame replaced windowId=1000 frameGeneration=22 storedBytes=990976 width=448 height=553 stride=1792 format=1 validation=PASS
Bus::publish directing msg type=10 to pid=11
Compositor invalidation requested windowId=1000 frameGeneration=22
Bus::publish queueing msg type=4 to channel=gui.input
Compositor paint complete windowId=1000 frameGeneration=22 paintGeneration=22
Bus::publish directing msg type=4 to pid=11
[NativeAppHost] App: com.guidexos.pacman.danger-validation (Nexgen PacMan Danger Validation) poll_event returned type=6 windowId=1000
Bus::publish queueing msg type=10 to channel=gui.input
Native ELF frame boundary runtimeId=1 windowId=1000 incomingFrameSeq=51 width=448 height=553 stride=1792 format=1 bytes=990976 validation=PASS presentation=PASS result=0
[NativeAppHost] App: com.guidexos.pacman.danger-validation (Nexgen PacMan Danger Validation) log: PacMan frame seq=51 window=1000 state=Dying step=113 score=60 lives=2 level=1 pacman=325,376 size=448x553 stride=1792 bytes=990976 result=0
Bus::publish queueing msg type=4 to channel=gui.input
Bus::publish queueing msg type=4 to channel=gui.input
Compositor paint complete windowId=1000 frameGeneration=22 paintGeneration=22
Bus::publish directing msg type=4 to pid=11
[NativeAppHost] App: com.guidexos.pacman.danger-validation (Nexgen PacMan Danger Validation) poll_event returned type=6 windowId=1000
Bus::publish queueing msg type=10 to channel=gui.input
Native ELF frame boundary runtimeId=1 windowId=1000 incomingFrameSeq=52 width=448 height=553 stride=1792 format=1 bytes=990976 validation=PASS presentation=PASS result=0
[NativeAppHost] App: com.guidexos.pacman.danger-validation (Nexgen PacMan Danger Validation) log: PacMan frame seq=52 window=1000 state=Dying step=116 score=60 lives=2 level=1 pacman=325,376 size=448x553 stride=1792 bytes=990976 result=0
Bus::publish queueing msg type=4 to channel=gui.input
Compositor paint complete windowId=1000 frameGeneration=22 paintGeneration=22
Compositor frame replaced windowId=1000 frameGeneration=23 storedBytes=990976 width=448 height=553 stride=1792 format=1 validation=PASS
Bus::publish directing msg type=10 to pid=11
Compositor invalidation requested windowId=1000 frameGeneration=23
Bus::publish queueing msg type=4 to channel=gui.input
Compositor paint complete windowId=1000 frameGeneration=23 paintGeneration=23
Bus::publish directing msg type=4 to pid=11
[NativeAppHost] App: com.guidexos.pacman.danger-validation (Nexgen PacMan Danger Validation) poll_event returned type=6 windowId=1000
Bus::publish queueing msg type=10 to channel=gui.input
Native ELF frame boundary runtimeId=1 windowId=1000 incomingFrameSeq=53 width=448 height=553 stride=1792 format=1 bytes=990976 validation=PASS presentation=PASS result=0
[NativeAppHost] App: com.guidexos.pacman.danger-validation (Nexgen PacMan Danger Validation) log: PacMan frame seq=53 window=1000 state=Dying step=119 score=60 lives=2 level=1 pacman=325,376 size=448x553 stride=1792 bytes=990976 result=0
Bus::publish queueing msg type=4 to channel=gui.input
Bus::publish queueing msg type=4 to channel=gui.input
Compositor paint complete windowId=1000 frameGeneration=23 paintGeneration=23
Bus::publish directing msg type=4 to pid=11
[NativeAppHost] App: com.guidexos.pacman.danger-validation (Nexgen PacMan Danger Validation) poll_event returned type=6 windowId=1000
Bus::publish queueing msg type=10 to channel=gui.input
Native ELF frame boundary runtimeId=1 windowId=1000 incomingFrameSeq=54 width=448 height=553 stride=1792 format=1 bytes=990976 validation=PASS presentation=PASS result=0
[NativeAppHost] App: com.guidexos.pacman.danger-validation (Nexgen PacMan Danger Validation) log: PacMan frame seq=54 window=1000 state=Dying step=122 score=60 lives=2 level=1 pacman=325,376 size=448x553 stride=1792 bytes=990976 result=0
Bus::publish queueing msg type=4 to channel=gui.input
Bus::publish queueing msg type=4 to channel=gui.input
Compositor paint complete windowId=1000 frameGeneration=23 paintGeneration=23
Compositor frame replaced windowId=1000 frameGeneration=24 storedBytes=990976 width=448 height=553 stride=1792 format=1 validation=PASS
Bus::publish directing msg type=10 to pid=11
Compositor invalidation requested windowId=1000 frameGeneration=24
Bus::publish queueing msg type=10 to channel=gui.input
Native ELF frame boundary runtimeId=1 windowId=1000 incomingFrameSeq=55 width=448 height=553 stride=1792 format=1 bytes=990976 validation=PASS presentation=PASS result=0
[NativeAppHost] App: com.guidexos.pacman.danger-validation (Nexgen PacMan Danger Validation) log: PacMan frame seq=55 window=1000 state=Dying step=127 score=60 lives=2 level=1 pacman=325,376 size=448x553 stride=1792 bytes=990976 result=0
Bus::publish queueing msg type=4 to channel=gui.input
Bus::publish queueing msg type=10 to channel=gui.input
Native ELF frame boundary runtimeId=1 windowId=1000 incomingFrameSeq=56 width=448 height=553 stride=1792 format=1 bytes=990976 validation=PASS presentation=PASS result=0
[NativeAppHost] App: com.guidexos.pacman.danger-validation (Nexgen PacMan Danger Validation) log: PacMan frame seq=56 window=1000 state=Dying step=128 score=60 lives=2 level=1 pacman=325,376 size=448x553 stride=1792 bytes=990976 result=0
Bus::publish queueing msg type=4 to channel=gui.input
Compositor paint complete windowId=1000 frameGeneration=24 paintGeneration=24
Bus::publish directing msg type=4 to pid=11
[NativeAppHost] App: com.guidexos.pacman.danger-validation (Nexgen PacMan Danger Validation) poll_event returned type=6 windowId=1000
Bus::publish queueing msg type=10 to channel=gui.input
Native ELF frame boundary runtimeId=1 windowId=1000 incomingFrameSeq=57 width=448 height=553 stride=1792 format=1 bytes=990976 validation=PASS presentation=PASS result=0
[NativeAppHost] App: com.guidexos.pacman.danger-validation (Nexgen PacMan Danger Validation) log: PacMan frame seq=57 window=1000 state=Dying step=128 score=60 lives=2 level=1 pacman=325,376 size=448x553 stride=1792 bytes=990976 result=0
Bus::publish queueing msg type=4 to channel=gui.input
Compositor paint complete windowId=1000 frameGeneration=24 paintGeneration=24
Compositor frame replaced windowId=1000 frameGeneration=25 storedBytes=990976 width=448 height=553 stride=1792 format=1 validation=PASS
Bus::publish directing msg type=10 to pid=11
Compositor invalidation requested windowId=1000 frameGeneration=25
Bus::publish queueing msg type=4 to channel=gui.input
Bus::publish queueing msg type=10 to channel=gui.input
Native ELF frame boundary runtimeId=1 windowId=1000 incomingFrameSeq=58 width=448 height=553 stride=1792 format=1 bytes=990976 validation=PASS presentation=PASS result=0
[NativeAppHost] App: com.guidexos.pacman.danger-validation (Nexgen PacMan Danger Validation) log: PacMan frame seq=58 window=1000 state=Dying step=133 score=60 lives=2 level=1 pacman=325,376 size=448x553 stride=1792 bytes=990976 result=0
Bus::publish queueing msg type=4 to channel=gui.input
Bus::publish queueing msg type=4 to channel=gui.input
Compositor paint complete windowId=1000 frameGeneration=25 paintGeneration=25
Bus::publish directing msg type=4 to pid=11
[NativeAppHost] App: com.guidexos.pacman.danger-validation (Nexgen PacMan Danger Validation) poll_event returned type=6 windowId=1000
Bus::publish queueing msg type=10 to channel=gui.input
Native ELF frame boundary runtimeId=1 windowId=1000 incomingFrameSeq=59 width=448 height=553 stride=1792 format=1 bytes=990976 validation=PASS presentation=PASS result=0
[NativeAppHost] App: com.guidexos.pacman.danger-validation (Nexgen PacMan Danger Validation) log: PacMan frame seq=59 window=1000 state=Dying step=134 score=60 lives=2 level=1 pacman=325,376 size=448x553 stride=1792 bytes=990976 result=0
Bus::publish queueing msg type=4 to channel=gui.input
Compositor paint complete windowId=1000 frameGeneration=25 paintGeneration=25
Bus::publish queueing msg type=4 to channel=gui.input
Compositor frame replaced windowId=1000 frameGeneration=26 storedBytes=990976 width=448 height=553 stride=1792 format=1 validation=PASS
Bus::publish directing msg type=10 to pid=11
Compositor invalidation requested windowId=1000 frameGeneration=26
Bus::publish queueing msg type=10 to channel=gui.input
Native ELF frame boundary runtimeId=1 windowId=1000 incomingFrameSeq=60 width=448 height=553 stride=1792 format=1 bytes=990976 validation=PASS presentation=PASS result=0
[NativeAppHost] App: com.guidexos.pacman.danger-validation (Nexgen PacMan Danger Validation) log: PacMan frame seq=60 window=1000 state=Dying step=139 score=60 lives=2 level=1 pacman=325,376 size=448x553 stride=1792 bytes=990976 result=0
Bus::publish queueing msg type=4 to channel=gui.input
Compositor paint complete windowId=1000 frameGeneration=26 paintGeneration=26
Bus::publish directing msg type=4 to pid=11
[NativeAppHost] App: com.guidexos.pacman.danger-validation (Nexgen PacMan Danger Validation) poll_event returned type=6 windowId=1000
Bus::publish queueing msg type=10 to channel=gui.input
Native ELF frame boundary runtimeId=1 windowId=1000 incomingFrameSeq=61 width=448 height=553 stride=1792 format=1 bytes=990976 validation=PASS presentation=PASS result=0
[NativeAppHost] App: com.guidexos.pacman.danger-validation (Nexgen PacMan Danger Validation) log: PacMan frame seq=61 window=1000 state=Dying step=139 score=60 lives=2 level=1 pacman=325,376 size=448x553 stride=1792 bytes=990976 result=0
Bus::publish queueing msg type=4 to channel=gui.input
Compositor paint complete windowId=1000 frameGeneration=26 paintGeneration=26
Bus::publish directing msg type=4 to pid=11
[NativeAppHost] App: com.guidexos.pacman.danger-validation (Nexgen PacMan Danger Validation) poll_event returned type=6 windowId=1000
Bus::publish queueing msg type=10 to channel=gui.input
Native ELF frame boundary runtimeId=1 windowId=1000 incomingFrameSeq=62 width=448 height=553 stride=1792 format=1 bytes=990976 validation=PASS presentation=PASS result=0
[NativeAppHost] App: com.guidexos.pacman.danger-validation (Nexgen PacMan Danger Validation) log: PacMan frame seq=62 window=1000 state=Dying step=142 score=60 lives=2 level=1 pacman=325,376 size=448x553 stride=1792 bytes=990976 result=0
Bus::publish queueing msg type=4 to channel=gui.input
Compositor paint complete windowId=1000 frameGeneration=26 paintGeneration=26
Compositor frame replaced windowId=1000 frameGeneration=27 storedBytes=990976 width=448 height=553 stride=1792 format=1 validation=PASS
Bus::publish directing msg type=10 to pid=11
Compositor invalidation requested windowId=1000 frameGeneration=27
Bus::publish queueing msg type=4 to channel=gui.input
Compositor paint complete windowId=1000 frameGeneration=27 paintGeneration=27
Bus::publish directing msg type=4 to pid=11
Bus::publish queueing msg type=10 to channel=gui.input
Native ELF frame boundary runtimeId=1 windowId=1000 incomingFrameSeq=63 width=448 height=553 stride=1792 format=1 bytes=990976 validation=PASS presentation=PASS result=0
[NativeAppHost] App: com.guidexos.pacman.danger-validation (Nexgen PacMan Danger Validation) log: PacMan frame seq=63 window=1000 state=Dying step=148 score=60 lives=2 level=1 pacman=325,376 size=448x553 stride=1792 bytes=990976 result=0
Bus::publish queueing msg type=4 to channel=gui.input
[NativeAppHost] App: com.guidexos.pacman.danger-validation (Nexgen PacMan Danger Validation) poll_event returned type=6 windowId=1000
Bus::publish queueing msg type=10 to channel=gui.input
Native ELF frame boundary runtimeId=1 windowId=1000 incomingFrameSeq=64 width=448 height=553 stride=1792 format=1 bytes=990976 validation=PASS presentation=PASS result=0
[NativeAppHost] App: com.guidexos.pacman.danger-validation (Nexgen PacMan Danger Validation) log: PacMan frame seq=64 window=1000 state=Dying step=148 score=60 lives=2 level=1 pacman=325,376 size=448x553 stride=1792 bytes=990976 result=0
Bus::publish queueing msg type=4 to channel=gui.input
Compositor paint complete windowId=1000 frameGeneration=27 paintGeneration=27
Compositor frame replaced windowId=1000 frameGeneration=28 storedBytes=990976 width=448 height=553 stride=1792 format=1 validation=PASS
Bus::publish directing msg type=10 to pid=11
Compositor invalidation requested windowId=1000 frameGeneration=28
Bus::publish queueing msg type=10 to channel=gui.input
Native ELF frame boundary runtimeId=1 windowId=1000 incomingFrameSeq=65 width=448 height=553 stride=1792 format=1 bytes=990976 validation=PASS presentation=PASS result=0
[NativeAppHost] App: com.guidexos.pacman.danger-validation (Nexgen PacMan Danger Validation) log: PacMan frame seq=65 window=1000 state=Dying step=151 score=60 lives=2 level=1 pacman=325,376 size=448x553 stride=1792 bytes=990976 result=0
Bus::publish queueing msg type=4 to channel=gui.input
Compositor paint complete windowId=1000 frameGeneration=28 paintGeneration=28
Bus::publish directing msg type=4 to pid=11
[NativeAppHost] App: com.guidexos.pacman.danger-validation (Nexgen PacMan Danger Validation) poll_event returned type=6 windowId=1000
Bus::publish queueing msg type=10 to channel=gui.input
Native ELF frame boundary runtimeId=1 windowId=1000 incomingFrameSeq=66 width=448 height=553 stride=1792 format=1 bytes=990976 validation=PASS presentation=PASS result=0
[NativeAppHost] App: com.guidexos.pacman.danger-validation (Nexgen PacMan Danger Validation) log: PacMan frame seq=66 window=1000 state=Dying step=151 score=60 lives=2 level=1 pacman=325,376 size=448x553 stride=1792 bytes=990976 result=0
Bus::publish queueing msg type=4 to channel=gui.input
Bus::publish queueing msg type=4 to channel=gui.input
Compositor paint complete windowId=1000 frameGeneration=28 paintGeneration=28
Compositor frame replaced windowId=1000 frameGeneration=29 storedBytes=990976 width=448 height=553 stride=1792 format=1 validation=PASS
Bus::publish directing msg type=10 to pid=11
Compositor invalidation requested windowId=1000 frameGeneration=29
Bus::publish queueing msg type=10 to channel=gui.input
Native ELF frame boundary runtimeId=1 windowId=1000 incomingFrameSeq=67 width=448 height=553 stride=1792 format=1 bytes=990976 validation=PASS presentation=PASS result=0
[NativeAppHost] App: com.guidexos.pacman.danger-validation (Nexgen PacMan Danger Validation) log: PacMan frame seq=67 window=1000 state=Dying step=156 score=60 lives=2 level=1 pacman=325,376 size=448x553 stride=1792 bytes=990976 result=0
Bus::publish queueing msg type=4 to channel=gui.input
Compositor paint complete windowId=1000 frameGeneration=29 paintGeneration=29
Bus::publish directing msg type=4 to pid=11
[NativeAppHost] App: com.guidexos.pacman.danger-validation (Nexgen PacMan Danger Validation) poll_event returned type=6 windowId=1000
Bus::publish queueing msg type=10 to channel=gui.input
Native ELF frame boundary runtimeId=1 windowId=1000 incomingFrameSeq=68 width=448 height=553 stride=1792 format=1 bytes=990976 validation=PASS presentation=PASS result=0
[NativeAppHost] App: com.guidexos.pacman.danger-validation (Nexgen PacMan Danger Validation) log: PacMan frame seq=68 window=1000 state=Dying step=156 score=60 lives=2 level=1 pacman=325,376 size=448x553 stride=1792 bytes=990976 result=0
Bus::publish queueing msg type=4 to channel=gui.input
Compositor paint complete windowId=1000 frameGeneration=29 paintGeneration=29
Bus::publish queueing msg type=4 to channel=gui.input
Compositor service stopping
[lifecycle] phase -> Stopped
guideXOSServer server exiting.
