Kernel build (baseline): SKIPPED
Kernel build (true VM test): SKIPPED
QEMU located: PASS
QEMU version: QEMU emulator version 11.0.0 (v11.0.0-12122-ga4bb4b10c9)
Copyright (c) 2003-2026 Fabrice Bellard and the QEMU Project developers
QEMU SHA256: A930E028F93D0FA47E4D58BDAD2432F7466DC2B6AF0AE376F77EF7A298FFDD02
Baseline boot: SKIPPED
Reservation data-frame delta: 0000000000000000
Committed-frame delta: 0000000000000002
Released-frame delta: 0000000000000003
QEMU located: PASS
Baseline boot: SKIPPED
True unbacked reservation: PASS
Preferred-base reservation: PASS
Overlap rejection: PASS
Partial commit: PASS
Zero initialization: PASS
Partial decommit: PASS
Reserved range retained after decommit: PASS
Recommit zeroing: PASS
Read-only enforcement: PASS
No-access enforcement: PASS
Reserved-uncommitted fault: PASS
Decommitted-page fault: PASS
Release: PASS
Range reuse: PASS
Metadata reuse: PASS
Stale-handle rejection: PASS
Process/address-space teardown: PASS
Physical-frame leak check: PASS
Mapping leak check: PASS
Adapter initialization: PASS
Adapter PAL reserve: PASS
Adapter reserve data-frame delta: PASS
Adapter preferred-address behavior: PASS
Adapter PAL commit: PASS
Adapter commit frame delta: PASS
Adapter partial commit: PASS
Adapter zero initialization: PASS
Adapter PAL decommit: PASS
Adapter decommit frame recovery: PASS
Adapter recommit zeroing: PASS
Adapter protection mapping: PASS
Adapter query/page size: PASS
Adapter PAL release: PASS
Adapter range reuse: PASS
Adapter registry reuse: PASS
Adapter stale record rejection: PASS
Adapter failure rollback: PASS
Adapter shutdown: PASS
Adapter frame leak check: PASS
Adapter mapping leak check: PASS
Adapter registry leak check: PASS
Adapter memory status: PASS
Native VM ALL_PASS: PASS
Adapter GC memory-status wrappers: PASS
Serial log: D:\dev\guideXOSServerV1.1_DOTNET_SUPPORT\out\dotnet\gc-platform-object-replacement\rebuilt\qemu-exact-symbol-probe\generic-true-vm\smoke-20260722-234311\native-virtual-memory-serial.log
QEMU debug log: D:\dev\guideXOSServerV1.1_DOTNET_SUPPORT\out\dotnet\gc-platform-object-replacement\rebuilt\qemu-exact-symbol-probe\generic-true-vm\smoke-20260722-234311\native-virtual-memory-qemu-debug.log
Blocked checks: 0
Failed checks: 0