[2J[01;01H[=3h[2J[01;01H[2J[01;01H[=3h[2J[01;01H[2J[01;01H[=3h[2J[01;01HBdsDxe: loading Boot0001 "UEFI QEMU HARDDISK QM00001 " from PciRoot(0x0)/Pci(0x1,0x1)/Ata(Primary,Master,0x0)
BdsDxe: starting Boot0001 "UEFI QEMU HARDDISK QM00001 " from PciRoot(0x0)/Pci(0x1,0x1)/Ata(Primary,Master,0x0)
guideXOS UEFI Bootloader
ACPI RSDP found at 0x000000003F77E000, rev 0
ELF: vaddr range 0x100000 - 0x4d2aae0 (size 0x4c2aae0)
ELF: Allocated 19499 pages at 0x36f4a000
ELF: Loading seg 0: vaddr=0x100000 -> phys=0x36f4a000 (filesz=0x19c018)
ELF: Loading seg 1: vaddr=0x29d000 -> phys=0x370e7000 (filesz=0xb038)
ELF: Entry point in segment 0 (vaddr 0x100000)
ELF: Entry vaddr=0x100000, offset=0x0, physEntry=0x36f4a000
Kernel entry phys: 0x0000000036F4A000 virt: 0x0000000000100000
Kernel loaded at: 0x0000000036F4A000 - 0x000000003BB74AE0
Ramdisk size: 67108864 bytes
Ramdisk loaded at 0x0000000032F4A000
Stack allocated at 0x0000000000200000, top at 0x0000000000210000 (below kernel)

=== PCI Enumeration ===
Found 1 network controller(s)
  [%02x:%02x.0] Vendor=%04x Device=%04x Class=%02x/%02x IRQ=3
    BAR0: Phys=%016lx Size=81040000 ()
    ** Supported Intel E1000 NIC **

*** Using NIC at [%02x:%02x.0] ***
    Vendor: %04x  Device: %04x
    MMIO Phys: %016lx  Size: 81040000
    PCI bus mastering enabled
=========================

Runtime frame pool: 0x000000003D92B000 pages=512
Mapping stack: 0x0000000000200000 size 65536
Mapping framebuffer: 0x0000000080000000 size 4096000
Mapping ramdisk: 0x0000000032F4A000 size 67108864
Mapping ACPI RSDP region: 0x000000003F77E000
Mapping bootloader: 0x000000003DB6B000 size 73728
Mapping allocator region: 0x4000000 size 64MB
Mapping low memory stack region: 0x100000 size 2MB
Mapping NIC MMIO: %016lx size 81040000
NIC MMIO mapped: Phys=%016lx Virt=%016lx
Building identity page tables with 14 ranges...
Page tables built at PML4: 0x000000003DB89000
Pre-EBS marker drawn (green square top-left)
Exiting boot services...


=== GuideXOS Boot (Post-ExitBootServices) ===

=== CPU State Check ===
CR0 = 0x0000000080010033
CR3 = 0x000000003F801000
CR4 = 0x0000000000000668
EFER = 0x0000000000000D00
  [OK] CR0.PG (Paging) enabled
  [OK] CR0.PE (Protected Mode) enabled
  [OK] CR4.PAE enabled
  [OK] EFER.LME (Long Mode Enable) set
  [OK] EFER.LMA (Long Mode Active) set

=== BootInfo ===
Magic: 0x49425847
Framebuffer: 0x0000000080000000 (0x00000500x0x00000320)

=== Kernel Entry Validation ===
Entry point: 0x0000000036F4A000
First 16 bytes at entry:
  FA 66 31 C0 8E D8 8E C0 8E E0 8E E8 8E D0 48 BC 
  [INFO] Unknown prologue pattern

=== Jumping to Kernel (Trampoline) ===

========================================
=== PRE-HANDOFF VALIDATION ===
========================================

--- Parameters ---
Kernel Entry: 0x0000000036F4A000
BootInfo:     0x000000003DE33000
Stack Top:    0x0000000000210000
PML4 Phys:    0x000000003DB89000

--- Validating Mappings ---

[1] Kernel Entry:
Checking mapping for: 0x0000000036F4A000
  PML4[0x00000000] = 0x000000003DB88003
  PDPT[0x00000000] = 0x000000003DB87003
  PD[0x000001B7] = 0x000000003DB85003
  PT[0x0000014A] = 0x0000000036F4A003
  [OK] Maps to physical: 0x0000000036F4A000

[2] BootInfo:
Checking mapping for: 0x000000003DE33000
  PML4[0x00000000] = 0x000000003DB88003
  PDPT[0x00000000] = 0x000000003DB87003
  PD[0x000001EF] = 0x000000003D90B003
  PT[0x00000033] = 0x000000003DE33003
  [OK] Maps to physical: 0x000000003DE33000

[3] Stack (top - 0x1000):
Checking mapping for: 0x000000000020F000
  PML4[0x00000000] = 0x000000003DB88003
  PDPT[0x00000000] = 0x000000003DB87003
  PD[0x00000001] = 0x000000003D90C003
  PT[0x0000000F] = 0x0000000037059003
  [OK] Maps to physical: 0x0000000037059000

[4] PML4 self-mapping:
Checking mapping for: 0x000000003DB89000
  PML4[0x00000000] = 0x000000003DB88003
  PDPT[0x00000000] = 0x000000003DB87003
  PD[0x000001ED] = 0x000000003D90A003
  PT[0x00000189] = 0x000000003DB89003
  [OK] Maps to physical: 0x000000003DB89000

[5] Framebuffer:
Checking mapping for: 0x0000000080000000
  PML4[0x00000000] = 0x000000003DB88003
  PDPT[0x00000002] = 0x000000003D908003
  PD[0x00000000] = 0x000000003D907003
  PT[0x00000000] = 0x0000000080000003
  [OK] Maps to physical: 0x0000000080000000

========================================
=== VALIDATION COMPLETE ===
========================================


[BOOT] Validating VIRTUAL kernel entry mapping:
Checking mapping for: 0x0000000000100000
  PML4[0x00000000] = 0x000000003DB88003
  PDPT[0x00000000] = 0x000000003DB87003
  PD[0x00000000] = 0x000000003DB86003
  PT[0x00000100] = 0x0000000036F4A003
  [OK] Maps to physical: 0x0000000036F4A000
[BOOT] About to handoff via trampoline...
[BOOT] Trampoline at: 0x000000003DE32000
[BOOT] Kernel entry: 0x0000000036F4A000
[BOOT] BootInfo at: 0x000000003DE33000
[BOOT] Stack top: 0x0000000000210000
[BOOT] PML4: 0x000000003DB89000

[BOOT] Validating trampoline mapping:
Checking mapping for: 0x000000003DE32000
  PML4[0x00000000] = 0x000000003DB88003
  PDPT[0x00000000] = 0x000000003DB87003
  PD[0x000001EF] = 0x000000003D90B003
  PT[0x00000032] = 0x000000003DE32003
  [OK] Maps to physical: 0x000000003DE32000

[BOOT] === CALLING TRAMPOLINE NOW ===
[KERNEL] guideXOS kernel_main entered
[KERNEL] desktopCleanupRuntimePass=2
[KERNEL] Boot method: UEFI BootInfo
[KERNEL] Framebuffer initialized: 00000500x00000320
[desktop] system desktop icon settings loaded
[VFS] ERROR: No mount point for path: /desktop.shortcuts
[desktop] Shortcut loaded: none persisted
[VFS] ERROR: No mount point for path: /.startmenu_recent
[desktop] Start menu recent programs loaded: none persisted
[desktop] bare-metal desktop icon init starting
[desktop] system icon visibility decision: Trash enabled
[desktop] system icon visibility decision: File Explorer enabled
[desktop] system icon visibility decision: System Settings hidden
[desktop] bare-metal desktop backing path chosen: /Desktop
[VFS] ERROR: No mount point for path: /.desktop_icons
[desktop] allocating desktop icon slot occupied=00000002 columns=0000000F rows=00000008
[desktop] desktop icon slot selected x=00000018 y=00000018
[desktop] allocating desktop icon slot occupied=00000002 columns=0000000F rows=00000008
[desktop] desktop icon slot selected x=00000068 y=00000018
[desktop] bare-metal desktop icon init completed
[desktop] wallpaper load path=/desktop.cfg backend=unmounted
[desktop] wallpaper load deferred reason=settings-volume-not-mounted
[desktop] wallpaper load path=/desktop.cfg backend=unmounted
[desktop] wallpaper load deferred reason=settings-volume-not-mounted
Taskbar: SearchWidget hidden, search provider unavailable
Taskbar: ClockWidget enabled, RTC/CMOS time available
Taskbar: NetworkWidget hidden, no network provider available
Taskbar: VolumeWidget hidden, audio provider unavailable
Taskbar: BatteryWidget hidden, no battery provider available
[DESKTOP CAP] begin
[DESKTOP CAP] architecture=AMD64 (x86-64)
[DESKTOP CAP] framebuffer_available=true
[DESKTOP CAP] framebuffer_width=0x00000500
[DESKTOP CAP] framebuffer_height=0x00000320
[DESKTOP CAP] framebuffer_pitch=0x00001400
[DESKTOP CAP] framebuffer_bpp=0x00000020
[DESKTOP CAP] framebuffer_pixel_format_supported=true
[DESKTOP CAP] double_buffering_enabled=true
[DESKTOP CAP] mouse_available=true
[DESKTOP CAP] keyboard_available=true
[DESKTOP CAP] timer_tick_available=true
[DESKTOP CAP] desktop_event_loop_active=false
[DESKTOP CAP] cursor_rendering_active=false
[DESKTOP CAP] taskbar_enabled=true
[DESKTOP CAP] start_menu_enabled=true
[DESKTOP CAP] window_move_enabled=true
[DESKTOP CAP] window_resize_enabled=true
[DESKTOP CAP] desktop_icons_enabled=true
[DESKTOP CAP] icon_persistence_available=false
[DESKTOP CAP] shutdown_supported=true
[DESKTOP CAP] restart_supported=true
[DESKTOP CAP] end
[desktop] wallpaper image lookup path=/system/wall/blueflwr.gxi
[desktop] gximg stat failed: /system/wall/blueflwr.gxi
[desktop] wallpaper image fallback to gradient
[desktop] Trash icon state count=0 iconKey=trash.empty
[KERNEL] Desktop drawn
[GDT] GDT loaded with 3 entries, segments reloaded
[IRQ] IDT loaded, PIC remapped, interrupts enabled
[IRQ] Master PIC mask: 0xFF Slave PIC mask: 0xFF
[KERNEL] IDT + PIC initialized, interrupts enabled
[PIT] Timer configured at ~00000064 Hz (divisor=0x