guideXOSServer server starting...
[lifecycle] phase -> PlatformDiscovery
[lifecycle] phase -> MemoryReady
[lifecycle] phase -> SchedulerReady
[lifecycle] phase -> IpcReady
[lifecycle] phase -> DesktopStateReady
AppRegistry initializing, count=1
AppRegistry manifest scan succeeded: scanned=14, registered=14
AppModel registry candidate:  displayName=Audio Beep id=com.guidexos.samples.audiobeep kind=NativeElf source=SystemApps
Registered app: Audio Beep
AppModel registry candidate:  displayName=Hello World id=com.guidexos.samples.helloworld kind=NativeElf source=SystemApps
Registered app: Hello World
AppModel registry candidate:  displayName=Missile Command (MC5) id=com.guidexos.samples.missilecommand kind=NativeElf source=SystemApps
Registered app: Missile Command (MC5)
AppModel registry candidate:  displayName=Resource Viewer id=com.guidexos.samples.resourceviewer kind=NativeElf source=SystemApps
Registered app: Resource Viewer
AppModel registry candidate:  displayName=Future GXApp Package id=com.guidexos.examples.futuregxapp kind=GXAppPackage source=SystemApps
Registered app: Future GXApp Package
AppModel registry candidate:  displayName=HelloWorld ELF id=com.guidexos.examples.helloworld kind=NativeElf source=SystemApps
Registered app: HelloWorld ELF
AppModel registry candidate:  displayName=Notepad id=com.guidexos.examples.notepad kind=BuiltIn source=SystemApps
Registered app: Notepad
AppModel registry candidate:  displayName=Audio Beep id=com.guidexos.audiobeep kind=NativeElf source=Package
Registered app: Audio Beep
AppModel registry candidate:  displayName=guideXOS Developer Studio id=com.guidexos.developerstudio kind=NativeElf source=Package
Registered app: guideXOS Developer Studio
AppModel registry candidate:  displayName=Hello World id=com.guidexos.helloworld kind=NativeElf source=Package
Registered app: Hello World
AppModel registry candidate:  displayName=Missile Command (MC5) id=com.guidexos.missilecommand kind=NativeElf source=Package
Registered app: Missile Command (MC5)
AppModel registry candidate:  displayName=Nexgen PacMan id=com.guidexos.pacman kind=NativeElf source=Package
Registered app: Nexgen PacMan
AppModel registry candidate:  displayName=PacMan PGM1 Ready Input Validation id=com.guidexos.pacman.pgm1.ready-input-validation kind=NativeElf source=Package
Registered app: PacMan PGM1 Ready Input Validation
AppModel registry candidate:  displayName=Resource Viewer id=com.guidexos.resourceviewer kind=NativeElf source=Package
Registered app: Resource Viewer
AppModel registry candidate:  displayName=Notepad id=gxos.builtin.notepad kind=BuiltIn source=BuiltIn
Registered app: Notepad
AppModel registry candidate:  displayName=Calculator id=gxos.builtin.calculator kind=BuiltIn source=BuiltIn
Registered app: Calculator
AppModel registry candidate:  displayName=Clock id=gxos.builtin.clock kind=BuiltIn source=BuiltIn
Registered app: Clock
AppModel registry candidate:  displayName=Console id=gxos.builtin.console kind=BuiltIn source=BuiltIn
Registered app: Console
AppModel registry candidate:  displayName=File Explorer id=gxos.builtin.fileexplorer kind=BuiltIn source=BuiltIn
Registered app: File Explorer
AppModel registry candidate:  displayName=Trash id=gxos.builtin.trash kind=BuiltIn source=BuiltIn
Registered app: Trash
AppModel registry candidate:  displayName=TaskManager id=gxos.builtin.taskmanager kind=BuiltIn source=BuiltIn
Registered app: TaskManager
AppModel registry candidate:  displayName=Paint id=gxos.builtin.paint kind=BuiltIn source=BuiltIn
Registered app: Paint
AppModel registry candidate:  displayName=Image Viewer id=gxos.builtin.imageviewer kind=BuiltIn source=BuiltIn
Registered app: Image Viewer
AppModel registry candidate:  displayName=OnScreenKeyboard id=gxos.builtin.onscreenkeyboard kind=BuiltIn source=BuiltIn
Registered app: OnScreenKeyboard
AppModel registry candidate:  displayName=ShutdownDialog id=gxos.builtin.shutdowndialog kind=BuiltIn source=BuiltIn
Registered app: ShutdownDialog
AppModel registry candidate:  displayName=DiskManager id=gxos.builtin.diskmanager kind=BuiltIn source=BuiltIn
Registered app: DiskManager
AppModel registry candidate:  displayName=ControlPanel id=gxos.builtin.controlpanel kind=BuiltIn source=BuiltIn
Registered app: ControlPanel
AppModel registry candidate:  displayName=Settings id=gxos.builtin.settings kind=BuiltIn source=BuiltIn
Registered app: Settings
AppModel registry candidate:  displayName=DisplayOptions id=gxos.builtin.displayoptions kind=BuiltIn source=BuiltIn
Registered app: DisplayOptions
AppModel registry candidate:  displayName=guideXOS Navigator id=guidexos.navigator kind=BuiltIn source=BuiltIn
Registered app: guideXOS Navigator
AppModel registry candidate:  displayName=App Model Demo id=gxos.builtin.appmodeldemo kind=BuiltIn source=BuiltIn
Registered app: App Model Demo
AppModel registry candidate:  displayName=Native App Debug Viewer id=gxos.builtin.nativeappdebugviewer kind=BuiltIn source=BuiltIn
Registered app: Native App Debug Viewer
AppModel registry candidate:  displayName=HDInstaller id=gxos.builtin.hdinstaller kind=BuiltIn source=BuiltIn
Registered app: HDInstaller
Pinned app: App Model Demo
Pinned app-model demo app: App Model Demo
Pinned app: Native App Debug Viewer
Pinned app-model demo app: Native App Debug Viewer
Pinned app: Hello World
Pinned app-model demo app: Hello World
Pinned app: Resource Viewer
Pinned app-model demo app: Resource Viewer
AppRegistry initialized, desktop apps=33
Desktop folder resolver selected virtualPath=/Documents hostedPath=D:/dev/guideXOSServer/Documents
Desktop folder already exists: D:/dev/guideXOSServer/Documents
Desktop folder resolver selected virtualPath=/Pictures hostedPath=D:/dev/guideXOSServer/Pictures
Desktop folder already exists: D:/dev/guideXOSServer/Pictures
Desktop folder resolver selected virtualPath=/Music hostedPath=D:/dev/guideXOSServer/Music
Desktop folder already exists: D:/dev/guideXOSServer/Music
Desktop folder resolver selected virtualPath=/Network hostedPath=D:/dev/guideXOSServer/Network
Desktop folder already exists: D:/dev/guideXOSServer/Network
Desktop state loaded
NotificationManager initialized
Firewall initialized (Normal mode)
Module registered: Notepad
Module registered: Calculator
Module registered: Paint
Module registered: ImageViewer
Module registered: Clock
Module registered: TaskManager
Module registered: FileExplorer
Module registered: Console
Module registered: OnScreenKeyboard
Module registered: ShutdownDialog
Built-in modules registered (10)
[lifecycle] phase -> ServicesReady
[lifecycle] phase -> Interactive
Commands:
 mem | alloc <n> | tasks | log
 spawn <echo|worker> [args...] | plist
 send <pid> <text> | recv <pid>
 bus.sub <chan> <pid> | bus.unsub <chan> <pid>
 bus.pub <chan> <text> [fanout] | bus.pop <chan> [timeoutMs]
 bus.cap <chan> <cap> | bus.stats <chan>
 console.start | console.send <text> | console.pop [timeoutMs]
 gui.start | gui.open.appmodeldemo | gui.smoke.launchshadow | gui.win <title> [w h] | gui.text <id> <text> | gui.close <id> | gui.key <keyCode> <down|up> [modifiers] | gui.mouse <windowId> <x> <y> <button> <down|up|move|wheelup|wheeldown>
 gui.rect <id> <x> <y> <w> <h> <r> <g> <b> | gui.move <id> <x> <y> | gui.resize <id> <w> <h> | gui.title <id> <title>
 gui.btn <win> <id> <x> <y> <w> <h> <text> | gui.pop | gui.wlist | gui.activate <id> | gui.min <id> | gui.sync <id> <frameGeneration> [frameSequence] [freeze] | gui.unfreeze <id>
 gxm.load <path> | gxm.sample | gui.save <path> | gui.load <path>
 desktop.wallpaper <path> | desktop.background.remove <id> | desktop.launch <action> | desktop.open <path> [dir] | desktop.launch.resolve <label> | desktop.launch.adapt <label> | desktop.launch.compare | desktop.launch.storage | desktop.launch.storage.preview | desktop.launch.storage.preview.compare | desktop.launch.types | desktop.open.resolve <path> [dir] | desktop.appmodel.active-typed-dispatch-gate [force-on|force-off|reset] | desktop.appmodel.active-typed-dispatch-default-on-candidate [on|off|reset] | desktop.pin <action> | desktop.unpin <action> | desktop.showconfig | desktop.display.summary | desktop.display.viewport [1|2]
 desktop.apps | desktop.apps.verbose | desktop.windows.owners | desktop.startup.regression | desktop.appmodel.summary | desktop.appmodel.inventory | desktop.appmodel.coverage | desktop.appmodel.file-associations | desktop.appmodel.shell-objects | desktop.appmodel.typed-dispatch-gate [force-off] | desktop.pinned | desktop.recent | desktop.recent.remove <name> | desktop.pinapp <name> | desktop.pinfile <name> <path>
 nativeapp.capabilities | nativeapp.inspect <app> | nativeapp.smoketest <app> | nativeapp.processes | nativeapp.debuglog [count]
 taskbar.list | taskbar.activate <id> | taskbar.min <id> | taskbar.close <id>
 workspace.switch <n> | workspace.next | workspace.prev | workspace.current
 notepad | notepad <file>
 calculator
 console | console.start | console.send <text> | console.pop [timeoutMs]
 files | files <path>
 clock
 taskmanager.snapshot | taskmanager.network-snapshot-wait | taskmanager.tombstone-test
 taskmgr
 paint
 navigator | navigator.smoke | navigator.positioned-link-probe | navigator.goto <url>
 imgview [file] | osk
 shutdown | msgbox <text> | welcome
 notify <text> | notify.clear
 fw.mode <normal|block|disabled|auto> | fw.allow <name> | fw.list | fw.alerts
 modules | module.launch <name>
 pkg.install <path.gxapp> | pkg.launch <app> | pkg.list | pkg.validate <path.gxapp>
 proc.wait <pid> [timeoutMs] | proc.status <pid>
 vfs.mkdir <path> | vfs.write <path> <text> | vfs.read <path> | vfs.ls <path>
 vnc.start [port] | vnc.stop | vnc.status
 pbytes | help | quit/exit
[lifecycle] phase -> ServicesReady
[lifecycle] compositor pid=10
[LaunchDispatch] source=HostedDesktopService target=gxos.builtin.notepad resolvedType=BuiltInApp appId=gxos.builtin.notepad usage=typed-dispatch selectedDispatch=gxos.builtin.notepad behaviorPreserved=true reason=Resolver classified target as typed-ready; compatibility dispatch remains selected to preserve behavior
Compositor service started (native window)
[AppModelActiveTypedDispatch] source=HostedDesktopService request=gxos.builtin.notepad classification=BuiltInApp shadowDecision=gxos.builtin.notepad shadowUsage=typed-dispatch selectedHandler=Notepad appModelActiveDispatchDefaultOnCandidateGate=appmodel.active-typed-dispatch-default-on-candidate appModelActiveDispatchCandidateEnabled=false appModelActiveDispatchEnabled=true appModelActiveDispatchEffectiveStateSource=product-default appModelActiveDispatchRuntimeLaunchBehaviorChanged=true appModelActiveDispatchVisibleLaunchBehaviorChanged=false activeTypedDispatchHandled=true legacyFallbackUsed=false visibleBehaviorChanged=false visibleLaunchBehaviorChanged=false reason=Active typed dispatch handled the Notepad launch
Notepad starting...
Notepad: Select All
Notepad: selection self-test failed
Bus::publish queueing msg type=1 to channel=gui.input
PngLoader: loaded /system/fonts/roboto/roboto_9pt_regular.png 260x160 sourceChannels=4
PngLoader: loaded /system/fonts/roboto/roboto_9pt_bold.png 260x160 sourceChannels=4
PngLoader: loaded /system/fonts/roboto/roboto_9pt_italic.png 260x160 sourceChannels=4
PngLoader: loaded /system/fonts/roboto/roboto_9pt_bolditalic.png 260x160 sourceChannels=4
PngLoader: loaded /system/fonts/roboto/roboto_12pt_regular.png 260x160 sourceChannels=4
PngLoader: loaded /system/fonts/roboto/roboto_12pt_bold.png 260x160 sourceChannels=4
PngLoader: loaded /system/fonts/roboto/roboto_12pt_italic.png 260x160 sourceChannels=4
PngLoader: loaded /system/fonts/roboto/roboto_12pt_bolditalic.png 260x160 sourceChannels=4
PngLoader: loaded /system/fonts/roboto/roboto_12pt_thin.png 390x240 sourceChannels=4
GdiVideoBackend: initialized 1024x768
VideoBackend: GDI backend active size=1024x768
Compositor DesktopConfig loaded=true err=
Compositor display options store loaded=true err=
Compositor taskbar position=bottom
Compositor background scale mode=fill
Compositor display layout summary: mode=mirror monitorCount=1 virtualDesktop=1024x768 bounds=0,0-1024,768 primary=display-1(Display 1) primaryViewport=0,0 1024x768 monitors=[display-1(Display 1)@0,0 1024x768 primary] persistedResolution=1024x768 arrangement=display-1|Display 1|0|0|1024|768|1|1|1|0|0|XRGB32|
Compositor config pinned before merge count=17
  config pinned before merge: App Model Demo
  config pinned before merge: Future GXApp Package
  config pinned before merge: Hello World
  config pinned before merge: HelloWorld ELF
  config pinned before merge: Native App Debug Viewer
  config pinned before merge: Resource Viewer
  config pinned before merge: Nexgen PacMan
  config pinned before merge: Nexgen PacMan Danger Validation
  config pinned before merge: Nexgen PacMan Bare-Metal Fruit Validation
  config pinned before merge: Nexgen PacMan Fruit Validation
  config pinned before merge: Nexgen PacMan Level Validation
  config pinned before merge: ComputerFiles
  config pinned before merge: Trash
  config pinned before merge: guideXOS Developer Studio
  config pinned before merge: Audio Beep
  config pinned before merge: Audio Beep Denied
  config pinned before merge: Missile Command (MC5)
Compositor config recent before merge count=10
  config recent before merge: Missile Command (MC5)
  config recent before merge: guideXOS Developer Studio
  config recent before merge: guideXOS Navigator
  config recent before merge: Notepad
  config recent before merge: File Explorer
  config recent before merge: DisplayOptions
  config recent before merge: ControlPanel
  config recent before merge: Nexgen PacMan Danger Validation
  config recent before merge: Nexgen PacMan
  config recent before merge: Resource Viewer
Compositor DesktopService pin considered: App Model Demo
Compositor skip already present from DesktopService pin: App Model Demo
Compositor DesktopService pin considered: Future GXApp Package
Compositor skip already present from DesktopService pin: Future GXApp Package
Compositor DesktopService pin considered: Hello World
Compositor skip already present from DesktopService pin: Hello World
Compositor DesktopService pin considered: HelloWorld ELF
Compositor skip already present from DesktopService pin: HelloWorld ELF
Compositor DesktopService pin considered: Native App Debug Viewer
Compositor skip already present from DesktopService pin: Native App Debug Viewer
Compositor DesktopService pin considered: Resource Viewer
Compositor skip already present from DesktopService pin: Resource Viewer
Compositor DesktopService pin considered: Nexgen PacMan
Compositor skip already present from DesktopService pin: Nexgen PacMan
Compositor DesktopService pin considered: Nexgen PacMan Danger Validation
Compositor skip already present from DesktopService pin: Nexgen PacMan Danger Validation
Compositor DesktopService pin considered: Nexgen PacMan Bare-Metal Fruit Validation
Compositor skip already present from DesktopService pin: Nexgen PacMan Bare-Metal Fruit Validation
Compositor DesktopService pin considered: Nexgen PacMan Fruit Validation
Compositor skip already present from DesktopService pin: Nexgen PacMan Fruit Validation
Compositor DesktopService pin considered: Nexgen PacMan Level Validation
Compositor skip already present from DesktopService pin: Nexgen PacMan Level Validation
Compositor DesktopService pin considered: ComputerFiles
Compositor skip already present from DesktopService pin: ComputerFiles
Compositor DesktopService pin considered: Trash
Compositor skip already present from DesktopService pin: Trash
Compositor DesktopService pin considered: guideXOS Developer Studio
Compositor skip already present from DesktopService pin: guideXOS Developer Studio
Compositor DesktopService pin considered: Audio Beep
Compositor skip already present from DesktopService pin: Audio Beep
Compositor DesktopService pin considered: Audio Beep Denied
Compositor skip already present from DesktopService pin: Audio Beep Denied
Compositor DesktopService pin considered: Missile Command (MC5)
Compositor skip already present from DesktopService pin: Missile Command (MC5)
Compositor app-model app considered: App Model Demo id=gxos.builtin.appmodeldemo source=BuiltIn
Compositor skip already present from AppModel registry: App Model Demo
Compositor app-model app considered: Audio Beep id=com.guidexos.samples.audiobeep source=SystemApps
Compositor skip already present from AppModel registry: Audio Beep
Compositor app-model app considered: Audio Beep id=com.guidexos.audiobeep source=Package
Compositor skip already present from AppModel registry: Audio Beep
Compositor app-model app considered: Future GXApp Package id=com.guidexos.examples.futuregxapp source=SystemApps
Compositor skip already present from AppModel registry: Future GXApp Package
Compositor app-model app considered: Hello World id=com.guidexos.samples.helloworld source=SystemApps
Compositor skip already present from AppModel registry: Hello World
Compositor app-model app considered: Hello World id=com.guidexos.helloworld source=Package
Compositor skip already present from AppModel registry: Hello World
Compositor app-model app considered: HelloWorld ELF id=com.guidexos.examples.helloworld source=SystemApps
Compositor skip already present from AppModel registry: HelloWorld ELF
Compositor app-model app considered: Missile Command (MC5) id=com.guidexos.samples.missilecommand source=SystemApps
Compositor skip already present from AppModel registry: Missile Command (MC5)
Compositor app-model app considered: Missile Command (MC5) id=com.guidexos.missilecommand source=Package
Compositor skip already present from AppModel registry: Missile Command (MC5)
Compositor app-model app considered: Native App Debug Viewer id=gxos.builtin.nativeappdebugviewer source=BuiltIn
Compositor skip already present from AppModel registry: Native App Debug Viewer
Compositor app-model app considered: Nexgen PacMan id=com.guidexos.pacman source=Package
Compositor skip already present from AppModel registry: Nexgen PacMan
Compositor app-model app considered: PacMan PGM1 Ready Input Validation id=com.guidexos.pacman.pgm1.ready-input-validation source=Package
Compositor include desktop/start entry from AppModel registry: PacMan PGM1 Ready Input Validation
Compositor app-model app considered: Resource Viewer id=com.guidexos.samples.resourceviewer source=SystemApps
Compositor skip already present from AppModel registry: Resource Viewer
Compositor app-model app considered: Resource Viewer id=com.guidexos.resourceviewer source=Package
Compositor skip already present from AppModel registry: Resource Viewer
Compositor app-model app considered: guideXOS Developer Studio id=com.guidexos.developerstudio source=Package
Compositor skip already present from AppModel registry: guideXOS Developer Studio
Compositor config pinned after merge count=18
  config pinned after merge: App Model Demo
  config pinned after merge: Future GXApp Package
  config pinned after merge: Hello World
  config pinned after merge: HelloWorld ELF
  config pinned after merge: Native App Debug Viewer
  config pinned after merge: Resource Viewer
  config pinned after merge: Nexgen PacMan
  config pinned after merge: Nexgen PacMan Danger Validation
  config pinned after merge: Nexgen PacMan Bare-Metal Fruit Validation
  config pinned after merge: Nexgen PacMan Fruit Validation
  config pinned after merge: Nexgen PacMan Level Validation
  config pinned after merge: ComputerFiles
  config pinned after merge: Trash
  config pinned after merge: guideXOS Developer Studio
  config pinned after merge: Audio Beep
  config pinned after merge: Audio Beep Denied
  config pinned after merge: Missile Command (MC5)
  config pinned after merge: PacMan PGM1 Ready Input Validation
Compositor config recent after merge count=10
  config recent after merge: Missile Command (MC5)
  config recent after merge: guideXOS Developer Studio
  config recent after merge: guideXOS Navigator
  config recent after merge: Notepad
  config recent after merge: File Explorer
  config recent after merge: DisplayOptions
  config recent after merge: ControlPanel
  config recent after merge: Nexgen PacMan Danger Validation
  config recent after merge: Nexgen PacMan
  config recent after merge: Resource Viewer
Compositor refreshDesktopItems input pinned=18 recent=10
Compositor start menu skipped missing recent program: Nexgen PacMan Danger Validation
Compositor start menu recent count=9
  start menu recent: Missile Command (MC5)
  start menu recent: guideXOS Developer Studio
  start menu recent: guideXOS Navigator
  start menu recent: Notepad
  start menu recent: File Explorer
  start menu recent: DisplayOptions
  start menu recent: ControlPanel
  start menu recent: Nexgen PacMan
  start menu recent: Resource Viewer
Desktop system icon visibility: system:Trash enabled=true
Desktop system icon created: system:Trash label=Trash icon=trash.empty
Desktop system icon visibility: system:FileExplorer enabled=true
Desktop system icon created: system:FileExplorer label=File Explorer icon=app.files
Desktop system icon visibility: system:SystemSettings enabled=false
Desktop system icon skipped by setting: system:SystemSettings
Desktop folder resolver selected virtualPath=/Desktop hostedPath=D:/dev/guideXOSServer/Desktop
Desktop folder already exists: D:/dev/guideXOSServer/Desktop
Desktop folder enumeration started: D:/dev/guideXOSServer/Desktop
Desktop folder enumeration completed count=0
Desktop icon slot allocation: occupied=0 columns=11 rows=7
Desktop icon slot selected: x=20 y=20
Desktop icon auto-positioned: system:Trash x=20 y=20
Desktop icon slot allocation: occupied=1 columns=11 rows=7
Desktop icon slot selected: x=104 y=20
Desktop icon auto-positioned: system:FileExplorer x=104 y=20
Compositor desktop item count=2
  desktop item: Trash
  desktop item: File Explorer
Compositor start menu skipped shadowed app: Audio Beep id=com.guidexos.samples.audiobeep selectedId=com.guidexos.audiobeep source=SystemApps
Compositor start menu skipped shadowed app: Hello World id=com.guidexos.samples.helloworld selectedId=com.guidexos.helloworld source=SystemApps
Compositor start menu skipped shadowed app: Missile Command (MC5) id=com.guidexos.samples.missilecommand selectedId=com.guidexos.missilecommand source=SystemApps
Compositor start menu skipped shadowed app: Resource Viewer id=com.guidexos.samples.resourceviewer selectedId=com.guidexos.resourceviewer source=SystemApps
Compositor start menu include: Future GXApp Package targetAppId=com.guidexos.examples.futuregxapp source=SystemApps
Compositor start menu include: HelloWorld ELF targetAppId=com.guidexos.examples.helloworld source=SystemApps
Compositor start menu skipped shadowed app: Notepad id=com.guidexos.examples.notepad selectedId=gxos.builtin.notepad source=SystemApps
Compositor start menu include: Audio Beep targetAppId=com.guidexos.audiobeep source=Package
Compositor start menu include: guideXOS Developer Studio targetAppId=com.guidexos.developerstudio source=Package
Compositor start menu include: Hello World targetAppId=com.guidexos.helloworld source=Package
Compositor start menu include: Missile Command (MC5) targetAppId=com.guidexos.missilecommand source=Package
Compositor start menu include: Nexgen PacMan targetAppId=com.guidexos.pacman source=Package
Compositor start menu include: PacMan PGM1 Ready Input Validation targetAppId=com.guidexos.pacman.pgm1.ready-input-validation source=Package
Compositor start menu include: Resource Viewer targetAppId=com.guidexos.resourceviewer source=Package
Compositor start menu include: Notepad targetAppId=gxos.builtin.notepad source=BuiltIn
Compositor start menu include: Calculator targetAppId=gxos.builtin.calculator source=BuiltIn
Compositor start menu include: Clock targetAppId=gxos.builtin.clock source=BuiltIn
Compositor start menu include: Console targetAppId=gxos.builtin.console source=BuiltIn
Compositor start menu include: File Explorer targetAppId=gxos.builtin.fileexplorer source=BuiltIn
Compositor start menu include: Trash targetAppId=gxos.builtin.trash source=BuiltIn
Compositor start menu include: TaskManager targetAppId=gxos.builtin.taskmanager source=BuiltIn
Compositor start menu include: Paint targetAppId=gxos.builtin.paint source=BuiltIn
Compositor start menu include: Image Viewer targetAppId=gxos.builtin.imageviewer source=BuiltIn
Compositor start menu include: OnScreenKeyboard targetAppId=gxos.builtin.onscreenkeyboard source=BuiltIn
Compositor start menu include: ShutdownDialog targetAppId=gxos.builtin.shutdowndialog source=BuiltIn
Compositor start menu include: DiskManager targetAppId=gxos.builtin.diskmanager source=BuiltIn
Compositor start menu include: ControlPanel targetAppId=gxos.builtin.controlpanel source=BuiltIn
Compositor start menu include: Settings targetAppId=gxos.builtin.settings source=BuiltIn
Compositor start menu include: DisplayOptions targetAppId=gxos.builtin.displayoptions source=BuiltIn
Compositor start menu include: guideXOS Navigator targetAppId=guidexos.navigator source=BuiltIn
Compositor start menu include: App Model Demo targetAppId=gxos.builtin.appmodeldemo source=BuiltIn
Compositor start menu include: Native App Debug Viewer targetAppId=gxos.builtin.nativeappdebugviewer source=BuiltIn
Compositor start menu include: HDInstaller targetAppId=gxos.builtin.hdinstaller source=BuiltIn
Compositor start menu app count=28
  start menu app: App Model Demo
  start menu app: Audio Beep
  start menu app: Calculator
  start menu app: Clock
  start menu app: Console
  start menu app: ControlPanel
  start menu app: DiskManager
  start menu app: DisplayOptions
  start menu app: File Explorer
  start menu app: Future GXApp Package
  start menu app: guideXOS Developer Studio
  start menu app: guideXOS Navigator
  start menu app: HDInstaller
  start menu app: Hello World
  start menu app: HelloWorld ELF
  start menu app: Image Viewer
  start menu app: Missile Command (MC5)
  start menu app: Native App Debug Viewer
  start menu app: Nexgen PacMan
  start menu app: Notepad
  start menu app: OnScreenKeyboard
  start menu app: PacMan PGM1 Ready Input Validation
  start menu app: Paint
  start menu app: Resource Viewer
  start menu app: Settings
  start menu app: ShutdownDialog
  start menu app: TaskManager
  start menu app: Trash
Compositor background select id=legacy_ameobagx kind=image scale=fill
Compositor wallpaper select id=legacy_ameobagx full=/system/wallpapers/ameobagx.png thumb=/system/wallpapers/ameobagx_thumb.png
PngLoader: loaded /system/wallpapers/ameobagx.png 1536x1024 sourceChannels=3
Compositor wallpaper decode succeeded id=legacy_ameobagx full=/system/wallpapers/ameobagx.png
Compositor received MT_Create: Untitled - Notepad|640|480 from pid=11
Compositor created window id=1000 sending ack to pid=11
publishOut MT_Create payload=1000|Untitled - Notepad dstPid=11
Bus::publish directing msg type=1 to pid=11
Bus::publish directing msg type=14 to pid=11
[LaunchDispatch] source=HostedDesktopService target=gxos.builtin.calculator resolvedType=BuiltInApp appId=gxos.builtin.calculator usage=typed-dispatch selectedDispatch=gxos.builtin.calculator behaviorPreserved=true reason=Resolver classified target as typed-ready; compatibility dispatch remains selected to preserve behavior
Notepad window created: 1000
Bus::publish queueing msg type=15 to channel=gui.input
Bus::publish queueing msg type=15 to channel=gui.input
Bus::publish queueing msg type=15 to channel=gui.input
Bus::publish queueing msg type=15 to channel=gui.input
Bus::publish queueing msg type=15 to channel=gui.input
Bus::publish queueing msg type=15 to channel=gui.input
Bus::publish queueing msg type=15 to channel=gui.input
Bus::publish queueing msg type=15 to channel=gui.input
Bus::publish queueing msg type=3 to channel=gui.input
Bus::publish queueing msg type=9 to channel=gui.input
Bus::publish queueing msg type=9 to channel=gui.input
Bus::publish queueing msg type=27 to channel=gui.input
Bus::publish queueing msg type=27 to channel=gui.input
Bus::publish queueing msg type=9 to channel=gui.input
Bus::publish queueing msg type=27 to channel=gui.input
Bus::publish queueing msg type=3 to channel=gui.input
Bus::publish queueing msg type=9 to channel=gui.input
[AppModelActiveTypedDispatch] source=HostedDesktopService request=gxos.builtin.calculator classification=BuiltInApp shadowDecision=gxos.builtin.calculator shadowUsage=typed-dispatch selectedHandler=Calculator appModelActiveDispatchDefaultOnCandidateGate=appmodel.active-typed-dispatch-default-on-candidate appModelActiveDispatchCandidateEnabled=false appModelActiveDispatchEnabled=true appModelActiveDispatchEffectiveStateSource=product-default appModelActiveDispatchRuntimeLaunchBehaviorChanged=true appModelActiveDispatchVisibleLaunchBehaviorChanged=false activeTypedDispatchHandled=true legacyFallbackUsed=false visibleBehaviorChanged=false visibleLaunchBehaviorChanged=false reason=Active typed dispatch handled the Calculator launch
Bus::publish queueing msg type=9 to channel=gui.input
Bus::publish queueing msg type=27 to channel=gui.input
Bus::publish queueing msg type=27 to channel=gui.input
Bus::publish queueing msg type=9 to channel=gui.input
Bus::publish queueing msg type=27 to channel=gui.input
Calculator starting...
Bus::publish queueing msg type=1 to channel=gui.input
PngLoader: loaded assets/Images/Flat/64/24-Empty_Trash_256x256_35394.png 64x64 sourceChannels=4
PngLoader: loaded assets/Images/Flat/64/25-Folder_256x256_35390.png 64x64 sourceChannels=4
Widget added to 1000 id=1
Bus::publish directing msg type=15 to pid=11
Widget added to 1000 id=8
Bus::publish directing msg type=15 to pid=11
Widget added to 1000 id=2
Bus::publish directing msg type=15 to pid=11
Widget added to 1000 id=3
Bus::publish directing msg type=15 to pid=11
Widget added to 1000 id=4
Bus::publish directing msg type=15 to pid=11
Widget added to 1000 id=5
Bus::publish directing msg type=15 to pid=11
Widget added to 1000 id=6
Bus::publish directing msg type=15 to pid=11
Widget added to 1000 id=7
Bus::publish directing msg type=15 to pid=11
Compositor received MT_Create: Calculator|320|420 from pid=12
Compositor created window id=1001 sending ack to pid=12
publishOut MT_Create payload=1001|Calculator dstPid=12
Bus::publish directing msg type=1 to pid=12
Bus::publish directing msg type=33 to pid=11
Bus::publish directing msg type=14 to pid=12
Calculator window created: 1001
Bus::publish queueing msg type=15 to channel=gui.input
Bus::publish queueing msg type=15 to channel=gui.input
Bus::publish queueing msg type=15 to channel=gui.input
Bus::publish queueing msg type=15 to channel=gui.input
Bus::publish queueing msg type=15 to channel=gui.input
Bus::publish queueing msg type=15 to channel=gui.input
Bus::publish queueing msg type=15 to channel=gui.input
Bus::publish queueing msg type=15 to channel=gui.input
Bus::publish queueing msg type=15 to channel=gui.input
Bus::publish queueing msg type=15 to channel=gui.input
Bus::publish queueing msg type=15 to channel=gui.input
Bus::publish queueing msg type=15 to channel=gui.input
Bus::publish queueing msg type=15 to channel=gui.input
Bus::publish queueing msg type=15 to channel=gui.input
Bus::publish queueing msg type=15 to channel=gui.input
Bus::publish queueing msg type=15 to channel=gui.input
Bus::publish queueing msg type=15 to channel=gui.input
Bus::publish queueing msg type=15 to channel=gui.input
Bus::publish queueing msg type=3 to channel=gui.input
Bus::publish queueing msg type=29 to channel=gui.input
Widget added to 1001 id=7
Bus::publish directing msg type=15 to pid=12
Widget added to 1001 id=8
Bus::publish directing msg type=15 to pid=12
Widget added to 1001 id=9
Bus::publish directing msg type=15 to pid=12
Widget added to 1001 id=15
Bus::publish directing msg type=15 to pid=12
Widget added to 1001 id=4
Bus::publish directing msg type=15 to pid=12
Widget added to 1001 id=5
Bus::publish directing msg type=15 to pid=12
Widget added to 1001 id=6
Bus::publish directing msg type=15 to pid=12
Widget added to 1001 id=14
Bus::publish directing msg type=15 to pid=12
Widget added to 1001 id=1
Bus::publish directing msg type=15 to pid=12
Widget added to 1001 id=2
Bus::publish directing msg type=15 to pid=12
Widget added to 1001 id=3
Bus::publish directing msg type=15 to pid=12
Widget added to 1001 id=13
Bus::publish directing msg type=15 to pid=12
Widget added to 1001 id=0
Bus::publish directing msg type=15 to pid=12
Widget added to 1001 id=11
Bus::publish directing msg type=15 to pid=12
Widget added to 1001 id=16
Bus::publish directing msg type=15 to pid=12
Widget added to 1001 id=12
Bus::publish directing msg type=15 to pid=12
Widget added to 1001 id=17
Bus::publish directing msg type=15 to pid=12
Widget added to 1001 id=18
Bus::publish directing msg type=15 to pid=12
[LaunchDispatch] source=HostedDesktopService target=gxos.builtin.displayoptions resolvedType=BuiltInApp appId=gxos.builtin.displayoptions usage=typed-dispatch selectedDispatch=gxos.builtin.displayoptions behaviorPreserved=true reason=Resolver classified target as typed-ready; compatibility dispatch remains selected to preserve behavior
[AppModelActiveTypedDispatch] source=HostedDesktopService request=gxos.builtin.displayoptions classification=BuiltInApp shadowDecision=gxos.builtin.displayoptions shadowUsage=typed-dispatch selectedHandler=DisplayOptions appModelActiveDispatchDefaultOnCandidateGate=appmodel.active-typed-dispatch-default-on-candidate appModelActiveDispatchCandidateEnabled=false appModelActiveDispatchEnabled=true appModelActiveDispatchEffectiveStateSource=product-default appModelActiveDispatchRuntimeLaunchBehaviorChanged=true appModelActiveDispatchVisibleLaunchBehaviorChanged=false activeTypedDispatchHandled=true legacyFallbackUsed=false visibleBehaviorChanged=false visibleLaunchBehaviorChanged=false reason=Active typed dispatch handled the Settings launch
DisplayOptions starting
DisplayOptions loaded saved background id=legacy_ameobagx
DisplayOptions loaded display settings
Display config command: request=1 type=2 accepted=yes
Display configuration bridge: request=1 query=active result=success backend=framebuffer mode=Mirror primary=display-1 outputs=1 virtualDesktop=1024x768
Display config response: request=1 success=yes activeMode=Mirror logicalDesktop=1024x768 persisted=no rollback=no
DisplayOptions loaded active state through DisplayConfigurationService
Display config command: request=2 type=8 accepted=yes
Display config response: request=2 success=yes activeMode=Mirror logicalDesktop=1024x768 persisted=no rollback=no
Bus::publish queueing msg type=1 to channel=gui.input
Compositor received MT_Create: Display Options|800|620 from pid=13
Compositor created window id=1002 sending ack to pid=13
publishOut MT_Create payload=1002|Display Options dstPid=13
Bus::publish directing msg type=1 to pid=13
Bus::publish directing msg type=33 to pid=12
Bus::publish directing msg type=14 to pid=13
Bus::publish queueing msg type=3 to channel=gui.input
Bus::publish queueing msg type=9 to channel=gui.input
Bus::publish queueing msg type=9 to channel=gui.input
Bus::publish queueing msg type=9 to channel=gui.input
Bus::publish queueing msg type=9 to channel=gui.input
Bus::publish queueing msg type=9 to channel=gui.input
Bus::publish queueing msg type=9 to channel=gui.input
Bus::publish queueing msg type=27 to channel=gui.input
Bus::publish queueing msg type=9 to channel=gui.input
Bus::publish queueing msg type=9 to channel=gui.input
Bus::publish queueing msg type=9 to channel=gui.input
Bus::publish queueing msg type=9 to channel=gui.input
Bus::publish queueing msg type=9 to channel=gui.input
Bus::publish queueing msg type=27 to channel=gui.input
Bus::publish queueing msg type=9 to channel=gui.input
Bus::publish queueing msg type=9 to channel=gui.input
Bus::publish queueing msg type=9 to channel=gui.input
Bus::publish queueing msg type=9 to channel=gui.input
Bus::publish queueing msg type=9 to channel=gui.input
Bus::publish queueing msg type=27 to channel=gui.input
Bus::publish queueing msg type=9 to channel=gui.input
Bus::publish queueing msg type=9 to channel=gui.input
Bus::publish queueing msg type=9 to channel=gui.input
Bus::publish queueing msg type=9 to channel=gui.input
Bus::publish queueing msg type=9 to channel=gui.input
Bus::publish queueing msg type=27 to channel=gui.input
Bus::publish queueing msg type=9 to channel=gui.input
Bus::publish queueing msg type=9 to channel=gui.input
Bus::publish queueing msg type=9 to channel=gui.input
Bus::publish queueing msg type=9 to channel=gui.input
Bus::publish queueing msg type=9 to channel=gui.input
Bus::publish queueing msg type=27 to channel=gui.input
Bus::publish queueing msg type=9 to channel=gui.input
Bus::publish queueing msg type=9 to channel=gui.input
Bus::publish queueing msg type=9 to channel=gui.input
Bus::publish queueing msg type=9 to channel=gui.input
Bus::publish queueing msg type=9 to channel=gui.input
Bus::publish queueing msg type=27 to channel=gui.input
Bus::publish queueing msg type=27 to channel=gui.input
Bus::publish queueing msg type=9 to channel=gui.input
Bus::publish queueing msg type=9 to channel=gui.input
Bus::publish queueing msg type=9 to channel=gui.input
DisplayOptions thumbnail id=legacy_blue_flower path=/system/wallpapers/blueflower_thumb.png
Bus::publish queueing msg type=26 to channel=gui.input
Bus::publish queueing msg type=27 to channel=gui.input
Bus::publish queueing msg type=9 to channel=gui.input
Bus::publish queueing msg type=9 to channel=gui.input
DisplayOptions thumbnail id=legacy_dinos path=/system/wallpapers/dinos_thumb.png
Bus::publish queueing msg type=26 to channel=gui.input
Bus::publish queueing msg type=27 to channel=gui.input
Bus::publish queueing msg type=9 to channel=gui.input
Bus::publish queueing msg type=9 to channel=gui.input
DisplayOptions thumbnail id=legacy_flower path=/system/wallpapers/flower_thumb.png
Bus::publish queueing msg type=26 to channel=gui.input
Bus::publish queueing msg type=27 to channel=gui.input
Bus::publish queueing msg type=9 to channel=gui.input
Bus::publish queueing msg type=9 to channel=gui.input
DisplayOptions thumbnail id=legacy_guidexos_space path=/system/wallpapers/guidexosspace_thumb.png
Bus::publish queueing msg type=26 to channel=gui.input
Bus::publish queueing msg type=27 to channel=gui.input
Bus::publish queueing msg type=9 to channel=gui.input
Bus::publish queueing msg type=9 to channel=gui.input
DisplayOptions thumbnail id=legacy_guidexos_space2 path=/system/wallpapers/guidexosspace3_thumb.png
Bus::publish queueing msg type=26 to channel=gui.input
Bus::publish queueing msg type=27 to channel=gui.input
Bus::publish queueing msg type=9 to channel=gui.input
Bus::publish queueing msg type=9 to channel=gui.input
DisplayOptions thumbnail id=legacy_red_flower path=/system/wallpapers/redflower_thumb.png
Bus::publish queueing msg type=26 to channel=gui.input
Bus::publish queueing msg type=27 to channel=gui.input
Bus::publish queueing msg type=9 to channel=gui.input
Bus::publish queueing msg type=9 to channel=gui.input
DisplayOptions thumbnail id=legacy_ameoba path=/system/wallpapers/ameoba_thumb.png
Bus::publish queueing msg type=26 to channel=gui.input
Bus::publish queueing msg type=27 to channel=gui.input
Bus::publish queueing msg type=9 to channel=gui.input
Bus::publish queueing msg type=9 to channel=gui.input
Bus::publish queueing msg type=9 to channel=gui.input
DisplayOptions thumbnail id=legacy_ameobagx path=/system/wallpapers/ameobagx_thumb.png
Bus::publish queueing msg type=26 to channel=gui.input
Bus::publish queueing msg type=27 to channel=gui.input
Bus::publish queueing msg type=9 to channel=gui.input
Bus::publish queueing msg type=9 to channel=gui.input
DisplayOptions thumbnail id=legacy_tron_porsche path=/system/wallpapers/tronporche_thumb.png
Bus::publish queueing msg type=26 to channel=gui.input
Bus::publish queueing msg type=27 to channel=gui.input
Bus::publish queueing msg type=9 to channel=gui.input
Bus::publish queueing msg type=9 to channel=gui.input
DisplayOptions thumbnail id=legacy_wallpaper2 path=/system/wallpapers/Wallpaper2_thumb.png
Bus::publish queueing msg type=26 to channel=gui.input
Bus::publish queueing msg type=27 to channel=gui.input
Bus::publish queueing msg type=9 to channel=gui.input
Bus::publish queueing msg type=9 to channel=gui.input
DisplayOptions thumbnail id=legacy_merlin path=/system/wallpapers/merlin_thumb.png
Bus::publish queueing msg type=26 to channel=gui.input
Bus::publish queueing msg type=27 to channel=gui.input
Bus::publish queueing msg type=9 to channel=gui.input
Bus::publish queueing msg type=9 to channel=gui.input
DisplayOptions thumbnail id=legacy_merlin2 path=/system/wallpapers/merlin2_thumb.png
Bus::publish queueing msg type=26 to channel=gui.input
Bus::publish queueing msg type=27 to channel=gui.input
Bus::publish queueing msg type=9 to channel=gui.input
Bus::publish queueing msg type=9 to channel=gui.input
DisplayOptions thumbnail id=legacy_green_meadow path=/system/wallpapers/greenmedow_thumb.png
Bus::publish queueing msg type=26 to channel=gui.input
Bus::publish queueing msg type=27 to channel=gui.input
Bus::publish queueing msg type=9 to channel=gui.input
Bus::publish queueing msg type=9 to channel=gui.input
DisplayOptions thumbnail id=legacy_cpu path=/system/wallpapers/cpu_thumb.png
Bus::publish queueing msg type=26 to channel=gui.input
Bus::publish queueing msg type=27 to channel=gui.input
Bus::publish queueing msg type=9 to channel=gui.input
Bus::publish queueing msg type=9 to channel=gui.input
DisplayOptions thumbnail id=legacy_mountains path=/system/wallpapers/mountains_thumb.png
Bus::publish queueing msg type=26 to channel=gui.input
Bus::publish queueing msg type=27 to channel=gui.input
Bus::publish queueing msg type=9 to channel=gui.input
Bus::publish queueing msg type=9 to channel=gui.input
Bus::publish queueing msg type=9 to channel=gui.input
Bus::publish queueing msg type=9 to channel=gui.input
Bus::publish queueing msg type=9 to channel=gui.input
Bus::publish queueing msg type=27 to channel=gui.input
Bus::publish queueing msg type=9 to channel=gui.input
Bus::publish queueing msg type=9 to channel=gui.input
Bus::publish queueing msg type=9 to channel=gui.input
Bus::publish queueing msg type=9 to channel=gui.input
Bus::publish queueing msg type=9 to channel=gui.input
Bus::publish queueing msg type=29 to channel=gui.input
Bus::publish queueing msg type=9 to channel=gui.input
Bus::publish queueing msg type=9 to channel=gui.input
Bus::publish queueing msg type=9 to channel=gui.input
Bus::publish queueing msg type=9 to channel=gui.input
Bus::publish queueing msg type=9 to channel=gui.input
Bus::publish queueing msg type=29 to channel=gui.input
PngLoader: loaded /system/wallpapers/blueflower_thumb.png 126x84 sourceChannels=3
PngLoader: loaded /system/wallpapers/dinos_thumb.png 126x84 sourceChannels=3
PngLoader: loaded /system/wallpapers/flower_thumb.png 126x84 sourceChannels=3
PngLoader: loaded /system/wallpapers/guidexosspace_thumb.png 126x85 sourceChannels=3
PngLoader: loaded /system/wallpapers/guidexosspace3_thumb.png 126x84 sourceChannels=4
PngLoader: loaded /system/wallpapers/redflower_thumb.png 126x84 sourceChannels=3
PngLoader: loaded /system/wallpapers/ameoba_thumb.png 126x84 sourceChannels=3
PngLoader: loaded /system/wallpapers/ameobagx_thumb.png 126x84 sourceChannels=4
PngLoader: loaded /system/wallpapers/tronporche_thumb.png 126x96 sourceChannels=3
PngLoader: loaded /system/wallpapers/Wallpaper2_thumb.png 126x114 sourceChannels=3
PngLoader: loaded /system/wallpapers/merlin_thumb.png 126x84 sourceChannels=4
Compositor: DrawImage skipped, image load failed: /system/wallpapers/merlin2_thumb.png status=NotFound
PngLoader: loaded /system/wallpapers/greenmedow_thumb.png 126x84 sourceChannels=4
PngLoader: loaded /system/wallpapers/cpu_thumb.png 126x84 sourceChannels=4
PngLoader: loaded /system/wallpapers/mountains_thumb.png 126x84 sourceChannels=4
[LaunchDispatch] source=HostedDesktopService target=gxos.builtin.settings resolvedType=BuiltInApp appId=gxos.builtin.settings usage=typed-dispatch selectedDispatch=gxos.builtin.settings behaviorPreserved=true reason=Resolver classified target as typed-ready; compatibility dispatch remains selected to preserve behavior
[AppModelActiveTypedDispatch] source=HostedDesktopService request=gxos.builtin.settings classification=BuiltInApp shadowDecision=gxos.builtin.settings shadowUsage=typed-dispatch selectedHandler=Settings appModelActiveDispatchDefaultOnCandidateGate=appmodel.active-typed-dispatch-default-on-candidate appModelActiveDispatchCandidateEnabled=false appModelActiveDispatchEnabled=true appModelActiveDispatchEffectiveStateSource=product-default appModelActiveDispatchRuntimeLaunchBehaviorChanged=true appModelActiveDispatchVisibleLaunchBehaviorChanged=false activeTypedDispatchHandled=true legacyFallbackUsed=false visibleBehaviorChanged=false visibleLaunchBehaviorChanged=false reason=Active typed dispatch handled the Settings launch
Display config command: request=3 type=2 accepted=yes
Display configuration bridge: request=3 query=active result=success backend=framebuffer mode=Mirror primary=display-1 outputs=1 virtualDesktop=1024x768
Display config response: request=3 success=yes activeMode=Mirror logicalDesktop=1024x768 persisted=no rollback=no
Settings Center starting
Bus::publish queueing msg type=1 to channel=gui.input
Compositor received MT_Create: Settings|980|700 from pid=14
Compositor created window id=1003 sending ack to pid=14
publishOut MT_Create payload=1003|Settings dstPid=14
Bus::publish directing msg type=1 to pid=14
Bus::publish directing msg type=33 to pid=13
Bus::publish directing msg type=14 to pid=14
Bus::publish queueing msg type=3 to channel=gui.input
Bus::publish queueing msg type=9 to channel=gui.input
Bus::publish queueing msg type=29 to channel=gui.input
Bus::publish queueing msg type=9 to channel=gui.input
Bus::publish queueing msg type=9 to channel=gui.input
Bus::publish queueing msg type=9 to channel=gui.input
Bus::publish queueing msg type=9 to channel=gui.input
Bus::publish queueing msg type=9 to channel=gui.input
Bus::publish queueing msg type=29 to channel=gui.input
Bus::publish queueing msg type=9 to channel=gui.input
Bus::publish queueing msg type=9 to channel=gui.input
Bus::publish queueing msg type=29 to channel=gui.input
Bus::publish queueing msg type=9 to channel=gui.input
Bus::publish queueing msg type=9 to channel=gui.input
Bus::publish queueing msg type=9 to channel=gui.input
Bus::publish queueing msg type=9 to channel=gui.input
Bus::publish queueing msg type=9 to channel=gui.input
Bus::publish queueing msg type=9 to channel=gui.input
Bus::publish queueing msg type=9 to channel=gui.input
Bus::publish queueing msg type=9 to channel=gui.input
Bus::publish queueing msg type=9 to channel=gui.input
Bus::publish queueing msg type=9 to channel=gui.input
Bus::publish queueing msg type=29 to channel=gui.input
Bus::publish queueing msg type=9 to channel=gui.input
Bus::publish queueing msg type=9 to channel=gui.input
Bus::publish queueing msg type=9 to channel=gui.input
Bus::publish queueing msg type=9 to channel=gui.input
Bus::publish queueing msg type=9 to channel=gui.input
Bus::publish queueing msg type=29 to channel=gui.input
Bus::publish queueing msg type=9 to channel=gui.input
Bus::publish queueing msg type=9 to channel=gui.input
Bus::publish queueing msg type=9 to channel=gui.input
Bus::publish queueing msg type=9 to channel=gui.input
Bus::publish queueing msg type=9 to channel=gui.input
Bus::publish queueing msg type=29 to channel=gui.input
Bus::publish queueing msg type=9 to channel=gui.input
Bus::publish queueing msg type=9 to channel=gui.input
Bus::publish queueing msg type=9 to channel=gui.input
Bus::publish queueing msg type=9 to channel=gui.input
Bus::publish queueing msg type=9 to channel=gui.input
Bus::publish queueing msg type=29 to channel=gui.input
Bus::publish queueing msg type=9 to channel=gui.input
Bus::publish queueing msg type=9 to channel=gui.input
Bus::publish queueing msg type=9 to channel=gui.input
Bus::publish queueing msg type=9 to channel=gui.input
Bus::publish queueing msg type=9 to channel=gui.input
Bus::publish queueing msg type=29 to channel=gui.input
Bus::publish queueing msg type=9 to channel=gui.input
Bus::publish queueing msg type=9 to channel=gui.input
Bus::publish queueing msg type=9 to channel=gui.input
Bus::publish queueing msg type=9 to channel=gui.input
Bus::publish queueing msg type=9 to channel=gui.input
Bus::publish queueing msg type=29 to channel=gui.input
Bus::publish queueing msg type=9 to channel=gui.input
Bus::publish queueing msg type=9 to channel=gui.input
Bus::publish queueing msg type=9 to channel=gui.input
Bus::publish queueing msg type=9 to channel=gui.input
Bus::publish queueing msg type=9 to channel=gui.input
Bus::publish queueing msg type=29 to channel=gui.input
Bus::publish queueing msg type=9 to channel=gui.input
Bus::publish queueing msg type=9 to channel=gui.input
Bus::publish queueing msg type=9 to channel=gui.input
Bus::publish queueing msg type=9 to channel=gui.input
Bus::publish queueing msg type=9 to channel=gui.input
Bus::publish queueing msg type=29 to channel=gui.input
Bus::publish queueing msg type=9 to channel=gui.input
Bus::publish queueing msg type=9 to channel=gui.input
Bus::publish queueing msg type=9 to channel=gui.input
Bus::publish queueing msg type=9 to channel=gui.input
Bus::publish queueing msg type=9 to channel=gui.input
Bus::publish queueing msg type=29 to channel=gui.input
Bus::publish queueing msg type=9 to channel=gui.input
Bus::publish queueing msg type=9 to channel=gui.input
Bus::publish queueing msg type=9 to channel=gui.input
Bus::publish queueing msg type=9 to channel=gui.input
Bus::publish queueing msg type=9 to channel=gui.input
Bus::publish queueing msg type=29 to channel=gui.input
Bus::publish queueing msg type=9 to channel=gui.input
Bus::publish queueing msg type=9 to channel=gui.input
Bus::publish queueing msg type=9 to channel=gui.input
Bus::publish queueing msg type=9 to channel=gui.input
Bus::publish queueing msg type=9 to channel=gui.input
Bus::publish queueing msg type=29 to channel=gui.input
Bus::publish queueing msg type=9 to channel=gui.input
Bus::publish queueing msg type=9 to channel=gui.input
Bus::publish queueing msg type=9 to channel=gui.input
Bus::publish queueing msg type=9 to channel=gui.input
Bus::publish queueing msg type=9 to channel=gui.input
Bus::publish queueing msg type=29 to channel=gui.input
Bus::publish queueing msg type=29 to channel=gui.input
Bus::publish queueing msg type=29 to channel=gui.input
Bus::publish queueing msg type=9 to channel=gui.input
Bus::publish queueing msg type=9 to channel=gui.input
Bus::publish queueing msg type=9 to channel=gui.input
Bus::publish queueing msg type=9 to channel=gui.input
Bus::publish queueing msg type=9 to channel=gui.input
Bus::publish queueing msg type=29 to channel=gui.input
Bus::publish queueing msg type=29 to channel=gui.input
Bus::publish queueing msg type=29 to channel=gui.input
Bus::publish queueing msg type=29 to channel=gui.input
Bus::publish queueing msg type=29 to channel=gui.input
Bus::publish queueing msg type=29 to channel=gui.input
Bus::publish queueing msg type=29 to channel=gui.input
Bus::publish queueing msg type=29 to channel=gui.input
Bus::publish queueing msg type=29 to channel=gui.input
Bus::publish queueing msg type=29 to channel=gui.input
Bus::publish queueing msg type=29 to channel=gui.input
Bus::publish queueing msg type=29 to channel=gui.input
Bus::publish queueing msg type=29 to channel=gui.input
Bus::publish queueing msg type=29 to channel=gui.input
Bus::publish queueing msg type=29 to channel=gui.input
Bus::publish queueing msg type=29 to channel=gui.input
Bus::publish queueing msg type=9 to channel=gui.input
Bus::publish queueing msg type=9 to channel=gui.input
Bus::publish queueing msg type=9 to channel=gui.input
Bus::publish queueing msg type=9 to channel=gui.input
Bus::publish queueing msg type=9 to channel=gui.input
Bus::publish queueing msg type=29 to channel=gui.input
Bus::publish queueing msg type=9 to channel=gui.input
Bus::publish queueing msg type=9 to channel=gui.input
Bus::publish queueing msg type=9 to channel=gui.input
Bus::publish queueing msg type=9 to channel=gui.input
Bus::publish queueing msg type=9 to channel=gui.input
Bus::publish queueing msg type=29 to channel=gui.input
Bus::publish queueing msg type=9 to channel=gui.input
Bus::publish queueing msg type=9 to channel=gui.input
Bus::publish queueing msg type=9 to channel=gui.input
Bus::publish queueing msg type=9 to channel=gui.input
Bus::publish queueing msg type=9 to channel=gui.input
Bus::publish queueing msg type=29 to channel=gui.input
Bus::publish queueing msg type=9 to channel=gui.input
Bus::publish queueing msg type=9 to channel=gui.input
Bus::publish queueing msg type=9 to channel=gui.input
Bus::publish queueing msg type=9 to channel=gui.input
Bus::publish queueing msg type=9 to channel=gui.input
Bus::publish queueing msg type=29 to channel=gui.input
Bus::publish queueing msg type=9 to channel=gui.input
Bus::publish queueing msg type=9 to channel=gui.input
Bus::publish queueing msg type=9 to channel=gui.input
Bus::publish queueing msg type=9 to channel=gui.input
Bus::publish queueing msg type=9 to channel=gui.input
Bus::publish queueing msg type=29 to channel=gui.input
Bus::publish queueing msg type=9 to channel=gui.input
Bus::publish queueing msg type=9 to channel=gui.input
Bus::publish queueing msg type=9 to channel=gui.input
Bus::publish queueing msg type=9 to channel=gui.input
Bus::publish queueing msg type=9 to channel=gui.input
Bus::publish queueing msg type=29 to channel=gui.input
Bus::publish queueing msg type=9 to channel=gui.input
Bus::publish queueing msg type=9 to channel=gui.input
Bus::publish queueing msg type=9 to channel=gui.input
Bus::publish queueing msg type=9 to channel=gui.input
Bus::publish queueing msg type=9 to channel=gui.input
Bus::publish queueing msg type=29 to channel=gui.input
[LaunchDispatch] source=HostedDesktopService target=gxos.builtin.controlpanel resolvedType=BuiltInApp appId=gxos.builtin.controlpanel usage=typed-dispatch selectedDispatch=gxos.builtin.controlpanel behaviorPreserved=true reason=Resolver classified target as typed-ready; compatibility dispatch remains selected to preserve behavior
[AppModelActiveTypedDispatch] source=HostedDesktopService request=gxos.builtin.controlpanel classification=BuiltInApp shadowDecision=gxos.builtin.controlpanel shadowUsage=typed-dispatch selectedHandler=Control Panel appModelActiveDispatchDefaultOnCandidateGate=appmodel.active-typed-dispatch-default-on-candidate appModelActiveDispatchCandidateEnabled=false appModelActiveDispatchEnabled=true appModelActiveDispatchEffectiveStateSource=product-default appModelActiveDispatchRuntimeLaunchBehaviorChanged=true appModelActiveDispatchVisibleLaunchBehaviorChanged=false activeTypedDispatchHandled=true legacyFallbackUsed=false visibleBehaviorChanged=false visibleLaunchBehaviorChanged=false reason=Active typed dispatch handled the Control Panel launch
ControlPanel starting...
Bus::publish queueing msg type=1 to channel=gui.input
Compositor received MT_Create: Control Panel|640|480 from pid=15
Compositor created window id=1004 sending ack to pid=15
publishOut MT_Create payload=1004|Control Panel dstPid=15
Bus::publish directing msg type=1 to pid=15
Bus::publish directing msg type=33 to pid=14
Bus::publish directing msg type=14 to pid=15
Bus::publish queueing msg type=3 to channel=gui.input
ControlPanel window created: 1004
Bus::publish queueing msg type=9 to channel=gui.input
Bus::publish queueing msg type=29 to channel=gui.input
Bus::publish queueing msg type=9 to channel=gui.input
Bus::publish queueing msg type=9 to channel=gui.input
Bus::publish queueing msg type=9 to channel=gui.input
Bus::publish queueing msg type=3 to channel=gui.input
Bus::publish queueing msg type=9 to channel=gui.input
Bus::publish queueing msg type=9 to channel=gui.input
Bus::publish queueing msg type=9 to channel=gui.input
Bus::publish queueing msg type=9 to channel=gui.input
Bus::publish queueing msg type=9 to channel=gui.input
Bus::publish queueing msg type=9 to channel=gui.input
Bus::publish queueing msg type=9 to channel=gui.input
Bus::publish queueing msg type=9 to channel=gui.input
Bus::publish queueing msg type=29 to channel=gui.input
Bus::publish queueing msg type=9 to channel=gui.input
Bus::publish queueing msg type=9 to channel=gui.input
Bus::publish queueing msg type=29 to channel=gui.input
Bus::publish queueing msg type=3 to channel=gui.input
Bus::publish queueing msg type=9 to channel=gui.input
Bus::publish queueing msg type=9 to channel=gui.input
Bus::publish queueing msg type=9 to channel=gui.input
Bus::publish queueing msg type=9 to channel=gui.input
Bus::publish queueing msg type=9 to channel=gui.input
Bus::publish queueing msg type=9 to channel=gui.input
Bus::publish queueing msg type=9 to channel=gui.input
Bus::publish queueing msg type=9 to channel=gui.input
Bus::publish queueing msg type=9 to channel=gui.input
Bus::publish queueing msg type=9 to channel=gui.input
Bus::publish queueing msg type=9 to channel=gui.input
Bus::publish queueing msg type=9 to channel=gui.input
Bus::publish queueing msg type=9 to channel=gui.input
Bus::publish queueing msg type=9 to channel=gui.input
Bus::publish queueing msg type=9 to channel=gui.input
Bus::publish queueing msg type=9 to channel=gui.input
Bus::publish queueing msg type=9 to channel=gui.input
Bus::publish queueing msg type=3 to channel=gui.input
Bus::publish queueing msg type=9 to channel=gui.input
Bus::publish queueing msg type=29 to channel=gui.input
Bus::publish queueing msg type=3 to channel=gui.input
Bus::publish queueing msg type=9 to channel=gui.input
Bus::publish queueing msg type=9 to channel=gui.input
Bus::publish queueing msg type=9 to channel=gui.input
Bus::publish queueing msg type=9 to channel=gui.input
Bus::publish queueing msg type=9 to channel=gui.input
Bus::publish queueing msg type=9 to channel=gui.input
Bus::publish queueing msg type=9 to channel=gui.input
Bus::publish queueing msg type=9 to channel=gui.input
Bus::publish queueing msg type=9 to channel=gui.input
Bus::publish queueing msg type=9 to channel=gui.input
Bus::publish queueing msg type=29 to channel=gui.input
Bus::publish queueing msg type=9 to channel=gui.input
Bus::publish queueing msg type=9 to channel=gui.input
Bus::publish queueing msg type=9 to channel=gui.input
Bus::publish queueing msg type=9 to channel=gui.input
Bus::publish queueing msg type=3 to channel=gui.input
Bus::publish queueing msg type=9 to channel=gui.input
Bus::publish queueing msg type=9 to channel=gui.input
Bus::publish queueing msg type=9 to channel=gui.input
Bus::publish queueing msg type=9 to channel=gui.input
Bus::publish queueing msg type=3 to channel=gui.input
Bus::publish queueing msg type=9 to channel=gui.input
Bus::publish queueing msg type=29 to channel=gui.input
Bus::publish queueing msg type=9 to channel=gui.input
Bus::publish queueing msg type=9 to channel=gui.input
Bus::publish queueing msg type=9 to channel=gui.input
Bus::publish queueing msg type=9 to channel=gui.input
Bus::publish queueing msg type=9 to channel=gui.input
Bus::publish queueing msg type=9 to channel=gui.input
Bus::publish queueing msg type=9 to channel=gui.input
Bus::publish queueing msg type=9 to channel=gui.input
Bus::publish queueing msg type=9 to channel=gui.input
Bus::publish queueing msg type=9 to channel=gui.input
Bus::publish queueing msg type=9 to channel=gui.input
Bus::publish queueing msg type=3 to channel=gui.input
Bus::publish queueing msg type=9 to channel=gui.input
Bus::publish queueing msg type=3 to channel=gui.input
Bus::publish queueing msg type=9 to channel=gui.input
Bus::publish queueing msg type=29 to channel=gui.input
Bus::publish queueing msg type=9 to channel=gui.input
Bus::publish queueing msg type=9 to channel=gui.input
Bus::publish queueing msg type=9 to channel=gui.input
Bus::publish queueing msg type=9 to channel=gui.input
Bus::publish queueing msg type=9 to channel=gui.input
Bus::publish queueing msg type=9 to channel=gui.input
Bus::publish queueing msg type=9 to channel=gui.input
Bus::publish queueing msg type=9 to channel=gui.input
Bus::publish queueing msg type=9 to channel=gui.input
Bus::publish queueing msg type=9 to channel=gui.input
Bus::publish queueing msg type=29 to channel=gui.input
Bus::publish queueing msg type=9 to channel=gui.input
Bus::publish queueing msg type=9 to channel=gui.input
Bus::publish queueing msg type=9 to channel=gui.input
Bus::publish queueing msg type=9 to channel=gui.input
Bus::publish queueing msg type=9 to channel=gui.input
Bus::publish queueing msg type=9 to channel=gui.input
Bus::publish queueing msg type=9 to channel=gui.input
Bus::publish queueing msg type=29 to channel=gui.input
Bus::publish queueing msg type=9 to channel=gui.input
Bus::publish queueing msg type=3 to channel=gui.input
Bus::publish queueing msg type=9 to channel=gui.input
Bus::publish queueing msg type=9 to channel=gui.input
Bus::publish queueing msg type=3 to channel=gui.input
Bus::publish queueing msg type=9 to channel=gui.input
Bus::publish queueing msg type=9 to channel=gui.input
Bus::publish queueing msg type=9 to channel=gui.input
Bus::publish queueing msg type=9 to channel=gui.input
Bus::publish queueing msg type=9 to channel=gui.input
Bus::publish queueing msg type=9 to channel=gui.input
Bus::publish queueing msg type=9 to channel=gui.input
Bus::publish queueing msg type=29 to channel=gui.input
Bus::publish queueing msg type=9 to channel=gui.input
Bus::publish queueing msg type=9 to channel=gui.input
Bus::publish queueing msg type=9 to channel=gui.input
Bus::publish queueing msg type=9 to channel=gui.input
Bus::publish queueing msg type=9 to channel=gui.input
Bus::publish queueing msg type=3 to channel=gui.input
Bus::publish queueing msg type=3 to channel=gui.input
Bus::publish queueing msg type=9 to channel=gui.input
Bus::publish queueing msg type=9 to channel=gui.input
Bus::publish queueing msg type=9 to channel=gui.input
Bus::publish queueing msg type=9 to channel=gui.input
Bus::publish queueing msg type=9 to channel=gui.input
Bus::publish queueing msg type=9 to channel=gui.input
Bus::publish queueing msg type=9 to channel=gui.input
Bus::publish queueing msg type=9 to channel=gui.input
Bus::publish queueing msg type=29 to channel=gui.input
Bus::publish queueing msg type=9 to channel=gui.input
Bus::publish queueing msg type=9 to channel=gui.input
Bus::publish queueing msg type=9 to channel=gui.input
Bus::publish queueing msg type=9 to channel=gui.input
Bus::publish queueing msg type=9 to channel=gui.input
Bus::publish queueing msg type=9 to channel=gui.input
Bus::publish queueing msg type=3 to channel=gui.input
Bus::publish queueing msg type=3 to channel=gui.input
Bus::publish queueing msg type=9 to channel=gui.input
Bus::publish queueing msg type=9 to channel=gui.input
Bus::publish queueing msg type=9 to channel=gui.input
Bus::publish queueing msg type=29 to channel=gui.input
Bus::publish queueing msg type=9 to channel=gui.input
Bus::publish queueing msg type=9 to channel=gui.input
Bus::publish queueing msg type=9 to channel=gui.input
Bus::publish queueing msg type=9 to channel=gui.input
Bus::publish queueing msg type=9 to channel=gui.input
Bus::publish queueing msg type=9 to channel=gui.input
Bus::publish queueing msg type=9 to channel=gui.input
Bus::publish queueing msg type=9 to channel=gui.input
Bus::publish queueing msg type=29 to channel=gui.input
Bus::publish queueing msg type=9 to channel=gui.input
Bus::publish queueing msg type=9 to channel=gui.input
Bus::publish queueing msg type=9 to channel=gui.input
Bus::publish queueing msg type=9 to channel=gui.input
Bus::publish queueing msg type=9 to channel=gui.input
Bus::publish queueing msg type=9 to channel=gui.input
Bus::publish queueing msg type=9 to channel=gui.input
Bus::publish queueing msg type=9 to channel=gui.input
Bus::publish queueing msg type=3 to channel=gui.input
Bus::publish queueing msg type=3 to channel=gui.input
Bus::publish queueing msg type=9 to channel=gui.input
Bus::publish queueing msg type=9 to channel=gui.input
Bus::publish queueing msg type=9 to channel=gui.input
Bus::publish queueing msg type=29 to channel=gui.input
Bus::publish queueing msg type=9 to channel=gui.input
Bus::publish queueing msg type=9 to channel=gui.input
Bus::publish queueing msg type=9 to channel=gui.input
Bus::publish queueing msg type=9 to channel=gui.input
Bus::publish queueing msg type=9 to channel=gui.input
Bus::publish queueing msg type=9 to channel=gui.input
Bus::publish queueing msg type=9 to channel=gui.input
Bus::publish queueing msg type=9 to channel=gui.input
Bus::publish queueing msg type=9 to channel=gui.input
Bus::publish queueing msg type=9 to channel=gui.input
Bus::publish queueing msg type=3 to channel=gui.input
Bus::publish queueing msg type=9 to channel=gui.input
Bus::publish queueing msg type=29 to channel=gui.input
Bus::publish queueing msg type=29 to channel=gui.input
Bus::publish queueing msg type=3 to channel=gui.input
Bus::publish queueing msg type=29 to channel=gui.input
Bus::publish queueing msg type=9 to channel=gui.input
Bus::publish queueing msg type=9 to channel=gui.input
Bus::publish queueing msg type=9 to channel=gui.input
Bus::publish queueing msg type=9 to channel=gui.input
Bus::publish queueing msg type=9 to channel=gui.input
Bus::publish queueing msg type=29 to channel=gui.input
Bus::publish queueing msg type=29 to channel=gui.input
Bus::publish queueing msg type=29 to channel=gui.input
Bus::publish queueing msg type=29 to channel=gui.input
Bus::publish queueing msg type=29 to channel=gui.input
Bus::publish queueing msg type=29 to channel=gui.input
Bus::publish queueing msg type=29 to channel=gui.input
Bus::publish queueing msg type=29 to channel=gui.input
Bus::publish queueing msg type=29 to channel=gui.input
Bus::publish queueing msg type=29 to channel=gui.input
Bus::publish queueing msg type=29 to channel=gui.input
Bus::publish queueing msg type=29 to channel=gui.input
Bus::publish queueing msg type=29 to channel=gui.input
Bus::publish queueing msg type=29 to channel=gui.input
Bus::publish queueing msg type=29 to channel=gui.input
Bus::publish queueing msg type=29 to channel=gui.input
Bus::publish queueing msg type=9 to channel=gui.input
Bus::publish queueing msg type=9 to channel=gui.input
Bus::publish queueing msg type=9 to channel=gui.input
Bus::publish queueing msg type=9 to channel=gui.input
Bus::publish queueing msg type=9 to channel=gui.input
Bus::publish queueing msg type=29 to channel=gui.input
Bus::publish queueing msg type=9 to channel=gui.input
Bus::publish queueing msg type=9 to channel=gui.input
Bus::publish queueing msg type=9 to channel=gui.input
Bus::publish queueing msg type=9 to channel=gui.input
Bus::publish queueing msg type=9 to channel=gui.input
Bus::publish queueing msg type=29 to channel=gui.input
Bus::publish queueing msg type=9 to channel=gui.input
Bus::publish queueing msg type=9 to channel=gui.input
Bus::publish queueing msg type=9 to channel=gui.input
Bus::publish queueing msg type=9 to channel=gui.input
Bus::publish queueing msg type=9 to channel=gui.input
Bus::publish queueing msg type=29 to channel=gui.input
Bus::publish queueing msg type=9 to channel=gui.input
Bus::publish queueing msg type=9 to channel=gui.input
Bus::publish queueing msg type=9 to channel=gui.input
Bus::publish queueing msg type=9 to channel=gui.input
Bus::publish queueing msg type=9 to channel=gui.input
Bus::publish queueing msg type=29 to channel=gui.input
Bus::publish queueing msg type=9 to channel=gui.input
Bus::publish queueing msg type=9 to channel=gui.input
Bus::publish queueing msg type=9 to channel=gui.input
Bus::publish queueing msg type=9 to channel=gui.input
Bus::publish queueing msg type=9 to channel=gui.input
Bus::publish queueing msg type=29 to channel=gui.input
Bus::publish queueing msg type=9 to channel=gui.input
Bus::publish queueing msg type=9 to channel=gui.input
Bus::publish queueing msg type=9 to channel=gui.input
Bus::publish queueing msg type=9 to channel=gui.input
Bus::publish queueing msg type=9 to channel=gui.input
Bus::publish queueing msg type=29 to channel=gui.input
Bus::publish queueing msg type=9 to channel=gui.input
Bus::publish queueing msg type=9 to channel=gui.input
Bus::publish queueing msg type=9 to channel=gui.input
Bus::publish queueing msg type=9 to channel=gui.input
Bus::publish queueing msg type=9 to channel=gui.input
Bus::publish queueing msg type=29 to channel=gui.input
Bus::publish queueing msg type=2 to channel=gui.input
Bus::publish queueing msg type=2 to channel=gui.input
Bus::publish queueing msg type=2 to channel=gui.input
Bus::publish queueing msg type=2 to channel=gui.input
Bus::publish queueing msg type=2 to channel=gui.input
STARTUP_APP_MODEL_REGRESSION_BEGIN
compositorPid=10
registered appId=gxos.builtin.notepad displayName=Notepad result=PASS
registered appId=gxos.builtin.calculator displayName=Calculator result=PASS
registered appId=gxos.builtin.displayoptions displayName=DisplayOptions result=PASS
registered appId=gxos.builtin.settings displayName=Settings result=PASS
registered appId=gxos.builtin.controlpanel displayName=ControlPanel result=PASS
initialWindowCount=0
registrationDidNotLaunch=PASS
explicitLaunch appId=gxos.builtin.notepad launchResult=PASS windowOwnership=PASS windowId=1000 ownerPid=11 title=Untitled - Notepad
explicitLaunch appId=gxos.builtin.calculator launchResult=PASS windowOwnership=PASS windowId=1001 ownerPid=12 title=Calculator
explicitLaunch appId=gxos.builtin.displayoptions launchResult=PASS windowOwnership=PASS windowId=1002 ownerPid=13 title=Display Options
explicitLaunch appId=gxos.builtin.settings launchResult=PASS windowOwnership=PASS windowId=1003 ownerPid=14 title=Settings
explicitLaunch appId=gxos.builtin.controlpanel launchResult=PASS windowOwnership=PASS windowId=1004 ownerPid=15 title=Control Panel
STARTUP_APP_MODEL_REGRESSION_RESULT=PASS
STARTUP_APP_MODEL_REGRESSION_END
[lifecycle] phase -> ShuttingDown
Bus::publish queueing msg type=5 to channel=gui.input
Desktop config persisted
Bus::publish directing msg type=2 to pid=11
Desktop config persisted
Bus::publish directing msg type=2 to pid=12
Desktop config persisted
Bus::publish directing msg type=2 to pid=13
Desktop config persisted
Bus::publish directing msg type=2 to pid=14
Desktop config persisted
Bus::publish directing msg type=2 to pid=15
Calculator closing...
DisplayOptions terminated
ControlPanel closing
ControlPanel terminated
Notepad closing...
Notepad stopped
Calculator stopped
Settings Center terminated
Compositor service stopping
[lifecycle] phase -> Stopped
guideXOSServer server exiting.
