[2J[01;01H[=3h[2J[01;01H[2J[01;01H[=3h[2J[01;01H[2J[01;01H[=3h[2J[01;01HBdsDxe: loading Boot0001 "UEFI QEMU HARDDISK QM00001 " from PciRoot(0x0)/Pci(0x1F,0x2)/Sata(0x0,0xFFFF,0x0)
BdsDxe: starting Boot0001 "UEFI QEMU HARDDISK QM00001 " from PciRoot(0x0)/Pci(0x1F,0x2)/Sata(0x0,0xFFFF,0x0)
guideXOS UEFI Bootloader
ACPI RSDP found at 0x000000003F77E000, rev 0
ELF: vaddr range 0x100000 - 0x6657770 (size 0x6557770)
ELF: Allocated 25944 pages at 0x3561d000
ELF: Loading seg 0: vaddr=0x100000 -> phys=0x3561d000 (filesz=0x1a8018)
ELF: Loading seg 1: vaddr=0x2a9000 -> phys=0x357c6000 (filesz=0x105048)
ELF: Entry point in segment 0 (vaddr 0x100000)
ELF: Entry vaddr=0x100000, offset=0x0, physEntry=0x3561d000
Kernel entry phys: 0x000000003561D000 virt: 0x0000000000100000
Kernel loaded at: 0x000000003561D000 - 0x000000003BB74770
Could not open file: ramdisk.img
Warning: Failed to load ramdisk
Stack allocated at 0x0000000000200000, top at 0x0000000000210000 (below kernel)

=== PCI Enumeration ===
Found 1 network controller(s)
  [%02x:%02x.0] Vendor=%04x Device=%04x Class=%02x/%02x IRQ=2
    BAR0: Phys=%016lx Size=81060000 ()
    ** Supported Intel E1000 NIC **

*** Using NIC at [%02x:%02x.0] ***
    Vendor: %04x  Device: %04x
    MMIO Phys: %016lx  Size: 81060000
    PCI bus mastering enabled
=========================

Runtime frame pool: 0x000000003CA25000 pages=4096
Mapping stack: 0x0000000000200000 size 65536
Mapping framebuffer: 0x0000000080000000 size 4096000
Mapping ACPI RSDP region: 0x000000003F77E000
Mapping bootloader: 0x000000003DA65000 size 73728
Mapping allocator region: 0x4000000 size 64MB
Mapping low memory stack region: 0x100000 size 2MB
Mapping NIC MMIO: %016lx size 81060000
NIC MMIO mapped: Phys=%016lx Virt=%016lx
Building identity page tables with 13 ranges...
Page tables built at PML4: 0x000000003DD30000
Pre-EBS marker drawn (green square top-left)
Exiting boot services...


=== GuideXOS Boot (Post-ExitBootServices) ===

=== CPU State Check ===
CR0 = 0x0000000080010033
CR3 = 0x000000003F801000
CR4 = 0x0000000000000668
EFER = 0x0000000000000D00
  [OK] CR0.PG (Paging) enabled
  [OK] CR0.PE (Protected Mode) enabled
  [OK] CR4.PAE enabled
  [OK] EFER.LME (Long Mode Enable) set
  [OK] EFER.LMA (Long Mode Active) set

=== BootInfo ===
Magic: 0x49425847
Framebuffer: 0x0000000080000000 (0x00000500x0x00000320)

=== Kernel Entry Validation ===
Entry point: 0x000000003561D000
First 16 bytes at entry:
  FA 66 31 C0 8E D8 8E C0 8E E0 8E E8 8E D0 48 BC 
  [INFO] Unknown prologue pattern

=== Jumping to Kernel (Trampoline) ===

========================================
=== PRE-HANDOFF VALIDATION ===
========================================

--- Parameters ---
Kernel Entry: 0x000000003561D000
BootInfo:     0x000000003DD38000
Stack Top:    0x0000000000210000
PML4 Phys:    0x000000003DD30000

--- Validating Mappings ---

[1] Kernel Entry:
Checking mapping for: 0x000000003561D000
  PML4[0x00000000] = 0x000000003DD2F003
  PDPT[0x00000000] = 0x000000003DA83003
  PD[0x000001AB] = 0x000000003DA81003
  PT[0x0000001D] = 0x000000003561D003
  [OK] Maps to physical: 0x000000003561D000

[2] BootInfo:
Checking mapping for: 0x000000003DD38000
  PML4[0x00000000] = 0x000000003DD2F003
  PDPT[0x00000000] = 0x000000003DA83003
  PD[0x000001EE] = 0x000000003C9FB003
  PT[0x00000138] = 0x000000003DD38003
  [OK] Maps to physical: 0x000000003DD38000

[3] Stack (top - 0x1000):
Checking mapping for: 0x000000000020F000
  PML4[0x00000000] = 0x000000003DD2F003
  PDPT[0x00000000] = 0x000000003DA83003
  PD[0x00000001] = 0x000000003C9FC003
  PT[0x0000000F] = 0x000000003572C003
  [OK] Maps to physical: 0x000000003572C000

[4] PML4 self-mapping:
Checking mapping for: 0x000000003DD30000
  PML4[0x00000000] = 0x000000003DD2F003
  PDPT[0x00000000] = 0x000000003DA83003
  PD[0x000001EE] = 0x000000003C9FB003
  PT[0x00000130] = 0x000000003DD30003
  [OK] Maps to physical: 0x000000003DD30000

[5] Framebuffer:
Checking mapping for: 0x0000000080000000
  PML4[0x00000000] = 0x000000003DD2F003
  PDPT[0x00000002] = 0x000000003C9F1003
  PD[0x00000000] = 0x000000003C9F0003
  PT[0x00000000] = 0x0000000080000003
  [OK] Maps to physical: 0x0000000080000000

========================================
=== VALIDATION COMPLETE ===
========================================


[BOOT] Validating VIRTUAL kernel entry mapping:
Checking mapping for: 0x0000000000100000
  PML4[0x00000000] = 0x000000003DD2F003
  PDPT[0x00000000] = 0x000000003DA83003
  PD[0x00000000] = 0x000000003DA82003
  PT[0x00000100] = 0x000000003561D003
  [OK] Maps to physical: 0x000000003561D000
[BOOT] About to handoff via trampoline...
[BOOT] Trampoline at: 0x000000003DD31000
[BOOT] Kernel entry: 0x000000003561D000
[BOOT] BootInfo at: 0x000000003DD38000
[BOOT] Stack top: 0x0000000000210000
[BOOT] PML4: 0x000000003DD30000

[BOOT] Validating trampoline mapping:
Checking mapping for: 0x000000003DD31000
  PML4[0x00000000] = 0x000000003DD2F003
  PDPT[0x00000000] = 0x000000003DA83003
  PD[0x000001EE] = 0x000000003C9FB003
  PT[0x00000131] = 0x000000003DD31003
  [OK] Maps to physical: 0x000000003DD31000

[BOOT] === CALLING TRAMPOLINE NOW ===
[KERNEL] guideXOS kernel_main entered
[KERNEL] Boot method: UEFI BootInfo
[KERNEL] Generic address-space frame pool initialized
[GDT] GDT loaded with 3 entries, segments reloaded
[IRQ] IDT loaded, PIC remapped, interrupts enabled
[IRQ] Master PIC mask: 0xFF Slave PIC mask: 0xFF
[PIT] Timer configured at ~00000064 Hz (divisor=0x00002E9B)
[IRQ] register_irq called for IRQ 00
[IRQ] Handler stored, unmasking...
[IRQ] Registered and unmasked IRQ 00 Master mask: 0xFE Slave mask: 0xFF
[nativeaot-gc-first-allocation] timer services ready
[nativeaot-gc-first-allocation] BEGIN
[nativeaot-gc-first-allocation] Runtime foundation initialization: PASS
[IRQ] dispatch irq=00
[nativeaot-gc-first-allocation] Artifact staged: PASS
[nativeaot-gc-first-allocation] Win64 PAL legacy installation: PASS
[nativeaot-gc-first-allocation] Win64 PAL v1 installation: PASS
[nativeaot-gc-first-allocation] GC platform installation: PASS
[IRQ] dispatch irq=00
[IRQ] dispatch irq=00
[nativeaot-gc-first-allocation] RhInitialize return=00000000 state=02000012 preGcState=00002B0F diagnosticStage=00000070 startupNativeAllocations=0000002B lastSize=00000020
[nativeaot-gc-first-allocation] RhInitialize: PASS
[nativeaot-gc-first-allocation] NativeAOT current-thread TLS vector: PASS
[nativeaot-gc-first-allocation] tlsGsBase=0000000003916CE0 tlsVector=0000000003916BC0 tlsBlock=0000000003916BD0 tlsIndexAssumed=0
[nativeaot-gc-first-allocation] entering ManagedMain once
[IRQ] dispatch irq=00
[nativeaot-gc-first-allocation] Managed entry once: PASS
[nativeaot-gc-first-allocation] Managed byte[24] return: PASS
[nativeaot-gc-first-allocation] Allocation finalization: FAIL
[nativeaot-gc-first-allocation] managedStatus=00001801 finalizeStatus=FFFFFFFF schema=00000001 allocationCount=00000001 rhpNewArrayEntries=00000001 realGcAllocationEntries=00000001 slowAllocationEntries=00000001 allocationContextRefills=00000001
[nativeaot-gc-first-allocation] contextBefore=0000000100A00058
[nativeaot-gc-first-allocation] limitBefore=0000000100A00FD0
[nativeaot-gc-first-allocation] contextAfter=0000000100A00058
[nativeaot-gc-first-allocation] limitAfter=0000000100A00FD0
[nativeaot-gc-first-allocation] heapBase=0000000100A00028
[nativeaot-gc-first-allocation] heapAllocated=0000000100A00028
[nativeaot-gc-first-allocation] heapReserved=0000000100B00000
[nativeaot-gc-first-allocation] object=0000000100A00028
[nativeaot-gc-first-allocation] returnedObject=0000000100A00028
[nativeaot-gc-first-allocation] data=0000000100A00038
[nativeaot-gc-first-allocation] eeType=00000000100C0598
[nativeaot-gc-first-allocation] length=00000018 requestedLength=00000018 size=00000030 zeroBytes=00000018 pattern=00000001 alignment=00000001 layout=00000001 range=00000000 ownership=00000001 pointerContractFailures=00000000
[nativeaot-gc-first-allocation] gcCountBefore=00000000 gcCountAfter=[IRQ] dispatch irq=00
00000000 collectionsEntered=00000000 collectionTriggeringEntries=00000000 gcInProgressBefore=00000000 gcInProgressAfter=00000000 finalizableBefore=00000000 finalizableAfter=00000000 finalizationScans=00000000 finalizersExecuted=00000000
[nativeaot-gc-first-allocation] One real Workstation GC allocation: FAIL
[nativeaot-gc-first-allocation] Finalizer worker parked: PASS
[nativeaot-gc-first-allocation] wrapperCallCount=1 managedEntryCallCount=1 shutdownCalls=0
[nativeaot-gc-first-allocation] same-process shutdown: UNSUPPORTED
[nativeaot-gc-first-allocation] ALL_FAIL
