[2J[01;01H[=3h[2J[01;01H[2J[01;01H[=3h[2J[01;01H[2J[01;01H[=3h[2J[01;01HBdsDxe: loading Boot0001 "UEFI QEMU HARDDISK QM00001 " from PciRoot(0x0)/Pci(0x1,0x1)/Ata(Primary,Master,0x0)
BdsDxe: starting Boot0001 "UEFI QEMU HARDDISK QM00001 " from PciRoot(0x0)/Pci(0x1,0x1)/Ata(Primary,Master,0x0)
guideXOS UEFI Bootloader
ACPI RSDP found at 0x000000003F77E000, rev 0
ELF: vaddr range 0x100000 - 0x4df5700 (size 0x4cf5700)
ELF: Allocated 19702 pages at 0x36e7f000
ELF: Loading seg 0: vaddr=0x100000 -> phys=0x36e7f000 (filesz=0x19f018)
ELF: Loading seg 1: vaddr=0x2a0000 -> phys=0x3701f000 (filesz=0xe048)
ELF: Entry point in segment 0 (vaddr 0x100000)
ELF: Entry vaddr=0x100000, offset=0x0, physEntry=0x36e7f000
Kernel entry phys: 0x0000000036E7F000 virt: 0x0000000000100000
Kernel loaded at: 0x0000000036E7F000 - 0x000000003BB74700
Ramdisk size: 67108864 bytes
Ramdisk loaded at 0x0000000032E7F000
Stack allocated at 0x0000000000200000, top at 0x0000000000210000 (below kernel)

=== PCI Enumeration ===
Found 1 network controller(s)
  [%02x:%02x.0] Vendor=%04x Device=%04x Class=%02x/%02x IRQ=3
    BAR0: Phys=%016lx Size=81040000 ()
    ** Supported Intel E1000 NIC **

*** Using NIC at [%02x:%02x.0] ***
    Vendor: %04x  Device: %04x
    MMIO Phys: %016lx  Size: 81040000
    PCI bus mastering enabled
=========================

Runtime frame pool: 0x000000003D929000 pages=512
Mapping stack: 0x0000000000200000 size 65536
Mapping framebuffer: 0x0000000080000000 size 4096000
Mapping ramdisk: 0x0000000032E7F000 size 67108864
Mapping ACPI RSDP region: 0x000000003F77E000
Mapping bootloader: 0x000000003DB69000 size 73728
Mapping allocator region: 0x4000000 size 64MB
Mapping low memory stack region: 0x100000 size 2MB
Mapping NIC MMIO: %016lx size 81040000
NIC MMIO mapped: Phys=%016lx Virt=%016lx
Building identity page tables with 14 ranges...
Page tables built at PML4: 0x000000003DE33000
Pre-EBS marker drawn (green square top-left)
Exiting boot services...


=== GuideXOS Boot (Post-ExitBootServices) ===

=== CPU State Check ===
CR0 = 0x0000000080010033
CR3 = 0x000000003F801000
CR4 = 0x0000000000000668
EFER = 0x0000000000000D00
  [OK] CR0.PG (Paging) enabled
  [OK] CR0.PE (Protected Mode) enabled
  [OK] CR4.PAE enabled
  [OK] EFER.LME (Long Mode Enable) set
  [OK] EFER.LMA (Long Mode Active) set

=== BootInfo ===
Magic: 0x49425847
Framebuffer: 0x0000000080000000 (0x00000500x0x00000320)

=== Kernel Entry Validation ===
Entry point: 0x0000000036E7F000
First 16 bytes at entry:
  FA 66 31 C0 8E D8 8E C0 8E E0 8E E8 8E D0 48 BC 
  [INFO] Unknown prologue pattern

=== Jumping to Kernel (Trampoline) ===

========================================
=== PRE-HANDOFF VALIDATION ===
========================================

--- Parameters ---
Kernel Entry: 0x0000000036E7F000
BootInfo:     0x000000003DE3B000
Stack Top:    0x0000000000210000
PML4 Phys:    0x000000003DE33000

--- Validating Mappings ---

[1] Kernel Entry:
Checking mapping for: 0x0000000036E7F000
  PML4[0x00000000] = 0x000000003DE32003
  PDPT[0x00000000] = 0x000000003DB87003
  PD[0x000001B7] = 0x000000003DB85003
  PT[0x0000007F] = 0x0000000036E7F003
  [OK] Maps to physical: 0x0000000036E7F000

[2] BootInfo:
Checking mapping for: 0x000000003DE3B000
  PML4[0x00000000] = 0x000000003DE32003
  PDPT[0x00000000] = 0x000000003DB87003
  PD[0x000001EF] = 0x000000003D90B003
  PT[0x0000003B] = 0x000000003DE3B003
  [OK] Maps to physical: 0x000000003DE3B000

[3] Stack (top - 0x1000):
Checking mapping for: 0x000000000020F000
  PML4[0x00000000] = 0x000000003DE32003
  PDPT[0x00000000] = 0x000000003DB87003
  PD[0x00000001] = 0x000000003D90C003
  PT[0x0000000F] = 0x0000000036F8E003
  [OK] Maps to physical: 0x0000000036F8E000

[4] PML4 self-mapping:
Checking mapping for: 0x000000003DE33000
  PML4[0x00000000] = 0x000000003DE32003
  PDPT[0x00000000] = 0x000000003DB87003
  PD[0x000001EF] = 0x000000003D90B003
  PT[0x00000033] = 0x000000003DE33003
  [OK] Maps to physical: 0x000000003DE33000

[5] Framebuffer:
Checking mapping for: 0x0000000080000000
  PML4[0x00000000] = 0x000000003DE32003
  PDPT[0x00000002] = 0x000000003D908003
  PD[0x00000000] = 0x000000003D907003
  PT[0x00000000] = 0x0000000080000003
  [OK] Maps to physical: 0x0000000080000000

========================================
=== VALIDATION COMPLETE ===
========================================


[BOOT] Validating VIRTUAL kernel entry mapping:
Checking mapping for: 0x0000000000100000
  PML4[0x00000000] = 0x000000003DE32003
  PDPT[0x00000000] = 0x000000003DB87003
  PD[0x00000000] = 0x000000003DB86003
  PT[0x00000100] = 0x0000000036E7F003
  [OK] Maps to physical: 0x0000000036E7F000
[BOOT] About to handoff via trampoline...
[BOOT] Trampoline at: 0x000000003DE34000
[BOOT] Kernel entry: 0x0000000036E7F000
[BOOT] BootInfo at: 0x000000003DE3B000
[BOOT] Stack top: 0x0000000000210000
[BOOT] PML4: 0x000000003DE33000

[BOOT] Validating trampoline mapping:
Checking mapping for: 0x000000003DE34000
  PML4[0x00000000] = 0x000000003DE32003
  PDPT[0x00000000] = 0x000000003DB87003
  PD[0x000001EF] = 0x000000003D90B003
  PT[0x00000034] = 0x000000003DE34003
  [OK] Maps to physical: 0x000000003DE34000

[BOOT] === CALLING TRAMPOLINE NOW ===
[KERNEL] guideXOS kernel_main entered
[KERNEL] Boot method: UEFI BootInfo
[KERNEL] Generic address-space frame pool initialized
[GDT] GDT loaded with 3 entries, segments reloaded
[IRQ] IDT loaded, PIC remapped, interrupts enabled
[IRQ] Master PIC mask: 0xFF Slave PIC mask: 0xFF
[PIT] Timer configured at ~00000064 Hz (divisor=0x00002E9B)
[IRQ] register_irq called for IRQ 00
[IRQ] Handler stored, unmasking...
[IRQ] Registered and unmasked IRQ 00 Master mask: 0xFE Slave mask: 0xFF
[native-local-storage-test] timer services ready
[native-local-storage-test] BEGIN
[native-local-storage-test] Manager initialization: PASS
[native-local-storage-test] Index allocation: PASS
[native-local-storage-test] Initial-thread value: PASS
[native-local-storage-test] Worker-thread isolation: PASS
[native-local-storage-test] Multiple-index isolation: PASS
[native-local-storage-test] Detach callback value: PASS
[native-local-storage-test] Detach callback count: PASS
[native-local-storage-test] Callback repopulation policy: PASS
[native-local-storage-test] Detached-thread cleanup: PASS
[native-local-storage-test] Index release callback: PASS
[native-local-storage-test] TCB reuse clearing: PASS
[native-local-storage-test] Index exhaustion: PASS
[native-local-storage-test] Slot-generation reuse: PASS
[native-local-storage-test] Stale-index rejection: PASS
[native-local-storage-test] Initial-thread detach: PASS
[native-local-storage-test] Runtime shutdown cleanup: PASS
[native-local-storage-test] Process/runtime teardown: PASS
[native-local-storage-test] Leak check: PASS
[native-local-storage-test] ALL_PASS[IRQ] dispatch irq=00

[IRQ] dispatch irq=00
[IRQ] dispatch irq=00
[IRQ] dispatch irq=00
[IRQ] dispatch irq=00
[IRQ] dispatch irq=00
[IRQ] dispatch irq=00
[IRQ] dispatch irq=00
[IRQ] dispatch irq=00
[IRQ] dispatch irq=00
