[2J[01;01H[=3h[2J[01;01H[2J[01;01H[=3h[2J[01;01H[2J[01;01H[=3h[2J[01;01HBdsDxe: loading Boot0001 "UEFI QEMU HARDDISK QM00001 " from PciRoot(0x0)/Pci(0x1,0x1)/Ata(Primary,Master,0x0)
BdsDxe: starting Boot0001 "UEFI QEMU HARDDISK QM00001 " from PciRoot(0x0)/Pci(0x1,0x1)/Ata(Primary,Master,0x0)
guideXOS UEFI Bootloader
ACPI RSDP found at 0x000000003F77E000, rev 0
ELF: vaddr range 0x100000 - 0x4e03770 (size 0x4d03770)
ELF: Allocated 19716 pages at 0x36e71000
ELF: Loading seg 0: vaddr=0x100000 -> phys=0x36e71000 (filesz=0x1a1018)
ELF: Loading seg 1: vaddr=0x2a2000 -> phys=0x37013000 (filesz=0x14040)
ELF: Entry point in segment 0 (vaddr 0x100000)
ELF: Entry vaddr=0x100000, offset=0x0, physEntry=0x36e71000
Kernel entry phys: 0x0000000036E71000 virt: 0x0000000000100000
Kernel loaded at: 0x0000000036E71000 - 0x000000003BB74770
Ramdisk size: 67108864 bytes
Ramdisk loaded at 0x0000000032E71000
Stack allocated at 0x0000000000200000, top at 0x0000000000210000 (below kernel)

=== PCI Enumeration ===
Found 1 network controller(s)
  [%02x:%02x.0] Vendor=%04x Device=%04x Class=%02x/%02x IRQ=3
    BAR0: Phys=%016lx Size=81040000 ()
    ** Supported Intel E1000 NIC **

*** Using NIC at [%02x:%02x.0] ***
    Vendor: %04x  Device: %04x
    MMIO Phys: %016lx  Size: 81040000
    PCI bus mastering enabled
=========================

Runtime frame pool: 0x000000003D928000 pages=512
Mapping stack: 0x0000000000200000 size 65536
Mapping framebuffer: 0x0000000080000000 size 4096000
Mapping ramdisk: 0x0000000032E71000 size 67108864
Mapping ACPI RSDP region: 0x000000003F77E000
Mapping bootloader: 0x000000003DB68000 size 73728
Mapping allocator region: 0x4000000 size 64MB
Mapping low memory stack region: 0x100000 size 2MB
Mapping NIC MMIO: %016lx size 81040000
NIC MMIO mapped: Phys=%016lx Virt=%016lx
Building identity page tables with 14 ranges...
Page tables built at PML4: 0x000000003DE33000
Pre-EBS marker drawn (green square top-left)
Exiting boot services...


=== GuideXOS Boot (Post-ExitBootServices) ===

=== CPU State Check ===
CR0 = 0x0000000080010033
CR3 = 0x000000003F801000
CR4 = 0x0000000000000668
EFER = 0x0000000000000D00
  [OK] CR0.PG (Paging) enabled
  [OK] CR0.PE (Protected Mode) enabled
  [OK] CR4.PAE enabled
  [OK] EFER.LME (Long Mode Enable) set
  [OK] EFER.LMA (Long Mode Active) set

=== BootInfo ===
Magic: 0x49425847
Framebuffer: 0x0000000080000000 (0x00000500x0x00000320)

=== Kernel Entry Validation ===
Entry point: 0x0000000036E71000
First 16 bytes at entry:
  FA 66 31 C0 8E D8 8E C0 8E E0 8E E8 8E D0 48 BC 
  [INFO] Unknown prologue pattern

=== Jumping to Kernel (Trampoline) ===

========================================
=== PRE-HANDOFF VALIDATION ===
========================================

--- Parameters ---
Kernel Entry: 0x0000000036E71000
BootInfo:     0x000000003DE3C000
Stack Top:    0x0000000000210000
PML4 Phys:    0x000000003DE33000

--- Validating Mappings ---

[1] Kernel Entry:
Checking mapping for: 0x0000000036E71000
  PML4[0x00000000] = 0x000000003DE32003
  PDPT[0x00000000] = 0x000000003DB86003
  PD[0x000001B7] = 0x000000003DB84003
  PT[0x00000071] = 0x0000000036E71003
  [OK] Maps to physical: 0x0000000036E71000

[2] BootInfo:
Checking mapping for: 0x000000003DE3C000
  PML4[0x00000000] = 0x000000003DE32003
  PDPT[0x00000000] = 0x000000003DB86003
  PD[0x000001EF] = 0x000000003D90A003
  PT[0x0000003C] = 0x000000003DE3C003
  [OK] Maps to physical: 0x000000003DE3C000

[3] Stack (top - 0x1000):
Checking mapping for: 0x000000000020F000
  PML4[0x00000000] = 0x000000003DE32003
  PDPT[0x00000000] = 0x000000003DB86003
  PD[0x00000001] = 0x000000003D90B003
  PT[0x0000000F] = 0x0000000036F80003
  [OK] Maps to physical: 0x0000000036F80000

[4] PML4 self-mapping:
Checking mapping for: 0x000000003DE33000
  PML4[0x00000000] = 0x000000003DE32003
  PDPT[0x00000000] = 0x000000003DB86003
  PD[0x000001EF] = 0x000000003D90A003
  PT[0x00000033] = 0x000000003DE33003
  [OK] Maps to physical: 0x000000003DE33000

[5] Framebuffer:
Checking mapping for: 0x0000000080000000
  PML4[0x00000000] = 0x000000003DE32003
  PDPT[0x00000002] = 0x000000003D907003
  PD[0x00000000] = 0x000000003D906003
  PT[0x00000000] = 0x0000000080000003
  [OK] Maps to physical: 0x0000000080000000

========================================
=== VALIDATION COMPLETE ===
========================================


[BOOT] Validating VIRTUAL kernel entry mapping:
Checking mapping for: 0x0000000000100000
  PML4[0x00000000] = 0x000000003DE32003
  PDPT[0x00000000] = 0x000000003DB86003
  PD[0x00000000] = 0x000000003DB85003
  PT[0x00000100] = 0x0000000036E71003
  [OK] Maps to physical: 0x0000000036E71000
[BOOT] About to handoff via trampoline...
[BOOT] Trampoline at: 0x000000003DE34000
[BOOT] Kernel entry: 0x0000000036E71000
[BOOT] BootInfo at: 0x000000003DE3C000
[BOOT] Stack top: 0x0000000000210000
[BOOT] PML4: 0x000000003DE33000

[BOOT] Validating trampoline mapping:
Checking mapping for: 0x000000003DE34000
  PML4[0x00000000] = 0x000000003DE32003
  PDPT[0x00000000] = 0x000000003DB86003
  PD[0x000001EF] = 0x000000003D90A003
  PT[0x00000034] = 0x000000003DE34003
  [OK] Maps to physical: 0x000000003DE34000

[BOOT] === CALLING TRAMPOLINE NOW ===
[KERNEL] guideXOS kernel_main entered
[KERNEL] Boot method: UEFI BootInfo
[KERNEL] Generic address-space frame pool initialized
[GDT] GDT loaded with 3 entries, segments reloaded
[IRQ] IDT loaded, PIC remapped, interrupts enabled
[IRQ] Master PIC mask: 0xFF Slave PIC mask: 0xFF
[PIT] Timer configured at ~00000064 Hz (divisor=0x00002E9B)
[IRQ] register_irq called for IRQ 00
[IRQ] Handler stored, unmasking...
[IRQ] Registered and unmasked IRQ 00 Master mask: 0xFE Slave mask: 0xFF
[nativeaot-pal-qemu-test] timer services ready
[nativeaot-pal-qemu-test] BEGIN
[nativeaot-pal-qemu-test] Artifact staged: PASS
[nativeaot-pal-qemu-test] Invalid magic rejected: PASS
[nativeaot-pal-qemu-test] Unsupported version rejected: PASS
[nativeaot-pal-qemu-test] Truncated table rejected: PASS
[nativeaot-pal-qemu-test] Hook magic/version/size: PASS
[nativeaot-pal-qemu-test] Capability negotiation: PASS
[IRQ] dispatch irq=00
[IRQ] dispatch irq=00
[nativeaot-pal-qemu-test] Probe return: 00000000
[nativeaot-pal-qemu-test] Initial current-thread ID: PASS
[nativeaot-pal-qemu-test] Initial stack bounds: PASS
[nativeaot-pal-qemu-test] Initial FLS lifecycle: PASS
[nativeaot-pal-qemu-test] Worker creation: PASS
[nativeaot-pal-qemu-test] SysV-to-Win64 callback: PASS
[nativeaot-pal-qemu-test] Worker result: PASS
[nativeaot-pal-qemu-test] Worker thread ID: PASS
[nativeaot-pal-qemu-test] Worker stack bounds: PASS
[nativeaot-pal-qemu-test] Worker ThreadStore lifecycle: PASS
[nativeaot-pal-qemu-test] FLS detach callback bridge: PASS
[nativeaot-pal-qemu-test] Callback count: PASS
[nativeaot-pal-qemu-test] Join and cleanup: PASS
[nativeaot-pal-qemu-test] Timing: PASS
[nativeaot-pal-qemu-test] Sleep/yield: PASS
[nativeaot-pal-qemu-test] Hook uninstall: PASS
[nativeaot-pal-qemu-test] ThreadStore detach: PASS
[nativeaot-pal-qemu-test] Cleanup: PASS
[IRQ] dispatch irq=00
[nativeaot-pal-qemu-test] Artifact staged: PASS
[nativeaot-pal-qemu-test] Invalid magic rejected: PASS
[nativeaot-pal-qemu-test] Unsupported version rejected: PASS
[nativeaot-pal-qemu-test] Truncated table rejected: PASS
[nativeaot-pal-qemu-test] Hook magic/version/size: PASS
[nativeaot-pal-qemu-test] Capability negotiation: PASS
[IRQ] dispatch irq=00
[IRQ] dispatch irq=00
[nativeaot-pal-qemu-test] Probe return: 00000000
[nativeaot-pal-qemu-test] Initial current-thread ID: PASS
[nativeaot-pal-qemu-test] Initial stack bounds: PASS
[nativeaot-pal-qemu-test] Initial FLS lifecycle: PASS
[nativeaot-pal-qemu-test] Worker creation: PASS
[nativeaot-pal-qemu-test] SysV-to-Win64 callback: PASS
[nativeaot-pal-qemu-test] Worker result: PASS
[nativeaot-pal-qemu-test] Worker thread ID: PASS
[nativeaot-pal-qemu-test] Worker stack bounds: PASS
[nativeaot-pal-qemu-test] Worker ThreadStore lifecycle: PASS
[nativeaot-pal-qemu-test] FLS detach callback bridge: PASS
[nativeaot-pal-qemu-test] Callback count: PASS
[nativeaot-pal-qemu-test] Join and cleanup: PASS
[nativeaot-pal-qemu-test] Timing: PASS
[nativeaot-pal-qemu-test] Sleep/yield: PASS
[nativeaot-pal-qemu-test] Hook uninstall: PASS
[nativeaot-pal-qemu-test] ThreadStore detach: PASS
[nativeaot-pal-qemu-test] Cleanup: PASS
[nativeaot-pal-qemu-test] Second in-process launch: PASS
[nativeaot-pal-qemu-test] ALL_PASS
