Building temporary typed-dispatch flag diagnostic binary: shadow-only
Running typed-dispatch flag diagnostics: shadow-only
Building temporary typed-dispatch flag diagnostic binary: enabled-only
Running typed-dispatch flag diagnostics: enabled-only
Building temporary typed-dispatch flag diagnostic binary: both-flags
Running typed-dispatch flag diagnostics: both-flags
Checking normal hosted binary still reports default flags...
[AppModelTypedDispatchFlagsSmoke]
mode=diagnostic-only
temporaryOutputDir=D:\dev\guideXOSServer\out\appmodel-typed-dispatch-flags
permanentBuildFlagsChanged=false
case=shadow-only summaryLine=typedDispatchFlags: shadowOnly=ON enabled=OFF behavior=legacy-dispatch status=OK discoveryOnly=true
case=shadow-only gateCheck=check=typedDispatchCompileFlags status=PASS
case=shadow-only launchBehavior=legacy-dispatch enablesTypedDispatch=false feedsTypedDispatchIntoLaunch=false
case=enabled-only summaryLine=typedDispatchFlags: shadowOnly=OFF enabled=ON behavior=legacy-dispatch status=OK discoveryOnly=true
case=enabled-only gateCheck=check=typedDispatchCompileFlags status=PASS
case=enabled-only launchBehavior=legacy-dispatch enablesTypedDispatch=false feedsTypedDispatchIntoLaunch=false
case=both-flags summaryLine=typedDispatchFlags: shadowOnly=ON enabled=ON behavior=legacy-dispatch status=WARN discoveryOnly=true invalidConfiguration=true
case=both-flags gateCheck=check=typedDispatchCompileFlags status=WARN
case=both-flags launchBehavior=legacy-dispatch enablesTypedDispatch=false feedsTypedDispatchIntoLaunch=false
normalDefaultChecked=true
normalDefaultLine=typedDispatchFlags: shadowOnly=OFF enabled=OFF behavior=legacy-dispatch status=OK discoveryOnly=true
result=PASS
Smoke log: D:\dev\guideXOSServer\logs\appmodel-typed-dispatch-flags-smoke-20260525-185740.log
