In file included from core/app_launch_target_resolver.cpp:4:
core/include/kernel/kernel_app.h: In member function 'virtual bool kernel::app::KernelApp::initWithParam(const char*)':
core/include/kernel/kernel_app.h:198:44: warning: unused parameter 'param' [-Wunused-parameter]
  198 |     virtual bool initWithParam(const char* param) { return init(); }  // Override for param support
      |                                ~~~~~~~~~~~~^~~~~
core/include/kernel/kernel_app.h: In member function 'virtual void kernel::app::KernelApp::onMouseMove(int, int)':
core/include/kernel/kernel_app.h:203:34: warning: unused parameter 'x' [-Wunused-parameter]
  203 |     virtual void onMouseMove(int x, int y) {}
      |                              ~~~~^
core/include/kernel/kernel_app.h:203:41: warning: unused parameter 'y' [-Wunused-parameter]
  203 |     virtual void onMouseMove(int x, int y) {}
      |                                     ~~~~^
core/include/kernel/kernel_app.h: In member function 'virtual void kernel::app::KernelApp::onMouseDown(int, int, uint8_t)':
core/include/kernel/kernel_app.h:204:34: warning: unused parameter 'x' [-Wunused-parameter]
  204 |     virtual void onMouseDown(int x, int y, uint8_t button) {}
      |                              ~~~~^
core/include/kernel/kernel_app.h:204:41: warning: unused parameter 'y' [-Wunused-parameter]
  204 |     virtual void onMouseDown(int x, int y, uint8_t button) {}
      |                                     ~~~~^
core/include/kernel/kernel_app.h:204:52: warning: unused parameter 'button' [-Wunused-parameter]
  204 |     virtual void onMouseDown(int x, int y, uint8_t button) {}
      |                                            ~~~~~~~~^~~~~~
core/include/kernel/kernel_app.h: In member function 'virtual void kernel::app::KernelApp::onMouseUp(int, int, uint8_t)':
core/include/kernel/kernel_app.h:205:32: warning: unused parameter 'x' [-Wunused-parameter]
  205 |     virtual void onMouseUp(int x, int y, uint8_t button) {}
      |                            ~~~~^
core/include/kernel/kernel_app.h:205:39: warning: unused parameter 'y' [-Wunused-parameter]
  205 |     virtual void onMouseUp(int x, int y, uint8_t button) {}
      |                                   ~~~~^
core/include/kernel/kernel_app.h:205:50: warning: unused parameter 'button' [-Wunused-parameter]
  205 |     virtual void onMouseUp(int x, int y, uint8_t button) {}
      |                                          ~~~~~~~~^~~~~~
core/include/kernel/kernel_app.h: In member function 'virtual void kernel::app::KernelApp::onKeyDown(uint32_t)':
core/include/kernel/kernel_app.h:206:37: warning: unused parameter 'key' [-Wunused-parameter]
  206 |     virtual void onKeyDown(uint32_t key) {}
      |                            ~~~~~~~~~^~~
core/include/kernel/kernel_app.h: In member function 'virtual void kernel::app::KernelApp::onKeyUp(uint32_t)':
core/include/kernel/kernel_app.h:207:35: warning: unused parameter 'key' [-Wunused-parameter]
  207 |     virtual void onKeyUp(uint32_t key) {}
      |                          ~~~~~~~~~^~~
core/include/kernel/kernel_app.h: In member function 'virtual void kernel::app::KernelApp::onKeyChar(char)':
core/include/kernel/kernel_app.h:208:33: warning: unused parameter 'c' [-Wunused-parameter]
  208 |     virtual void onKeyChar(char c) {}
      |                            ~~~~~^
core/include/kernel/kernel_app.h: In member function 'virtual void kernel::app::KernelApp::onWidgetClick(int)':
core/include/kernel/kernel_app.h:209:36: warning: unused parameter 'widgetId' [-Wunused-parameter]
  209 |     virtual void onWidgetClick(int widgetId) {}
      |                                ~~~~^~~~~~~~
In file included from core/include/kernel/kernel_apps.h:13,
                 from core/main.cpp:15:
core/include/kernel/kernel_app.h: In member function 'virtual bool kernel::app::KernelApp::initWithParam(const char*)':
core/include/kernel/kernel_app.h:198:44: warning: unused parameter 'param' [-Wunused-parameter]
  198 |     virtual bool initWithParam(const char* param) { return init(); }  // Override for param support
      |                                ~~~~~~~~~~~~^~~~~
core/include/kernel/kernel_app.h: In member function 'virtual void kernel::app::KernelApp::onMouseMove(int, int)':
core/include/kernel/kernel_app.h:203:34: warning: unused parameter 'x' [-Wunused-parameter]
  203 |     virtual void onMouseMove(int x, int y) {}
      |                              ~~~~^
core/include/kernel/kernel_app.h:203:41: warning: unused parameter 'y' [-Wunused-parameter]
  203 |     virtual void onMouseMove(int x, int y) {}
      |                                     ~~~~^
core/include/kernel/kernel_app.h: In member function 'virtual void kernel::app::KernelApp::onMouseDown(int, int, uint8_t)':
core/include/kernel/kernel_app.h:204:34: warning: unused parameter 'x' [-Wunused-parameter]
  204 |     virtual void onMouseDown(int x, int y, uint8_t button) {}
      |                              ~~~~^
core/include/kernel/kernel_app.h:204:41: warning: unused parameter 'y' [-Wunused-parameter]
  204 |     virtual void onMouseDown(int x, int y, uint8_t button) {}
      |                                     ~~~~^
core/include/kernel/kernel_app.h:204:52: warning: unused parameter 'button' [-Wunused-parameter]
  204 |     virtual void onMouseDown(int x, int y, uint8_t button) {}
      |                                            ~~~~~~~~^~~~~~
core/include/kernel/kernel_app.h: In member function 'virtual void kernel::app::KernelApp::onMouseUp(int, int, uint8_t)':
core/include/kernel/kernel_app.h:205:32: warning: unused parameter 'x' [-Wunused-parameter]
  205 |     virtual void onMouseUp(int x, int y, uint8_t button) {}
      |                            ~~~~^
core/include/kernel/kernel_app.h:205:39: warning: unused parameter 'y' [-Wunused-parameter]
  205 |     virtual void onMouseUp(int x, int y, uint8_t button) {}
      |                                   ~~~~^
core/include/kernel/kernel_app.h:205:50: warning: unused parameter 'button' [-Wunused-parameter]
  205 |     virtual void onMouseUp(int x, int y, uint8_t button) {}
      |                                          ~~~~~~~~^~~~~~
core/include/kernel/kernel_app.h: In member function 'virtual void kernel::app::KernelApp::onKeyDown(uint32_t)':
core/include/kernel/kernel_app.h:206:37: warning: unused parameter 'key' [-Wunused-parameter]
  206 |     virtual void onKeyDown(uint32_t key) {}
      |                            ~~~~~~~~~^~~
core/include/kernel/kernel_app.h: In member function 'virtual void kernel::app::KernelApp::onKeyUp(uint32_t)':
core/include/kernel/kernel_app.h:207:35: warning: unused parameter 'key' [-Wunused-parameter]
  207 |     virtual void onKeyUp(uint32_t key) {}
      |                          ~~~~~~~~~^~~
core/include/kernel/kernel_app.h: In member function 'virtual void kernel::app::KernelApp::onKeyChar(char)':
core/include/kernel/kernel_app.h:208:33: warning: unused parameter 'c' [-Wunused-parameter]
  208 |     virtual void onKeyChar(char c) {}
      |                            ~~~~~^
core/include/kernel/kernel_app.h: In member function 'virtual void kernel::app::KernelApp::onWidgetClick(int)':
core/include/kernel/kernel_app.h:209:36: warning: unused parameter 'widgetId' [-Wunused-parameter]
  209 |     virtual void onWidgetClick(int widgetId) {}
      |                                ~~~~^~~~~~~~
In file included from core/app_launch_target_resolver.cpp:4:
core/include/kernel/kernel_app.h: In member function 'virtual bool kernel::app::KernelApp::initWithParam(const char*)':
core/include/kernel/kernel_app.h:198:44: warning: unused parameter 'param' [-Wunused-parameter]
  198 |     virtual bool initWithParam(const char* param) { return init(); }  // Override for param support
      |                                ~~~~~~~~~~~~^~~~~
core/include/kernel/kernel_app.h: In member function 'virtual void kernel::app::KernelApp::onMouseMove(int, int)':
core/include/kernel/kernel_app.h:203:34: warning: unused parameter 'x' [-Wunused-parameter]
  203 |     virtual void onMouseMove(int x, int y) {}
      |                              ~~~~^
core/include/kernel/kernel_app.h:203:41: warning: unused parameter 'y' [-Wunused-parameter]
  203 |     virtual void onMouseMove(int x, int y) {}
      |                                     ~~~~^
core/include/kernel/kernel_app.h: In member function 'virtual void kernel::app::KernelApp::onMouseDown(int, int, uint8_t)':
core/include/kernel/kernel_app.h:204:34: warning: unused parameter 'x' [-Wunused-parameter]
  204 |     virtual void onMouseDown(int x, int y, uint8_t button) {}
      |                              ~~~~^
core/include/kernel/kernel_app.h:204:41: warning: unused parameter 'y' [-Wunused-parameter]
  204 |     virtual void onMouseDown(int x, int y, uint8_t button) {}
      |                                     ~~~~^
core/include/kernel/kernel_app.h:204:52: warning: unused parameter 'button' [-Wunused-parameter]
  204 |     virtual void onMouseDown(int x, int y, uint8_t button) {}
      |                                            ~~~~~~~~^~~~~~
core/include/kernel/kernel_app.h: In member function 'virtual void kernel::app::KernelApp::onMouseUp(int, int, uint8_t)':
core/include/kernel/kernel_app.h:205:32: warning: unused parameter 'x' [-Wunused-parameter]
  205 |     virtual void onMouseUp(int x, int y, uint8_t button) {}
      |                            ~~~~^
core/include/kernel/kernel_app.h:205:39: warning: unused parameter 'y' [-Wunused-parameter]
  205 |     virtual void onMouseUp(int x, int y, uint8_t button) {}
      |                                   ~~~~^
core/include/kernel/kernel_app.h:205:50: warning: unused parameter 'button' [-Wunused-parameter]
  205 |     virtual void onMouseUp(int x, int y, uint8_t button) {}
      |                                          ~~~~~~~~^~~~~~
core/include/kernel/kernel_app.h: In member function 'virtual void kernel::app::KernelApp::onKeyDown(uint32_t)':
core/include/kernel/kernel_app.h:206:37: warning: unused parameter 'key' [-Wunused-parameter]
  206 |     virtual void onKeyDown(uint32_t key) {}
      |                            ~~~~~~~~~^~~
core/include/kernel/kernel_app.h: In member function 'virtual void kernel::app::KernelApp::onKeyUp(uint32_t)':
core/include/kernel/kernel_app.h:207:35: warning: unused parameter 'key' [-Wunused-parameter]
  207 |     virtual void onKeyUp(uint32_t key) {}
      |                          ~~~~~~~~~^~~
core/include/kernel/kernel_app.h: In member function 'virtual void kernel::app::KernelApp::onKeyChar(char)':
core/include/kernel/kernel_app.h:208:33: warning: unused parameter 'c' [-Wunused-parameter]
  208 |     virtual void onKeyChar(char c) {}
      |                            ~~~~~^
core/include/kernel/kernel_app.h: In member function 'virtual void kernel::app::KernelApp::onWidgetClick(int)':
core/include/kernel/kernel_app.h:209:36: warning: unused parameter 'widgetId' [-Wunused-parameter]
  209 |     virtual void onWidgetClick(int widgetId) {}
      |                                ~~~~^~~~~~~~
In file included from core/include/kernel/kernel_apps.h:13,
                 from core/main.cpp:15:
core/include/kernel/kernel_app.h: In member function 'virtual bool kernel::app::KernelApp::initWithParam(const char*)':
core/include/kernel/kernel_app.h:198:44: warning: unused parameter 'param' [-Wunused-parameter]
  198 |     virtual bool initWithParam(const char* param) { return init(); }  // Override for param support
      |                                ~~~~~~~~~~~~^~~~~
core/include/kernel/kernel_app.h: In member function 'virtual void kernel::app::KernelApp::onMouseMove(int, int)':
core/include/kernel/kernel_app.h:203:34: warning: unused parameter 'x' [-Wunused-parameter]
  203 |     virtual void onMouseMove(int x, int y) {}
      |                              ~~~~^
core/include/kernel/kernel_app.h:203:41: warning: unused parameter 'y' [-Wunused-parameter]
  203 |     virtual void onMouseMove(int x, int y) {}
      |                                     ~~~~^
core/include/kernel/kernel_app.h: In member function 'virtual void kernel::app::KernelApp::onMouseDown(int, int, uint8_t)':
core/include/kernel/kernel_app.h:204:34: warning: unused parameter 'x' [-Wunused-parameter]
  204 |     virtual void onMouseDown(int x, int y, uint8_t button) {}
      |                              ~~~~^
core/include/kernel/kernel_app.h:204:41: warning: unused parameter 'y' [-Wunused-parameter]
  204 |     virtual void onMouseDown(int x, int y, uint8_t button) {}
      |                                     ~~~~^
core/include/kernel/kernel_app.h:204:52: warning: unused parameter 'button' [-Wunused-parameter]
  204 |     virtual void onMouseDown(int x, int y, uint8_t button) {}
      |                                            ~~~~~~~~^~~~~~
core/include/kernel/kernel_app.h: In member function 'virtual void kernel::app::KernelApp::onMouseUp(int, int, uint8_t)':
core/include/kernel/kernel_app.h:205:32: warning: unused parameter 'x' [-Wunused-parameter]
  205 |     virtual void onMouseUp(int x, int y, uint8_t button) {}
      |                            ~~~~^
core/include/kernel/kernel_app.h:205:39: warning: unused parameter 'y' [-Wunused-parameter]
  205 |     virtual void onMouseUp(int x, int y, uint8_t button) {}
      |                                   ~~~~^
core/include/kernel/kernel_app.h:205:50: warning: unused parameter 'button' [-Wunused-parameter]
  205 |     virtual void onMouseUp(int x, int y, uint8_t button) {}
      |                                          ~~~~~~~~^~~~~~
core/include/kernel/kernel_app.h: In member function 'virtual void kernel::app::KernelApp::onKeyDown(uint32_t)':
core/include/kernel/kernel_app.h:206:37: warning: unused parameter 'key' [-Wunused-parameter]
  206 |     virtual void onKeyDown(uint32_t key) {}
      |                            ~~~~~~~~~^~~
core/include/kernel/kernel_app.h: In member function 'virtual void kernel::app::KernelApp::onKeyUp(uint32_t)':
core/include/kernel/kernel_app.h:207:35: warning: unused parameter 'key' [-Wunused-parameter]
  207 |     virtual void onKeyUp(uint32_t key) {}
      |                          ~~~~~~~~~^~~
core/include/kernel/kernel_app.h: In member function 'virtual void kernel::app::KernelApp::onKeyChar(char)':
core/include/kernel/kernel_app.h:208:33: warning: unused parameter 'c' [-Wunused-parameter]
  208 |     virtual void onKeyChar(char c) {}
      |                            ~~~~~^
core/include/kernel/kernel_app.h: In member function 'virtual void kernel::app::KernelApp::onWidgetClick(int)':
core/include/kernel/kernel_app.h:209:36: warning: unused parameter 'widgetId' [-Wunused-parameter]
  209 |     virtual void onWidgetClick(int widgetId) {}
      |                                ~~~~^~~~~~~~
