Building guideXOS Server...
Using compiler: C:\mingw64\bin\g++.exe
Compiling...
allocator.cpp: In static member function 'static void gxos::Allocator::free(void*)':
allocator.cpp:63:9: warning: this 'if' clause does not guard... [-Wmisleading-indentation]
   63 |         if (!ptr) return; std::lock_guard<std::mutex> _g(g_lock);
      |         ^~
allocator.cpp:63:27: note: ...this statement, but the latter is misleadingly indented as if it were guarded by the 'if'
   63 |         if (!ptr) return; std::lock_guard<std::mutex> _g(g_lock);
      |                           ^~~
In file included from process.h:10,
                 from calculator.h:2,
                 from calculator.cpp:1:
ipc.h: In member function 'bool gxos::ipc::Mailbox::try_pop(gxos::ipc::Message&)':
ipc.h:38:13: warning: this 'if' clause does not guard... [-Wmisleading-indentation]
   38 |             if (_q.empty()) return false; out = std::move(_q.front()); _q.pop_front(); return true;
      |             ^~
ipc.h:38:43: note: ...this statement, but the latter is misleadingly indented as if it were guarded by the 'if'
   38 |             if (_q.empty()) return false; out = std::move(_q.front()); _q.pop_front(); return true;
      |                                           ^~~
In file included from calculator.cpp:2:
gui_protocol.h: In function 'std::string gxos::gui::packPins(const std::vector<std::pair<bool, std::__cxx11::basic_string<char> > >&)':
gui_protocol.h:56:17: warning: this 'if' clause does not guard... [-Wmisleading-indentation]
   56 |                 if (!first)
      |                 ^~
gui_protocol.h:57:33: note: ...this statement, but the latter is misleadingly indented as if it were guarded by the 'if'
   57 |                     oss << ";"; first = false;
      |                                 ^~~~~
In file included from process.h:10,
                 from clock.h:2,
                 from clock.cpp:1:
ipc.h: In member function 'bool gxos::ipc::Mailbox::try_pop(gxos::ipc::Message&)':
ipc.h:38:13: warning: this 'if' clause does not guard... [-Wmisleading-indentation]
   38 |             if (_q.empty()) return false; out = std::move(_q.front()); _q.pop_front(); return true;
      |             ^~
ipc.h:38:43: note: ...this statement, but the latter is misleadingly indented as if it were guarded by the 'if'
   38 |             if (_q.empty()) return false; out = std::move(_q.front()); _q.pop_front(); return true;
      |                                           ^~~
In file included from clock.cpp:2:
gui_protocol.h: In function 'std::string gxos::gui::packPins(const std::vector<std::pair<bool, std::__cxx11::basic_string<char> > >&)':
gui_protocol.h:56:17: warning: this 'if' clause does not guard... [-Wmisleading-indentation]
   56 |                 if (!first)
      |                 ^~
gui_protocol.h:57:33: note: ...this statement, but the latter is misleadingly indented as if it were guarded by the 'if'
   57 |                     oss << ";"; first = false;
      |                                 ^~~~~
In file included from ipc_bus.h:8,
                 from compositor.h:9,
                 from compositor.cpp:1:
ipc.h: In member function 'bool gxos::ipc::Mailbox::try_pop(gxos::ipc::Message&)':
ipc.h:38:13: warning: this 'if' clause does not guard... [-Wmisleading-indentation]
   38 |             if (_q.empty()) return false; out = std::move(_q.front()); _q.pop_front(); return true;
      |             ^~
ipc.h:38:43: note: ...this statement, but the latter is misleadingly indented as if it were guarded by the 'if'
   38 |             if (_q.empty()) return false; out = std::move(_q.front()); _q.pop_front(); return true;
      |                                           ^~~
In file included from compositor.h:10:
gui_protocol.h: In function 'std::string gxos::gui::packPins(const std::vector<std::pair<bool, std::__cxx11::basic_string<char> > >&)':
gui_protocol.h:56:17: warning: this 'if' clause does not guard... [-Wmisleading-indentation]
   56 |                 if (!first)
      |                 ^~
gui_protocol.h:57:33: note: ...this statement, but the latter is misleadingly indented as if it were guarded by the 'if'
   57 |                     oss << ";"; first = false;
      |                                 ^~~~~
In file included from compositor.h:13:
desktop_config.h: In static member function 'static bool gxos::gui::DesktopConfig::Load(const std::string&, gxos::gui::DesktopConfigData&, std::string&)':
desktop_config.h:31:18: warning: variable 'trim' set but not used [-Wunused-but-set-variable]
   31 |             auto trim=[](const std::string& s){ size_t a=0; while(a<s.size() && (s[a]==' '||s[a]=='\n'||s[a]=='\r'||s[a]=='\t')) ++a; size_t b=s.size(); while(b>a && (s[b-1]==' '||s[b-1]=='\n'||s[b-1]=='\r'||s[b-1]=='\t')) --b; return s.substr(a,b-a); };
      |                  ^~~~
compositor.cpp: In static member function 'static LRESULT gxos::gui::Compositor::WndProc(HWND, UINT, WPARAM, LPARAM)':
compositor.cpp:932:26: warning: unused variable 'wrect' [-Wunused-variable]
  932 |                     RECT wrect{ winfo.x, winfo.y, winfo.x + winfo.w, winfo.y + winfo.h };
      |                          ^~~~~
compositor.cpp:1143:25: warning: unused variable 'rightColW' [-Wunused-variable]
 1143 |                     int rightColW = 160; // right column for shortcuts
      |                         ^~~~~~~~~
compositor.cpp:1020:41: warning: unused variable 'tb' [-Wunused-variable]
 1020 |                 int taskbarH = 40; RECT tb{ cr.left,cr.bottom - taskbarH,cr.right,cr.bottom };
      |                                         ^~
compositor.cpp:1313:40: warning: unused variable 'tmActions' [-Wunused-variable]
 1313 |                     static const char* tmActions[] = { "TaskManager", "Reboot", "LogOff" };
      |                                        ^~~~~~~~~
compositor.cpp:1344:25: warning: unused variable 'smW' [-Wunused-variable]
 1344 |                     int smW = 440;
      |                         ^~~
compositor.cpp: In static member function 'static void gxos::gui::Compositor::handleMouse(int, int, bool, bool)':
compositor.cpp:1869:242: warning: unused variable 'nearBottom' [-Wunused-variable]
 1869 |             if (g_dragActive && up) { auto it = g_windows.find(g_dragWin); if (it != g_windows.end( )) { WinInfo& w = it->second; const int snap = 16; bool nearLeft = mx <= snap, nearRight = mx >= cr.right - snap, nearTop = my <= snap; bool nearBottom = my >= cr.bottom - taskbarH - snap; if (nearTop && !(nearLeft || nearRight)) { w.prevX = w.x; w.prevY = w.y; w.prevW = w.w; w.prevH = w.h; w.x = 0; w.y = 0; w.w = cr.right; w.h = cr.bottom - taskbarH; w.maximized = true; w.snapState = 0; } else if (nearLeft) { w.maximized = false; w.x = 0; w.y = 0; w.w = cr.right / 2; w.h = cr.bottom - taskbarH; w.snapState = 1; } else if (nearRight) { w.maximized = false; w.x = cr.right / 2; w.y = 0; w.w = cr.right / 2; w.h = cr.bottom - taskbarH; w.snapState = 2; } w.dirty = true; } g_dragActive = false; g_dragWin = 0; g_snapPreviewActive = false; invalidate(0); }
      |                                                                                                                                                                                                                                                  ^~~~~~~~~~
compositor.cpp: At global scope:
compositor.cpp:435:25: warning: 'uint32_t gxos::gui::startMenuFallbackIconColor32(const std::string&)' defined but not used [-Wunused-function]
  435 |         static uint32_t startMenuFallbackIconColor32(const std::string& label) {
      |                         ^~~~~~~~~~~~~~~~~~~~~~~~~~~~
compositor.cpp:268:21: warning: 'bool gxos::gui::startsWithText(const std::string&, const char*)' defined but not used [-Wunused-function]
  268 |         static bool startsWithText(const std::string& value, const char* prefix) {
      |                     ^~~~~~~~~~~~~~
compositor.cpp:192:21: warning: 'void gxos::gui::drawBackgroundImageToPixels(uint32_t*, int, int, int, const ImagePtr&, BackgroundScaleMode)' defined but not used [-Wunused-function]
  192 |         static void drawBackgroundImageToPixels(uint32_t* pixels, int fbW, int fbH, int pitch, const ImagePtr& image, BackgroundScaleMode mode)
      |                     ^~~~~~~~~~~~~~~~~~~~~~~~~~~
compositor.cpp:170:21: warning: 'void gxos::gui::drawBackgroundGradientToPixels(uint32_t*, int, int, int, uint32_t, uint32_t)' defined but not used [-Wunused-function]
  170 |         static void drawBackgroundGradientToPixels(uint32_t* pixels, int fbW, int fbH, int pitch, uint32_t topColor, uint32_t bottomColor)
      |                     ^~~~~~~~~~~~~~~~~~~~~~~~~~~~~~
In file included from ipc_bus.h:8,
                 from console_service.h:5,
                 from console_service.cpp:1:
ipc.h: In member function 'bool gxos::ipc::Mailbox::try_pop(gxos::ipc::Message&)':
ipc.h:38:13: warning: this 'if' clause does not guard... [-Wmisleading-indentation]
   38 |             if (_q.empty()) return false; out = std::move(_q.front()); _q.pop_front(); return true;
      |             ^~
ipc.h:38:43: note: ...this statement, but the latter is misleadingly indented as if it were guarded by the 'if'
   38 |             if (_q.empty()) return false; out = std::move(_q.front()); _q.pop_front(); return true;
      |                                           ^~~
In file included from process.h:10,
                 from console_window.h:2,
                 from console_window.cpp:1:
ipc.h: In member function 'bool gxos::ipc::Mailbox::try_pop(gxos::ipc::Message&)':
ipc.h:38:13: warning: this 'if' clause does not guard... [-Wmisleading-indentation]
   38 |             if (_q.empty()) return false; out = std::move(_q.front()); _q.pop_front(); return true;
      |             ^~
ipc.h:38:43: note: ...this statement, but the latter is misleadingly indented as if it were guarded by the 'if'
   38 |             if (_q.empty()) return false; out = std::move(_q.front()); _q.pop_front(); return true;
      |                                           ^~~
In file included from console_window.cpp:2:
gui_protocol.h: In function 'std::string gxos::gui::packPins(const std::vector<std::pair<bool, std::__cxx11::basic_string<char> > >&)':
gui_protocol.h:56:17: warning: this 'if' clause does not guard... [-Wmisleading-indentation]
   56 |                 if (!first)
      |                 ^~
gui_protocol.h:57:33: note: ...this statement, but the latter is misleadingly indented as if it were guarded by the 'if'
   57 |                     oss << ";"; first = false;
      |                                 ^~~~~
In file included from desktop_service.cpp:4:
desktop_config.h: In static member function 'static bool gxos::gui::DesktopConfig::Load(const std::string&, gxos::gui::DesktopConfigData&, std::string&)':
desktop_config.h:31:18: warning: variable 'trim' set but not used [-Wunused-but-set-variable]
   31 |             auto trim=[](const std::string& s){ size_t a=0; while(a<s.size() && (s[a]==' '||s[a]=='\n'||s[a]=='\r'||s[a]=='\t')) ++a; size_t b=s.size(); while(b>a && (s[b-1]==' '||s[b-1]=='\n'||s[b-1]=='\r'||s[b-1]=='\t')) --b; return s.substr(a,b-a); };
      |                  ^~~~
In file included from process.h:10,
                 from desktop_service.cpp:9:
ipc.h: In member function 'bool gxos::ipc::Mailbox::try_pop(gxos::ipc::Message&)':
ipc.h:38:13: warning: this 'if' clause does not guard... [-Wmisleading-indentation]
   38 |             if (_q.empty()) return false; out = std::move(_q.front()); _q.pop_front(); return true;
      |             ^~
ipc.h:38:43: note: ...this statement, but the latter is misleadingly indented as if it were guarded by the 'if'
   38 |             if (_q.empty()) return false; out = std::move(_q.front()); _q.pop_front(); return true;
      |                                           ^~~
In file included from file_explorer.h:4,
                 from desktop_service.cpp:17:
gui_protocol.h: In function 'std::string gxos::gui::packPins(const std::vector<std::pair<bool, std::__cxx11::basic_string<char> > >&)':
gui_protocol.h:56:17: warning: this 'if' clause does not guard... [-Wmisleading-indentation]
   56 |                 if (!first)
      |                 ^~
gui_protocol.h:57:33: note: ...this statement, but the latter is misleadingly indented as if it were guarded by the 'if'
   57 |                     oss << ";"; first = false;
      |                                 ^~~~~
desktop_state.cpp: In static member function 'static bool gxos::gui::DesktopState::Load(const std::string&, std::vector<gxos::gui::SavedWindow>&, std::string&)':
desktop_state.cpp:17:13: warning: this 'if' clause does not guard... [-Wmisleading-indentation]
   17 |             if(line.empty()) continue; std::istringstream iss(line); std::string idS,title,xs,ys,ws,hs,ms,maxS,zS,fS,snapS; std::getline(iss,idS,'|'); std::getline(iss,title,'|'); std::getline(iss,xs,'|'); std::getline(iss,ys,'|'); std::getline(iss,ws,'|'); std::getline(iss,hs,'|'); std::getline(iss,ms,'|'); std::getline(iss,maxS,'|'); std::getline(iss,zS,'|'); std::getline(iss,fS,'|'); std::getline(iss,snapS,'|'); SavedWindow sw{}; try{ sw.id=std::stoull(idS); sw.title=title; sw.x=std::stoi(xs); sw.y=std::stoi(ys); sw.w=std::stoi(ws); sw.h=std::stoi(hs); sw.minimized=(ms=="1"); sw.maximized=(maxS=="1"); sw.z=std::stoi(zS); sw.focused=(fS=="1"); sw.snap=std::stoi(snapS); }catch(...){ continue; } wins.push_back(sw);
      |             ^~
desktop_state.cpp:17:40: note: ...this statement, but the latter is misleadingly indented as if it were guarded by the 'if'
   17 |             if(line.empty()) continue; std::istringstream iss(line); std::string idS,title,xs,ys,ws,hs,ms,maxS,zS,fS,snapS; std::getline(iss,idS,'|'); std::getline(iss,title,'|'); std::getline(iss,xs,'|'); std::getline(iss,ys,'|'); std::getline(iss,ws,'|'); std::getline(iss,hs,'|'); std::getline(iss,ms,'|'); std::getline(iss,maxS,'|'); std::getline(iss,zS,'|'); std::getline(iss,fS,'|'); std::getline(iss,snapS,'|'); SavedWindow sw{}; try{ sw.id=std::stoull(idS); sw.title=title; sw.x=std::stoi(xs); sw.y=std::stoi(ys); sw.w=std::stoi(ws); sw.h=std::stoi(hs); sw.minimized=(ms=="1"); sw.maximized=(maxS=="1"); sw.z=std::stoi(zS); sw.focused=(fS=="1"); sw.snap=std::stoi(snapS); }catch(...){ continue; } wins.push_back(sw);
      |                                        ^~~
In file included from gui_protocol.h:5,
                 from disk_manager.cpp:10:
ipc.h: In member function 'bool gxos::ipc::Mailbox::try_pop(gxos::ipc::Message&)':
ipc.h:38:13: warning: this 'if' clause does not guard... [-Wmisleading-indentation]
   38 |             if (_q.empty()) return false; out = std::move(_q.front()); _q.pop_front(); return true;
      |             ^~
ipc.h:38:43: note: ...this statement, but the latter is misleadingly indented as if it were guarded by the 'if'
   38 |             if (_q.empty()) return false; out = std::move(_q.front()); _q.pop_front(); return true;
      |                                           ^~~
gui_protocol.h: In function 'std::string gxos::gui::packPins(const std::vector<std::pair<bool, std::__cxx11::basic_string<char> > >&)':
gui_protocol.h:56:17: warning: this 'if' clause does not guard... [-Wmisleading-indentation]
   56 |                 if (!first)
      |                 ^~
gui_protocol.h:57:33: note: ...this statement, but the latter is misleadingly indented as if it were guarded by the 'if'
   57 |                     oss << ";"; first = false;
      |                                 ^~~~~
disk_manager.cpp: In static member function 'static void gxos::apps::DiskManager::tryCreatePartitionLargestFree()':
disk_manager.cpp:846:16: warning: unused variable 'sel' [-Wunused-variable]
  846 |     DiskEntry* sel = getSelected();
      |                ^~~
In file included from display_options.cpp:3:
desktop_config.h: In static member function 'static bool gxos::gui::DesktopConfig::Load(const std::string&, gxos::gui::DesktopConfigData&, std::string&)':
desktop_config.h:31:18: warning: variable 'trim' set but not used [-Wunused-but-set-variable]
   31 |             auto trim=[](const std::string& s){ size_t a=0; while(a<s.size() && (s[a]==' '||s[a]=='\n'||s[a]=='\r'||s[a]=='\t')) ++a; size_t b=s.size(); while(b>a && (s[b-1]==' '||s[b-1]=='\n'||s[b-1]=='\r'||s[b-1]=='\t')) --b; return s.substr(a,b-a); };
      |                  ^~~~
In file included from gui_protocol.h:5,
                 from display_options.cpp:4:
ipc.h: In member function 'bool gxos::ipc::Mailbox::try_pop(gxos::ipc::Message&)':
ipc.h:38:13: warning: this 'if' clause does not guard... [-Wmisleading-indentation]
   38 |             if (_q.empty()) return false; out = std::move(_q.front()); _q.pop_front(); return true;
      |             ^~
ipc.h:38:43: note: ...this statement, but the latter is misleadingly indented as if it were guarded by the 'if'
   38 |             if (_q.empty()) return false; out = std::move(_q.front()); _q.pop_front(); return true;
      |                                           ^~~
gui_protocol.h: In function 'std::string gxos::gui::packPins(const std::vector<std::pair<bool, std::__cxx11::basic_string<char> > >&)':
gui_protocol.h:56:17: warning: this 'if' clause does not guard... [-Wmisleading-indentation]
   56 |                 if (!first)
      |                 ^~
gui_protocol.h:57:33: note: ...this statement, but the latter is misleadingly indented as if it were guarded by the 'if'
   57 |                     oss << ";"; first = false;
      |                                 ^~~~~
In file included from gui_protocol.h:5,
                 from control_panel.cpp:8:
ipc.h: In member function 'bool gxos::ipc::Mailbox::try_pop(gxos::ipc::Message&)':
ipc.h:38:13: warning: this 'if' clause does not guard... [-Wmisleading-indentation]
   38 |             if (_q.empty()) return false; out = std::move(_q.front()); _q.pop_front(); return true;
      |             ^~
ipc.h:38:43: note: ...this statement, but the latter is misleadingly indented as if it were guarded by the 'if'
   38 |             if (_q.empty()) return false; out = std::move(_q.front()); _q.pop_front(); return true;
      |                                           ^~~
gui_protocol.h: In function 'std::string gxos::gui::packPins(const std::vector<std::pair<bool, std::__cxx11::basic_string<char> > >&)':
gui_protocol.h:56:17: warning: this 'if' clause does not guard... [-Wmisleading-indentation]
   56 |                 if (!first)
      |                 ^~
gui_protocol.h:57:33: note: ...this statement, but the latter is misleadingly indented as if it were guarded by the 'if'
   57 |                     oss << ";"; first = false;
      |                                 ^~~~~
control_panel.cpp: In static member function 'static int gxos::apps::ControlPanel::main(int, char**)':
control_panel.cpp:181:53: warning: comparison of integer expressions of different signedness: 'int' and 'uint64_t' {aka 'long long unsigned int'} [-Wsign-compare]
  181 |                                     s_selectedIndex == lastClickIndex &&
      |                                     ~~~~~~~~~~~~~~~~^~~~~~~~~~~~~~~~~
control_panel.cpp: In static member function 'static void gxos::apps::ControlPanel::render()':
control_panel.cpp:247:9: warning: unused variable 'x' [-Wunused-variable]
  247 |     int x = PAD;
      |         ^
control_panel.cpp:248:9: warning: unused variable 'y' [-Wunused-variable]
  248 |     int y = 50;
      |         ^
In file included from process.h:10,
                 from file_explorer.h:2,
                 from file_explorer.cpp:1:
ipc.h: In member function 'bool gxos::ipc::Mailbox::try_pop(gxos::ipc::Message&)':
ipc.h:38:13: warning: this 'if' clause does not guard... [-Wmisleading-indentation]
   38 |             if (_q.empty()) return false; out = std::move(_q.front()); _q.pop_front(); return true;
      |             ^~
ipc.h:38:43: note: ...this statement, but the latter is misleadingly indented as if it were guarded by the 'if'
   38 |             if (_q.empty()) return false; out = std::move(_q.front()); _q.pop_front(); return true;
      |                                           ^~~
In file included from file_explorer.h:4:
gui_protocol.h: In function 'std::string gxos::gui::packPins(const std::vector<std::pair<bool, std::__cxx11::basic_string<char> > >&)':
gui_protocol.h:56:17: warning: this 'if' clause does not guard... [-Wmisleading-indentation]
   56 |                 if (!first)
      |                 ^~
gui_protocol.h:57:33: note: ...this statement, but the latter is misleadingly indented as if it were guarded by the 'if'
   57 |                     oss << ";"; first = false;
      |                                 ^~~~~
In file included from compositor.h:13,
                 from file_explorer.cpp:5:
desktop_config.h: In static member function 'static bool gxos::gui::DesktopConfig::Load(const std::string&, gxos::gui::DesktopConfigData&, std::string&)':
desktop_config.h:31:18: warning: variable 'trim' set but not used [-Wunused-but-set-variable]
   31 |             auto trim=[](const std::string& s){ size_t a=0; while(a<s.size() && (s[a]==' '||s[a]=='\n'||s[a]=='\r'||s[a]=='\t')) ++a; size_t b=s.size(); while(b>a && (s[b-1]==' '||s[b-1]=='\n'||s[b-1]=='\r'||s[b-1]=='\t')) --b; return s.substr(a,b-a); };
      |                  ^~~~
In file included from process.h:10,
                 from file_explorer.h:2,
                 from file_icon_provider.cpp:2:
ipc.h: In member function 'bool gxos::ipc::Mailbox::try_pop(gxos::ipc::Message&)':
ipc.h:38:13: warning: this 'if' clause does not guard... [-Wmisleading-indentation]
   38 |             if (_q.empty()) return false; out = std::move(_q.front()); _q.pop_front(); return true;
      |             ^~
ipc.h:38:43: note: ...this statement, but the latter is misleadingly indented as if it were guarded by the 'if'
   38 |             if (_q.empty()) return false; out = std::move(_q.front()); _q.pop_front(); return true;
      |                                           ^~~
In file included from file_explorer.h:4:
gui_protocol.h: In function 'std::string gxos::gui::packPins(const std::vector<std::pair<bool, std::__cxx11::basic_string<char> > >&)':
gui_protocol.h:56:17: warning: this 'if' clause does not guard... [-Wmisleading-indentation]
   56 |                 if (!first)
      |                 ^~
gui_protocol.h:57:33: note: ...this statement, but the latter is misleadingly indented as if it were guarded by the 'if'
   57 |                     oss << ";"; first = false;
      |                                 ^~~~~
gxapp_container.cpp:118:22: warning: 'gxos::GXAppMetadata gxos::{anonymous}::parseMetadataJson(const std::string&)' defined but not used [-Wunused-function]
  118 | static GXAppMetadata parseMetadataJson(const std::string& json){
      |                      ^~~~~~~~~~~~~~~~~
In file included from ipc_bus.h:8,
                 from gxm_loader.cpp:3:
ipc.h: In member function 'bool gxos::ipc::Mailbox::try_pop(gxos::ipc::Message&)':
ipc.h:38:13: warning: this 'if' clause does not guard... [-Wmisleading-indentation]
   38 |             if (_q.empty()) return false; out = std::move(_q.front()); _q.pop_front(); return true;
      |             ^~
ipc.h:38:43: note: ...this statement, but the latter is misleadingly indented as if it were guarded by the 'if'
   38 |             if (_q.empty()) return false; out = std::move(_q.front()); _q.pop_front(); return true;
      |                                           ^~~
In file included from gxm_loader.cpp:4:
gui_protocol.h: In function 'std::string gxos::gui::packPins(const std::vector<std::pair<bool, std::__cxx11::basic_string<char> > >&)':
gui_protocol.h:56:17: warning: this 'if' clause does not guard... [-Wmisleading-indentation]
   56 |                 if (!first)
      |                 ^~
gui_protocol.h:57:33: note: ...this statement, but the latter is misleadingly indented as if it were guarded by the 'if'
   57 |                     oss << ";"; first = false;
      |                                 ^~~~~
In file included from process.h:10,
                 from image_viewer.h:2,
                 from image_viewer.cpp:1:
ipc.h: In member function 'bool gxos::ipc::Mailbox::try_pop(gxos::ipc::Message&)':
ipc.h:38:13: warning: this 'if' clause does not guard... [-Wmisleading-indentation]
   38 |             if (_q.empty()) return false; out = std::move(_q.front()); _q.pop_front(); return true;
      |             ^~
ipc.h:38:43: note: ...this statement, but the latter is misleadingly indented as if it were guarded by the 'if'
   38 |             if (_q.empty()) return false; out = std::move(_q.front()); _q.pop_front(); return true;
      |                                           ^~~
In file included from image_viewer.cpp:2:
gui_protocol.h: In function 'std::string gxos::gui::packPins(const std::vector<std::pair<bool, std::__cxx11::basic_string<char> > >&)':
gui_protocol.h:56:17: warning: this 'if' clause does not guard... [-Wmisleading-indentation]
   56 |                 if (!first)
      |                 ^~
gui_protocol.h:57:33: note: ...this statement, but the latter is misleadingly indented as if it were guarded by the 'if'
   57 |                     oss << ";"; first = false;
      |                                 ^~~~~
In file included from ipc_bus.h:8,
                 from ipc_bus.cpp:1:
ipc.h: In member function 'bool gxos::ipc::Mailbox::try_pop(gxos::ipc::Message&)':
ipc.h:38:13: warning: this 'if' clause does not guard... [-Wmisleading-indentation]
   38 |             if (_q.empty()) return false; out = std::move(_q.front()); _q.pop_front(); return true;
      |             ^~
ipc.h:38:43: note: ...this statement, but the latter is misleadingly indented as if it were guarded by the 'if'
   38 |             if (_q.empty()) return false; out = std::move(_q.front()); _q.pop_front(); return true;
      |                                           ^~~
guide_web_http.cpp:14: warning: ignoring '#pragma comment ' [-Wunknown-pragmas]
   14 | #pragma comment(lib, "ws2_32.lib")
In file included from ipc_bus.h:8,
                 from lifecycle.cpp:6:
ipc.h: In member function 'bool gxos::ipc::Mailbox::try_pop(gxos::ipc::Message&)':
ipc.h:38:13: warning: this 'if' clause does not guard... [-Wmisleading-indentation]
   38 |             if (_q.empty()) return false; out = std::move(_q.front()); _q.pop_front(); return true;
      |             ^~
ipc.h:38:43: note: ...this statement, but the latter is misleadingly indented as if it were guarded by the 'if'
   38 |             if (_q.empty()) return false; out = std::move(_q.front()); _q.pop_front(); return true;
      |                                           ^~~
In file included from compositor.h:10,
                 from lifecycle.cpp:9:
gui_protocol.h: In function 'std::string gxos::gui::packPins(const std::vector<std::pair<bool, std::__cxx11::basic_string<char> > >&)':
gui_protocol.h:56:17: warning: this 'if' clause does not guard... [-Wmisleading-indentation]
   56 |                 if (!first)
      |                 ^~
gui_protocol.h:57:33: note: ...this statement, but the latter is misleadingly indented as if it were guarded by the 'if'
   57 |                     oss << ";"; first = false;
      |                                 ^~~~~
In file included from compositor.h:13:
desktop_config.h: In static member function 'static bool gxos::gui::DesktopConfig::Load(const std::string&, gxos::gui::DesktopConfigData&, std::string&)':
desktop_config.h:31:18: warning: variable 'trim' set but not used [-Wunused-but-set-variable]
   31 |             auto trim=[](const std::string& s){ size_t a=0; while(a<s.size() && (s[a]==' '||s[a]=='\n'||s[a]=='\r'||s[a]=='\t')) ++a; size_t b=s.size(); while(b>a && (s[b-1]==' '||s[b-1]=='\n'||s[b-1]=='\r'||s[b-1]=='\t')) --b; return s.substr(a,b-a); };
      |                  ^~~~
In file included from process.h:10,
                 from message_box.h:9,
                 from message_box.cpp:1:
ipc.h: In member function 'bool gxos::ipc::Mailbox::try_pop(gxos::ipc::Message&)':
ipc.h:38:13: warning: this 'if' clause does not guard... [-Wmisleading-indentation]
   38 |             if (_q.empty()) return false; out = std::move(_q.front()); _q.pop_front(); return true;
      |             ^~
ipc.h:38:43: note: ...this statement, but the latter is misleadingly indented as if it were guarded by the 'if'
   38 |             if (_q.empty()) return false; out = std::move(_q.front()); _q.pop_front(); return true;
      |                                           ^~~
In file included from message_box.cpp:2:
gui_protocol.h: In function 'std::string gxos::gui::packPins(const std::vector<std::pair<bool, std::__cxx11::basic_string<char> > >&)':
gui_protocol.h:56:17: warning: this 'if' clause does not guard... [-Wmisleading-indentation]
   56 |                 if (!first)
      |                 ^~
gui_protocol.h:57:33: note: ...this statement, but the latter is misleadingly indented as if it were guarded by the 'if'
   57 |                     oss << ";"; first = false;
      |                                 ^~~~~
In file included from process.h:10,
                 from notepad.h:2,
                 from module_manager.cpp:3:
ipc.h: In member function 'bool gxos::ipc::Mailbox::try_pop(gxos::ipc::Message&)':
ipc.h:38:13: warning: this 'if' clause does not guard... [-Wmisleading-indentation]
   38 |             if (_q.empty()) return false; out = std::move(_q.front()); _q.pop_front(); return true;
      |             ^~
ipc.h:38:43: note: ...this statement, but the latter is misleadingly indented as if it were guarded by the 'if'
   38 |             if (_q.empty()) return false; out = std::move(_q.front()); _q.pop_front(); return true;
      |                                           ^~~
In file included from file_explorer.h:4,
                 from module_manager.cpp:9:
gui_protocol.h: In function 'std::string gxos::gui::packPins(const std::vector<std::pair<bool, std::__cxx11::basic_string<char> > >&)':
gui_protocol.h:56:17: warning: this 'if' clause does not guard... [-Wmisleading-indentation]
   56 |                 if (!first)
      |                 ^~
gui_protocol.h:57:33: note: ...this statement, but the latter is misleadingly indented as if it were guarded by the 'if'
   57 |                     oss << ";"; first = false;
      |                                 ^~~~~
In file included from navigator.cpp:8:
navigator_file_io.h:52:1: warning: multi-line comment [-Wcomment]
   52 | // the process working directory so that running from D:\dev\guideXOSServer\
      | ^
In file included from process.h:10,
                 from navigator.h:3,
                 from navigator.cpp:1:
ipc.h: In member function 'bool gxos::ipc::Mailbox::try_pop(gxos::ipc::Message&)':
ipc.h:38:13: warning: this 'if' clause does not guard... [-Wmisleading-indentation]
   38 |             if (_q.empty()) return false; out = std::move(_q.front()); _q.pop_front(); return true;
      |             ^~
ipc.h:38:43: note: ...this statement, but the latter is misleadingly indented as if it were guarded by the 'if'
   38 |             if (_q.empty()) return false; out = std::move(_q.front()); _q.pop_front(); return true;
      |                                           ^~~
In file included from navigator.cpp:3:
gui_protocol.h: In function 'std::string gxos::gui::packPins(const std::vector<std::pair<bool, std::__cxx11::basic_string<char> > >&)':
gui_protocol.h:56:17: warning: this 'if' clause does not guard... [-Wmisleading-indentation]
   56 |                 if (!first)
      |                 ^~
gui_protocol.h:57:33: note: ...this statement, but the latter is misleadingly indented as if it were guarded by the 'if'
   57 |                     oss << ";"; first = false;
      |                                 ^~~~~
navigator.cpp: At global scope:
navigator.cpp:533:20: warning: 'int gxos::apps::{anonymous}::cssMarginOrDefault(const gxos::web::WebStyle&, int)' defined but not used [-Wunused-function]
  533 |         static int cssMarginOrDefault(const WebStyle& style, int fallbackValue)
      |                    ^~~~~~~~~~~~~~~~~~
navigator.cpp:523:25: warning: 'gxos::web::DocBlock gxos::apps::{anonymous}::makeBlock(gxos::web::BlockType, const std::string&, const std::string&, const std::string&)' defined but not used [-Wunused-function]
  523 |         static DocBlock makeBlock(BlockType type, const std::string& text, const std::string& url, const std::string& tagName)
      |                         ^~~~~~~~~
In file included from navigator_file_io.cpp:6:
navigator_file_io.h:52:1: warning: multi-line comment [-Wcomment]
   52 | // the process working directory so that running from D:\dev\guideXOSServer\
      | ^
native_app_process_table.cpp:28:6: warning: 'void gxos::apps::{anonymous}::applyRuntimeState(gxos::apps::NativeAppProcessInfo&, const gxos::apps::NativeAppRuntimeContext&)' defined but not used [-Wunused-function]
   28 | void applyRuntimeState(NativeAppProcessInfo& process, const NativeAppRuntimeContext& context) {
      |      ^~~~~~~~~~~~~~~~~
native_app_process_table.cpp:17:23: warning: 'gxos::apps::NativeAppProcessInfo* gxos::apps::{anonymous}::findLocked(uint64_t)' defined but not used [-Wunused-function]
   17 | NativeAppProcessInfo* findLocked(uint64_t runtimeId) {
      |                       ^~~~~~~~~~
In file included from gui_protocol.h:5,
                 from native_app_runtime.cpp:4:
ipc.h: In member function 'bool gxos::ipc::Mailbox::try_pop(gxos::ipc::Message&)':
ipc.h:38:13: warning: this 'if' clause does not guard... [-Wmisleading-indentation]
   38 |             if (_q.empty()) return false; out = std::move(_q.front()); _q.pop_front(); return true;
      |             ^~
ipc.h:38:43: note: ...this statement, but the latter is misleadingly indented as if it were guarded by the 'if'
   38 |             if (_q.empty()) return false; out = std::move(_q.front()); _q.pop_front(); return true;
      |                                           ^~~
gui_protocol.h: In function 'std::string gxos::gui::packPins(const std::vector<std::pair<bool, std::__cxx11::basic_string<char> > >&)':
gui_protocol.h:56:17: warning: this 'if' clause does not guard... [-Wmisleading-indentation]
   56 |                 if (!first)
      |                 ^~
gui_protocol.h:57:33: note: ...this statement, but the latter is misleadingly indented as if it were guarded by the 'if'
   57 |                     oss << ";"; first = false;
      |                                 ^~~~~
native_app_runtime.cpp: At global scope:
native_app_runtime.cpp:66:6: warning: 'bool gxos::apps::{anonymous}::experimentalExecutionEnabled()' defined but not used [-Wunused-function]
   66 | bool experimentalExecutionEnabled() {
      |      ^~~~~~~~~~~~~~~~~~~~~~~~~~~~
In file included from process.h:10,
                 from notepad.h:2,
                 from notepad.cpp:1:
ipc.h: In member function 'bool gxos::ipc::Mailbox::try_pop(gxos::ipc::Message&)':
ipc.h:38:13: warning: this 'if' clause does not guard... [-Wmisleading-indentation]
   38 |             if (_q.empty()) return false; out = std::move(_q.front()); _q.pop_front(); return true;
      |             ^~
ipc.h:38:43: note: ...this statement, but the latter is misleadingly indented as if it were guarded by the 'if'
   38 |             if (_q.empty()) return false; out = std::move(_q.front()); _q.pop_front(); return true;
      |                                           ^~~
In file included from notepad.cpp:2:
gui_protocol.h: In function 'std::string gxos::gui::packPins(const std::vector<std::pair<bool, std::__cxx11::basic_string<char> > >&)':
gui_protocol.h:56:17: warning: this 'if' clause does not guard... [-Wmisleading-indentation]
   56 |                 if (!first)
      |                 ^~
gui_protocol.h:57:33: note: ...this statement, but the latter is misleadingly indented as if it were guarded by the 'if'
   57 |                     oss << ";"; first = false;
      |                                 ^~~~~
notepad.cpp: In static member function 'static int gxos::apps::Notepad::main(int, char**)':
notepad.cpp:178:53: warning: unused variable 'kGuiChanIn' [-Wunused-variable]
  178 |                                         const char* kGuiChanIn = "gui.input";
      |                                                     ^~~~~~~~~~
In file included from process.h:10,
                 from onscreen_keyboard.h:2,
                 from onscreen_keyboard.cpp:1:
ipc.h: In member function 'bool gxos::ipc::Mailbox::try_pop(gxos::ipc::Message&)':
ipc.h:38:13: warning: this 'if' clause does not guard... [-Wmisleading-indentation]
   38 |             if (_q.empty()) return false; out = std::move(_q.front()); _q.pop_front(); return true;
      |             ^~
ipc.h:38:43: note: ...this statement, but the latter is misleadingly indented as if it were guarded by the 'if'
   38 |             if (_q.empty()) return false; out = std::move(_q.front()); _q.pop_front(); return true;
      |                                           ^~~
In file included from onscreen_keyboard.cpp:2:
gui_protocol.h: In function 'std::string gxos::gui::packPins(const std::vector<std::pair<bool, std::__cxx11::basic_string<char> > >&)':
gui_protocol.h:56:17: warning: this 'if' clause does not guard... [-Wmisleading-indentation]
   56 |                 if (!first)
      |                 ^~
gui_protocol.h:57:33: note: ...this statement, but the latter is misleadingly indented as if it were guarded by the 'if'
   57 |                     oss << ";"; first = false;
      |                                 ^~~~~
In file included from process.h:10,
                 from open_dialog.h:2,
                 from open_dialog.cpp:1:
ipc.h: In member function 'bool gxos::ipc::Mailbox::try_pop(gxos::ipc::Message&)':
ipc.h:38:13: warning: this 'if' clause does not guard... [-Wmisleading-indentation]
   38 |             if (_q.empty()) return false; out = std::move(_q.front()); _q.pop_front(); return true;
      |             ^~
ipc.h:38:43: note: ...this statement, but the latter is misleadingly indented as if it were guarded by the 'if'
   38 |             if (_q.empty()) return false; out = std::move(_q.front()); _q.pop_front(); return true;
      |                                           ^~~
In file included from open_dialog.cpp:2:
gui_protocol.h: In function 'std::string gxos::gui::packPins(const std::vector<std::pair<bool, std::__cxx11::basic_string<char> > >&)':
gui_protocol.h:56:17: warning: this 'if' clause does not guard... [-Wmisleading-indentation]
   56 |                 if (!first)
      |                 ^~
gui_protocol.h:57:33: note: ...this statement, but the latter is misleadingly indented as if it were guarded by the 'if'
   57 |                     oss << ";"; first = false;
      |                                 ^~~~~
In file included from process.h:10,
                 from paint.h:2,
                 from paint.cpp:1:
ipc.h: In member function 'bool gxos::ipc::Mailbox::try_pop(gxos::ipc::Message&)':
ipc.h:38:13: warning: this 'if' clause does not guard... [-Wmisleading-indentation]
   38 |             if (_q.empty()) return false; out = std::move(_q.front()); _q.pop_front(); return true;
      |             ^~
ipc.h:38:43: note: ...this statement, but the latter is misleadingly indented as if it were guarded by the 'if'
   38 |             if (_q.empty()) return false; out = std::move(_q.front()); _q.pop_front(); return true;
      |                                           ^~~
In file included from paint.cpp:2:
gui_protocol.h: In function 'std::string gxos::gui::packPins(const std::vector<std::pair<bool, std::__cxx11::basic_string<char> > >&)':
gui_protocol.h:56:17: warning: this 'if' clause does not guard... [-Wmisleading-indentation]
   56 |                 if (!first)
      |                 ^~
gui_protocol.h:57:33: note: ...this statement, but the latter is misleadingly indented as if it were guarded by the 'if'
   57 |                     oss << ";"; first = false;
      |                                 ^~~~~
paint.cpp: In static member function 'static void gxos::apps::Paint::updateDisplay()':
paint.cpp:238:13: warning: unused variable 'r' [-Wunused-variable]
  238 |         int r = (c >> 16) & 0xFF, g = (c >> 8) & 0xFF, b = c & 0xFF;
      |             ^
paint.cpp:238:35: warning: unused variable 'g' [-Wunused-variable]
  238 |         int r = (c >> 16) & 0xFF, g = (c >> 8) & 0xFF, b = c & 0xFF;
      |                                   ^
paint.cpp:238:56: warning: unused variable 'b' [-Wunused-variable]
  238 |         int r = (c >> 16) & 0xFF, g = (c >> 8) & 0xFF, b = c & 0xFF;
      |                                                        ^
In file included from process.h:10,
                 from process.cpp:1:
ipc.h: In member function 'bool gxos::ipc::Mailbox::try_pop(gxos::ipc::Message&)':
ipc.h:38:13: warning: this 'if' clause does not guard... [-Wmisleading-indentation]
   38 |             if (_q.empty()) return false; out = std::move(_q.front()); _q.pop_front(); return true;
      |             ^~
ipc.h:38:43: note: ...this statement, but the latter is misleadingly indented as if it were guarded by the 'if'
   38 |             if (_q.empty()) return false; out = std::move(_q.front()); _q.pop_front(); return true;
      |                                           ^~~
process.cpp: In static member function 'static bool gxos::ProcessTable::wait(uint64_t, uint64_t, int*)':
process.cpp:81:9: warning: this 'if' clause does not guard... [-Wmisleading-indentation]
   81 |         if(exitCodeOut) *exitCodeOut = proc->exitCode; return true;
      |         ^~
process.cpp:81:56: note: ...this statement, but the latter is misleadingly indented as if it were guarded by the 'if'
   81 |         if(exitCodeOut) *exitCodeOut = proc->exitCode; return true;
      |                                                        ^~~~~~
In file included from png_loader.cpp:61:
third_party/stb/stb_image.h: In function 'int stbi__parse_png_file(stbi__png*, int, int)':
third_party/stb/stb_image.h:5247:28: warning: variable 'invalid_chunk' set but not used [-Wunused-but-set-variable]
 5247 |                static char invalid_chunk[] = "XXXX PNG chunk not known";
      |                            ^~~~~~~~~~~~~
third_party/stb/stb_image.h: At global scope:
third_party/stb/stb_image.h:1078:12: warning: 'int stbi__mul2shorts_valid(int, int)' defined but not used [-Wunused-function]
 1078 | static int stbi__mul2shorts_valid(int a, int b)
      |            ^~~~~~~~~~~~~~~~~~~~~~
third_party/stb/stb_image.h:1070:12: warning: 'int stbi__addints_valid(int, int)' defined but not used [-Wunused-function]
 1070 | static int stbi__addints_valid(int a, int b)
      |            ^~~~~~~~~~~~~~~~~~~
png_loader.cpp:42:14: warning: 'void* gxos_stbi_realloc(void*, size_t)' defined but not used [-Wunused-function]
   42 | static void* gxos_stbi_realloc(void* ptr, size_t newSize)
      |              ^~~~~~~~~~~~~~~~~
In file included from process.h:10,
                 from right_click_menu.h:3,
                 from right_click_menu.cpp:1:
ipc.h: In member function 'bool gxos::ipc::Mailbox::try_pop(gxos::ipc::Message&)':
ipc.h:38:13: warning: this 'if' clause does not guard... [-Wmisleading-indentation]
   38 |             if (_q.empty()) return false; out = std::move(_q.front()); _q.pop_front(); return true;
      |             ^~
ipc.h:38:43: note: ...this statement, but the latter is misleadingly indented as if it were guarded by the 'if'
   38 |             if (_q.empty()) return false; out = std::move(_q.front()); _q.pop_front(); return true;
      |                                           ^~~
In file included from compositor.h:10,
                 from right_click_menu.cpp:3:
gui_protocol.h: In function 'std::string gxos::gui::packPins(const std::vector<std::pair<bool, std::__cxx11::basic_string<char> > >&)':
gui_protocol.h:56:17: warning: this 'if' clause does not guard... [-Wmisleading-indentation]
   56 |                 if (!first)
      |                 ^~
gui_protocol.h:57:33: note: ...this statement, but the latter is misleadingly indented as if it were guarded by the 'if'
   57 |                     oss << ";"; first = false;
      |                                 ^~~~~
In file included from compositor.h:13:
desktop_config.h: In static member function 'static bool gxos::gui::DesktopConfig::Load(const std::string&, gxos::gui::DesktopConfigData&, std::string&)':
desktop_config.h:31:18: warning: variable 'trim' set but not used [-Wunused-but-set-variable]
   31 |             auto trim=[](const std::string& s){ size_t a=0; while(a<s.size() && (s[a]==' '||s[a]=='\n'||s[a]=='\r'||s[a]=='\t')) ++a; size_t b=s.size(); while(b>a && (s[b-1]==' '||s[b-1]=='\n'||s[b-1]=='\r'||s[b-1]=='\t')) --b; return s.substr(a,b-a); };
      |                  ^~~~
In file included from process.h:10,
                 from save_changes_dialog.h:2,
                 from save_changes_dialog.cpp:1:
ipc.h: In member function 'bool gxos::ipc::Mailbox::try_pop(gxos::ipc::Message&)':
ipc.h:38:13: warning: this 'if' clause does not guard... [-Wmisleading-indentation]
   38 |             if (_q.empty()) return false; out = std::move(_q.front()); _q.pop_front(); return true;
      |             ^~
ipc.h:38:43: note: ...this statement, but the latter is misleadingly indented as if it were guarded by the 'if'
   38 |             if (_q.empty()) return false; out = std::move(_q.front()); _q.pop_front(); return true;
      |                                           ^~~
In file included from save_changes_dialog.cpp:2:
gui_protocol.h: In function 'std::string gxos::gui::packPins(const std::vector<std::pair<bool, std::__cxx11::basic_string<char> > >&)':
gui_protocol.h:56:17: warning: this 'if' clause does not guard... [-Wmisleading-indentation]
   56 |                 if (!first)
      |                 ^~
gui_protocol.h:57:33: note: ...this statement, but the latter is misleadingly indented as if it were guarded by the 'if'
   57 |                     oss << ";"; first = false;
      |                                 ^~~~~
In file included from process.h:10,
                 from save_dialog.h:2,
                 from save_dialog.cpp:1:
ipc.h: In member function 'bool gxos::ipc::Mailbox::try_pop(gxos::ipc::Message&)':
ipc.h:38:13: warning: this 'if' clause does not guard... [-Wmisleading-indentation]
   38 |             if (_q.empty()) return false; out = std::move(_q.front()); _q.pop_front(); return true;
      |             ^~
ipc.h:38:43: note: ...this statement, but the latter is misleadingly indented as if it were guarded by the 'if'
   38 |             if (_q.empty()) return false; out = std::move(_q.front()); _q.pop_front(); return true;
      |                                           ^~~
In file included from save_dialog.cpp:2:
gui_protocol.h: In function 'std::string gxos::gui::packPins(const std::vector<std::pair<bool, std::__cxx11::basic_string<char> > >&)':
gui_protocol.h:56:17: warning: this 'if' clause does not guard... [-Wmisleading-indentation]
   56 |                 if (!first)
      |                 ^~
gui_protocol.h:57:33: note: ...this statement, but the latter is misleadingly indented as if it were guarded by the 'if'
   57 |                     oss << ";"; first = false;
      |                                 ^~~~~
In file included from process.h:10,
                 from server.cpp:45:
ipc.h: In member function 'bool gxos::ipc::Mailbox::try_pop(gxos::ipc::Message&)':
ipc.h:38:13: warning: this 'if' clause does not guard... [-Wmisleading-indentation]
   38 |             if (_q.empty()) return false; out = std::move(_q.front()); _q.pop_front(); return true;
      |             ^~
ipc.h:38:43: note: ...this statement, but the latter is misleadingly indented as if it were guarded by the 'if'
   38 |             if (_q.empty()) return false; out = std::move(_q.front()); _q.pop_front(); return true;
      |                                           ^~~
In file included from compositor.h:10,
                 from server.cpp:49:
gui_protocol.h: In function 'std::string gxos::gui::packPins(const std::vector<std::pair<bool, std::__cxx11::basic_string<char> > >&)':
gui_protocol.h:56:17: warning: this 'if' clause does not guard... [-Wmisleading-indentation]
   56 |                 if (!first)
      |                 ^~
gui_protocol.h:57:33: note: ...this statement, but the latter is misleadingly indented as if it were guarded by the 'if'
   57 |                     oss << ";"; first = false;
      |                                 ^~~~~
In file included from compositor.h:13:
desktop_config.h: In static member function 'static bool gxos::gui::DesktopConfig::Load(const std::string&, gxos::gui::DesktopConfigData&, std::string&)':
desktop_config.h:31:18: warning: variable 'trim' set but not used [-Wunused-but-set-variable]
   31 |             auto trim=[](const std::string& s){ size_t a=0; while(a<s.size() && (s[a]==' '||s[a]=='\n'||s[a]=='\r'||s[a]=='\t')) ++a; size_t b=s.size(); while(b>a && (s[b-1]==' '||s[b-1]=='\n'||s[b-1]=='\r'||s[b-1]=='\t')) --b; return s.substr(a,b-a); };
      |                  ^~~~
In file included from process.h:10,
                 from shutdown_dialog.h:2,
                 from shutdown_dialog.cpp:1:
ipc.h: In member function 'bool gxos::ipc::Mailbox::try_pop(gxos::ipc::Message&)':
ipc.h:38:13: warning: this 'if' clause does not guard... [-Wmisleading-indentation]
   38 |             if (_q.empty()) return false; out = std::move(_q.front()); _q.pop_front(); return true;
      |             ^~
ipc.h:38:43: note: ...this statement, but the latter is misleadingly indented as if it were guarded by the 'if'
   38 |             if (_q.empty()) return false; out = std::move(_q.front()); _q.pop_front(); return true;
      |                                           ^~~
In file included from shutdown_dialog.cpp:3:
gui_protocol.h: In function 'std::string gxos::gui::packPins(const std::vector<std::pair<bool, std::__cxx11::basic_string<char> > >&)':
gui_protocol.h:56:17: warning: this 'if' clause does not guard... [-Wmisleading-indentation]
   56 |                 if (!first)
      |                 ^~
gui_protocol.h:57:33: note: ...this statement, but the latter is misleadingly indented as if it were guarded by the 'if'
   57 |                     oss << ";"; first = false;
      |                                 ^~~~~
In file included from process.h:10,
                 from task_manager.h:2,
                 from task_manager.cpp:1:
ipc.h: In member function 'bool gxos::ipc::Mailbox::try_pop(gxos::ipc::Message&)':
ipc.h:38:13: warning: this 'if' clause does not guard... [-Wmisleading-indentation]
   38 |             if (_q.empty()) return false; out = std::move(_q.front()); _q.pop_front(); return true;
      |             ^~
ipc.h:38:43: note: ...this statement, but the latter is misleadingly indented as if it were guarded by the 'if'
   38 |             if (_q.empty()) return false; out = std::move(_q.front()); _q.pop_front(); return true;
      |                                           ^~~
In file included from task_manager.cpp:2:
gui_protocol.h: In function 'std::string gxos::gui::packPins(const std::vector<std::pair<bool, std::__cxx11::basic_string<char> > >&)':
gui_protocol.h:56:17: warning: this 'if' clause does not guard... [-Wmisleading-indentation]
   56 |                 if (!first)
      |                 ^~
gui_protocol.h:57:33: note: ...this statement, but the latter is misleadingly indented as if it were guarded by the 'if'
   57 |                     oss << ";"; first = false;
      |                                 ^~~~~
In file included from ipc_bus.h:8,
                 from compositor.h:9,
                 from trash.cpp:3:
ipc.h: In member function 'bool gxos::ipc::Mailbox::try_pop(gxos::ipc::Message&)':
ipc.h:38:13: warning: this 'if' clause does not guard... [-Wmisleading-indentation]
   38 |             if (_q.empty()) return false; out = std::move(_q.front()); _q.pop_front(); return true;
      |             ^~
ipc.h:38:43: note: ...this statement, but the latter is misleadingly indented as if it were guarded by the 'if'
   38 |             if (_q.empty()) return false; out = std::move(_q.front()); _q.pop_front(); return true;
      |                                           ^~~
In file included from compositor.h:10:
gui_protocol.h: In function 'std::string gxos::gui::packPins(const std::vector<std::pair<bool, std::__cxx11::basic_string<char> > >&)':
gui_protocol.h:56:17: warning: this 'if' clause does not guard... [-Wmisleading-indentation]
   56 |                 if (!first)
      |                 ^~
gui_protocol.h:57:33: note: ...this statement, but the latter is misleadingly indented as if it were guarded by the 'if'
   57 |                     oss << ";"; first = false;
      |                                 ^~~~~
In file included from compositor.h:13:
desktop_config.h: In static member function 'static bool gxos::gui::DesktopConfig::Load(const std::string&, gxos::gui::DesktopConfigData&, std::string&)':
desktop_config.h:31:18: warning: variable 'trim' set but not used [-Wunused-but-set-variable]
   31 |             auto trim=[](const std::string& s){ size_t a=0; while(a<s.size() && (s[a]==' '||s[a]=='\n'||s[a]=='\r'||s[a]=='\t')) ++a; size_t b=s.size(); while(b>a && (s[b-1]==' '||s[b-1]=='\n'||s[b-1]=='\r'||s[b-1]=='\t')) --b; return s.substr(a,b-a); };
      |                  ^~~~
trash.cpp: At global scope:
trash.cpp:54:17: warning: 'std::string gxos::apps::{anonymous}::readOriginalPath(const std::filesystem::__cxx11::path&)' defined but not used [-Wunused-function]
   54 |     std::string readOriginalPath(const std::filesystem::path& infoPath) {
      |                 ^~~~~~~~~~~~~~~~
vnc_server.cpp:12: warning: ignoring '#pragma comment ' [-Wunknown-pragmas]
   12 | #pragma comment(lib, "ws2_32.lib")
In file included from ipc_bus.h:8,
                 from compositor.h:9,
                 from vnc_server.cpp:3:
ipc.h: In member function 'bool gxos::ipc::Mailbox::try_pop(gxos::ipc::Message&)':
ipc.h:38:13: warning: this 'if' clause does not guard... [-Wmisleading-indentation]
   38 |             if (_q.empty()) return false; out = std::move(_q.front()); _q.pop_front(); return true;
      |             ^~
ipc.h:38:43: note: ...this statement, but the latter is misleadingly indented as if it were guarded by the 'if'
   38 |             if (_q.empty()) return false; out = std::move(_q.front()); _q.pop_front(); return true;
      |                                           ^~~
In file included from compositor.h:10:
gui_protocol.h: In function 'std::string gxos::gui::packPins(const std::vector<std::pair<bool, std::__cxx11::basic_string<char> > >&)':
gui_protocol.h:56:17: warning: this 'if' clause does not guard... [-Wmisleading-indentation]
   56 |                 if (!first)
      |                 ^~
gui_protocol.h:57:33: note: ...this statement, but the latter is misleadingly indented as if it were guarded by the 'if'
   57 |                     oss << ";"; first = false;
      |                                 ^~~~~
In file included from compositor.h:13:
desktop_config.h: In static member function 'static bool gxos::gui::DesktopConfig::Load(const std::string&, gxos::gui::DesktopConfigData&, std::string&)':
desktop_config.h:31:18: warning: variable 'trim' set but not used [-Wunused-but-set-variable]
   31 |             auto trim=[](const std::string& s){ size_t a=0; while(a<s.size() && (s[a]==' '||s[a]=='\n'||s[a]=='\r'||s[a]=='\t')) ++a; size_t b=s.size(); while(b>a && (s[b-1]==' '||s[b-1]=='\n'||s[b-1]=='\r'||s[b-1]=='\t')) --b; return s.substr(a,b-a); };
      |                  ^~~~
In file included from process.h:10,
                 from welcome.h:2,
                 from welcome.cpp:1:
ipc.h: In member function 'bool gxos::ipc::Mailbox::try_pop(gxos::ipc::Message&)':
ipc.h:38:13: warning: this 'if' clause does not guard... [-Wmisleading-indentation]
   38 |             if (_q.empty()) return false; out = std::move(_q.front()); _q.pop_front(); return true;
      |             ^~
ipc.h:38:43: note: ...this statement, but the latter is misleadingly indented as if it were guarded by the 'if'
   38 |             if (_q.empty()) return false; out = std::move(_q.front()); _q.pop_front(); return true;
      |                                           ^~~
In file included from welcome.cpp:2:
gui_protocol.h: In function 'std::string gxos::gui::packPins(const std::vector<std::pair<bool, std::__cxx11::basic_string<char> > >&)':
gui_protocol.h:56:17: warning: this 'if' clause does not guard... [-Wmisleading-indentation]
   56 |                 if (!first)
      |                 ^~
gui_protocol.h:57:33: note: ...this statement, but the latter is misleadingly indented as if it were guarded by the 'if'
   57 |                     oss << ";"; first = false;
      |                                 ^~~~~
Build successful: guideXOSServer.exe
Run with: guideXOSServer.exe
