
D:\dev\guideXOSServer>powershell -ExecutionPolicy Bypass -File build.ps1 
====================================
  guideXOS Complete Build System
====================================

[1b/6] Building wallpaper runtime image...
      Building wallpaper filesystem image...
      Building wallpaper runtime filesystem: D:\dev\guideXOSServer\ESP\ramdisk.img
      added /system/wall/amebgx_t.gxi (41.4 KB)
      added /system/wall/ameoba.gxi (1665.6 KB)
      added /system/wall/ameoba.png (2093.5 KB)
      added /system/wall/ameoba_t.gxi (41.4 KB)
      added /system/wall/ameoba_thumb.png (17 KB)
      added /system/wall/ameobagx.gxi (1665.6 KB)
      added /system/wall/ameobagx.png (2251.7 KB)
      added /system/wall/ameobagx_thumb.png (17.3 KB)
      added /system/wall/bluef_t.gxi (41.4 KB)
      added /system/wall/blueflower.png (1867.6 KB)
      added /system/wall/blueflower_thumb.png (15.3 KB)
      added /system/wall/blueflwr.gxi (1665.6 KB)
      added /system/wall/dinos.gxi (1665.6 KB)
      added /system/wall/dinos.png (3221.3 KB)
      added /system/wall/dinos_t.gxi (41.4 KB)
      added /system/wall/dinos_thumb.png (24.4 KB)
      added /system/wall/flower.gxi (1665.6 KB)
      added /system/wall/flower.png (2094.3 KB)
      added /system/wall/flower_t.gxi (41.4 KB)
      added /system/wall/flower_thumb.png (22.5 KB)
      added /system/wall/gspace.gxi (1665.6 KB)
      added /system/wall/gspace_t.gxi (41.9 KB)
      added /system/wall/guidexosspace.png (2629.7 KB)
      added /system/wall/guidexosspace_thumb.png (20.3 KB)
      added /system/wall/redf_t.gxi (41.4 KB)
      added /system/wall/redflower.png (1581.9 KB)
      added /system/wall/redflower_thumb.png (11.2 KB)
      added /system/wall/redflwr.gxi (1665.6 KB)
      added /system/wall/tronp_t.gxi (47.3 KB)
      added /system/wall/tronpor.gxi (1875 KB)
      added /system/wall/tronporche.png (1149.5 KB)
      added /system/wall/tronporche_thumb.png (26.3 KB)
      added /system/wall/wallp2.gxi (1575 KB)
      added /system/wall/wallp2_t.gxi (56.1 KB)
      added /system/wall/Wallpaper2.png (1310.9 KB)
      added /system/wall/Wallpaper2_thumb.png (28.1 KB)
      Wallpaper runtime filesystem ready at /system/wall/

[2/6] Building UEFI Bootloader...
      Building with Visual Studio...

cl : command line  warning D9025: overriding '/sdl' with '/GS-' [D:\dev\guideXOSServer\guideXOSBootLoader\guideXOSBootLoader.vcxproj]
  elf.cpp
  main.cpp
  fb_console.cpp
  guidexOSBootInfo_validation.cpp
  pci.cpp
  trampoline_msvc.cpp
  uefi_guids.cpp
  paging.cpp
  Generating Code...
cl : command line  warning D9025: overriding '/sdl' with '/GS-' [D:\dev\guideXOSServer\guideXOSBootLoader\guideXOSBootLoader.vcxproj]
cl : command line  warning D9025: overriding '/Oi' with '/Oi-' [D:\dev\guideXOSServer\guideXOSBootLoader\guideXOSBootLoader.vcxproj]
  intrinsics.cpp
  guideXOSBootLoader.vcxproj -> D:\dev\guideXOSServer\guideXOSBootLoader\x64\Release\guideXOSBootLoader.exe
      Bootloader built successfully

[3/6] Building Kernel (amd64)...
      Using: mingw32-make
"Compiling core/kernel_apps.cpp..."
g++ -std=c++14 -ffreestanding -O2 -Wall -Wextra -fno-exceptions -fno-rtti -nostdlib -nostdinc++ -fno-builtin -DGXOS_BARE_METAL -Icore/include -Iarch/amd64/include -m64 -mcmodel=large -mno-red-zone -mno-mmx -mno-sse -mno-sse2 -fno-pic -fno-pie -fno-PIC -fno-PIE -mno-stack-arg-probe -fno-stack-check -fno-stack-protector -D__x86_64__ -c core/kernel_apps.cpp -o build/amd64/obj/core/kernel_apps.o
In file included from core/include/kernel/kernel_apps.h:13,
                 from core/kernel_apps.cpp:7:
core/include/kernel/kernel_app.h: In member function 'virtual bool kernel::app::KernelApp::initWithParam(const char*)':
core/include/kernel/kernel_app.h:198:44: warning: unused parameter 'param' [-Wunused-parameter]
  198 |     virtual bool initWithParam(const char* param) { return init(); }  // Override for param support
      |                                ~~~~~~~~~~~~^~~~~
core/include/kernel/kernel_app.h: In member function 'virtual void kernel::app::KernelApp::onMouseMove(int, int)':
core/include/kernel/kernel_app.h:203:34: warning: unused parameter 'x' [-Wunused-parameter]
  203 |     virtual void onMouseMove(int x, int y) {}
      |                              ~~~~^
core/include/kernel/kernel_app.h:203:41: warning: unused parameter 'y' [-Wunused-parameter]
  203 |     virtual void onMouseMove(int x, int y) {}
      |                                     ~~~~^
core/include/kernel/kernel_app.h: In member function 'virtual void kernel::app::KernelApp::onMouseDown(int, int, uint8_t)':
core/include/kernel/kernel_app.h:204:34: warning: unused parameter 'x' [-Wunused-parameter]
  204 |     virtual void onMouseDown(int x, int y, uint8_t button) {}
      |                              ~~~~^
core/include/kernel/kernel_app.h:204:41: warning: unused parameter 'y' [-Wunused-parameter]
  204 |     virtual void onMouseDown(int x, int y, uint8_t button) {}
      |                                     ~~~~^
core/include/kernel/kernel_app.h:204:52: warning: unused parameter 'button' [-Wunused-parameter]
  204 |     virtual void onMouseDown(int x, int y, uint8_t button) {}
      |                                            ~~~~~~~~^~~~~~
core/include/kernel/kernel_app.h: In member function 'virtual void kernel::app::KernelApp::onMouseUp(int, int, uint8_t)':
core/include/kernel/kernel_app.h:205:32: warning: unused parameter 'x' [-Wunused-parameter]
  205 |     virtual void onMouseUp(int x, int y, uint8_t button) {}
      |                            ~~~~^
core/include/kernel/kernel_app.h:205:39: warning: unused parameter 'y' [-Wunused-parameter]
  205 |     virtual void onMouseUp(int x, int y, uint8_t button) {}
      |                                   ~~~~^
core/include/kernel/kernel_app.h:205:50: warning: unused parameter 'button' [-Wunused-parameter]
  205 |     virtual void onMouseUp(int x, int y, uint8_t button) {}
      |                                          ~~~~~~~~^~~~~~
core/include/kernel/kernel_app.h: In member function 'virtual void kernel::app::KernelApp::onKeyDown(uint32_t)':
core/include/kernel/kernel_app.h:206:37: warning: unused parameter 'key' [-Wunused-parameter]
  206 |     virtual void onKeyDown(uint32_t key) {}
      |                            ~~~~~~~~~^~~
core/include/kernel/kernel_app.h: In member function 'virtual void kernel::app::KernelApp::onKeyUp(uint32_t)':
core/include/kernel/kernel_app.h:207:35: warning: unused parameter 'key' [-Wunused-parameter]
  207 |     virtual void onKeyUp(uint32_t key) {}
      |                          ~~~~~~~~~^~~
core/include/kernel/kernel_app.h: In member function 'virtual void kernel::app::KernelApp::onKeyChar(char)':
core/include/kernel/kernel_app.h:208:33: warning: unused parameter 'c' [-Wunused-parameter]
  208 |     virtual void onKeyChar(char c) {}
      |                            ~~~~~^
core/include/kernel/kernel_app.h: In member function 'virtual void kernel::app::KernelApp::onWidgetClick(int)':
core/include/kernel/kernel_app.h:209:36: warning: unused parameter 'widgetId' [-Wunused-parameter]
  209 |     virtual void onWidgetClick(int widgetId) {}
      |                                ~~~~^~~~~~~~
core/kernel_apps.cpp: In member function 'virtual void kernel::apps::NotepadApp::draw(uint32_t, uint32_t, uint32_t, uint32_t)':
core/kernel_apps.cpp:835:59: warning: comparison of integer expressions of different signedness: 'int' and 'uint32_t' {aka 'unsigned int'} [-Wsign-compare]
  835 |             if (col * (kGlyphW + kGlyphSpacing) + kGlyphW > w - 16) {
      |                 ~~~~~~~~~~~~~~~~~~~~~~~~~~~~~~~~~~~~~~~~~~^~~~~~~~
core/kernel_apps.cpp: In member function 'virtual void kernel::apps::CalculatorApp::onWidgetClick(int)':
core/kernel_apps.cpp:2327:17: warning: unused variable 'btnChars' [-Wunused-variable]
 2327 |     const char* btnChars = "Cce/%789*456-123++/-0.=";
      |                 ^~~~~~~~
core/kernel_apps.cpp: In member function 'virtual void kernel::apps::TaskManagerApp::onMouseDown(int, int, uint8_t)':
core/kernel_apps.cpp:2637:38: warning: unused parameter 'localX' [-Wunused-parameter]
 2637 | void TaskManagerApp::onMouseDown(int localX, int localY, uint8_t button) {
      |                                  ~~~~^~~~~~
core/kernel_apps.cpp: In member function 'virtual void kernel::apps::DiskManagerApp::draw(uint32_t, uint32_t, uint32_t, uint32_t)':
core/kernel_apps.cpp:3945:39: warning: narrowing conversion of '(48 + ((int)((char)(pi + 1))))' from 'int' to 'char' [-Wnarrowing]
 3945 |                 char numBuf[4] = {'0' + (char)(pi + 1), '\0', '\0', '\0'};
      |                                   ~~~~^~~~~~~~~~~~~~~~
core/kernel_apps.cpp: In member function 'void kernel::apps::NavigatorApp::rememberPageMetadata(const char*, const char*, const char*, const char*, const char*, const char*, int, const gxos::web::CssDiagnostics*, const gxos::web::WebStyle*, int, const char*, int)':
core/kernel_apps.cpp:4995:34: error: 's_kernelLastDnsUsed' was not declared in this scope
 4995 |     m_metaDnsUsed = httpSource ? s_kernelLastDnsUsed : false;
      |                                  ^~~~~~~~~~~~~~~~~~~
core/kernel_apps.cpp:4996:41: error: 's_kernelLastDnsHost' was not declared in this scope
 4996 |     strcopy(m_metaDnsHost, httpSource ? s_kernelLastDnsHost : "", sizeof(m_metaDnsHost));
      |                                         ^~~~~~~~~~~~~~~~~~~
core/kernel_apps.cpp:4997:47: error: 's_kernelLastDnsResolvedIp' was not declared in this scope; did you mean 'm_metaDnsResolvedIp'?
 4997 |     strcopy(m_metaDnsResolvedIp, httpSource ? s_kernelLastDnsResolvedIp : "", sizeof(m_metaDnsResolvedIp));
      |                                               ^~~~~~~~~~~~~~~~~~~~~~~~~
      |                                               m_metaDnsResolvedIp
core/kernel_apps.cpp:4998:42: error: 's_kernelLastDnsError' was not declared in this scope
 4998 |     strcopy(m_metaDnsError, httpSource ? s_kernelLastDnsError : "", sizeof(m_metaDnsError));
      |                                          ^~~~~~~~~~~~~~~~~~~~
mingw32-make: *** [makefile:126: build/amd64/obj/core/kernel_apps.o] Error 1
      ERROR: Kernel build failed
