
D:\dev\guideXOSServer>powershell -ExecutionPolicy Bypass -File build.ps1 
====================================
  guideXOS Complete Build System
====================================

[1b/6] Building wallpaper runtime image...
      Building wallpaper filesystem image...
      Building wallpaper runtime filesystem: D:\dev\guideXOSServer\ESP\ramdisk.img
      added /system/wall/amebgx_t.gxi (41.4 KB)
      added /system/wall/ameoba.gxi (1665.6 KB)
      added /system/wall/ameoba.png (2093.5 KB)
      added /system/wall/ameoba_t.gxi (41.4 KB)
      added /system/wall/ameoba_thumb.png (17 KB)
      added /system/wall/ameobagx.gxi (1665.6 KB)
      added /system/wall/ameobagx.png (2251.7 KB)
      added /system/wall/ameobagx_thumb.png (17.3 KB)
      added /system/wall/bluef_t.gxi (41.4 KB)
      added /system/wall/blueflower.png (1867.6 KB)
      added /system/wall/blueflower_thumb.png (15.3 KB)
      added /system/wall/blueflwr.gxi (1665.6 KB)
      added /system/wall/dinos.gxi (1665.6 KB)
      added /system/wall/dinos.png (3221.3 KB)
      added /system/wall/dinos_t.gxi (41.4 KB)
      added /system/wall/dinos_thumb.png (24.4 KB)
      added /system/wall/flower.gxi (1665.6 KB)
      added /system/wall/flower.png (2094.3 KB)
      added /system/wall/flower_t.gxi (41.4 KB)
      added /system/wall/flower_thumb.png (22.5 KB)
      added /system/wall/gspace.gxi (1665.6 KB)
      added /system/wall/gspace_t.gxi (41.9 KB)
      added /system/wall/guidexosspace.png (2629.7 KB)
      added /system/wall/guidexosspace_thumb.png (20.3 KB)
      added /system/wall/redf_t.gxi (41.4 KB)
      added /system/wall/redflower.png (1581.9 KB)
      added /system/wall/redflower_thumb.png (11.2 KB)
      added /system/wall/redflwr.gxi (1665.6 KB)
      added /system/wall/tronp_t.gxi (47.3 KB)
      added /system/wall/tronpor.gxi (1875 KB)
      added /system/wall/tronporche.png (1149.5 KB)
      added /system/wall/tronporche_thumb.png (26.3 KB)
      added /system/wall/wallp2.gxi (1575 KB)
      added /system/wall/wallp2_t.gxi (56.1 KB)
      added /system/wall/Wallpaper2.png (1310.9 KB)
      added /system/wall/Wallpaper2_thumb.png (28.1 KB)
      Wallpaper runtime filesystem ready at /system/wall/

[2/6] Building UEFI Bootloader...
      Building with Visual Studio...

cl : command line  warning D9025: overriding '/sdl' with '/GS-' [D:\dev\guideXOSServer\guideXOSBootLoader\guideXOSBootLoader.vcxproj]
  elf.cpp
  main.cpp
  fb_console.cpp
  guidexOSBootInfo_validation.cpp
  pci.cpp
  trampoline_msvc.cpp
  uefi_guids.cpp
  paging.cpp
  Generating Code...
cl : command line  warning D9025: overriding '/sdl' with '/GS-' [D:\dev\guideXOSServer\guideXOSBootLoader\guideXOSBootLoader.vcxproj]
cl : command line  warning D9025: overriding '/Oi' with '/Oi-' [D:\dev\guideXOSServer\guideXOSBootLoader\guideXOSBootLoader.vcxproj]
  intrinsics.cpp
  guideXOSBootLoader.vcxproj -> D:\dev\guideXOSServer\guideXOSBootLoader\x64\Release\guideXOSBootLoader.exe
      Bootloader built successfully

[3/6] Building Kernel (amd64)...
      Using: mingw32-make
"Compiling core/image_adapter.cpp..."
g++ -std=c++14 -ffreestanding -O2 -Wall -Wextra -fno-exceptions -fno-rtti -nostdlib -nostdinc++ -fno-builtin -DGXOS_BARE_METAL -Icore/include -Iarch/amd64/include -m64 -mcmodel=large -mno-red-zone -mno-mmx -mno-sse -mno-sse2 -fno-pic -fno-pie -fno-PIC -fno-PIE -mno-stack-arg-probe -fno-stack-check -fno-stack-protector -D__x86_64__ -c core/image_adapter.cpp -o build/amd64/obj/core/image_adapter.o
core/image_adapter.cpp: In function 'void* gxos_kernel_stbi_realloc_sized(void*, size_t, size_t)':
core/image_adapter.cpp:33:5: error: 'memcpy' was not declared in this scope
   33 |     memcpy(newPtr, ptr, oldSize < newSize ? oldSize : newSize);
      |     ^~~~~~
core/image_adapter.cpp:6:1: note: 'memcpy' is defined in header '<cstring>'; this is probably fixable by adding '#include <cstring>'
    5 | #include "include/kernel/vfs.h"
  +++ |+#include <cstring>
    6 | 
In file included from core/image_adapter.cpp:50:
core/../../third_party/stb/stb_image.h: At global scope:
core/../../third_party/stb/stb_image.h:1078:12: warning: 'int stbi__mul2shorts_valid(int, int)' defined but not used [-Wunused-function]
 1078 | static int stbi__mul2shorts_valid(int a, int b)
      |            ^~~~~~~~~~~~~~~~~~~~~~
core/../../third_party/stb/stb_image.h:1070:12: warning: 'int stbi__addints_valid(int, int)' defined but not used [-Wunused-function]
 1070 | static int stbi__addints_valid(int a, int b)
      |            ^~~~~~~~~~~~~~~~~~~
core/image_adapter.cpp:37:14: warning: 'void* gxos_kernel_stbi_realloc(void*, size_t)' defined but not used [-Wunused-function]
   37 | static void* gxos_kernel_stbi_realloc(void* ptr, size_t newSize)
      |              ^~~~~~~~~~~~~~~~~~~~~~~~
mingw32-make: *** [makefile:125: build/amd64/obj/core/image_adapter.o] Error 1
      ERROR: Kernel build failed
