[2J[01;01H[=3h[2J[01;01H[2J[01;01H[=3h[2J[01;01H[2J[01;01H[=3h[2J[01;01HBdsDxe: loading Boot0001 "UEFI QEMU HARDDISK QM00001 " from PciRoot(0x0)/Pci(0x1,0x1)/Ata(Primary,Master,0x0)
BdsDxe: starting Boot0001 "UEFI QEMU HARDDISK QM00001 " from PciRoot(0x0)/Pci(0x1,0x1)/Ata(Primary,Master,0x0)
guideXOS UEFI Bootloader
ACPI RSDP found at 0x000000001F77E000, rev 0
ELF: vaddr range 0x100000 - 0x2755000 (size 0x2655000)
ELF: Allocated 9813 pages at 0x19517000
ELF: Loading seg 0: vaddr=0x100000 -> phys=0x19517000 (filesz=0xdb00c)
ELF: Loading seg 1: vaddr=0x1dc000 -> phys=0x195f3000 (filesz=0x4030)
ELF: Entry point in segment 0 (vaddr 0x100000)
ELF: Entry vaddr=0x100000, offset=0x0, physEntry=0x19517000
Kernel entry phys: 0x0000000019517000 virt: 0x0000000000100000
Kernel loaded at: 0x0000000019517000 - 0x000000001BB6C000
Ramdisk size: 67108864 bytes
Ramdisk loaded at 0x0000000015517000
Stack allocated at 0x0000000000200000, top at 0x0000000000210000 (below kernel)

=== PCI Enumeration ===
Found 1 network controller(s)
  [%02x:%02x.0] Vendor=%04x Device=%04x Class=%02x/%02x IRQ=3
    BAR0: Phys=%016lx Size=81040000 ()
    ** Supported Intel E1000 NIC **

*** Using NIC at [%02x:%02x.0] ***
    Vendor: %04x  Device: %04x
    MMIO Phys: %016lx  Size: 81040000
    PCI bus mastering enabled
=========================

Mapping stack: 0x0000000000200000 size 65536
Mapping framebuffer: 0x0000000080000000 size 4096000
Mapping ramdisk: 0x0000000015517000 size 67108864
Mapping ACPI RSDP region: 0x000000001F77E000
Mapping bootloader: 0x000000001DE33000 size 73728
Mapping allocator region: 0x4000000 size 64MB
Mapping low memory stack region: 0x100000 size 2MB
Mapping NIC MMIO: %016lx size 81040000
NIC MMIO mapped: Phys=%016lx Virt=%016lx
Building identity page tables with 13 ranges...
Page tables built at PML4: 0x000000001DE50000
Pre-EBS marker drawn (green square top-left)
Exiting boot services...


=== GuideXOS Boot (Post-ExitBootServices) ===

=== CPU State Check ===
CR0 = 0x0000000080010033
CR3 = 0x000000001F801000
CR4 = 0x0000000000000668
EFER = 0x0000000000000D00
  [OK] CR0.PG (Paging) enabled
  [OK] CR0.PE (Protected Mode) enabled
  [OK] CR4.PAE enabled
  [OK] EFER.LME (Long Mode Enable) set
  [OK] EFER.LMA (Long Mode Active) set

=== BootInfo ===
Magic: 0x49425847
Framebuffer: 0x0000000080000000 (0x00000500x0x00000320)

=== Kernel Entry Validation ===
Entry point: 0x0000000019517000
First 16 bytes at entry:
  FA 66 31 C0 8E D8 8E C0 8E E0 8E E8 8E D0 48 BC 
  [INFO] Unknown prologue pattern

=== Jumping to Kernel (Trampoline) ===

========================================
=== PRE-HANDOFF VALIDATION ===
========================================

--- Parameters ---
Kernel Entry: 0x0000000019517000
BootInfo:     0x000000001DF48000
Stack Top:    0x0000000000210000
PML4 Phys:    0x000000001DE50000

--- Validating Mappings ---

[1] Kernel Entry:
Checking mapping for: 0x0000000019517000
  PML4[0x00000000] = 0x000000001DE4F003
  PDPT[0x00000000] = 0x000000001DE4E003
  PD[0x000000CA] = 0x000000001DE4C003
  PT[0x00000117] = 0x0000000019517003
  [OK] Maps to physical: 0x0000000019517000

[2] BootInfo:
Checking mapping for: 0x000000001DF48000
  PML4[0x00000000] = 0x000000001DE4F003
  PDPT[0x00000000] = 0x000000001DE4E003
  PD[0x000000EF] = 0x000000001DDE5003
  PT[0x00000148] = 0x000000001DF48003
  [OK] Maps to physical: 0x000000001DF48000

[3] Stack (top - 0x1000):
Checking mapping for: 0x000000000020F000
  PML4[0x00000000] = 0x000000001DE4F003
  PDPT[0x00000000] = 0x000000001DE4E003
  PD[0x00000001] = 0x000000001DDE6003
  PT[0x0000000F] = 0x0000000019626003
  [OK] Maps to physical: 0x0000000019626000

[4] PML4 self-mapping:
Checking mapping for: 0x000000001DE50000
  PML4[0x00000000] = 0x000000001DE4F003
  PDPT[0x00000000] = 0x000000001DE4E003
  PD[0x000000EF] = 0x000000001DDE5003
  PT[0x00000050] = 0x000000001DE50003
  [OK] Maps to physical: 0x000000001DE50000

[5] Framebuffer:
Checking mapping for: 0x0000000080000000
  PML4[0x00000000] = 0x000000001DE4F003
  PDPT[0x00000002] = 0x000000001DDE3003
  PD[0x00000000] = 0x000000001DDE2003
  PT[0x00000000] = 0x0000000080000003
  [OK] Maps to physical: 0x0000000080000000

========================================
=== VALIDATION COMPLETE ===
========================================


[BOOT] Validating VIRTUAL kernel entry mapping:
Checking mapping for: 0x0000000000100000
  PML4[0x00000000] = 0x000000001DE4F003
  PDPT[0x00000000] = 0x000000001DE4E003
  PD[0x00000000] = 0x000000001DE4D003
  PT[0x00000100] = 0x0000000019517003
  [OK] Maps to physical: 0x0000000019517000
[BOOT] About to handoff via trampoline...
[BOOT] Trampoline at: 0x000000001DE51000
[BOOT] Kernel entry: 0x0000000019517000
[BOOT] BootInfo at: 0x000000001DF48000
[BOOT] Stack top: 0x0000000000210000
[BOOT] PML4: 0x000000001DE50000

[BOOT] Validating trampoline mapping:
Checking mapping for: 0x000000001DE51000
  PML4[0x00000000] = 0x000000001DE4F003
  PDPT[0x00000000] = 0x000000001DE4E003
  PD[0x000000EF] = 0x000000001DDE5003
  PT[0x00000051] = 0x000000001DE51003
  [OK] Maps to physical: 0x000000001DE51000

[BOOT] === CALLING TRAMPOLINE NOW ===
[KERNEL] guideXOS kernel_main entered
[KERNEL] Boot method: UEFI BootInfo
[KERNEL] Framebuffer initialized: 00000500x00000320
[VFS] ERROR: No mount point for path: /desktop.system.icons
[desktop] system desktop icon settings defaulted: Trash=1 ThisSystem=1 FileManager=1 SystemSettings=0
[VFS] ERROR: No mount point for path: /desktop.shortcuts
[desktop] Shortcut loaded: none persisted
[desktop] Desktop folder path selected: /Desktop
[desktop] Desktop folder creation failed; continuing with system icons
[desktop] system icon visibility decision: Trash enabled
[desktop] system icon visibility decision: This System enabled
[desktop] system icon visibility decision: File Manager enabled
[desktop] system icon visibility decision: System Settings hidden
[VFS] ERROR: No mount point for path: /.desktop_icons
[desktop] allocating desktop icon slot occupied=00000003 columns=0000000F rows=00000009
[desktop] desktop icon slot selected x=00000018 y=00000018
[desktop] allocating desktop icon slot occupied=00000003 columns=0000000F rows=00000009
[desktop] desktop icon slot selected x=00000068 y=00000018
[desktop] allocating desktop icon slot occupied=00000003 columns=0000000F rows=00000009
[desktop] desktop icon slot selected x=000000B8 y=00000018
[VFS] ERROR: No mount point for path: /desktop.background.scale
[desktop] background scale mode default=fill
[VFS] ERROR: No mount point for path: /desktop.wallpaper.id
Taskbar: SearchWidget hidden, search provider unavailable
Taskbar: ClockWidget enabled, RTC/CMOS time available
Taskbar: NetworkWidget hidden, no network provider available
Taskbar: VolumeWidget hidden, audio provider unavailable
Taskbar: BatteryWidget hidden, no battery provider available
[DESKTOP CAP] begin
[DESKTOP CAP] architecture=AMD64 (x86-64)
[DESKTOP CAP] framebuffer_available=true
[DESKTOP CAP] framebuffer_width=0x00000500
[DESKTOP CAP] framebuffer_height=0x00000320
[DESKTOP CAP] framebuffer_pitch=0x00001400
[DESKTOP CAP] framebuffer_bpp=0x00000020
[DESKTOP CAP] framebuffer_pixel_format_supported=true
[DESKTOP CAP] double_buffering_enabled=true
[DESKTOP CAP] mouse_available=true
[DESKTOP CAP] keyboard_available=true
[DESKTOP CAP] timer_tick_available=true
[DESKTOP CAP] desktop_event_loop_active=false
[DESKTOP CAP] cursor_rendering_active=false
[DESKTOP CAP] taskbar_enabled=true
[DESKTOP CAP] start_menu_enabled=true
[DESKTOP CAP] window_move_enabled=true
[DESKTOP CAP] window_resize_enabled=true
[DESKTOP CAP] desktop_icons_enabled=true
[DESKTOP CAP] icon_persistence_available=false
[DESKTOP CAP] shutdown_supported=true
[DESKTOP CAP] restart_supported=true
[DESKTOP CAP] end
[desktop] wallpaper image lookup path=/system/wall/blueflwr.gxi
[desktop] gximg stat failed: /system/wall/blueflwr.gxi
[desktop] wallpaper image fallback to gradient
[desktop] Trash icon state count=0 iconKey=trash.empty
[KERNEL] Desktop drawn
[GDT] GDT loaded with 3 entries, segments reloaded
[IRQ] IDT loaded, PIC remapped, interrupts enabled
[IRQ] Master PIC mask: 0xFF Slave PIC mask: 0xFF
[KERNEL] IDT + PIC initialized, interrupts enabled
[PIT] Timer configured at ~00000064 Hz (divisor=0x00002E9B)
[IRQ] register_irq called for IRQ 00
[IRQ] Handler stored, unmasking...
[IRQ] Registered and unmasked IRQ 00 Master mask: 0xFE Slave mask: 0xFF
[KERNEL] PIT timer initialized, IRQ0 registered
[KERNEL] Initializing storage subsystem...
[KERNEL] Block device layer initialized
[NTFS] Initializing NTFS filesystem driver...
[NTFS] NTFS driver initialized
[XFS] Initializing XFS filesystem driver...
[XFS] XFS driver initialized
[KERNEL] Filesystem drivers initialized (FAT32, ext2/4, NTFS, XFS)
[MSI] Initializing MSI/MSI-X subsystem...
[MSI] MSI subsystem initialized
[KERNEL] MSI/MSI-X subsystem initialized
[VIRTIO-GPU] Initializing VirtIO GPU driver...
[VIRTIO-GPU] Probing for devices...
[VIRTIO-GPU] Driver initialized, 00000000 device(s) found
[KERNEL] VirtIO subsystem initialized
[ATA] Initializing ATA driver...
[ATA] Probing channel pri (ioBase=0x01F0)
[ATA]   Checking master...
[ATA]   Found device!
[ATA]   Checking slave...
[ATA]   No device
[ATA] Probing channel sec (ioBase=0x0170)
[ATA]   Checking master...
[ATA]   No device
[ATA]   Checking slave...
[ATA]   No device
[ATA] PCI scan found IDE controller
[ATA] Init complete. Devices: 1
[KERNEL] ATA/SATA driver initialized, 00000001 drive(s) found
[IRQ] dispatch irq=00
[IRQ] dispatch irq=00
[KERNEL] NVMe driver initialized, 00000000 namespace(s) found
[RAMDISK] Initialized with [IRQ] dispatch irq=00
00004000 KB pool
[RAMDISK] Created 'ram0' with 00002000 sectors (00001000 KB)
[KERNEL] Created 4MB RAM disk 'ram0'
[VFS] Initialized
[KERNEL] VFS layer initialized
[KERNEL] Total block devices: 00000002
[KERNEL] Auto-mounting block device 0 to /
[VFS] detect_fs: Read sector 0 OK
[VFS]   Bytes 510-511: 0x55 0xAA
[VFS]   Found 0x55AA boot signature
[VFS]   BPB: bps=0x0000 spf16=0x0000 spf32=0x00000000
[VFS]   MBR partition type: 0x06
[IRQ] dispatch irq=00
[VFS] ERROR: Could not detect filesystem type
[KERNEL] WARNING: Failed to auto-mount device 0
[KERNEL] Attempting to mount block device 1 to /
[VFS] detect_fs: Read sector 0 OK
[VFS]   Bytes 510-511: 0x00 0x00
[VFS] ERROR: Could not detect filesystem type
[KERNEL] WARNING: Failed to auto-mount device 1
[KERNEL] WARNING: No filesystem could be mounted automatically
[KERNEL] Boot wallpaper pack found in ramdisk.img
[RAMDISK] Attached read-only image 'wallimg' with 00020000 sectors
[VFS] Mounted FAT32 at '/system'
[desktop] mounted wallpaper image pack at /system; wallpapers live at /system/wall
[VFS] ERROR: No mount point for path: /desktop.background.scale
[desktop] background scale mode default=fill
[VFS] ERROR: No mount point for path: /desktop.wallpaper.id
[IRQ] dispatch irq=00
[desktop] wallpaper image lookup path=/system/wall/blueflwr.gxi
[VFS] Opened: /system/wall/blueflwr.gxi
[IRQ] dispatch irq=00
[desktop] gximg loaded: /system/wall/blueflwr.gxi
[desktop] rendering wallpaper image for id=legacy_blue_flower scale=fill
[IRQ] dispatch irq=00
[IRQ] dispatch irq=00
[IRQ] dispatch irq=00
[IRQ] dispatch irq=00
[desktop] Trash icon state count=0 iconKey=trash.empty
[KERNEL] Initializing NIC driver...
[KERNEL] NIC info found in BootInfo, using mapped MMIO
[NIC] Initializing from BootInfo:
[NIC]   Vendor: 00008086 Device: 0000100E
[NIC]   MMIO Phys: 0000000081040000
[NIC]   MMIO Virt: 0000000081040000
[NIC] Initializing E1000 hardware...
[NIC] MAC: 52:54:00:12:34:56
[NIC] Link: UP
[NIC] E1000 initialization complete!
[KERNEL] NIC initialized from BootInfo successfully
[KERNEL] NIC active, registering IRQ0B
[IRQ] register_irq called for IRQ 0B
[IRQ] Handler stored, unmasking...
[IRQ] Registered and unmasked IRQ 0B Master mask: 0xFA Slave mask: 0xF7
[IPv4] Layer initialized
[IPv4] Configured: IP=10.0.2.15 Mask=255.255.255.0 GW=10.0.2.2
[ICMP] Module initialized
[UDP] Layer initialized
[TCP] Stack initialized
[SOCKET] API initialized
[DNS] Client initialized, server: 10.0.2.3
[KERNEL] Attempting DHCP network configuration...
[DHCP] Sending DISCOVER (xid=0x87985AA5)
[NIC] send_frame: sending 003C bytes, txCur=0000
[NIC] TX desc bufferAddr=0x000000001A699C20
[NIC] TDT updated to 0001, waiting for completion...
[NIC] TX complete after 00000000 iterations
[DHCP] UDP send failed
[NIC] send_frame: sending 003C bytes, txCur=0001
[NIC] TX desc bufferAddr=0x000000001A699C20
[NIC] TDT updated to 0002, waiting for completion...
[NIC] TX complete after 00000000 iterations
[NIC] send_frame: sending 0156 bytes, txCur=0002
[NIC] TX desc bufferAddr=0x000000001A699C20
[NIC] TDT updated to 0003, waiting for completion...
[NIC] TX complete after 00000000 iterations
[SOCKET] Created UDP socket fd=00000000
[UDP] Bound port 00000044
[SOCKET] Bound socket fd=00000000 to port 00000044
[UDP] Unbound port 00000044
[SOCKET] Closed socket fd=00000000
[DHCP] DISCOVER timeout, retrying...
[NIC] send_frame: sending 0156 bytes, txCur=0003
[NIC] TX desc bufferAddr=0x000000001A699C20
[NIC] TDT updated to 0004, waiting for completion...
[NIC] TX complete after 00000000 iterations
[SOCKET] Created UDP socket fd=00000001
[UDP] Bound port 00000044
[SOCKET] Bound socket fd=00000001 to port 00000044
[UDP] Unbound port 00000044
[SOCKET] Closed socket fd=00000001
[DHCP] DISCOVER timeout, retrying...
[NIC] send_frame: sending 0156 bytes, txCur=0004
[NIC] TX desc bufferAddr=0x000000001A699C20
[NIC] TDT updated to 0005, waiting for completion...
[NIC] TX complete after 00000000 iterations
[SOCKET] Created UDP socket fd=00000002
[UDP] Bound port 00000044
[SOCKET] Bound socket fd=00000002 to port 00000044
[UDP] Unbound port 00000044
[SOCKET] Closed socket fd=00000002
[DHCP] DISCOVER timeout, retrying...
[DHCP] Discovery failed
[KERNEL] DHCP failed, keeping static network configuration
[KERNEL] Initializing PS/2 mouse...
[PS2] Starting PS/2 mouse init
[PS2] Controller config before: 0x77
[PS2] Controller config after: 0x17
[PS2] Sending mouse reset (0xFF)...
[PS2] Reset ACK: 0xFA
[PS2] Self-test result: 0xAA
[PS2] Device ID: 0x00
[PS2] IntelliMouse (scroll wheel): yes
[PS2] Mouse init complete
[KERNEL] PS/2 mouse init complete
[IRQ] register_irq called for IRQ 0C
[IRQ] Handler stored, unmasking...
[IRQ] Registered and unmasked IRQ 0C Master mask: 0xFA Slave mask: 0xE7
[KERNEL] IRQ12 handler registered and unmasked
[KERNEL] Initializing PS/2 keyboard...
[PS2KB] Initializing PS/2 keyboard...
[PS2KB] Keyboard initialized (scancode set 2)
[IRQ] register_irq called for IRQ 01
[IRQ] Handler stored, unmasking...
[IRQ] Registered and unmasked IRQ 01 Master mask: 0xF8 Slave mask: 0xE7
[KERNEL] IRQ1 (keyboard) handler registered
[KERNEL] Initializing input manager...
[INPUT] Initializing input manager
[INPUT] PS/2 mouse available
[INPUT] Active mouse source: PS/2
[INPUT] Input manager initialized
[KERNEL] Input manager initialized

============================================================
           guideXOS Hardware Feature Report
============================================================

--- CPU ---
[OK]   AMD64 (x86-64)

--- Storage ---
[N/A]  ATA (PIO mode)
[N/A]  AHCI/SATA
[N/A]  NVMe
[N/A]  USB Mass Storage
[N/A]  VirtIO Block
[N/A]  RAM Disk

--- Filesystem ---
[OK]   FAT32
[N/A]  exFAT
[OK]   ext2
[OK]   ext4
[OK]   NTFS
[OK]   XFS
[N/A]  UFS

--- Network ---
[N/A]  Intel E1000
[N/A]  VirtIO Network
[N/A]  IPv4 Stack
[N/A]  IPv6 Stack
[N/A]  TCP Protocol
[N/A]  UDP Protocol
[N/A]  DHCP Client
[N/A]  DNS Client

--- Graphics ---
[N/A]  VGA Text Mode
[N/A]  VESA/VBE
[N/A]  UEFI GOP
[N/A]  VirtIO GPU
[N/A]  QEMU ramfb

--- Input ---
[OK]   PS/2 Keyboard
[OK]   PS/2 Mouse
[N/A]  USB HID
[N/A]  VirtIO Input
[N/A]  Serial Console

--- VirtIO ---
[N/A]  VirtIO Block
[N/A]  VirtIO Network
[N/A]  VirtIO GPU
[N/A]  VirtIO Input
[N/A]  VirtIO Console

--- Interrupts ---
[OK]   8259 PIC
[N/A]  Local APIC
[N/A]  I/O APIC
[OK]   MSI
[N/A]  MSI-X
[N/A]  ARM GIC
[N/A]  RISC-V PLIC

--- Summary ---
Total features:  0000002C
Active:          0000000A
Present:         00000000
Errors:          00000000
Disabled:        00000000
Not present:     00000022

============================================================

[DESKTOP CAP] begin
[DESKTOP CAP] architecture=AMD64 (x86-64)
[DESKTOP CAP] framebuffer_available=true
[DESKTOP CAP] framebuffer_width=0x00000500
[DESKTOP CAP] framebuffer_height=0x00000320
[DESKTOP CAP] framebuffer_pitch=0x00001400
[DESKTOP CAP] framebuffer_bpp=0x00000020
[DESKTOP CAP] framebuffer_pixel_format_supported=true
[DESKTOP CAP] double_buffering_enabled=true
[DESKTOP CAP] mouse_available=true
[DESKTOP CAP] keyboard_available=true
[DESKTOP CAP] timer_tick_available=true
[DESKTOP CAP] desktop_event_loop_active=true
[DESKTOP CAP] cursor_rendering_active=true
[DESKTOP CAP] taskbar_enabled=true
[DESKTOP CAP] start_menu_enabled=true
[DESKTOP CAP] window_move_enabled=true
[DESKTOP CAP] window_resize_enabled=true
[DESKTOP CAP] desktop_icons_enabled=true
[DESKTOP CAP] icon_persistence_available=false
[DESKTOP CAP] shutdown_supported=true
[DESKTOP CAP] restart_supported=true
[DESKTOP CAP] end
[NAVIGATOR-SMOKE] BEGIN
[NAVIGATOR-SMOKE] build_mode=bare-metal/kernel
[NAVIGATOR-SMOKE] registered=true
[NAVIGATOR-SMOKE] runtime.mode=bare-metal/kernel
[NAVIGATOR-SMOKE] launch.path=AppManager::registerApp -> NavigatorApp::create
[NAVIGATOR-SMOKE] current.url=about:navigator-runtime
[NAVIGATOR-SMOKE] stale.placeholder=not active
[NAVIGATOR-SMOKE] capability.file_read=enabled through VFS
[NAVIGATOR-SMOKE] capability.local_png=enabled through shared ImageAdapter where VFS image data exists
[NAVIGATOR-SMOKE] capability.http=enabled numeric IPv4 HTTP/1.0 GET with redirects/chunked
[NAVIGATOR-SMOKE] capability.dns=unsupported for Navigator HTTP v0.1
[NAVIGATOR-SMOKE] capability.http_redirects=enabled limit 5
[NAVIGATOR-SMOKE] capability.http_chunked=enabled
[NAVIGATOR-SMOKE] capability.remote_png=enabled-basic numeric IPv4 http:// PNG images
[NAVIGATOR-SMOKE] capability.downloads=unavailable for bare-metal HTTP v0.1
[NAVIGATOR-SMOKE] capability.css_lite=enabled for embedded style blocks
[NAVIGATOR-SMOKE] capability.forms_lite=enabled for file/about GET form blocks
[NAVIGATOR-SMOKE] capability.find_in_page=unsupported in bare-metal adapter
[NAVIGATOR-SMOKE] capability.external_stylesheets=unsupported
[NAVIGATOR-SMOKE] capability.bookmark_persistence=unavailable; in-memory defaults only
[TCP] Created socket fd=00000064
[NIC] send_frame: sending 003C bytes, txCur=0005
[NIC] TX desc bufferAddr=0x000000001A699C20
[NIC] TDT updated to 0006, waiting for completion...
[NIC] TX complete after 00000000 iterations
[TCP] Connecting to 10.0.2.2:00001F90
[NIC] send_frame: sending 003C bytes, txCur=0006
[NIC] TX desc bufferAddr=0x000000001A699C20
[NIC] TDT updated to 0007, waiting for completion...
[NIC] TX complete after 00000000 iterations
[TCP] Connection established
[NIC] send_frame: sending 00C9 bytes, txCur=0007
[NIC] TX desc bufferAddr=0x000000001A699C20
[NIC] TDT updated to 0000, waiting for completion...
[NIC] TX complete after 00000000 iterations
[NIC] send_frame: sending 003C bytes, txCur=0000
[NIC] TX desc bufferAddr=0x000000001A699C20
[NIC] TDT updated to 0001, waiting for completion...
[NIC] TX complete after 00000000 iterations
[NIC] send_frame: sending 003C bytes, txCur=0001
[NIC] TX desc bufferAddr=0x000000001A699C20
[NIC] TDT updated to 0002, waiting for completion...
[NIC] TX complete after 00000000 iterations
[TCP] FIN received, entering CLOSE_WAIT
[NIC] send_frame: sending 003C bytes, txCur=0002
[NIC] TX desc bufferAddr=0x000000001A699C20
[NIC] TDT updated to 0003, waiting for completion...
[NIC] TX complete after 00000000 iterations
[TCP] Closed socket fd=00000064
[NAVIGATOR-SMOKE] http.case.basic.url=http://10.0.2.2:8080/navigator-smoke/basic.html
[NAVIGATOR-SMOKE] http.case.basic.status=200
[NAVIGATOR-SMOKE] http.case.basic.content_type=text/html
[NAVIGATOR-SMOKE] http.case.basic.body_bytes=74
[NAVIGATOR-SMOKE] http.case.basic.parsed_block_count=2
[NAVIGATOR-SMOKE] http.case.basic.remote_images=0
[NAVIGATOR-SMOKE] http.case.basic.loaded_images=0
[NAVIGATOR-SMOKE] http.case.basic.failed_images=0
[NAVIGATOR-SMOKE] http.case.basic.final_url=http://10.0.2.2:8080/navigator-smoke/basic.html
[NAVIGATOR-SMOKE] http.case.basic.redirect_count=0
[NAVIGATOR-SMOKE] http.case.basic.result=PASS
[TCP] Created socket fd=00000065
[NIC] send_frame: sending 003C bytes, txCur=0003
[NIC] TX desc bufferAddr=0x000000001A699C20
[NIC] TDT updated to 0004, waiting for completion...
[NIC] TX complete after 00000000 iterations
[TCP] Connecting to 10.0.2.2:00001F90
[NIC] send_frame: sending 003C bytes, txCur=0004
[NIC] TX desc bufferAddr=0x000000001A699C20
[NIC] TDT updated to 0005, waiting for completion...
[NIC] TX complete after 00000000 iterations
[TCP] Connection established
[NIC] send_frame: sending 00D0 bytes, txCur=0005
[NIC] TX desc bufferAddr=0x000000001A699C20
[NIC] TDT updated to 0006, waiting for completion...
[NIC] TX complete after 00000000 iterations
[NIC] send_frame: sending 003C bytes, txCur=0006
[NIC] TX desc bufferAddr=0x000000001A699C20
[NIC] TDT updated to 0007, waiting for completion...
[NIC] TX complete after 00000000 iterations
[NIC] send_frame: sending 003C bytes, txCur=0007
[NIC] TX desc bufferAddr=0x000000001A699C20
[NIC] TDT updated to 0000, waiting for completion...
[NIC] TX complete after 00000000 iterations
[TCP] FIN received, entering CLOSE_WAIT
[NIC] send_frame: sending 003C bytes, txCur=0000
[NIC] TX desc bufferAddr=0x000000001A699C20
[NIC] TDT updated to 0001, waiting for completion...
[NIC] TX complete after 00000000 iterations
[TCP] Closed socket fd=00000065
[TCP] Created socket fd=00000066
[NIC] send_frame: sending 003C bytes, txCur=0001
[NIC] TX desc bufferAddr=0x000000001A699C20
[NIC] TDT updated to 0002, waiting for completion...
[NIC] TX complete after 00000000 iterations
[TCP] Connecting to 10.0.2.2:00001F90
[NIC] send_frame: sending 003C bytes, txCur=0002
[NIC] TX desc bufferAddr=0x000000001A699C20
[NIC] TDT updated to 0003, waiting for completion...
[NIC] TX complete after 00000000 iterations
[TCP] Connection established
[NIC] send_frame: sending 00C9 bytes, txCur=0003
[NIC] TX desc bufferAddr=0x000000001A699C20
[NIC] TDT updated to 0004, waiting for completion...
[NIC] TX complete after 00000000 iterations
[NIC] send_frame: sending 003C bytes, txCur=0004
[NIC] TX desc bufferAddr=0x000000001A699C20
[NIC] TDT updated to 0005, waiting for completion...
[NIC] TX complete after 00000000 iterations
[NIC] send_frame: sending 003C bytes, txCur=0005
[NIC] TX desc bufferAddr=0x000000001A699C20
[NIC] TDT updated to 0006, waiting for completion...
[NIC] TX complete after 00000000 iterations
[TCP] FIN received, entering CLOSE_WAIT
[NIC] send_frame: sending 003C bytes, txCur=0006
[NIC] TX desc bufferAddr=0x000000001A699C20
[NIC] TDT updated to 0007, waiting for completion...
[NIC] TX complete after 00000000 iterations
[TCP] Closed socket fd=00000066
[NAVIGATOR-SMOKE] http.case.relative_redirect.url=http://10.0.2.2:8080/navigator-smoke/redirect-relative
[NAVIGATOR-SMOKE] http.case.relative_redirect.status=200
[NAVIGATOR-SMOKE] http.case.relative_redirect.content_type=text/html
[NAVIGATOR-SMOKE] http.case.relative_redirect.body_bytes=74
[NAVIGATOR-SMOKE] http.case.relative_redirect.parsed_block_count=2
[NAVIGATOR-SMOKE] http.case.relative_redirect.remote_images=0
[NAVIGATOR-SMOKE] http.case.relative_redirect.loaded_images=0
[NAVIGATOR-SMOKE] http.case.relative_redirect.failed_images=0
[NAVIGATOR-SMOKE] http.case.relative_redirect.final_url=http://10.0.2.2:8080/navigator-smoke/final.html
[NAVIGATOR-SMOKE] http.case.relative_redirect.redirect_count=1
[NAVIGATOR-SMOKE] http.case.relative_redirect.result=PASS
[TCP] Created socket fd=00000067
[NIC] send_frame: sending 003C bytes, txCur=0007
[NIC] TX desc bufferAddr=0x000000001A699C20
[NIC] TDT updated to 0000, waiting for completion...
[NIC] TX complete after 00000000 iterations
[TCP] Connecting to 10.0.2.2:00001F90
[NIC] send_frame: sending 003C bytes, txCur=0000
[NIC] TX desc bufferAddr=0x000000001A699C20
[NIC] TDT updated to 0001, waiting for completion...
[NIC] TX complete after 00000000 iterations
[TCP] Connection established
[NIC] send_frame: sending 00D0 bytes, txCur=0001
[NIC] TX desc bufferAddr=0x000000001A699C20
[NIC] TDT updated to 0002, waiting for completion...
[NIC] TX complete after 00000000 iterations
[NIC] send_frame: sending 003C bytes, txCur=0002
[NIC] TX desc bufferAddr=0x000000001A699C20
[NIC] TDT updated to 0003, waiting for completion...
[NIC] TX complete after 00000000 iterations
[NIC] send_frame: sending 003C bytes, txCur=0003
[NIC] TX desc bufferAddr=0x000000001A699C20
[NIC] TDT updated to 0004, waiting for completion...
[NIC] TX complete after 00000000 iterations
[TCP] FIN received, entering CLOSE_WAIT
[NIC] send_frame: sending 003C bytes, txCur=0004
[NIC] TX desc bufferAddr=0x000000001A699C20
[NIC] TDT updated to 0005, waiting for completion...
[NIC] TX complete after 00000000 iterations
[TCP] Closed socket fd=00000067
[TCP] Created socket fd=00000068
[NIC] send_frame: sending 003C bytes, txCur=0005
[NIC] TX desc bufferAddr=0x000000001A699C20
[NIC] TDT updated to 0006, waiting for completion...
[NIC] TX complete after 00000000 iterations
[TCP] Connecting to 10.0.2.2:00001F90
[NIC] send_frame: sending 003C bytes, txCur=0006
[NIC] TX desc bufferAddr=0x000000001A699C20
[NIC] TDT updated to 0007, waiting for completion...
[NIC] TX complete after 00000000 iterations
[TCP] Connection established
[NIC] send_frame: sending 00C9 bytes, txCur=0007
[NIC] TX desc bufferAddr=0x000000001A699C20
[NIC] TDT updated to 0000, waiting for completion...
[NIC] TX complete after 00000000 iterations
[NIC] send_frame: sending 003C bytes, txCur=0000
[NIC] TX desc bufferAddr=0x000000001A699C20
[NIC] TDT updated to 0001, waiting for completion...
[NIC] TX complete after 00000000 iterations
[NIC] send_frame: sending 003C bytes, txCur=0001
[NIC] TX desc bufferAddr=0x000000001A699C20
[NIC] TDT updated to 0002, waiting for completion...
[NIC] TX complete after 00000000 iterations
[TCP] FIN received, entering CLOSE_WAIT
[NIC] send_frame: sending 003C bytes, txCur=0002
[NIC] TX desc bufferAddr=0x000000001A699C20
[NIC] TDT updated to 0003, waiting for completion...
[NIC] TX complete after 00000000 iterations
[TCP] Closed socket fd=00000068
[NAVIGATOR-SMOKE] http.case.absolute_redirect.url=http://10.0.2.2:8080/navigator-smoke/redirect-absolute
[NAVIGATOR-SMOKE] http.case.absolute_redirect.status=200
[NAVIGATOR-SMOKE] http.case.absolute_redirect.content_type=text/html
[NAVIGATOR-SMOKE] http.case.absolute_redirect.body_bytes=74
[NAVIGATOR-SMOKE] http.case.absolute_redirect.parsed_block_count=2
[NAVIGATOR-SMOKE] http.case.absolute_redirect.remote_images=0
[NAVIGATOR-SMOKE] http.case.absolute_redirect.loaded_images=0
[NAVIGATOR-SMOKE] http.case.absolute_redirect.failed_images=0
[NAVIGATOR-SMOKE] http.case.absolute_redirect.final_url=http://10.0.2.2:8080/navigator-smoke/final.html
[NAVIGATOR-SMOKE] http.case.absolute_redirect.redirect_count=1
[NAVIGATOR-SMOKE] http.case.absolute_redirect.result=PASS
[TCP] Created socket fd=00000069
[NIC] send_frame: sending 003C bytes, txCur=0003
[NIC] TX desc bufferAddr=0x000000001A699C20
[NIC] TDT updated to 0004, waiting for completion...
[NIC] TX complete after 00000000 iterations
[TCP] Connecting to 10.0.2.2:00001F90
[NIC] send_frame: sending 003C bytes, txCur=0004
[NIC] TX desc bufferAddr=0x000000001A699C20
[NIC] TDT updated to 0005, waiting for completion...
[NIC] TX complete after 00000000 iterations
[TCP] Connection established
[NIC] send_frame: sending 00CC bytes, txCur=0005
[NIC] TX desc bufferAddr=0x000000001A699C20
[NIC] TDT updated to 0006, waiting for completion...
[NIC] TX complete after 00000000 iterations
[NIC] send_frame: sending 003C bytes, txCur=0006
[NIC] TX desc bufferAddr=0x000000001A699C20
[NIC] TDT updated to 0007, waiting for completion...
[NIC] TX complete after 00000000 iterations
[NIC] send_frame: sending 003C bytes, txCur=0007
[NIC] TX desc bufferAddr=0x000000001A699C20
[NIC] TDT updated to 0000, waiting for completion...
[NIC] TX complete after 00000000 iterations
[TCP] FIN received, entering CLOSE_WAIT
[NIC] send_frame: sending 003C bytes, txCur=0000
[NIC] TX desc bufferAddr=0x000000001A699C20
[NIC] TDT updated to 0001, waiting for completion...
[NIC] TX complete after 00000000 iterations
[TCP] Closed socket fd=00000069
[TCP] Created socket fd=0000006A
[NIC] send_frame: sending 003C bytes, txCur=0001
[NIC] TX desc bufferAddr=0x000000001A699C20
[NIC] TDT updated to 0002, waiting for completion...
[NIC] TX complete after 00000000 iterations
[TCP] Connecting to 10.0.2.2:00001F90
[NIC] send_frame: sending 003C bytes, txCur=0002
[NIC] TX desc bufferAddr=0x000000001A699C20
[NIC] TDT updated to 0003, waiting for completion...
[NIC] TX complete after 00000000 iterations
[TCP] Connection established
[NIC] send_frame: sending 00CC bytes, txCur=0003
[NIC] TX desc bufferAddr=0x000000001A699C20
[NIC] TDT updated to 0004, waiting for completion...
[NIC] TX complete after 00000000 iterations
[NIC] send_frame: sending 003C bytes, txCur=0004
[NIC] TX desc bufferAddr=0x000000001A699C20
[NIC] TDT updated to 0005, waiting for completion...
[NIC] TX complete after 00000000 iterations
[NIC] send_frame: sending 003C bytes, txCur=0005
[NIC] TX desc bufferAddr=0x000000001A699C20
[NIC] TDT updated to 0006, waiting for completion...
[NIC] TX complete after 00000000 iterations
[TCP] FIN received, entering CLOSE_WAIT
[NIC] send_frame: sending 003C bytes, txCur=0006
[NIC] TX desc bufferAddr=0x000000001A699C20
[NIC] TDT updated to 0007, waiting for completion...
[NIC] TX complete after 00000000 iterations
[TCP] Closed socket fd=0000006A
[TCP] Created socket fd=0000006B
[NIC] send_frame: sending 003C bytes, txCur=0007
[NIC] TX desc bufferAddr=0x000000001A699C20
[NIC] TDT updated to 0000, waiting for completion...
[NIC] TX complete after 00000000 iterations
[TCP] Connecting to 10.0.2.2:00001F90
[NIC] send_frame: sending 003C bytes, txCur=0000
[NIC] TX desc bufferAddr=0x000000001A699C20
[NIC] TDT updated to 0001, waiting for completion...
[NIC] TX complete after 00000000 iterations
[TCP] Connection established
[NIC] send_frame: sending 00CC bytes, txCur=0001
[NIC] TX desc bufferAddr=0x000000001A699C20
[NIC] TDT updated to 0002, waiting for completion...
[NIC] TX complete after 00000000 iterations
[NIC] send_frame: sending 003C bytes, txCur=0002
[NIC] TX desc bufferAddr=0x000000001A699C20
[NIC] TDT updated to 0003, waiting for completion...
[NIC] TX complete after 00000000 iterations
[NIC] send_frame: sending 003C bytes, txCur=0003
[NIC] TX desc bufferAddr=0x000000001A699C20
[NIC] TDT updated to 0004, waiting for completion...
[NIC] TX complete after 00000000 iterations
[TCP] FIN received, entering CLOSE_WAIT
[NIC] send_frame: sending 003C bytes, txCur=0004
[NIC] TX desc bufferAddr=0x000000001A699C20
[NIC] TDT updated to 0005, waiting for completion...
[NIC] TX complete after 00000000 iterations
[TCP] Closed socket fd=0000006B
[TCP] Created socket fd=0000006C
[NIC] send_frame: sending 003C bytes, txCur=0005
[NIC] TX desc bufferAddr=0x000000001A699C20
[NIC] TDT updated to 0006, waiting for completion...
[NIC] TX complete after 00000000 iterations
[TCP] Connecting to 10.0.2.2:00001F90
[NIC] send_frame: sending 003C bytes, txCur=0006
[NIC] TX desc bufferAddr=0x000000001A699C20
[NIC] TDT updated to 0007, waiting for completion...
[NIC] TX complete after 00000000 iterations
[TCP] Connection established
[NIC] send_frame: sending 00CC bytes, txCur=0007
[NIC] TX desc bufferAddr=0x000000001A699C20
[NIC] TDT updated to 0000, waiting for completion...
[NIC] TX complete after 00000000 iterations
[NIC] send_frame: sending 003C bytes, txCur=0000
[NIC] TX desc bufferAddr=0x000000001A699C20
[NIC] TDT updated to 0001, waiting for completion...
[NIC] TX complete after 00000000 iterations
[NIC] send_frame: sending 003C bytes, txCur=0001
[NIC] TX desc bufferAddr=0x000000001A699C20
[NIC] TDT updated to 0002, waiting for completion...
[NIC] TX complete after 00000000 iterations
[TCP] FIN received, entering CLOSE_WAIT
[NIC] send_frame: sending 003C bytes, txCur=0002
[NIC] TX desc bufferAddr=0x000000001A699C20
[NIC] TDT updated to 0003, waiting for completion...
[NIC] TX complete after 00000000 iterations
[TCP] Closed socket fd=0000006C
[TCP] Created socket fd=0000006D
[NIC] send_frame: sending 003C bytes, txCur=0003
[NIC] TX desc bufferAddr=0x000000001A699C20
[NIC] TDT updated to 0004, waiting for completion...
[NIC] TX complete after 00000000 iterations
[TCP] Connecting to 10.0.2.2:00001F90
[NIC] send_frame: sending 003C bytes, txCur=0004
[NIC] TX desc bufferAddr=0x000000001A699C20
[NIC] TDT updated to 0005, waiting for completion...
[NIC] TX complete after 00000000 iterations
[TCP] Connection established
[NIC] send_frame: sending 00CC bytes, txCur=0005
[NIC] TX desc bufferAddr=0x000000001A699C20
[NIC] TDT updated to 0006, waiting for completion...
[NIC] TX complete after 00000000 iterations
[NIC] send_frame: sending 003C bytes, txCur=0006
[NIC] TX desc bufferAddr=0x000000001A699C20
[NIC] TDT updated to 0007, waiting for completion...
[NIC] TX complete after 00000000 iterations
[NIC] send_frame: sending 003C bytes, txCur=0007
[NIC] TX desc bufferAddr=0x000000001A699C20
[NIC] TDT updated to 0000, waiting for completion...
[NIC] TX complete after 00000000 iterations
[TCP] FIN received, entering CLOSE_WAIT
[NIC] send_frame: sending 003C bytes, txCur=0000
[NIC] TX desc bufferAddr=0x000000001A699C20
[NIC] TDT updated to 0001, waiting for completion...
[NIC] TX complete after 00000000 iterations
[TCP] Closed socket fd=0000006D
[TCP] Created socket fd=0000006E
[NIC] send_frame: sending 003C bytes, txCur=0001
[NIC] TX desc bufferAddr=0x000000001A699C20
[NIC] TDT updated to 0002, waiting for completion...
[NIC] TX complete after 00000000 iterations
[TCP] Connecting to 10.0.2.2:00001F90
[NIC] send_frame: sending 003C bytes, txCur=0002
[NIC] TX desc bufferAddr=0x000000001A699C20
[NIC] TDT updated to 0003, waiting for completion...
[NIC] TX complete after 00000000 iterations
[TCP] Connection established
[NIC] send_frame: sending 00CC bytes, txCur=0003
[NIC] TX desc bufferAddr=0x000000001A699C20
[NIC] TDT updated to 0004, waiting for completion...
[NIC] TX complete after 00000000 iterations
[NIC] send_frame: sending 003C bytes, txCur=0004
[NIC] TX desc bufferAddr=0x000000001A699C20
[NIC] TDT updated to 0005, waiting for completion...
[NIC] TX complete after 00000000 iterations
[NIC] send_frame: sending 003C bytes, txCur=0005
[NIC] TX desc bufferAddr=0x000000001A699C20
[NIC] TDT updated to 0006, waiting for completion...
[NIC] TX complete after 00000000 iterations
[TCP] FIN received, entering CLOSE_WAIT
[NIC] send_frame: sending 003C bytes, txCur=0006
[NIC] TX desc bufferAddr=0x000000001A699C20
[NIC] TDT updated to 0007, waiting for completion...
[NIC] TX complete after 00000000 iterations
[TCP] Closed socket fd=0000006E
[NAVIGATOR-SMOKE] http.case.redirect_loop.url=http://10.0.2.2:8080/navigator-smoke/redirect-loop
[NAVIGATOR-SMOKE] http.case.redirect_loop.status=302
[NAVIGATOR-SMOKE] http.case.redirect_loop.content_type=application/octet-stream
[NAVIGATOR-SMOKE] http.case.redirect_loop.body_bytes=0
[NAVIGATOR-SMOKE] http.case.redirect_loop.parsed_block_count=0
[NAVIGATOR-SMOKE] http.case.redirect_loop.remote_images=0
[NAVIGATOR-SMOKE] http.case.redirect_loop.loaded_images=0
[NAVIGATOR-SMOKE] http.case.redirect_loop.failed_images=0
[NAVIGATOR-SMOKE] http.case.redirect_loop.final_url=http://10.0.2.2:8080/navigator-smoke/redirect-loop
[NAVIGATOR-SMOKE] http.case.redirect_loop.redirect_count=5
[NAVIGATOR-SMOKE] http.case.redirect_loop.error=HTTP redirect limit exceeded
[NAVIGATOR-SMOKE] http.case.redirect_loop.result=PASS
[TCP] Created socket fd=0000006F
[NIC] send_frame: sending 003C bytes, txCur=0007
[NIC] TX desc bufferAddr=0x000000001A699C20
[NIC] TDT updated to 0000, waiting for completion...
[NIC] TX complete after 00000000 iterations
[TCP] Connecting to 10.0.2.2:00001F90
[NIC] send_frame: sending 003C bytes, txCur=0000
[NIC] TX desc bufferAddr=0x000000001A699C20
[NIC] TDT updated to 0001, waiting for completion...
[NIC] TX complete after 00000000 iterations
[TCP] Connection established
[NIC] send_frame: sending 00CB bytes, txCur=0001
[NIC] TX desc bufferAddr=0x000000001A699C20
[NIC] TDT updated to 0002, waiting for completion...
[NIC] TX complete after 00000000 iterations
[NIC] send_frame: sending 003C bytes, txCur=0002
[NIC] TX desc bufferAddr=0x000000001A699C20
[NIC] TDT updated to 0003, waiting for completion...
[NIC] TX complete after 00000000 iterations
[NIC] send_frame: sending 003C bytes, txCur=0003
[NIC] TX desc bufferAddr=0x000000001A699C20
[NIC] TDT updated to 0004, waiting for completion...
[NIC] TX complete after 00000000 iterations
[NIC] send_frame: sending 003C bytes, txCur=0004
[NIC] TX desc bufferAddr=0x000000001A699C20
[NIC] TDT updated to 0005, waiting for completion...
[NIC] TX complete after 00000000 iterations
[TCP] FIN received, entering CLOSE_WAIT
[NIC] send_frame: sending 003C bytes, txCur=0005
[NIC] TX desc bufferAddr=0x000000001A699C20
[NIC] TDT updated to 0006, waiting for completion...
[NIC] TX complete after 00000000 iterations
[TCP] Closed socket fd=0000006F
[NAVIGATOR-SMOKE] http.case.chunked.url=http://10.0.2.2:8080/navigator-smoke/chunked.html
[NAVIGATOR-SMOKE] http.case.chunked.status=200
[NAVIGATOR-SMOKE] http.case.chunked.content_type=text/html
[NAVIGATOR-SMOKE] http.case.chunked.body_bytes=79
[NAVIGATOR-SMOKE] http.case.chunked.parsed_block_count=2
[NAVIGATOR-SMOKE] http.case.chunked.remote_images=0
[NAVIGATOR-SMOKE] http.case.chunked.loaded_images=0
[NAVIGATOR-SMOKE] http.case.chunked.failed_images=0
[NAVIGATOR-SMOKE] http.case.chunked.final_url=http://10.0.2.2:8080/navigator-smoke/chunked.html
[NAVIGATOR-SMOKE] http.case.chunked.redirect_count=0
[NAVIGATOR-SMOKE] http.case.chunked.result=PASS
[TCP] Created socket fd=00000070
[NIC] send_frame: sending 003C bytes, txCur=0006
[NIC] TX desc bufferAddr=0x000000001A699C20
[NIC] TDT updated to 0007, waiting for completion...
[NIC] TX complete after 00000000 iterations
[TCP] Connecting to 10.0.2.2:00001F90
[NIC] send_frame: sending 003C bytes, txCur=0007
[NIC] TX desc bufferAddr=0x000000001A699C20
[NIC] TDT updated to 0000, waiting for completion...
[NIC] TX complete after 00000000 iterations
[TCP] Connection established
[NIC] send_frame: sending 00CB bytes, txCur=0000
[NIC] TX desc bufferAddr=0x000000001A699C20
[NIC] TDT updated to 0001, waiting for completion...
[NIC] TX complete after 00000000 iterations
[NIC] send_frame: sending 003C bytes, txCur=0001
[NIC] TX desc bufferAddr=0x000000001A699C20
[NIC] TDT updated to 0002, waiting for completion...
[NIC] TX complete after 00000000 iterations
[NIC] send_frame: sending 003C bytes, txCur=0002
[NIC] TX desc bufferAddr=0x000000001A699C20
[NIC] TDT updated to 0003, waiting for completion...
[NIC] TX complete after 00000000 iterations
[TCP] FIN received, entering CLOSE_WAIT
[NIC] send_frame: sending 003C bytes, txCur=0003
[NIC] TX desc bufferAddr=0x000000001A699C20
[NIC] TDT updated to 0004, waiting for completion...
[NIC] TX complete after 00000000 iterations
[TCP] Closed socket fd=00000070
[NAVIGATOR-SMOKE] http.case.missing_404.url=http://10.0.2.2:8080/navigator-smoke/missing.html
[NAVIGATOR-SMOKE] http.case.missing_404.status=404
[NAVIGATOR-SMOKE] http.case.missing_404.content_type=text/html
[NAVIGATOR-SMOKE] http.case.missing_404.body_bytes=58
[NAVIGATOR-SMOKE] http.case.missing_404.parsed_block_count=0
[NAVIGATOR-SMOKE] http.case.missing_404.remote_images=0
[NAVIGATOR-SMOKE] http.case.missing_404.loaded_images=0
[NAVIGATOR-SMOKE] http.case.missing_404.failed_images=0
[NAVIGATOR-SMOKE] http.case.missing_404.final_url=http://10.0.2.2:8080/navigator-smoke/missing.html
[NAVIGATOR-SMOKE] http.case.missing_404.redirect_count=0
[NAVIGATOR-SMOKE] http.case.missing_404.result=PASS
[TCP] Created socket fd=00000071
[NIC] send_frame: sending 003C bytes, txCur=0004
[NIC] TX desc bufferAddr=0x000000001A699C20
[NIC] TDT updated to 0005, waiting for completion...
[NIC] TX complete after 00000000 iterations
[TCP] Connecting to 10.0.2.2:00001F90
[NIC] send_frame: sending 003C bytes, txCur=0005
[NIC] TX desc bufferAddr=0x000000001A699C20
[NIC] TDT updated to 0006, waiting for completion...
[NIC] TX complete after 00000000 iterations
[TCP] Connection established
[NIC] send_frame: sending 00C8 bytes, txCur=0006
[NIC] TX desc bufferAddr=0x000000001A699C20
[NIC] TDT updated to 0007, waiting for completion...
[NIC] TX complete after 00000000 iterations
[NIC] send_frame: sending 003C bytes, txCur=0007
[NIC] TX desc bufferAddr=0x000000001A699C20
[NIC] TDT updated to 0000, waiting for completion...
[NIC] TX complete after 00000000 iterations
[NIC] send_frame: sending 003C bytes, txCur=0000
[NIC] TX desc bufferAddr=0x000000001A699C20
[NIC] TDT updated to 0001, waiting for completion...
[NIC] TX complete after 00000000 iterations
[TCP] FIN received, entering CLOSE_WAIT
[NIC] send_frame: sending 003C bytes, txCur=0001
[NIC] TX desc bufferAddr=0x000000001A699C20
[NIC] TDT updated to 0002, waiting for completion...
[NIC] TX complete after 00000000 iterations
[TCP] Closed socket fd=00000071
[NAVIGATOR-SMOKE] http.case.gzip_unsupported.url=http://10.0.2.2:8080/navigator-smoke/gzip.html
[NAVIGATOR-SMOKE] http.case.gzip_unsupported.status=200
[NAVIGATOR-SMOKE] http.case.gzip_unsupported.content_type=text/html
[NAVIGATOR-SMOKE] http.case.gzip_unsupported.body_bytes=56
[NAVIGATOR-SMOKE] http.case.gzip_unsupported.parsed_block_count=0
[NAVIGATOR-SMOKE] http.case.gzip_unsupported.remote_images=0
[NAVIGATOR-SMOKE] http.case.gzip_unsupported.loaded_images=0
[NAVIGATOR-SMOKE] http.case.gzip_unsupported.failed_images=0
[NAVIGATOR-SMOKE] http.case.gzip_unsupported.final_url=http://10.0.2.2:8080/navigator-smoke/gzip.html
[NAVIGATOR-SMOKE] http.case.gzip_unsupported.redirect_count=0
[NAVIGATOR-SMOKE] http.case.gzip_unsupported.error=Unsupported content encoding
[NAVIGATOR-SMOKE] http.case.gzip_unsupported.result=PASS
[TCP] Created socket fd=00000072
[NIC] send_frame: sending 003C bytes, txCur=0002
[NIC] TX desc bufferAddr=0x000000001A699C20
[NIC] TDT updated to 0003, waiting for completion...
[NIC] TX complete after 00000000 iterations
[TCP] Connecting to 10.0.2.2:00001F90
[NIC] send_frame: sending 003C bytes, txCur=0003
[NIC] TX desc bufferAddr=0x000000001A699C20
[NIC] TDT updated to 0004, waiting for completion...
[NIC] TX complete after 00000000 iterations
[TCP] Connection established
[NIC] send_frame: sending 00D2 bytes, txCur=0004
[NIC] TX desc bufferAddr=0x000000001A699C20
[NIC] TDT updated to 0005, waiting for completion...
[NIC] TX complete after 00000000 iterations
[NIC] send_frame: sending 003C bytes, txCur=0005
[NIC] TX desc bufferAddr=0x000000001A699C20
[NIC] TDT updated to 0006, waiting for completion...
[NIC] TX complete after 00000000 iterations
[NIC] send_frame: sending 003C bytes, txCur=0006
[NIC] TX desc bufferAddr=0x000000001A699C20
[NIC] TDT updated to 0007, waiting for completion...
[NIC] TX complete after 00000000 iterations
[TCP] FIN received, entering CLOSE_WAIT
[NIC] send_frame: sending 003C bytes, txCur=0007
[NIC] TX desc bufferAddr=0x000000001A699C20
[NIC] TDT updated to 0000, waiting for completion...
[NIC] TX complete after 00000000 iterations
[TCP] Closed socket fd=00000072
[TCP] Created socket fd=00000073
[NIC] send_frame: sending 003C bytes, txCur=0000
[NIC] TX desc bufferAddr=0x000000001A699C20
[NIC] TDT updated to 0001, waiting for completion...
[NIC] TX complete after 00000000 iterations
[TCP] Connecting to 10.0.2.2:00001F90
[NIC] send_frame: sending 003C bytes, txCur=0001
[NIC] TX desc bufferAddr=0x000000001A699C20
[NIC] TDT updated to 0002, waiting for completion...
[NIC] TX complete after 00000000 iterations
[TCP] Connection established
[NIC] send_frame: sending 00C7 bytes, txCur=0002
[NIC] TX desc bufferAddr=0x000000001A699C20
[NIC] TDT updated to 0003, waiting for completion...
[NIC] TX complete after 00000000 iterations
[NIC] send_frame: sending 003C bytes, txCur=0003
[NIC] TX desc bufferAddr=0x000000001A699C20
[NIC] TDT updated to 0004, waiting for completion...
[NIC] TX complete after 00000000 iterations
[NIC] send_frame: sending 003C bytes, txCur=0004
[NIC] TX desc bufferAddr=0x000000001A699C20
[NIC] TDT updated to 0005, waiting for completion...
[NIC] TX complete after 00000000 iterations
[TCP] FIN received, entering CLOSE_WAIT
[NIC] send_frame: sending 003C bytes, txCur=0005
[NIC] TX desc bufferAddr=0x000000001A699C20
[NIC] TDT updated to 0006, waiting for completion...
[NIC] TX complete after 00000000 iterations
[TCP] Closed socket fd=00000073
[NAVIGATOR-SMOKE] http.case.image_relative.url=http://10.0.2.2:8080/navigator-smoke/image-relative.html
[NAVIGATOR-SMOKE] http.case.image_relative.status=200
[NAVIGATOR-SMOKE] http.case.image_relative.content_type=text/html
[NAVIGATOR-SMOKE] http.case.image_relative.body_bytes=86
[NAVIGATOR-SMOKE] http.case.image_relative.parsed_block_count=2
[NAVIGATOR-SMOKE] http.case.image_relative.remote_images=1
[NAVIGATOR-SMOKE] http.case.image_relative.loaded_images=1
[NAVIGATOR-SMOKE] http.case.image_relative.failed_images=0
[NAVIGATOR-SMOKE] http.case.image_relative.final_url=http://10.0.2.2:8080/navigator-smoke/image-relative.html
[NAVIGATOR-SMOKE] http.case.image_relative.redirect_count=0
[NAVIGATOR-SMOKE] http.case.image_relative.result=PASS
[TCP] Created socket fd=00000074
[NIC] send_frame: sending 003C bytes, txCur=0006
[NIC] TX desc bufferAddr=0x000000001A699C20
[NIC] TDT updated to 0007, waiting for completion...
[NIC] TX complete after 00000000 iterations
[TCP] Connecting to 10.0.2.2:00001F90
[NIC] send_frame: sending 003C bytes, txCur=0007
[NIC] TX desc bufferAddr=0x000000001A699C20
[NIC] TDT updated to 0000, waiting for completion...
[NIC] TX complete after 00000000 iterations
[TCP] Connection established
[NIC] send_frame: sending 00D2 bytes, txCur=0000
[NIC] TX desc bufferAddr=0x000000001A699C20
[NIC] TDT updated to 0001, waiting for completion...
[NIC] TX complete after 00000000 iterations
[NIC] send_frame: sending 003C bytes, txCur=0001
[NIC] TX desc bufferAddr=0x000000001A699C20
[NIC] TDT updated to 0002, waiting for completion...
[NIC] TX complete after 00000000 iterations
[NIC] send_frame: sending 003C bytes, txCur=0002
[NIC] TX desc bufferAddr=0x000000001A699C20
[NIC] TDT updated to 0003, waiting for completion...
[NIC] TX complete after 00000000 iterations
[TCP] FIN received, entering CLOSE_WAIT
[NIC] send_frame: sending 003C bytes, txCur=0003
[NIC] TX desc bufferAddr=0x000000001A699C20
[NIC] TDT updated to 0004, waiting for completion...
[NIC] TX complete after 00000000 iterations
[TCP] Closed socket fd=00000074
[TCP] Created socket fd=00000075
[NIC] send_frame: sending 003C bytes, txCur=0004
[NIC] TX desc bufferAddr=0x000000001A699C20
[NIC] TDT updated to 0005, waiting for completion...
[NIC] TX complete after 00000000 iterations
[TCP] Connecting to 10.0.2.2:00001F90
[NIC] send_frame: sending 003C bytes, txCur=0005
[NIC] TX desc bufferAddr=0x000000001A699C20
[NIC] TDT updated to 0006, waiting for completion...
[NIC] TX complete after 00000000 iterations
[TCP] Connection established
[NIC] send_frame: sending 00C7 bytes, txCur=0006
[NIC] TX desc bufferAddr=0x000000001A699C20
[NIC] TDT updated to 0007, waiting for completion...
[NIC] TX complete after 00000000 iterations
[NIC] send_frame: sending 003C bytes, txCur=0007
[NIC] TX desc bufferAddr=0x000000001A699C20
[NIC] TDT updated to 0000, waiting for completion...
[NIC] TX complete after 00000000 iterations
[NIC] send_frame: sending 003C bytes, txCur=0000
[NIC] TX desc bufferAddr=0x000000001A699C20
[NIC] TDT updated to 0001, waiting for completion...
[NIC] TX complete after 00000000 iterations
[TCP] FIN received, entering CLOSE_WAIT
[NIC] send_frame: sending 003C bytes, txCur=0001
[NIC] TX desc bufferAddr=0x000000001A699C20
[NIC] TDT updated to 0002, waiting for completion...
[NIC] TX complete after 00000000 iterations
[TCP] Closed socket fd=00000075
[NAVIGATOR-SMOKE] http.case.image_absolute.url=http://10.0.2.2:8080/navigator-smoke/image-absolute.html
[NAVIGATOR-SMOKE] http.case.image_absolute.status=200
[NAVIGATOR-SMOKE] http.case.image_absolute.content_type=text/html
[NAVIGATOR-SMOKE] http.case.image_absolute.body_bytes=123
[NAVIGATOR-SMOKE] http.case.image_absolute.parsed_block_count=2
[NAVIGATOR-SMOKE] http.case.image_absolute.remote_images=1
[NAVIGATOR-SMOKE] http.case.image_absolute.loaded_images=1
[NAVIGATOR-SMOKE] http.case.image_absolute.failed_images=0
[NAVIGATOR-SMOKE] http.case.image_absolute.final_url=http://10.0.2.2:8080/navigator-smoke/image-absolute.html
[NAVIGATOR-SMOKE] http.case.image_absolute.redirect_count=0
[NAVIGATOR-SMOKE] http.case.image_absolute.result=PASS
[TCP] Created socket fd=00000076
[NIC] send_frame: sending 003C bytes, txCur=0002
[NIC] TX desc bufferAddr=0x000000001A699C20
[NIC] TDT updated to 0003, waiting for completion...
[NIC] TX complete after 00000000 iterations
[TCP] Connecting to 10.0.2.2:00001F90
[NIC] send_frame: sending 003C bytes, txCur=0003
[NIC] TX desc bufferAddr=0x000000001A699C20
[NIC] TDT updated to 0004, waiting for completion...
[NIC] TX complete after 00000000 iterations
[TCP] Connection established
[NIC] send_frame: sending 00D2 bytes, txCur=0004
[NIC] TX desc bufferAddr=0x000000001A699C20
[NIC] TDT updated to 0005, waiting for completion...
[NIC] TX complete after 00000000 iterations
[NIC] send_frame: sending 003C bytes, txCur=0005
[NIC] TX desc bufferAddr=0x000000001A699C20
[NIC] TDT updated to 0006, waiting for completion...
[NIC] TX complete after 00000000 iterations
[NIC] send_frame: sending 003C bytes, txCur=0006
[NIC] TX desc bufferAddr=0x000000001A699C20
[NIC] TDT updated to 0007, waiting for completion...
[NIC] TX complete after 00000000 iterations
[TCP] FIN received, entering CLOSE_WAIT
[NIC] send_frame: sending 003C bytes, txCur=0007
[NIC] TX desc bufferAddr=0x000000001A699C20
[NIC] TDT updated to 0000, waiting for completion...
[NIC] TX complete after 00000000 iterations
[TCP] Closed socket fd=00000076
[TCP] Created socket fd=00000077
[NIC] send_frame: sending 003C bytes, txCur=0000
[NIC] TX desc bufferAddr=0x000000001A699C20
[NIC] TDT updated to 0001, waiting for completion...
[NIC] TX complete after 00000000 iterations
[TCP] Connecting to 10.0.2.2:00001F90
[NIC] send_frame: sending 003C bytes, txCur=0001
[NIC] TX desc bufferAddr=0x000000001A699C20
[NIC] TDT updated to 0002, waiting for completion...
[NIC] TX complete after 00000000 iterations
[TCP] Connection established
[NIC] send_frame: sending 00CB bytes, txCur=0002
[NIC] TX desc bufferAddr=0x000000001A699C20
[NIC] TDT updated to 0003, waiting for completion...
[NIC] TX complete after 00000000 iterations
[NIC] send_frame: sending 003C bytes, txCur=0003
[NIC] TX desc bufferAddr=0x000000001A699C20
[NIC] TDT updated to 0004, waiting for completion...
[NIC] TX complete after 00000000 iterations
[NIC] send_frame: sending 003C bytes, txCur=0004
[NIC] TX desc bufferAddr=0x000000001A699C20
[NIC] TDT updated to 0005, waiting for completion...
[NIC] TX complete after 00000000 iterations
[TCP] FIN received, entering CLOSE_WAIT
[NIC] send_frame: sending 003C bytes, txCur=0005
[NIC] TX desc bufferAddr=0x000000001A699C20
[NIC] TDT updated to 0006, waiting for completion...
[NIC] TX complete after 00000000 iterations
[TCP] Closed socket fd=00000077
[TCP] Created socket fd=00000078
[NIC] send_frame: sending 003C bytes, txCur=0006
[NIC] TX desc bufferAddr=0x000000001A699C20
[NIC] TDT updated to 0007, waiting for completion...
[NIC] TX complete after 00000000 iterations
[TCP] Connecting to 10.0.2.2:00001F90
[NIC] send_frame: sending 003C bytes, txCur=0007
[NIC] TX desc bufferAddr=0x000000001A699C20
[NIC] TDT updated to 0000, waiting for completion...
[NIC] TX complete after 00000000 iterations
[TCP] Connection established
[NIC] send_frame: sending 00C7 bytes, txCur=0000
[NIC] TX desc bufferAddr=0x000000001A699C20
[NIC] TDT updated to 0001, waiting for completion...
[NIC] TX complete after 00000000 iterations
[NIC] send_frame: sending 003C bytes, txCur=0001
[NIC] TX desc bufferAddr=0x000000001A699C20
[NIC] TDT updated to 0002, waiting for completion...
[NIC] TX complete after 00000000 iterations
[NIC] send_frame: sending 003C bytes, txCur=0002
[NIC] TX desc bufferAddr=0x000000001A699C20
[NIC] TDT updated to 0003, waiting for completion...
[NIC] TX complete after 00000000 iterations
[NIC] send_frame: sending 003C bytes, txCur=0003
[NIC] TX desc bufferAddr=0x000000001A699C20
[NIC] TDT updated to 0004, waiting for completion...
[NIC] TX complete after 00000000 iterations
[TCP] FIN received, entering CLOSE_WAIT
[NIC] send_frame: sending 003C bytes, txCur=0004
[NIC] TX desc bufferAddr=0x000000001A699C20
[NIC] TDT updated to 0005, waiting for completion...
[NIC] TX complete after 00000000 iterations
[TCP] Closed socket fd=00000078
[NAVIGATOR-SMOKE] http.case.image_redirect.url=http://10.0.2.2:8080/navigator-smoke/image-redirect.html
[NAVIGATOR-SMOKE] http.case.image_redirect.status=200
[NAVIGATOR-SMOKE] http.case.image_redirect.content_type=text/html
[NAVIGATOR-SMOKE] http.case.image_redirect.body_bytes=90
[NAVIGATOR-SMOKE] http.case.image_redirect.parsed_block_count=2
[NAVIGATOR-SMOKE] http.case.image_redirect.remote_images=1
[NAVIGATOR-SMOKE] http.case.image_redirect.loaded_images=1
[NAVIGATOR-SMOKE] http.case.image_redirect.failed_images=0
[NAVIGATOR-SMOKE] http.case.image_redirect.final_url=http://10.0.2.2:8080/navigator-smoke/image-redirect.html
[NAVIGATOR-SMOKE] http.case.image_redirect.redirect_count=0
[NAVIGATOR-SMOKE] http.case.image_redirect.result=PASS
[TCP] Created socket fd=00000079
[NIC] send_frame: sending 003C bytes, txCur=0005
[NIC] TX desc bufferAddr=0x000000001A699C20
[NIC] TDT updated to 0006, waiting for completion...
[NIC] TX complete after 00000000 iterations
[TCP] Connecting to 10.0.2.2:00001F90
[NIC] send_frame: sending 003C bytes, txCur=0006
[NIC] TX desc bufferAddr=0x000000001A699C20
[NIC] TDT updated to 0007, waiting for completion...
[NIC] TX complete after 00000000 iterations
[TCP] Connection established
[NIC] send_frame: sending 00D1 bytes, txCur=0007
[NIC] TX desc bufferAddr=0x000000001A699C20
[NIC] TDT updated to 0000, waiting for completion...
[NIC] TX complete after 00000000 iterations
[NIC] send_frame: sending 003C bytes, txCur=0000
[NIC] TX desc bufferAddr=0x000000001A699C20
[NIC] TDT updated to 0001, waiting for completion...
[NIC] TX complete after 00000000 iterations
[NIC] send_frame: sending 003C bytes, txCur=0001
[NIC] TX desc bufferAddr=0x000000001A699C20
[NIC] TDT updated to 0002, waiting for completion...
[NIC] TX complete after 00000000 iterations
[NIC] send_frame: sending 003C bytes, txCur=0002
[NIC] TX desc bufferAddr=0x000000001A699C20
[NIC] TDT updated to 0003, waiting for completion...
[NIC] TX complete after 00000000 iterations
[TCP] FIN received, entering CLOSE_WAIT
[NIC] send_frame: sending 003C bytes, txCur=0003
[NIC] TX desc bufferAddr=0x000000001A699C20
[NIC] TDT updated to 0004, waiting for completion...
[NIC] TX complete after 00000000 iterations
[TCP] Closed socket fd=00000079
[TCP] Created socket fd=0000007A
[NIC] send_frame: sending 003C bytes, txCur=0004
[NIC] TX desc bufferAddr=0x000000001A699C20
[NIC] TDT updated to 0005, waiting for completion...
[NIC] TX complete after 00000000 iterations
[TCP] Connecting to 10.0.2.2:00001F90
[NIC] send_frame: sending 003C bytes, txCur=0005
[NIC] TX desc bufferAddr=0x000000001A699C20
[NIC] TDT updated to 0006, waiting for completion...
[NIC] TX complete after 00000000 iterations
[TCP] Connection established
[NIC] send_frame: sending 00CA bytes, txCur=0006
[NIC] TX desc bufferAddr=0x000000001A699C20
[NIC] TDT updated to 0007, waiting for completion...
[NIC] TX complete after 00000000 iterations
[NIC] send_frame: sending 003C bytes, txCur=0007
[NIC] TX desc bufferAddr=0x000000001A699C20
[NIC] TDT updated to 0000, waiting for completion...
[NIC] TX complete after 00000000 iterations
[NIC] send_frame: sending 003C bytes, txCur=0000
[NIC] TX desc bufferAddr=0x000000001A699C20
[NIC] TDT updated to 0001, waiting for completion...
[NIC] TX complete after 00000000 iterations
[NIC] send_frame: sending 003C bytes, txCur=0001
[NIC] TX desc bufferAddr=0x000000001A699C20
[NIC] TDT updated to 0002, waiting for completion...
[NIC] TX complete after 00000000 iterations
[TCP] FIN received, entering CLOSE_WAIT
[NIC] send_frame: sending 003C bytes, txCur=0002
[NIC] TX desc bufferAddr=0x000000001A699C20
[NIC] TDT updated to 0003, waiting for completion...
[NIC] TX complete after 00000000 iterations
[TCP] Closed socket fd=0000007A
[NAVIGATOR-SMOKE] http.case.image_chunked.url=http://10.0.2.2:8080/navigator-smoke/image-chunked.html
[NAVIGATOR-SMOKE] http.case.image_chunked.status=200
[NAVIGATOR-SMOKE] http.case.image_chunked.content_type=text/html
[NAVIGATOR-SMOKE] http.case.image_chunked.body_bytes=87
[NAVIGATOR-SMOKE] http.case.image_chunked.parsed_block_count=2
[NAVIGATOR-SMOKE] http.case.image_chunked.remote_images=1
[NAVIGATOR-SMOKE] http.case.image_chunked.loaded_images=1
[NAVIGATOR-SMOKE] http.case.image_chunked.failed_images=0
[NAVIGATOR-SMOKE] http.case.image_chunked.final_url=http://10.0.2.2:8080/navigator-smoke/image-chunked.html
[NAVIGATOR-SMOKE] http.case.image_chunked.redirect_count=0
[NAVIGATOR-SMOKE] http.case.image_chunked.result=PASS
[TCP] Created socket fd=0000007B
[NIC] send_frame: sending 003C bytes, txCur=0003
[NIC] TX desc bufferAddr=0x000000001A699C20
[NIC] TDT updated to 0004, waiting for completion...
[NIC] TX complete after 00000000 iterations
[TCP] Connecting to 10.0.2.2:00001F90
[NIC] send_frame: sending 003C bytes, txCur=0004
[NIC] TX desc bufferAddr=0x000000001A699C20
[NIC] TDT updated to 0005, waiting for completion...
[NIC] TX complete after 00000000 iterations
[TCP] Connection established
[NIC] send_frame: sending 00D0 bytes, txCur=0005
[NIC] TX desc bufferAddr=0x000000001A699C20
[NIC] TDT updated to 0006, waiting for completion...
[NIC] TX complete after 00000000 iterations
[NIC] send_frame: sending 003C bytes, txCur=0006
[NIC] TX desc bufferAddr=0x000000001A699C20
[NIC] TDT updated to 0007, waiting for completion...
[NIC] TX complete after 00000000 iterations
[NIC] send_frame: sending 003C bytes, txCur=0007
[NIC] TX desc bufferAddr=0x000000001A699C20
[NIC] TDT updated to 0000, waiting for completion...
[NIC] TX complete after 00000000 iterations
[TCP] FIN received, entering CLOSE_WAIT
[NIC] send_frame: sending 003C bytes, txCur=0000
[NIC] TX desc bufferAddr=0x000000001A699C20
[NIC] TDT updated to 0001, waiting for completion...
[NIC] TX complete after 00000000 iterations
[TCP] Closed socket fd=0000007B
[TCP] Created socket fd=0000007C
[NIC] send_frame: sending 003C bytes, txCur=0001
[NIC] TX desc bufferAddr=0x000000001A699C20
[NIC] TDT updated to 0002, waiting for completion...
[NIC] TX complete after 00000000 iterations
[TCP] Connecting to 10.0.2.2:00001F90
[NIC] send_frame: sending 003C bytes, txCur=0002
[NIC] TX desc bufferAddr=0x000000001A699C20
[NIC] TDT updated to 0003, waiting for completion...
[NIC] TX complete after 00000000 iterations
[TCP] Connection established
[NIC] send_frame: sending 00CA bytes, txCur=0003
[NIC] TX desc bufferAddr=0x000000001A699C20
[NIC] TDT updated to 0004, waiting for completion...
[NIC] TX complete after 00000000 iterations
[NIC] send_frame: sending 003C bytes, txCur=0004
[NIC] TX desc bufferAddr=0x000000001A699C20
[NIC] TDT updated to 0005, waiting for completion...
[NIC] TX complete after 00000000 iterations
[NIC] send_frame: sending 003C bytes, txCur=0005
[NIC] TX desc bufferAddr=0x000000001A699C20
[NIC] TDT updated to 0006, waiting for completion...
[NIC] TX complete after 00000000 iterations
[TCP] FIN received, entering CLOSE_WAIT
[NIC] send_frame: sending 003C bytes, txCur=0006
[NIC] TX desc bufferAddr=0x000000001A699C20
[NIC] TDT updated to 0007, waiting for completion...
[NIC] TX complete after 00000000 iterations
[TCP] Closed socket fd=0000007C
[NAVIGATOR-SMOKE] http.case.image_nonpng.url=http://10.0.2.2:8080/navigator-smoke/image-nonpng.html
[NAVIGATOR-SMOKE] http.case.image_nonpng.status=200
[NAVIGATOR-SMOKE] http.case.image_nonpng.content_type=text/html
[NAVIGATOR-SMOKE] http.case.image_nonpng.body_bytes=79
[NAVIGATOR-SMOKE] http.case.image_nonpng.parsed_block_count=2
[NAVIGATOR-SMOKE] http.case.image_nonpng.remote_images=1
[NAVIGATOR-SMOKE] http.case.image_nonpng.loaded_images=0
[NAVIGATOR-SMOKE] http.case.image_nonpng.failed_images=1
[NAVIGATOR-SMOKE] http.case.image_nonpng.final_url=http://10.0.2.2:8080/navigator-smoke/image-nonpng.html
[NAVIGATOR-SMOKE] http.case.image_nonpng.redirect_count=0
[NAVIGATOR-SMOKE] http.case.image_nonpng.result=PASS
[NAVIGATOR-SMOKE] result=PASS
[NAVIGATOR-SMOKE] END
[KERNEL] Entering main loop (waiting for input)...
