[2J[01;01H[=3h[2J[01;01H[2J[01;01H[=3h[2J[01;01H[2J[01;01H[=3h[2J[01;01HBdsDxe: loading Boot0001 "UEFI QEMU HARDDISK QM00001 " from PciRoot(0x0)/Pci(0x1,0x1)/Ata(Primary,Master,0x0)
BdsDxe: starting Boot0001 "UEFI QEMU HARDDISK QM00001 " from PciRoot(0x0)/Pci(0x1,0x1)/Ata(Primary,Master,0x0)
guideXOS UEFI Bootloader
ACPI RSDP found at 0x000000003F77E000, rev 0
ELF: vaddr range 0x100000 - 0x4df6770 (size 0x4cf6770)
ELF: Allocated 19703 pages at 0x36e7e000
ELF: Loading seg 0: vaddr=0x100000 -> phys=0x36e7e000 (filesz=0x1a0018)
ELF: Loading seg 1: vaddr=0x2a1000 -> phys=0x3701f000 (filesz=0xe040)
ELF: Entry point in segment 0 (vaddr 0x100000)
ELF: Entry vaddr=0x100000, offset=0x0, physEntry=0x36e7e000
Kernel entry phys: 0x0000000036E7E000 virt: 0x0000000000100000
Kernel loaded at: 0x0000000036E7E000 - 0x000000003BB74770
Ramdisk size: 67108864 bytes
Ramdisk loaded at 0x0000000032E7E000
Stack allocated at 0x0000000000200000, top at 0x0000000000210000 (below kernel)

=== PCI Enumeration ===
Found 1 network controller(s)
  [%02x:%02x.0] Vendor=%04x Device=%04x Class=%02x/%02x IRQ=3
    BAR0: Phys=%016lx Size=81040000 ()
    ** Supported Intel E1000 NIC **

*** Using NIC at [%02x:%02x.0] ***
    Vendor: %04x  Device: %04x
    MMIO Phys: %016lx  Size: 81040000
    PCI bus mastering enabled
=========================

Runtime frame pool: 0x000000003D959000 pages=512
Mapping stack: 0x0000000000200000 size 65536
Mapping framebuffer: 0x0000000080000000 size 4096000
Mapping ramdisk: 0x0000000032E7E000 size 67108864
Mapping ACPI RSDP region: 0x000000003F77E000
Mapping bootloader: 0x000000003DB99000 size 73728
Mapping allocator region: 0x4000000 size 64MB
Mapping low memory stack region: 0x100000 size 2MB
Mapping NIC MMIO: %016lx size 81040000
NIC MMIO mapped: Phys=%016lx Virt=%016lx
Building identity page tables with 14 ranges...
Page tables built at PML4: 0x000000003DE26000
Pre-EBS marker drawn (green square top-left)
Exiting boot services...


=== GuideXOS Boot (Post-ExitBootServices) ===

=== CPU State Check ===
CR0 = 0x0000000080010033
CR3 = 0x000000003F801000
CR4 = 0x0000000000000668
EFER = 0x0000000000000D00
  [OK] CR0.PG (Paging) enabled
  [OK] CR0.PE (Protected Mode) enabled
  [OK] CR4.PAE enabled
  [OK] EFER.LME (Long Mode Enable) set
  [OK] EFER.LMA (Long Mode Active) set

=== BootInfo ===
Magic: 0x49425847
Framebuffer: 0x0000000080000000 (0x00000500x0x00000320)

=== Kernel Entry Validation ===
Entry point: 0x0000000036E7E000
First 16 bytes at entry:
  FA 66 31 C0 8E D8 8E C0 8E E0 8E E8 8E D0 48 BC 
  [INFO] Unknown prologue pattern

=== Jumping to Kernel (Trampoline) ===

========================================
=== PRE-HANDOFF VALIDATION ===
========================================

--- Parameters ---
Kernel Entry: 0x0000000036E7E000
BootInfo:     0x000000003DE2F000
Stack Top:    0x0000000000210000
PML4 Phys:    0x000000003DE26000

--- Validating Mappings ---

[1] Kernel Entry:
Checking mapping for: 0x0000000036E7E000
  PML4[0x00000000] = 0x000000003DBB7003
  PDPT[0x00000000] = 0x000000003DBB6003
  PD[0x000001B7] = 0x000000003DBB4003
  PT[0x0000007E] = 0x0000000036E7E003
  [OK] Maps to physical: 0x0000000036E7E000

[2] BootInfo:
Checking mapping for: 0x000000003DE2F000
  PML4[0x00000000] = 0x000000003DBB7003
  PDPT[0x00000000] = 0x000000003DBB6003
  PD[0x000001EF] = 0x000000003D93A003
  PT[0x0000002F] = 0x000000003DE2F003
  [OK] Maps to physical: 0x000000003DE2F000

[3] Stack (top - 0x1000):
Checking mapping for: 0x000000000020F000
  PML4[0x00000000] = 0x000000003DBB7003
  PDPT[0x00000000] = 0x000000003DBB6003
  PD[0x00000001] = 0x000000003D93B003
  PT[0x0000000F] = 0x0000000036F8D003
  [OK] Maps to physical: 0x0000000036F8D000

[4] PML4 self-mapping:
Checking mapping for: 0x000000003DE26000
  PML4[0x00000000] = 0x000000003DBB7003
  PDPT[0x00000000] = 0x000000003DBB6003
  PD[0x000001EF] = 0x000000003D93A003
  PT[0x00000026] = 0x000000003DE26003
  [OK] Maps to physical: 0x000000003DE26000

[5] Framebuffer:
Checking mapping for: 0x0000000080000000
  PML4[0x00000000] = 0x000000003DBB7003
  PDPT[0x00000002] = 0x000000003D937003
  PD[0x00000000] = 0x000000003D936003
  PT[0x00000000] = 0x0000000080000003
  [OK] Maps to physical: 0x0000000080000000

========================================
=== VALIDATION COMPLETE ===
========================================


[BOOT] Validating VIRTUAL kernel entry mapping:
Checking mapping for: 0x0000000000100000
  PML4[0x00000000] = 0x000000003DBB7003
  PDPT[0x00000000] = 0x000000003DBB6003
  PD[0x00000000] = 0x000000003DBB5003
  PT[0x00000100] = 0x0000000036E7E003
  [OK] Maps to physical: 0x0000000036E7E000
[BOOT] About to handoff via trampoline...
[BOOT] Trampoline at: 0x000000003DE27000
[BOOT] Kernel entry: 0x0000000036E7E000
[BOOT] BootInfo at: 0x000000003DE2F000
[BOOT] Stack top: 0x0000000000210000
[BOOT] PML4: 0x000000003DE26000

[BOOT] Validating trampoline mapping:
Checking mapping for: 0x000000003DE27000
  PML4[0x00000000] = 0x000000003DBB7003
  PDPT[0x00000000] = 0x000000003DBB6003
  PD[0x000001EF] = 0x000000003D93A003
  PT[0x00000027] = 0x000000003DE27003
  [OK] Maps to physical: 0x000000003DE27000

[BOOT] === CALLING TRAMPOLINE NOW ===
[KERNEL] guideXOS kernel_main entered
[KERNEL] Boot method: UEFI BootInfo
[KERNEL] Generic address-space frame pool initialized
[KERNEL] Framebuffer initialized: 00000500x00000320
[desktop] system desktop icon settings loaded
[VFS] ERROR: No mount point for path: /desktop.shortcuts
[desktop] Shortcut loaded: none persisted
[VFS] ERROR: No mount point for path: /.startmenu_recent
[desktop] Start menu recent programs loaded: none persisted
[desktop] bare-metal desktop icon init starting
[desktop] system icon visibility decision: Trash enabled
[desktop] system icon visibility decision: File Explorer enabled
[desktop] system icon visibility decision: System Settings hidden
[desktop] bare-metal desktop backing path chosen: /Desktop
[VFS] ERROR: No mount point for path: /.desktop_icons
[desktop] allocating desktop icon slot occupied=00000002 columns=0000000F rows=00000008
[desktop] desktop icon slot selected x=00000018 y=00000018
[desktop] allocating desktop icon slot occupied=00000002 columns=0000000F rows=00000008
[desktop] desktop icon slot selected x=00000068 y=00000018
[desktop] bare-metal desktop icon init completed
[desktop] wallpaper load path=/desktop.cfg backend=unmounted
[desktop] wallpaper load deferred reason=settings-volume-not-mounted
[desktop] wallpaper load path=/desktop.cfg backend=unmounted
[desktop] wallpaper load deferred reason=settings-volume-not-mounted
Taskbar: SearchWidget hidden, search provider unavailable
Taskbar: ClockWidget enabled, RTC/CMOS time available
Taskbar: NetworkWidget hidden, no network provider available
Taskbar: VolumeWidget hidden, audio provider unavailable
Taskbar: BatteryWidget hidden, no battery provider available
[DESKTOP CAP] begin
[DESKTOP CAP] architecture=AMD64 (x86-64)
[DESKTOP CAP] framebuffer_available=true
[DESKTOP CAP] framebuffer_width=0x00000500
[DESKTOP CAP] framebuffer_height=0x00000320
[DESKTOP CAP] framebuffer_pitch=0x00001400
[DESKTOP CAP] framebuffer_bpp=0x00000020
[DESKTOP CAP] framebuffer_pixel_format_supported=true
[DESKTOP CAP] double_buffering_enabled=true
[DESKTOP CAP] mouse_available=true
[DESKTOP CAP] keyboard_available=true
[DESKTOP CAP] timer_tick_available=true
[DESKTOP CAP] desktop_event_loop_active=false
[DESKTOP CAP] cursor_rendering_active=false
[DESKTOP CAP] taskbar_enabled=true
[DESKTOP CAP] start_menu_enabled=true
[DESKTOP CAP] window_move_enabled=true
[DESKTOP CAP] window_resize_enabled=true
[DESKTOP CAP] desktop_icons_enabled=true
[DESKTOP CAP] icon_persistence_available=false
[DESKTOP CAP] shutdown_supported=true
[DESKTOP CAP] restart_supported=true
[DESKTOP CAP] end
[desktop] wallpaper image lookup path=/system/wall/blueflwr.gxi
[desktop] gximg stat failed: /system/wall/blueflwr.gxi
[desktop] wallpaper image fallback to gradient
[desktop] Trash icon state count=0 iconKey=trash.empty
[KERNEL] Desktop drawn
[GDT] GDT loaded with 3 entries, segments reloaded
[IRQ] IDT loaded, PIC remapped, interrupts enabled
[IRQ] Master PIC mask: 0xFF Slave PIC mask: 0xFF
[KERNEL] IDT + PIC initialized, interrupts enabled
[PIT] Timer configured at ~00000064 Hz (divisor=0x00002E9B)
[IRQ] register_irq called for IRQ 00
[IRQ] Handler stored, unmasking...
[IRQ] Registered and unmasked IRQ 00 Master mask: 0xFE Slave mask: 0xFF
[KERNEL] PIT timer initialized, IRQ0 registered
[KERNEL] Initializing storage subsystem...
[KERNEL] Block device layer initialized
[NTFS] Initializing NTFS filesystem driver...
[NTFS] NTFS driver initialized
[XFS] Initializing XFS filesystem driver...
[XFS] XFS driver initialized
[KERNEL] Filesystem drivers initialized (FAT32, ext2/4, NTFS, XFS)
[MSI] Initializing MSI/MSI-X subsystem...
[MSI] MSI subsystem initialized
[KERNEL] MSI/MSI-X subsystem initialized
[VIRTIO-GPU] Initializing VirtIO GPU driver...
[VIRTIO-GPU] Probing for devices...
[VIRTIO-GPU] Driver initialized, 00000000 device(s) found
[VIRTIO-RNG] No virtio-rng PCI device detected
[KERNEL] VirtIO subsystem initialized
[ATA] Initializing ATA driver...
[ATA] Probing channel pri (ioBase=0x01F0)
[ATA]   Checking master...
[ATA]   Found device!
[ATA]   Checking slave...
[ATA]   No device
[ATA] Probing channel sec (ioBase=0x0170)
[ATA]   Checking master...
[ATA]   No device
[ATA]   Checking slave...
[ATA]   No device
[ATA] PCI scan found IDE controller
[ATA] Init complete. Devices: 1
[KERNEL] ATA/SATA driver initialized, 00000001 drive(s) found
[IRQ] dispatch irq=00
[IRQ] dispatch irq=00
[IRQ] dispatch irq=00
[KERNEL] NVMe driver initialized, 00000000 namespace(s) found
[RAMDISK] Initialized with 00004000 KB pool
[IRQ] dispatch irq=00
[RAMDISK] Created 'ram0' with 00002000 sectors (00001000 KB)
[KERNEL] Created 4MB RAM disk 'ram0'
[VFS] Initialized
[KERNEL] VFS layer initialized
[KERNEL] Total block devices: 00000002
[KERNEL] Auto-mounting block device 0 to /
[VFS] detect_fs: Read sector 0 OK
[VFS]   Bytes 510-511: 0x55 0xAA
[VFS]   Found 0x55AA boot signature
[VFS]   BPB: bps=0x0000 spf16=0x0000 spf32=0x00000000
[VFS]   MBR partition type: 0x06
[VFS]   FAT partition at LBA 0x0000003F - deferring to partition-aware FAT mount
[VFS] Mounted FAT32 at '/'
[KERNEL] Successfully mounted / from device 0
[KERNEL] Boot wallpaper pack found in ramdisk.img
[RAMDISK] Attached read-only image 'wallimg' with 00020000 sectors
[IRQ] dispatch irq=00
[VFS] Mounted FAT32 at '/system'
[desktop] mounted wallpaper image pack at /system; wallpapers live at /system/wall
[desktop] wallpaper load path=/desktop.cfg backend=FAT32 mount=/ device=00 readonly=0 alias=0
[VFS] ERROR: File not found: /desktop.taskbar.position
[VFS] ERROR: File not found: /desktop.background.scale
[VFS] ERROR: File not found: /desktop.wallpaper.id
[VFS] ERROR: File not found: /desktop.system.icons
[desktop] wallpaper fallback reason=read-or-parse-failed
[desktop] wallpaper load path=/desktop.cfg backend=FAT32 mount=/ device=00 readonly=0 alias=0
[IRQ] dispatch irq=00
[VFS] ERROR: File not found: /desktop.taskbar.position
[VFS] ERROR: File not found: /desktop.background.scale
[VFS] ERROR: File not found: /desktop.wallpaper.id
[VFS] ERROR: File not found: /desktop.system.icons
[desktop] wallpaper fallback reason=read-or-parse-failed
[desktop] warning: one or more standard user folders could not be created
[IRQ] dispatch irq=00
[desktop] bare-metal startup desktop folder scan requested
[desktop] Desktop folder enumeration started
[desktop] Desktop folder enumeration failed
[desktop] Desktop folder enumeration completed discovered=00000000 added=00000000 skippedDuplicates=00000000
[desktop] system icon visibility decision: Trash enabled
[desktop] system icon visibility decision: File Explorer enabled
[desktop] system icon visibility decision: System Settings hidden
[VFS] ERROR: File not found: /.desktop_icons
[desktop] allocating desktop icon slot occupied=00000002 columns=0000000F rows=00000008
[desktop] desktop icon slot selected x=00000018 y=00000018
[desktop] allocating desktop icon slot occupied=00000002 columns=0000000F rows=00000008
[desktop] desktop icon slot selected x=00000068 y=00000018
[desktop] bare-metal startup desktop folder scan completed
[desktop] wallpaper image lookup path=/system/wall/blueflwr.gxi
[VFS] Opened: /system/wall/blueflwr.gxi
[IRQ] dispatch irq=00
[desktop] gximg loaded: /system/wall/blueflwr.gxi
[desktop] rendering wallpaper image for id=legacy_blue_flower scale=fill
[IRQ] dispatch irq=00
[IRQ] dispatch irq=00
[desktop] Trash icon state count=0 iconKey=trash.empty
[KERNEL] Initializing NIC driver...
[KERNEL] NIC info found in BootInfo, using mapped MMIO
[NIC] Initializing from BootInfo:
[NIC]   Vendor: 00008086 Device: 0000100E
[NIC]   MMIO Phys: 0000000081040000
[NIC]   MMIO Virt: 0000000081040000
[NIC] Initializing E1000 hardware...
[NIC] MAC: 52:54:00:12:34:56
[NIC] Link: UP
[NIC] E1000 initialization complete!
[KERNEL] NIC initialized from BootInfo successfully
[KERNEL] NIC active, registering IRQ0B
[IRQ] register_irq called for IRQ 0B
[IRQ] Handler stored, unmasking...
[IRQ] Registered and unmasked IRQ 0B Master mask: 0xFA Slave mask: 0xF7
[IPv4] Layer initialized
[IPv4] Configured: IP=10.0.2.15 Mask=255.255.255.0 GW=10.0.2.2
[ICMP] Module initialized
[UDP] Layer initialized
[TCP] Stack initialized
[SOCKET] API initialized
[DNS] Client initialized, server: 10.0.2.3
[KERNEL] Attempting DHCP network configuration...
[DHCP] Sending DISCOVER (xid=0x87985AA5)
[NIC] send_frame: sending 003C bytes, txCur=0000
[NIC] TX desc bufferAddr=0x000000003A5955C0
[NIC] TDT updated to 0001, waiting for completion...
[NIC] TX complete after 00000000 iterations
[DHCP] UDP send failed
[NIC] send_frame: sending 003C bytes, txCur=0001
[NIC] TX desc bufferAddr=0x000000003A5955C0
[NIC] TDT updated to 0002, waiting for completion...
[NIC] TX complete after 00000000 iterations
[NIC] send_frame: sending 0156 bytes, txCur=0002
[NIC] TX desc bufferAddr=0x000000003A5955C0
[NIC] TDT updated to 0003, waiting for completion...
[NIC] TX complete after 00000000 iterations
[SOCKET] Created UDP socket fd=00000000
[UDP] Bound port 00000044
[SOCKET] Bound socket fd=00000000 to port 00000044
[UDP] Unbound port 00000044
[SOCKET] Closed socket fd=00000000
[DHCP] DISCOVER timeout, retrying...
[NIC] send_frame: sending 0156 bytes, txCur=0003
[NIC] TX desc bufferAddr=0x000000003A5955C0
[NIC] TDT updated to 0004, waiting for completion...
[NIC] TX complete after 00000000 iterations
[SOCKET] Created UDP socket fd=00000001
[UDP] Bound port 00000044
[SOCKET] Bound socket fd=00000001 to port 00000044
[UDP] Unbound port 00000044
[SOCKET] Closed socket fd=00000001
[DHCP] DISCOVER timeout, retrying...
[NIC] send_frame: sending 0156 bytes, txCur=0004
[NIC] TX desc bufferAddr=0x000000003A5955C0
[NIC] TDT updated to 0005, waiting for completion...
[NIC] TX complete after 00000000 iterations
[SOCKET] Created UDP socket fd=00000002
[UDP] Bound port 00000044
[SOCKET] Bound socket fd=00000002 to port 00000044
[UDP] Unbound port 00000044
[SOCKET] Closed socket fd=00000002
[DHCP] DISCOVER timeout, retrying...
[DHCP] Discovery failed
[KERNEL] DHCP failed, keeping static network configuration
[KERNEL] Initializing PS/2 mouse...
[PS2] Starting PS/2 mouse init
[PS2] Controller config before: 0x77
[PS2] Controller config after: 0x17
[PS2] Sending mouse reset (0xFF)...
[PS2] Reset ACK: 0xFA
[PS2] Self-test result: 0xAA
[PS2] Device ID: 0x00
[PS2] IntelliMouse (scroll wheel): yes
[PS2] Mouse init complete
[KERNEL] PS/2 mouse init complete
[IRQ] register_irq called for IRQ 0C
[IRQ] Handler stored, unmasking...
[IRQ] Registered and unmasked IRQ 0C Master mask: 0xFA Slave mask: 0xE7
[KERNEL] IRQ12 handler registered and unmasked
[KERNEL] Initializing PS/2 keyboard...
[PS2KB] Initializing PS/2 keyboard...
[PS2KB] Keyboard initialized (scancode set 2)
[IRQ] register_irq called for IRQ 01
[IRQ] Handler stored, unmasking...
[IRQ] Registered and unmasked IRQ 01 Master mask: 0xF8 Slave mask: 0xE7
[KERNEL] IRQ1 (keyboard) handler registered
[KERNEL] Initializing input manager...
[INPUT] Initializing input manager
[INPUT] PS/2 mouse available
[INPUT] Active mouse source: PS/2
[INPUT] Input manager initialized
[KERNEL] Input manager initialized

============================================================
           guideXOS Hardware Feature Report
============================================================

--- CPU ---
[OK]   AMD64 (x86-64)

--- Storage ---
[N/A]  ATA (PIO mode)
[N/A]  AHCI/SATA
[N/A]  NVMe
[N/A]  USB Mass Storage
[N/A]  VirtIO Block
[N/A]  RAM Disk

--- Filesystem ---
[OK]   FAT32
[N/A]  exFAT
[OK]   ext2
[OK]   ext4
[OK]   NTFS
[OK]   XFS
[N/A]  UFS

--- Network ---
[N/A]  Intel E1000
[N/A]  VirtIO Network
[N/A]  IPv4 Stack
[N/A]  IPv6 Stack
[N/A]  TCP Protocol
[N/A]  UDP Protocol
[N/A]  DHCP Client
[N/A]  DNS Client

--- Graphics ---
[N/A]  VGA Text Mode
[N/A]  VESA/VBE
[N/A]  UEFI GOP
[N/A]  VirtIO GPU
[N/A]  QEMU ramfb

--- Input ---
[OK]   PS/2 Keyboard
[OK]   PS/2 Mouse
[N/A]  USB HID
[N/A]  VirtIO Input
[N/A]  Serial Console

--- VirtIO ---
[N/A]  VirtIO Block
[N/A]  VirtIO Network
[N/A]  VirtIO GPU
[N/A]  VirtIO Input
[N/A]  VirtIO Console
[N/A]  VirtIO RNG (not detected)

--- Interrupts ---
[OK]   8259 PIC
[N/A]  Local APIC
[N/A]  I/O APIC
[OK]   MSI
[N/A]  MSI-X
[N/A]  ARM GIC
[N/A]  RISC-V PLIC

--- Summary ---
Total features:  0000002D
Active:          0000000A
Present:         00000000
Errors:          00000000
Disabled:        00000000
Not present:     00000023

============================================================

[DESKTOP CAP] begin
[DESKTOP CAP] architecture=AMD64 (x86-64)
[DESKTOP CAP] framebuffer_available=true
[DESKTOP CAP] framebuffer_width=0x00000500
[DESKTOP CAP] framebuffer_height=0x00000320
[DESKTOP CAP] framebuffer_pitch=0x00001400
[DESKTOP CAP] framebuffer_bpp=0x00000020
[DESKTOP CAP] framebuffer_pixel_format_supported=true
[DESKTOP CAP] double_buffering_enabled=true
[DESKTOP CAP] mouse_available=true
[DESKTOP CAP] keyboard_available=true
[DESKTOP CAP] timer_tick_available=true
[DESKTOP CAP] desktop_event_loop_active=true
[DESKTOP CAP] cursor_rendering_active=true
[DESKTOP CAP] taskbar_enabled=true
[DESKTOP CAP] start_menu_enabled=true
[DESKTOP CAP] window_move_enabled=true
[DESKTOP CAP] window_resize_enabled=true
[DESKTOP CAP] desktop_icons_enabled=true
[DESKTOP CAP] icon_persistence_available=false
[DESKTOP CAP] shutdown_supported=true
[DESKTOP CAP] restart_supported=true
[DESKTOP CAP] end
[NAVIGATOR-SMOKE] BEGIN
[NAVIGATOR-SMOKE] build_mode=bare-metal/kernel
[NAVIGATOR-SMOKE] registered=true
[NAVIGATOR-SMOKE] runtime.mode=bare-metal/kernel
[NAVIGATOR-SMOKE] launch.path=AppManager::registerApp -> NavigatorApp::create
[NAVIGATOR-SMOKE] current.url=about:navigator-runtime
[NAVIGATOR-SMOKE] stale.placeholder=not active
[NAVIGATOR-SMOKE] capability.file_read=enabled through VFS
[NAVIGATOR-SMOKE] capability.local_png=enabled through shared ImageAdapter where VFS image data exists
[NAVIGATOR-SMOKE] capability.http=enabled numeric IPv4 and hostname HTTP/1.0 GET/POST with redirects/chunked
[NAVIGATOR-SMOKE] capability.http_dns=enabled-basic A records
[NAVIGATOR-SMOKE] capability.http_redirects=enabled limit 5
[NAVIGATOR-SMOKE] capability.http_chunked=enabled
[NAVIGATOR-SMOKE] capability.https_tls=controlled local-only HTTPS remains enabled for guidexos.test:8443/navigator-smoke/; explicit dev/prod trust-store policy can enable validated fixture HTTPS, and ProductionValidated plus public-https-pilot=enabled can enable a controlled public HTTPS pilot with CA and hostname checks and no plaintext fallback
[NAVIGATOR-SMOKE] capability.tls_backend=Mbed TLS transport ready with CA and hostname validation
[NAVIGATOR-SMOKE] capability.tls_smoke_local=enabled wrong-host and direct hook diagnostics remain available
[NAVIGATOR-SMOKE] capability.http_transport=shared HttpByteStream policy layer (PlainTcpHttp + LocalAllowlistedTlsHttps + PolicyValidatedTlsHttps)
[NAVIGATOR-SMOKE] capability.tls_policy_layer=shared HttpByteStream transport policy layer selects plain TCP HTTP, local allowlisted Mbed TLS, or policy-validated Mbed TLS; validated fixture hosts stay policy-gated, public HTTPS stays pilot-gated, plaintext fallback stays disabled, and policy stays fail-closed by default
[NAVIGATOR-SMOKE] coverage.direct_https_allowlist=covered
[NAVIGATOR-SMOKE] coverage.direct_https_unsupported=covered
[NAVIGATOR-SMOKE] coverage.http_to_https_redirect_policy=local allowlist, validated fixture HTTPS, and controlled public HTTPS pilot redirect policy are covered
[NAVIGATOR-SMOKE] coverage.real_public_https_probe=opt-in only; sha256.badssl.com production-public HTTPS probe reports pass, skip, or fail without weakening validation
[NAVIGATOR-SMOKE] capability.remote_png=enabled-basic numeric IPv4 and hostname http:// PNG images
[NAVIGATOR-SMOKE] capability.downloads=unavailable for bare-metal HTTP v0.1
[NAVIGATOR-SMOKE] capability.css_lite=enabled for embedded style blocks
[NAVIGATOR-SMOKE] capability.forms_lite=enabled interactive GET/POST document controls
[NAVIGATOR-SMOKE] capability.forms_post_hosted=enabled in authoritative hosted Navigator path
[NAVIGATOR-SMOKE] capability.forms_post_bare_metal=enabled-basic application/x-www-form-urlencoded
[NAVIGATOR-SMOKE] capability.forms_post_interactive=enabled through document controls
[NAVIGATOR-SMOKE] capability.forms_post_redirect_policy=303 becomes GET; 301/302/307/308 preserve POST
[NAVIGATOR-SMOKE] page_info.forms_post_bare_metal=enabled-basic
[NAVIGATOR-SMOKE] capability.forms_controls=text, checkbox, radio, textarea, select, submit
[NAVIGATOR-SMOKE] capability.forms_focus_navigation=Tab, Enter, Space in bare-metal document controls
[NAVIGATOR-SMOKE] capability.find_in_page=unsupported in bare-metal adapter
[NAVIGATOR-SMOKE] capability.external_stylesheets=unsupported
[NAVIGATOR-SMOKE] capability.bookmark_persistence=unavailable; in-memory defaults only
[NAVIGATOR-SMOKE] vfs.root_mount=/
[NAVIGATOR-SMOKE] vfs.root_fs_type=FAT32
[NAVIGATOR-SMOKE] vfs.root_block_device=0
[NAVIGATOR-SMOKE] vfs.system_mount=/system
[NAVIGATOR-SMOKE] vfs.system_fs_type=FAT32
[NAVIGATOR-SMOKE] vfs.system_block_device=2
[NAVIGATOR-SMOKE] vfs.system_source_prefix=/
[NAVIGATOR-SMOKE] vfs.certs_mount=/
[NAVIGATOR-SMOKE] vfs.certs_fs_type=FAT32
[NAVIGATOR-SMOKE] vfs.certs_block_device=0
[NAVIGATOR-SMOKE] vfs.certs_source_prefix=/
[NAVIGATOR-SMOKE] vfs.certs_exists=no
[NAVIGATOR-SMOKE] vfs.certs_file_exists=no
[NAVIGATOR-SMOKE] vfs.certs_file_read_status=not_found
[NAVIGATOR-SMOKE] vfs.certs_file_read_bytes=0
[NAVIGATOR-SMOKE] vfs.certs_file_pem_header=absent
[NAVIGATOR-SMOKE] tls_prereq.rng_quality=Unavailable
[NAVIGATOR-SMOKE] tls_prereq.rng_backend=none (virtio-rng PCI device not found)
[NAVIGATOR-SMOKE] tls_prereq.virtio_rng_detected=no
[NAVIGATOR-SMOKE] tls_prereq.virtio_rng_status=device-not-found
[NAVIGATOR-SMOKE] tls_prereq.random_read_1=FAIL
[NAVIGATOR-SMOKE] tls_prereq.random_read_2=FAIL
[NAVIGATOR-SMOKE] tls_prereq.random_reads_identical=unknown
[NAVIGATOR-SMOKE] tls_prereq.rng_fail_closed=true
[NAVIGATOR-SMOKE] tls_prereq.wall_clock_status=Plausible
[NAVIGATOR-SMOKE] tls_prereq.wall_clock_backend=CMOS RTC (interpreted as UTC)
[NAVIGATOR-SMOKE] tls_prereq.wall_clock_epoch=1784955806
[NAVIGATOR-SMOKE] tls_prereq.wall_clock_utc=2026-07-25T05:03:26Z
[NAVIGATOR-SMOKE] tls_prereq.tls_backend_status=RngCallbackUnavailable
[NAVIGATOR-SMOKE] tls_prereq.tls_backend_name=Mbed TLS bare-metal scaffold
[NAVIGATOR-SMOKE] tls_prereq.tls_backend_version=source-present (version macro unavailable)
[NAVIGATOR-SMOKE] tls_prereq.tls_backend_error=PSA external RNG callback is wired, but guideXOS does not currently report Secure entropy.
[NAVIGATOR-SMOKE] tls_prereq.mbedtls_import_path=third_party/mbedtls
[NAVIGATOR-SMOKE] tls_prereq.mbedtls_config_path=third_party/mbedtls/guidexos/mbedtls_config.h
[NAVIGATOR-SMOKE] tls_prereq.mbedtls_crypto_config_path=third_party/mbedtls/guidexos/crypto_config.h
[NAVIGATOR-SMOKE] tls_prereq.mbedtls_tf_psa_path=third_party/mbedtls/tf-psa-crypto
[NAVIGATOR-SMOKE] tls_prereq.mbedtls_build_plan_path=third_party/mbedtls/guidexos/mbedtls_sources.mk
[NAVIGATOR-SMOKE] tls_prereq.mbedtls_expected_version=official Mbed TLS 4.1.0 source tree with populated TF-PSA-Crypto dependency
[NAVIGATOR-SMOKE] tls_prereq.mbedtls_detected_version=source-present (version macro unavailable)
[NAVIGATOR-SMOKE] tls_prereq.tf_psa_detected_version=TF-PSA-Crypto 1.1.0
[NAVIGATOR-SMOKE] tls_prereq.mbedtls_planned_source_count=55
[NAVIGATOR-SMOKE] tls_prereq.mbedtls_planned_subset=runtime-linked Mbed TLS 4.1.0 TLS/X.509 subset with bounded allocator hooks, PSA external RNG, wall-clock callbacks, one-shot CA parsing, smoke-only local handshake coverage, and explicit-policy validated HTTPS enablement.
[NAVIGATOR-SMOKE] tls_prereq.mbedtls_source_present=yes
[NAVIGATOR-SMOKE] tls_prereq.mbedtls_source_compile_ready=yes
[NAVIGATOR-SMOKE] tls_prereq.mbedtls_config_present=yes
[NAVIGATOR-SMOKE] tls_prereq.mbedtls_crypto_config_present=yes
[NAVIGATOR-SMOKE] tls_prereq.mbedtls_tf_psa_present=yes
[NAVIGATOR-SMOKE] tls_prereq.mbedtls_import_detail=Official Mbed TLS 4.1.0 source, generated runtime helpers, and the guideXOS split config are present; the freestanding runtime-linked subset can build while general Navigator https:// remains gated.
[NAVIGATOR-SMOKE] tls_prereq.allocator_hook_status=Ready
[NAVIGATOR-SMOKE] tls_prereq.allocator_hook_detail=Bounded Mbed TLS memory_buffer_alloc arena is active for bare-metal TLS prerequisites.
[NAVIGATOR-SMOKE] tls_prereq.rng_callback_status=Unavailable
[NAVIGATOR-SMOKE] tls_prereq.rng_callback_detail=PSA external RNG callback is wired, but guideXOS does not currently report Secure entropy.
[NAVIGATOR-SMOKE] tls_prereq.time_callback_status=Ready
[NAVIGATOR-SMOKE] tls_prereq.time_callback_detail=mbedtls_time() and UTC gmtime_r() are wired to the guideXOS wall clock and fail closed when time is implausible.
[NAVIGATOR-SMOKE] tls_prereq.psa_init_status=Pending
[NAVIGATOR-SMOKE] tls_prereq.psa_init_detail=psa_crypto_init() is deferred until CA parsing starts.
[NAVIGATOR-SMOKE] tls_prereq.tls_arena_status=Ready
[NAVIGATOR-SMOKE] tls_prereq.tls_arena_capacity=1048576
[NAVIGATOR-SMOKE] tls_prereq.tls_arena_used=0
[NAVIGATOR-SMOKE] tls_prereq.tls_arena_high_water=0
[NAVIGATOR-SMOKE] tls_prereq.tls_arena_detail=Bounded TLS arena is initialized; live usage counters stay disabled in the freestanding build.
[NAVIGATOR-SMOKE] tls_prereq.user_ca_path=/config/certs/ca-bundle.pem
[NAVIGATOR-SMOKE] tls_prereq.production_ca_path=/certs/ca-bundle.pem
[NAVIGATOR-SMOKE] tls_prereq.root_ca_path=/certs/ca-bundle.pem
[NAVIGATOR-SMOKE] tls_prereq.root_ca_status=Missing
[NAVIGATOR-SMOKE] tls_prereq.root_ca_parse_status=NotAttempted
[NAVIGATOR-SMOKE] tls_prereq.root_ca_bytes=0
[NAVIGATOR-SMOKE] tls_prereq.root_ca_pem_blocks=0
[NAVIGATOR-SMOKE] tls_prereq.root_ca_parsed_certs=0
[NAVIGATOR-SMOKE] tls_prereq.root_ca_fixture=normal
[NAVIGATOR-SMOKE] tls_prereq.root_ca_detail=Root CA bundle not found at /certs/ca-bundle.pem.
[NAVIGATOR-SMOKE] tls_prereq.root_ca_manifest_path=/certs/ca-bundle.manifest
[NAVIGATOR-SMOKE] tls_prereq.root_ca_manifest_status=Missing
[NAVIGATOR-SMOKE] tls_prereq.root_ca_manifest_present=no
[NAVIGATOR-SMOKE] tls_prereq.root_ca_manifest_schema=(none)
[NAVIGATOR-SMOKE] tls_prereq.root_ca_manifest_bundle_type=(none)
[NAVIGATOR-SMOKE] tls_prereq.root_ca_manifest_rotation_id=(none)
[NAVIGATOR-SMOKE] tls_prereq.root_ca_manifest_sha256=(none)
[NAVIGATOR-SMOKE] tls_prereq.root_ca_computed_sha256=(none)
[NAVIGATOR-SMOKE] tls_prereq.root_ca_manifest_hash_match=no
[NAVIGATOR-SMOKE] tls_prereq.root_ca_manifest_root_count=0
[NAVIGATOR-SMOKE] tls_prereq.root_ca_manifest_pem_bytes=0
[NAVIGATOR-SMOKE] tls_prereq.root_ca_manifest_production_ready=no
[NAVIGATOR-SMOKE] tls_prereq.root_ca_manifest_test_only=no
[NAVIGATOR-SMOKE] tls_prereq.root_ca_manifest_error=CA bundle manifest has not been checked yet.
[NAVIGATOR-SMOKE] tls_prereq.trust_store_policy=ProductionTrustStoreUnavailable
[NAVIGATOR-SMOKE] tls_prereq.trust_store_source=None
[NAVIGATOR-SMOKE] tls_prereq.trust_store_source_detail=No bare-metal trust store is provisioned at the selected CA bundle path.
[NAVIGATOR-SMOKE] tls_prereq.trust_store_production_ready=no
[NAVIGATOR-SMOKE] tls_prereq.trust_store_public_ready=no
[NAVIGATOR-SMOKE] tls_prereq.trust_store_readiness_blocker=Root CA bundle not found at /certs/ca-bundle.pem.
[NAVIGATOR-SMOKE] tls_prereq.root_ca_missing_probe_status=Missing
[NAVIGATOR-SMOKE] tls_prereq.root_ca_missing_probe_detail=Smoke-only missing CA probe correctly fails closed.
[NAVIGATOR-SMOKE] tls_prereq.root_ca_missing_probe_policy=ProductionTrustStoreUnavailable
[NAVIGATOR-SMOKE] tls_prereq.hostname_validation_available=yes
[NAVIGATOR-SMOKE] tls_prereq.hostname_validation_sni=yes
[NAVIGATOR-SMOKE] tls_prereq.hostname_validation_original_host=yes
[NAVIGATOR-SMOKE] tls_prereq.hostname_validation_numeric_ip=no
[NAVIGATOR-SMOKE] tls_prereq.hostname_validation_policy=scaffold ready; original URL host and future SNI host are retained, numeric-IP validation stays disabled, and bare-metal hostname enforcement stays gated outside the controlled local-only HTTPS path
[NAVIGATOR-SMOKE] tls_prereq.certificate_validation_policy=disabled; trust-store policy is not production-ready, so broader bare-metal https:// remains fail-closed
[NAVIGATOR-SMOKE] tls_prereq.https_policy_selected_state=Disabled
[NAVIGATOR-SMOKE] tls_prereq.https_policy_effective_state=Disabled
[NAVIGATOR-SMOKE] tls_prereq.https_policy_state=Disabled
[NAVIGATOR-SMOKE] tls_prereq.https_policy_config_path=/config/navigator/https-policy.txt
[NAVIGATOR-SMOKE] tls_prereq.https_policy_config_source=default-safe policy (no /config/navigator/https-policy.txt)
[NAVIGATOR-SMOKE] tls_prereq.https_smoke_fault_mode=None
[NAVIGATOR-SMOKE] tls_prereq.https_policy_error=(none)
[NAVIGATOR-SMOKE] tls_prereq.https_policy_local_ready=no
[NAVIGATOR-SMOKE] tls_prereq.https_policy_local_blocker=PSA external RNG callback is wired, but guideXOS does not currently report Secure entropy.
[NAVIGATOR-SMOKE] tls_prereq.https_policy_local_reason=PSA external RNG callback is wired, but guideXOS does not currently report Secure entropy.
[NAVIGATOR-SMOKE] tls_prereq.https_policy_validated_navigation_enabled=no
[NAVIGATOR-SMOKE] tls_prereq.https_policy_public_pilot_requested=no
[NAVIGATOR-SMOKE] tls_prereq.https_policy_broad_public_enabled=no
[NAVIGATOR-SMOKE] tls_prereq.https_policy_production_ready=no
[NAVIGATOR-SMOKE] tls_prereq.https_policy_public_pilot_reason=Public HTTPS pilot is off by default.
[NAVIGATOR-SMOKE] tls_prereq.https_policy_blocker=Root CA bundle not found at /certs/ca-bundle.pem.
[NAVIGATOR-SMOKE] tls_readiness=no
[NAVIGATOR-SMOKE] tls_readiness_blocker=PSA external RNG callback is wired, but guideXOS does not currently report Secure entropy.
[NAVIGATOR-SMOKE] http.active_cases=skipped
[NAVIGATOR-SMOKE] result=PASS
[NAVIGATOR-SMOKE] END
[KERNEL] Entering main loop (waiting for input)...
[desktop] rendering wallpaper image for id=legacy_blue_flower scale=fill
[desktop] Trash icon state count=0 iconKey=trash.empty
[desktop] rendering wallpaper image for id=legacy_blue_flower scale=fill
[desktop] Trash icon state count=0 iconKey=trash.empty
