[2J[01;01H[=3h[2J[01;01H[2J[01;01H[=3h[2J[01;01H[2J[01;01H[=3h[2J[01;01HBdsDxe: loading Boot0001 "UEFI QEMU HARDDISK QM00001 " from PciRoot(0x0)/Pci(0x1,0x1)/Ata(Primary,Master,0x0)
BdsDxe: starting Boot0001 "UEFI QEMU HARDDISK QM00001 " from PciRoot(0x0)/Pci(0x1,0x1)/Ata(Primary,Master,0x0)
guideXOS UEFI Bootloader
ACPI RSDP found at 0x000000003F77E000, rev 0
ELF: vaddr range 0x100000 - 0x4e85770 (size 0x4d85770)
ELF: Allocated 19846 pages at 0x36de6000
ELF: Loading seg 0: vaddr=0x100000 -> phys=0x36de6000 (filesz=0x1a4018)
ELF: Loading seg 1: vaddr=0x2a5000 -> phys=0x36f8b000 (filesz=0x77048)
ELF: Entry point in segment 0 (vaddr 0x100000)
ELF: Entry vaddr=0x100000, offset=0x0, physEntry=0x36de6000
Kernel entry phys: 0x0000000036DE6000 virt: 0x0000000000100000
Kernel loaded at: 0x0000000036DE6000 - 0x000000003BB6B770
Ramdisk size: 67108864 bytes
Ramdisk loaded at 0x0000000032DE6000
Stack allocated at 0x0000000000200000, top at 0x0000000000210000 (below kernel)

=== PCI Enumeration ===
Found 1 network controller(s)
  [%02x:%02x.0] Vendor=%04x Device=%04x Class=%02x/%02x IRQ=3
    BAR0: Phys=%016lx Size=81040000 ()
    ** Supported Intel E1000 NIC **

*** Using NIC at [%02x:%02x.0] ***
    Vendor: %04x  Device: %04x
    MMIO Phys: %016lx  Size: 81040000
    PCI bus mastering enabled
=========================

Runtime frame pool: 0x000000003DBF3000 pages=512
Mapping stack: 0x0000000000200000 size 65536
Mapping framebuffer: 0x0000000080000000 size 4096000
Mapping ramdisk: 0x0000000032DE6000 size 67108864
Mapping ACPI RSDP region: 0x000000003F77E000
Mapping bootloader: 0x000000003DE33000 size 73728
Mapping allocator region: 0x4000000 size 64MB
Mapping low memory stack region: 0x100000 size 2MB
Mapping NIC MMIO: %016lx size 81040000
NIC MMIO mapped: Phys=%016lx Virt=%016lx
Building identity page tables with 14 ranges...
Page tables built at PML4: 0x000000003DE50000
Pre-EBS marker drawn (green square top-left)
Exiting boot services...


=== GuideXOS Boot (Post-ExitBootServices) ===

=== CPU State Check ===
CR0 = 0x0000000080010033
CR3 = 0x000000003F801000
CR4 = 0x0000000000000668
EFER = 0x0000000000000D00
  [OK] CR0.PG (Paging) enabled
  [OK] CR0.PE (Protected Mode) enabled
  [OK] CR4.PAE enabled
  [OK] EFER.LME (Long Mode Enable) set
  [OK] EFER.LMA (Long Mode Active) set

=== BootInfo ===
Magic: 0x49425847
Framebuffer: 0x0000000080000000 (0x00000500x0x00000320)

=== Kernel Entry Validation ===
Entry point: 0x0000000036DE6000
First 16 bytes at entry:
  FA 66 31 C0 8E D8 8E C0 8E E0 8E E8 8E D0 48 BC 
  [INFO] Unknown prologue pattern

=== Jumping to Kernel (Trampoline) ===

========================================
=== PRE-HANDOFF VALIDATION ===
========================================

--- Parameters ---
Kernel Entry: 0x0000000036DE6000
BootInfo:     0x000000003DF47000
Stack Top:    0x0000000000210000
PML4 Phys:    0x000000003DE50000

--- Validating Mappings ---

[1] Kernel Entry:
Checking mapping for: 0x0000000036DE6000
  PML4[0x00000000] = 0x000000003DE4F003
  PDPT[0x00000000] = 0x000000003DE4E003
  PD[0x000001B6] = 0x000000003DE4C003
  PT[0x000001E6] = 0x0000000036DE6003
  [OK] Maps to physical: 0x0000000036DE6000

[2] BootInfo:
Checking mapping for: 0x000000003DF47000
  PML4[0x00000000] = 0x000000003DE4F003
  PDPT[0x00000000] = 0x000000003DE4E003
  PD[0x000001EF] = 0x000000003DBD1003
  PT[0x00000147] = 0x000000003DF47003
  [OK] Maps to physical: 0x000000003DF47000

[3] Stack (top - 0x1000):
Checking mapping for: 0x000000000020F000
  PML4[0x00000000] = 0x000000003DE4F003
  PDPT[0x00000000] = 0x000000003DE4E003
  PD[0x00000001] = 0x000000003DBD2003
  PT[0x0000000F] = 0x0000000036EF5003
  [OK] Maps to physical: 0x0000000036EF5000

[4] PML4 self-mapping:
Checking mapping for: 0x000000003DE50000
  PML4[0x00000000] = 0x000000003DE4F003
  PDPT[0x00000000] = 0x000000003DE4E003
  PD[0x000001EF] = 0x000000003DBD1003
  PT[0x00000050] = 0x000000003DE50003
  [OK] Maps to physical: 0x000000003DE50000

[5] Framebuffer:
Checking mapping for: 0x0000000080000000
  PML4[0x00000000] = 0x000000003DE4F003
  PDPT[0x00000002] = 0x000000003DBCE003
  PD[0x00000000] = 0x000000003DBCD003
  PT[0x00000000] = 0x0000000080000003
  [OK] Maps to physical: 0x0000000080000000

========================================
=== VALIDATION COMPLETE ===
========================================


[BOOT] Validating VIRTUAL kernel entry mapping:
Checking mapping for: 0x0000000000100000
  PML4[0x00000000] = 0x000000003DE4F003
  PDPT[0x00000000] = 0x000000003DE4E003
  PD[0x00000000] = 0x000000003DE4D003
  PT[0x00000100] = 0x0000000036DE6003
  [OK] Maps to physical: 0x0000000036DE6000
[BOOT] About to handoff via trampoline...
[BOOT] Trampoline at: 0x000000003DE51000
[BOOT] Kernel entry: 0x0000000036DE6000
[BOOT] BootInfo at: 0x000000003DF47000
[BOOT] Stack top: 0x0000000000210000
[BOOT] PML4: 0x000000003DE50000

[BOOT] Validating trampoline mapping:
Checking mapping for: 0x000000003DE51000
  PML4[0x00000000] = 0x000000003DE4F003
  PDPT[0x00000000] = 0x000000003DE4E003
  PD[0x000001EF] = 0x000000003DBD1003
  PT[0x00000051] = 0x000000003DE51003
  [OK] Maps to physical: 0x000000003DE51000

[BOOT] === CALLING TRAMPOLINE NOW ===
[KERNEL] guideXOS kernel_main entered
[KERNEL] Boot method: UEFI BootInfo
[KERNEL] Generic address-space frame pool initialized
[GDT] GDT loaded with 3 entries, segments reloaded
[IRQ] IDT loaded, PIC remapped, interrupts enabled
[IRQ] Master PIC mask: 0xFF Slave PIC mask: 0xFF
[PIT] Timer configured at ~00000064 Hz (divisor=0x00002E9B)
[IRQ] register_irq called for IRQ 00
[IRQ] Handler stored, unmasking...
[IRQ] Registered and unmasked IRQ 00 Master mask: 0xFE Slave mask: 0xFF
[nativeaot-gc-startup-qemu-test] timer services ready
[nativeaot-gc-startup-qemu-test] BEGIN
[nativeaot-gc-startup-qemu-test] Runtime foundation initialization: PASS
[nativeaot-gc-startup-qemu-test] Artifact staged: PASS
[nativeaot-gc-startup-qemu-test] PAL ABI=1 size=000000E8 capabilities=00000000000001FF GC ABI=1 size=000000D8 capabilities=0000000000000007 generation=0000000000000001
[native[IRQ] dispatch irq=00
aot-gc-startup-qemu-test] Win64 PAL legacy installation: PASS
[nativeaot-gc-startup-qemu-test] Win64 PAL v1 installation: PASS
[nativeaot-gc-startup-qemu-test] GC platform installation: PASS
[nativeaot-gc-startup-qemu-test] Hook magic/version/size: PASS
[nativeaot-gc-startup-qemu-test] PAL startup stage=04000000
[nativeaot-gc-startup-qemu-test] RhInitialize return=FFFFFFFF
[nativeaot-gc-startup-qemu-test] RhInitialize: FAIL
[IRQ] dispatch irq=00
[IRQ] dispatch irq=00
[IRQ] dispatch irq=00
[IRQ] dispatch irq=00
[IRQ] dispatch irq=00
[IRQ] dispatch irq=00
[IRQ] dispatch irq=00
[IRQ] dispatch irq=00
[IRQ] dispatch irq=00
[nativeaot-gc-startup-qemu-test] ThreadStore attached=00000001 activeWorkers=00000000 callbacks=00000000
[nativeaot-gc-startup-qemu-test] Finalizer helper parked: FAIL
[nativeaot-gc-startup-qemu-test] No managed finalizer entry: FAIL
[nativeaot-gc-startup-qemu-test] Process-lifetime cleanup boundary: FAIL
[nativeaot-gc-startup-qemu-test] same-process shutdown: UNSUPPORTED
[nativeaot-gc-startup-qemu-test] ALL_FAIL

