[2J[01;01H[=3h[2J[01;01H[2J[01;01H[=3h[2J[01;01H[2J[01;01H[=3h[2J[01;01HBdsDxe: loading Boot0001 "UEFI QEMU HARDDISK QM00001 " from PciRoot(0x0)/Pci(0x1,0x1)/Ata(Primary,Master,0x0)
BdsDxe: starting Boot0001 "UEFI QEMU HARDDISK QM00001 " from PciRoot(0x0)/Pci(0x1,0x1)/Ata(Primary,Master,0x0)
guideXOS UEFI Bootloader
ACPI RSDP found at 0x000000003F77E000, rev 0
ELF: vaddr range 0x100000 - 0x666b770 (size 0x656b770)
ELF: Allocated 25964 pages at 0x35600000
ELF: Loading seg 0: vaddr=0x100000 -> phys=0x35600000 (filesz=0x1a9018)
ELF: Loading seg 1: vaddr=0x2aa000 -> phys=0x357aa000 (filesz=0x118048)
ELF: Entry point in segment 0 (vaddr 0x100000)
ELF: Entry vaddr=0x100000, offset=0x0, physEntry=0x35600000
Kernel entry phys: 0x0000000035600000 virt: 0x0000000000100000
Kernel loaded at: 0x0000000035600000 - 0x000000003BB6B770
Could not open file: ramdisk.img
Warning: Failed to load ramdisk
Stack allocated at 0x0000000000200000, top at 0x0000000000210000 (below kernel)

=== PCI Enumeration ===
Found 1 network controller(s)
  [%02x:%02x.0] Vendor=%04x Device=%04x Class=%02x/%02x IRQ=3
    BAR0: Phys=%016lx Size=81040000 ()
    ** Supported Intel E1000 NIC **

*** Using NIC at [%02x:%02x.0] ***
    Vendor: %04x  Device: %04x
    MMIO Phys: %016lx  Size: 81040000
    PCI bus mastering enabled
=========================

Runtime frame pool: 0x000000003CDF3000 pages=4096
Mapping stack: 0x0000000000200000 size 65536
Mapping framebuffer: 0x0000000080000000 size 4096000
Mapping ACPI RSDP region: 0x000000003F77E000
Mapping bootloader: 0x000000003DE33000 size 73728
Mapping allocator region: 0x4000000 size 64MB
Mapping low memory stack region: 0x100000 size 2MB
Mapping NIC MMIO: %016lx size 81040000
NIC MMIO mapped: Phys=%016lx Virt=%016lx
Building identity page tables with 13 ranges...
Page tables built at PML4: 0x000000003DE50000
Pre-EBS marker drawn (green square top-left)
Exiting boot services...


=== GuideXOS Boot (Post-ExitBootServices) ===

=== CPU State Check ===
CR0 = 0x0000000080010033
CR3 = 0x000000003F801000
CR4 = 0x0000000000000668
EFER = 0x0000000000000D00
  [OK] CR0.PG (Paging) enabled
  [OK] CR0.PE (Protected Mode) enabled
  [OK] CR4.PAE enabled
  [OK] EFER.LME (Long Mode Enable) set
  [OK] EFER.LMA (Long Mode Active) set

=== BootInfo ===
Magic: 0x49425847
Framebuffer: 0x0000000080000000 (0x00000500x0x00000320)

=== Kernel Entry Validation ===
Entry point: 0x0000000035600000
First 16 bytes at entry:
  FA 66 31 C0 8E D8 8E C0 8E E0 8E E8 8E D0 48 BC 
  [INFO] Unknown prologue pattern

=== Jumping to Kernel (Trampoline) ===

========================================
=== PRE-HANDOFF VALIDATION ===
========================================

--- Parameters ---
Kernel Entry: 0x0000000035600000
BootInfo:     0x000000003DF47000
Stack Top:    0x0000000000210000
PML4 Phys:    0x000000003DE50000

--- Validating Mappings ---

[1] Kernel Entry:
Checking mapping for: 0x0000000035600000
  PML4[0x00000000] = 0x000000003DE4F003
  PDPT[0x00000000] = 0x000000003DE4E003
  PD[0x000001AB] = 0x000000003DE4C003
  PT[0x00000000] = 0x0000000035600003
  [OK] Maps to physical: 0x0000000035600000

[2] BootInfo:
Checking mapping for: 0x000000003DF47000
  PML4[0x00000000] = 0x000000003DE4F003
  PDPT[0x00000000] = 0x000000003DE4E003
  PD[0x000001EF] = 0x000000003CDC6003
  PT[0x00000147] = 0x000000003DF47003
  [OK] Maps to physical: 0x000000003DF47000

[3] Stack (top - 0x1000):
Checking mapping for: 0x000000000020F000
  PML4[0x00000000] = 0x000000003DE4F003
  PDPT[0x00000000] = 0x000000003DE4E003
  PD[0x00000001] = 0x000000003CDC7003
  PT[0x0000000F] = 0x000000003570F003
  [OK] Maps to physical: 0x000000003570F000

[4] PML4 self-mapping:
Checking mapping for: 0x000000003DE50000
  PML4[0x00000000] = 0x000000003DE4F003
  PDPT[0x00000000] = 0x000000003DE4E003
  PD[0x000001EF] = 0x000000003CDC6003
  PT[0x00000050] = 0x000000003DE50003
  [OK] Maps to physical: 0x000000003DE50000

[5] Framebuffer:
Checking mapping for: 0x0000000080000000
  PML4[0x00000000] = 0x000000003DE4F003
  PDPT[0x00000002] = 0x000000003CDBC003
  PD[0x00000000] = 0x000000003CDBB003
  PT[0x00000000] = 0x0000000080000003
  [OK] Maps to physical: 0x0000000080000000

========================================
=== VALIDATION COMPLETE ===
========================================


[BOOT] Validating VIRTUAL kernel entry mapping:
Checking mapping for: 0x0000000000100000
  PML4[0x00000000] = 0x000000003DE4F003
  PDPT[0x00000000] = 0x000000003DE4E003
  PD[0x00000000] = 0x000000003DE4D003
  PT[0x00000100] = 0x0000000035600003
  [OK] Maps to physical: 0x0000000035600000
[BOOT] About to handoff via trampoline...
[BOOT] Trampoline at: 0x000000003DE51000
[BOOT] Kernel entry: 0x0000000035600000
[BOOT] BootInfo at: 0x000000003DF47000
[BOOT] Stack top: 0x0000000000210000
[BOOT] PML4: 0x000000003DE50000

[BOOT] Validating trampoline mapping:
Checking mapping for: 0x000000003DE51000
  PML4[0x00000000] = 0x000000003DE4F003
  PDPT[0x00000000] = 0x000000003DE4E003
  PD[0x000001EF] = 0x000000003CDC6003
  PT[0x00000051] = 0x000000003DE51003
  [OK] Maps to physical: 0x000000003DE51000

[BOOT] === CALLING TRAMPOLINE NOW ===
[KERNEL] guideXOS kernel_main entered
[KERNEL] Boot method: UEFI BootInfo
[KERNEL] Generic address-space frame pool initialized
[GDT] GDT loaded with 3 entries, segments reloaded
[IRQ] IDT loaded, PIC remapped, interrupts enabled
[IRQ] Master PIC mask: 0xFF Slave PIC mask: 0xFF
[PIT] Timer configured at ~00000064 Hz (divisor=0x00002E9B)
[IRQ] register_irq called for IRQ 00
[IRQ] Handler stored, unmasking...
[IRQ] Registered and unmasked IRQ 00 Master mask: 0xFE Slave mask: 0xFF
[nativeaot-gc-segment-boundary] timer services ready
[nativeaot-gc-segment-boundary] BEGIN
[nativeaot-gc-segment-boundary] Runtime foundation initialization: PASS
[nativeaot-gc-segment-boundary] Artifact staged: PASS
[nativeaot-gc-segment-boundary] Win64 PAL legacy installation: PASS
[nativeaot-gc-segment-boundary] Win64 PAL v1 installation: PASS
[nativeaot-gc-segment-boundary] GC platform installation: PASS
[IRQ] dispatch irq=00
[IRQ] dispatch irq=00
[nativeaot-gc-first-allocation] RhInitialize return=00000000 state=02000012 preGcState=00002B0F diagnosticStage=00000070 startupNativeAllocations=0000002B lastSize=00000020
[nativeaot-gc-segment-boundary] RhInitialize: PASS
[nativeaot-gc-segment-boundary] NativeAOT current-thread TLS vector: PASS
[nativeaot-gc-first-allocation] tlsGsBase=000000000392ACE0 tlsVector=000000000392ABC0 tlsBlock=000000000392ABD0 tlsIndexAssumed=0
[nativeaot-gc-segment-boundary] VM trace experiment baseline captured: PASS
[nativeaot-gc-segment-boundary] entering ManagedMain once
[nativeaot-gc-segment-boundary] Managed entry once: PASS
[nativeaot-gc-segment-boundary] Managed byte[4096] bounded loop return: PASS
[nativeaot-gc-segment-boundary] Allocation finalization: PASS
[nativeaot-gc-segment-boundary] managedStatus=00000000 finalizeStatus=00000000 completionStatus=00000001 schemaVersion=00000001 managedEntryCount=00000001 rhpNewArrayEntries=00000010 failureReason=00000000 pointerContractFailures=00000000 selectedArrayLength=00001000 derivedObjectSize=0000000000001018 hardAllocationLimit=00000180 allocationCount=00000010 fastAllocationCount=00000007 rarePathCount=00000009 realGcAllocationCount=00000009 allocationContextRefillCount=00000009 requestedObjectSize=0000000000001018 returnedObject=0000000100A0F250
[nativeaot-gc-segment-boundary] vmTraceStartCount=0000000D vmTraceEndCount=0000000F vmCommitEventCount=00000001 heapCommitEventCount=00000001 segmentTransitionCount=00000000 refillHistoryCount=00000009 refillHistoryOverflow=00000000 initialHeapCommitObserved=00000001 initialHeapCommitEventCount=00000001
[nativeaot-gc-segment-boundary] boundaryType=00000001 boundaryAllocationOrdinal=00000010 boundaryRefillOrdinal=00000009 boundaryStopObserved=00000001 boundaryCommitValidated=00000001 boundarySegmentValidated=00000000
[nativeaot-gc-segment-boundary] initialSegmentIdentity=0000000104014730
[nativeaot-gc-segment-boundary] initialSegmentBase=0000000100A00028
[nativeaot-gc-segment-boundary] initialSegmentAllocated=0000000100A00028
[nativeaot-gc-segment-boundary] initialSegmentCommitted=0000000100A11000
[nativeaot-gc-segment-boundary] initialSegmentReserved=0000000100B00000
[nativeaot-gc-segment-boundary] boundarySegmentIdentity=[IRQ] dispatch irq=00
0000000104014730
[nativeaot-gc-segment-boundary] boundarySegmentBase=0000000100A00028
[nativeaot-gc-segment-boundary] boundarySegmentAllocated=0000000100A00028
[nativeaot-gc-segment-boundary] boundarySegmentCommitted=0000000100A21000
[nativeaot-gc-segment-boundary] boundarySegmentReserved=0000000100B00000
[nativeaot-gc-segment-boundary] boundaryCommitAddress=0000000100A11000
[nativeaot-gc-segment-boundary] boundaryCommitRequested=0000000000010000
[nativeaot-gc-segment-boundary] boundaryCommitActual=0000000000010000
[nativeaot-gc-segment-boundary] boundaryCommittedBefore=0000000100A11000
[nativeaot-gc-segment-boundary] boundaryCommittedAfter=0000000100A21000
[nativeaot-gc-segment-boundary] boundaryObjectAddress=0000000100A0F250
[nativeaot-gc-segment-boundary] boundaryObjectEnd=0000000100A10268
[nativeaot-gc-segment-boundary] boundaryAllocationContextBefore=0000000100A0F238
[nativeaot-gc-segment-boundary] boundaryAllocationContextAfter=0000000100A10268
[nativeaot-gc-segment-boundary] boundaryAllocationLimitBefore=0000000100A10110
[nativeaot-gc-segment-boundary] boundaryAllocationLimitAfter=0000000100A12130
[nativeaot-gc-segment-boundary] initialHeapCommitTraceIndex=000000000000000D
[nativeaot-gc-segment-boundary] initialHeapCommitAddress=0000000100A01000
[nativeaot-gc-segment-boundary] initialHeapCommitRequested=0000000000010000
[nativeaot-gc-segment-boundary] initialHeapCommitActual=0000000000010000
[nativeaot-gc-segment-boundary] initialHeapCommittedBefore=0000000100A01000
[nativeaot-gc-segment-boundary] initialHeapCommittedAfter=0000000100A11000
[nativeaot-gc-segment-boundary] refillHistory[00000000] ordinal=00000001 allocationOrdinal=00000001 contextBefore=0000000000000000 limitBefore=0000000000000000 remainingBefore=0000000000000000 segmentIdentity=0000000104014730 segmentCommitted=0000000100A11000 segmentReserved=0000000100B00000 vmCommitObserved=00000001 boundaryType=00000000 commitAddress=0000000100A01000 commitRequested=0000000000010000 commitActual=0000000000010000
[nativeaot-gc-segment-boundary] refillHistory[00000001] ordinal=00000002 allocationOrdinal=00000002 contextBefore=0000000100A01040 limitBefore=0000000100A02030 remainingBefore=0000000000000FF0 segmentIdentity=0000000104014730 segmentCommitted=0000000100A11000 segmentReserved=0000000100B00000 vmCommitObserved=00000000 boundaryType=00000000 commitAddress=0000000000000000 commitRequested=0000000000000000 commitActual=0000000000000000
[nativeaot-gc-segment-boundary] refillHistory[00000002] ordinal=00000003 allocationOrdinal=00000004 contextBefore=0000000100A03088 limitBefore=0000000100A04050 remainingBefore=0000000000000FC8 segmentIdentity=0000000104014730 segmentCommitted=0000000100A11000 segmentReserved=0000000100B00000 vmCommitObserved=00000000 boundaryType=00000000 commitAddress=0000000000000000 commitRequested=0000000000000000 commitActual=0000000000000000
[nativeaot-gc-segment-boundary] refillHistory[00000003] ordinal=00000004 allocationOrdinal=00000006 contextBefore=0000000100A050D0 limitBefore=0000000100A06070 remainingBefore=0000000000000FA0 segmentIdentity=0000000104014730 segmentCommitted=0000000100A11000 segmentReserved=0000000100B00000 vmCommitObserved=00000000 boundaryType=00000000 commitAddress=0000000000000000 commitRequested=0000000000000000 commitActual=0000000000000000
[nativeaot-gc-segment-boundary] refillHistory[00000004] ordinal=00000005 allocationOrdinal=00000008 contextBefore=0000000100A07118 limitBefore=0000000100A08090 remainingBefore=0000000000000F78 segmentIdentity=0000000104014730 segmentCommitted=0000000100A11000 segmentReserved=0000000100B00000 vmCommitObserved=00000000 boundaryType=00000000 commitAddress=0000000000000000 [IRQ] dispatch irq=00
commitRequested=0000000000000000 commitActual=0000000000000000
[nativeaot-gc-segment-boundary] refillHistory[00000005] ordinal=00000006 allocationOrdinal=0000000A contextBefore=0000000100A09160 limitBefore=0000000100A0A0B0 remainingBefore=0000000000000F50 segmentIdentity=0000000104014730 segmentCommitted=0000000100A11000 segmentReserved=0000000100B00000 vmCommitObserved=00000000 boundaryType=00000000 commitAddress=0000000000000000 commitRequested=0000000000000000 commitActual=0000000000000000
[nativeaot-gc-segment-boundary] refillHistory[00000006] ordinal=00000007 allocationOrdinal=0000000C contextBefore=0000000100A0B1A8 limitBefore=0000000100A0C0D0 remainingBefore=0000000000000F28 segmentIdentity=0000000104014730 segmentCommitted=0000000100A11000 segmentReserved=0000000100B00000 vmCommitObserved=00000000 boundaryType=00000000 commitAddress=0000000000000000 commitRequested=0000000000000000 commitActual=0000000000000000
[nativeaot-gc-segment-boundary] refillHistory[00000007] ordinal=00000008 allocationOrdinal=0000000E contextBefore=0000000100A0D1F0 limitBefore=0000000100A0E0F0 remainingBefore=0000000000000F00 segmentIdentity=0000000104014730 segmentCommitted=0000000100A11000 segmentReserved=0000000100B00000 vmCommitObserved=00000000 boundaryType=00000000 commitAddress=0000000000000000 commitRequested=0000000000000000 commitActual=0000000000000000
[nativeaot-gc-segment-boundary] refillHistory[00000008] ordinal=00000009 allocationOrdinal=00000010 contextBefore=0000000100A0F238 limitBefore=0000000100A10110 remainingBefore=0000000000000ED8 segmentIdentity=0000000104014730 segmentCommitted=0000000100A21000 segmentReserved=0000000100B00000 vmCommitObserved=00000001 boundaryType=00000001 commitAddress=0000000100A11000 commitRequested=0000000000010000 commitActual=0000000000010000
[nativeaot-gc-segment-boundary] Exact multi-refill allocation counters: PASS
[nativeaot-gc-segment-boundary] First GC heap commit or segment transition boundary: PASS
[nativeaot-gc-segment-boundary] Source-backed segment identity and size: PASS
[nativeaot-gc-segment-boundary] No collection or finalization: PASS
[nativeaot-gc-segment-boundary] Primitive-array object and ownership validation: PASS
[nativeaot-gc-segment-boundary] Finalizer worker parked: PASS
[nativeaot-gc-segment-boundary] same-process shutdown: UNSUPPORTED
[nativeaot-gc-segment-boundary] Process teardown: PASS
[nativeaot-gc-segment-boundary] ALL_PASS
