 NativeAotGcStartupMinimal

 Timestamp is 6a654d1d (Sat Jul 25 16:56:13 2026)

 Preferred load address is 0000000010000000

 Start         Length     Name                   Class
 0001:00000000 00000070H .text$di                CODE
 0001:00000070 0005a130H .text$mn                CODE
 0001:0005a1a0 00000036H .text$mn$00             CODE
 0002:00000000 00000080H .00cfg                  DATA
 0002:00000030 00000000H .gehcont$y              DATA
 0002:00000030 00000000H .gfids$y                DATA
 0002:00000080 00002c80H .rdata                  DATA
 0002:00002d00 00000000H .rdata$CastGuardVftablesA DATA
 0002:00002d00 00000000H .rdata$CastGuardVftablesC DATA
 0002:00002d00 00000cd4H .rdata$voltmd           DATA
 0002:000039d4 0000010cH .rdata$zzzdbg           DATA
 0002:00003ae0 000000e0H .tls$                   DATA
 0002:00003bc0 00003970H .xdata                  DATA
 0002:00007530 00000218H .edata                  DATA
 0003:00000000 00000b30H .data                   DATA
 0003:00000b30 00108c54H .bss                    DATA
 0004:00000000 000031c8H .pdata                  DATA
 0005:00000000 00000038H .CRT$XCU                DATA

  Address         Publics by Value              Rva+Base               Lib:Object

 0000:00000000       __AbsoluteZero             0000000000000000     <absolute>
 0000:00000000       ___safe_se_handler_count   0000000000000000     <absolute>
 0000:00000000       ___safe_se_handler_table   0000000000000000     <absolute>
 0000:00000000       __arm64x_extra_rfe_table   0000000000000000     <absolute>
 0000:00000000       __arm64x_extra_rfe_table_size 0000000000000000     <absolute>
 0000:00000000       __arm64x_native_entrypoint 0000000000000000     <absolute>
 0000:00000000       __arm64x_redirection_metadata 0000000000000000     <absolute>
 0000:00000000       __arm64x_redirection_metadata_count 0000000000000000     <absolute>
 0000:00000000       __dynamic_value_reloc_table 0000000000000000     <absolute>
 0000:00000000       __enclave_config           0000000000000000     <absolute>
 0000:00000000       __guard_check_icall_a64n_fptr 0000000000000000     <absolute>
 0000:00000000       __guard_eh_cont_count      0000000000000000     <absolute>
 0000:00000000       __guard_eh_cont_table      0000000000000000     <absolute>
 0000:00000000       __guard_fids_count         0000000000000000     <absolute>
 0000:00000000       __guard_fids_table         0000000000000000     <absolute>
 0000:00000000       __guard_iat_count          0000000000000000     <absolute>
 0000:00000000       __guard_iat_table          0000000000000000     <absolute>
 0000:00000000       __guard_longjmp_count      0000000000000000     <absolute>
 0000:00000000       __guard_longjmp_table      0000000000000000     <absolute>
 0000:00000000       __guard_memcpy_fptr        0000000000000000     <absolute>
 0000:00000000       __hybrid_auxiliary_delayload_iat 0000000000000000     <absolute>
 0000:00000000       __hybrid_auxiliary_delayload_iat_copy 0000000000000000     <absolute>
 0000:00000000       __hybrid_auxiliary_iat     0000000000000000     <absolute>
 0000:00000000       __hybrid_auxiliary_iat_copy 0000000000000000     <absolute>
 0000:00000000       __hybrid_code_map          0000000000000000     <absolute>
 0000:00000000       __hybrid_code_map_count    0000000000000000     <absolute>
 0000:00000000       __hybrid_image_info_bitfield 0000000000000000     <absolute>
 0000:00000000       __x64_code_ranges_to_entry_points 0000000000000000     <absolute>
 0000:00000000       __x64_code_ranges_to_entry_points_count 0000000000000000     <absolute>
 0000:00000100       __guard_flags              0000000000000100     <absolute>
 0000:00000000       __ImageBase                0000000010000000     <linker-defined>
 0001:00000070       ?CreateHandleStore@GCHandleManager@@UEAAPEAVIGCHandleStore@@XZ 0000000010001070 f   Runtime.WorkstationGC.guidexos-nativeaot-gc-startup:gchandletable.cpp.obj
 0001:00000070       ?FireEtwBGC1stConEnd@@YAKGPEBU_GUID@@0@Z 0000000010001070 f   eventpipe-disabled:disabledclretwallmain.cpp.obj
 0001:00000070       ?FireEtwBGC1stNonConEnd@@YAKGPEBU_GUID@@0@Z 0000000010001070 f   eventpipe-disabled:disabledclretwallmain.cpp.obj
 0001:00000070       ?FireEtwBGC1stSweepEnd@@YAKIGPEBU_GUID@@0@Z 0000000010001070 f   eventpipe-disabled:disabledclretwallmain.cpp.obj
 0001:00000070       ?FireEtwBGC2ndConBegin@@YAKGPEBU_GUID@@0@Z 0000000010001070 f   eventpipe-disabled:disabledclretwallmain.cpp.obj
 0001:00000070       ?FireEtwBGC2ndConEnd@@YAKGPEBU_GUID@@0@Z 0000000010001070 f   eventpipe-disabled:disabledclretwallmain.cpp.obj
 0001:00000070       ?FireEtwBGC2ndNonConBegin@@YAKGPEBU_GUID@@0@Z 0000000010001070 f   eventpipe-disabled:disabledclretwallmain.cpp.obj
 0001:00000070       ?FireEtwBGC2ndNonConEnd@@YAKGPEBU_GUID@@0@Z 0000000010001070 f   eventpipe-disabled:disabledclretwallmain.cpp.obj
 0001:00000070       ?FireEtwBGCAllocWaitBegin@@YAKIGPEBU_GUID@@0@Z 0000000010001070 f   eventpipe-disabled:disabledclretwallmain.cpp.obj
 0001:00000070       ?FireEtwBGCAllocWaitEnd@@YAKIGPEBU_GUID@@0@Z 0000000010001070 f   eventpipe-disabled:disabledclretwallmain.cpp.obj
 0001:00000070       ?FireEtwBGCBegin@@YAKGPEBU_GUID@@0@Z 0000000010001070 f   eventpipe-disabled:disabledclretwallmain.cpp.obj
 0001:00000070       ?FireEtwBGCDrainMark@@YAK_KGPEBU_GUID@@1@Z 0000000010001070 f   eventpipe-disabled:disabledclretwallmain.cpp.obj
 0001:00000070       ?FireEtwBGCOverflow_V1@@YAK_K00IGIPEBU_GUID@@1@Z 0000000010001070 f   eventpipe-disabled:disabledclretwallmain.cpp.obj
 0001:00000070       ?FireEtwBGCRevisit@@YAK_K0IGPEBU_GUID@@1@Z 0000000010001070 f   eventpipe-disabled:disabledclretwallmain.cpp.obj
 0001:00000070       ?FireEtwDestroyGCHandle@@YAKPEBXGPEBU_GUID@@1@Z 0000000010001070 f   eventpipe-disabled:disabledclretwallmain.cpp.obj
 0001:00000070       ?FireEtwGCAllocationTick_V4@@YAKIIG_KPEBXPEB_WI10PEBU_GUID@@3@Z 0000000010001070 f   eventpipe-disabled:disabledclretwallmain.cpp.obj
 0001:00000070       ?FireEtwGCCreateConcurrentThread_V1@@YAKGPEBU_GUID@@0@Z 0000000010001070 f   eventpipe-disabled:disabledclretwallmain.cpp.obj
 0001:00000070       ?FireEtwGCCreateSegment_V1@@YAK_K0IGPEBU_GUID@@1@Z 0000000010001070 f   eventpipe-disabled:disabledclretwallmain.cpp.obj
 0001:00000070       ?FireEtwGCDynamicEvent@@YAKPEB_WIPEBEGPEBU_GUID@@2@Z 0000000010001070 f   eventpipe-disabled:disabledclretwallmain.cpp.obj
 0001:00000070       ?FireEtwGCEnd_V1@@YAKIIGPEBU_GUID@@0@Z 0000000010001070 f   eventpipe-disabled:disabledclretwallmain.cpp.obj
 0001:00000070       ?FireEtwGCFitBucketInfo@@YAKGG_KGHPEBXPEBU_GUID@@2@Z 0000000010001070 f   eventpipe-disabled:disabledclretwallmain.cpp.obj
 0001:00000070       ?FireEtwGCFreeSegment_V1@@YAK_KGPEBU_GUID@@1@Z 0000000010001070 f   eventpipe-disabled:disabledclretwallmain.cpp.obj
 0001:00000070       ?FireEtwGCFullNotify_V1@@YAKIIGPEBU_GUID@@0@Z 0000000010001070 f   eventpipe-disabled:disabledclretwallmain.cpp.obj
 0001:00000070       ?FireEtwGCGenerationRange@@YAKEPEBX_K1GPEBU_GUID@@2@Z 0000000010001070 f   eventpipe-disabled:disabledclretwallmain.cpp.obj
 0001:00000070       ?FireEtwGCGlobalHeapHistory_V4@@YAK_KHIIIIGIIIIIHPEBXPEBU_GUID@@2@Z 0000000010001070 f   eventpipe-disabled:disabledclretwallmain.cpp.obj
 0001:00000070       ?FireEtwGCHeapStats_V2@@YAK_K000000000IIIG00PEBU_GUID@@1@Z 0000000010001070 f   eventpipe-disabled:disabledclretwallmain.cpp.obj
 0001:00000070       ?FireEtwGCJoin_V2@@YAKIIIGIPEBU_GUID@@0@Z 0000000010001070 f   eventpipe-disabled:disabledclretwallmain.cpp.obj
 0001:00000070       ?FireEtwGCLOHCompact@@YAKGGHPEBXPEBU_GUID@@1@Z 0000000010001070 f   eventpipe-disabled:disabledclretwallmain.cpp.obj
 0001:00000070       ?FireEtwGCMarkWithType@@YAKIGI_KPEBU_GUID@@1@Z 0000000010001070 f   eventpipe-disabled:disabledclretwallmain.cpp.obj
 0001:00000070       ?FireEtwGCPerHeapHistory_V3@@YAKGPEBX00000IIIIII0IH0PEBU_GUID@@1@Z 0000000010001070 f   eventpipe-disabled:disabledclretwallmain.cpp.obj
 0001:00000070       ?FireEtwGCRestartEEBegin_V1@@YAKGPEBU_GUID@@0@Z 0000000010001070 f   eventpipe-disabled:disabledclretwallmain.cpp.obj
 0001:00000070       ?FireEtwGCRestartEEEnd_V1@@YAKGPEBU_GUID@@0@Z 0000000010001070 f   eventpipe-disabled:disabledclretwallmain.cpp.obj
 0001:00000070       ?FireEtwGCSuspendEEBegin_V1@@YAKIIGPEBU_GUID@@0@Z 0000000010001070 f   eventpipe-disabled:disabledclretwallmain.cpp.obj
 0001:00000070       ?FireEtwGCSuspendEEEnd_V1@@YAKGPEBU_GUID@@0@Z 0000000010001070 f   eventpipe-disabled:disabledclretwallmain.cpp.obj
 0001:00000070       ?FireEtwGCTerminateConcurrentThread_V1@@YAKGPEBU_GUID@@0@Z 0000000010001070 f   eventpipe-disabled:disabledclretwallmain.cpp.obj
 0001:00000070       ?FireEtwGCTriggered@@YAKIGPEBU_GUID@@0@Z 0000000010001070 f   eventpipe-disabled:disabledclretwallmain.cpp.obj
 0001:00000070       ?FireEtwPinObjectAtGCTime@@YAKPEBX0_KPEB_WGPEBU_GUID@@3@Z 0000000010001070 f   eventpipe-disabled:disabledclretwallmain.cpp.obj
 0001:00000070       ?FireEtwPinPlugAtGCTime@@YAKPEBX00GPEBU_GUID@@1@Z 0000000010001070 f   eventpipe-disabled:disabledclretwallmain.cpp.obj
 0001:00000070       ?FireEtwPrvDestroyGCHandle@@YAKPEBXGPEBU_GUID@@1@Z 0000000010001070 f   eventpipe-disabled:disabledclretwallmain.cpp.obj
 0001:00000070       ?FireEtwPrvSetGCHandle@@YAKPEBX0II_KGPEBU_GUID@@2@Z 0000000010001070 f   eventpipe-disabled:disabledclretwallmain.cpp.obj
 0001:00000070       ?FireEtwSetGCHandle@@YAKPEBX0II_KGPEBU_GUID@@2@Z 0000000010001070 f   eventpipe-disabled:disabledclretwallmain.cpp.obj
 0001:00000070       ?GetActiveSyncBlockCount@GCToEEInterface@@SAIXZ 0000000010001070 f   Runtime.WorkstationGC.guidexos-nativeaot-gc-startup:gcenv.ee.cpp.obj
 0001:00000070       ?GetHomeHeapNumber@GCHeap@WKS@@UEAAHXZ 0000000010001070 f   Runtime.WorkstationGC.guidexos-nativeaot-gc-startup:gcwks.cpp.obj
 0001:00000070       ?ShouldTrackMovementForEtw@GCLog@ETW@@SAHXZ 0000000010001070 f   eventpipe-disabled:disabledeventtrace.cpp.obj
 0001:00000070       ?reserveAndCommitLargePages@virtual_memory@nativeaot@guidexos@@YAPEAX_KG@Z 0000000010001070 f   Runtime.WorkstationGC.guidexos-nativeaot-gc-startup:guidexos_nativeaot_gcenv_startup_bridge.obj
 0001:00000070       AddVectoredExceptionHandler 0000000010001070 f   guidexos_nativeaot_gc_startup_probe.obj
 0001:00000070       GetEnabledXStateFeatures   0000000010001070 f   guidexos_nativeaot_gc_startup_probe.obj
 0001:00000070       GetEnvironmentVariableW    0000000010001070 f   guidexos_nativeaot_gc_startup_probe.obj
 0001:00000070       GetModuleHandleW           0000000010001070 f   guidexos_nativeaot_gc_startup_probe.obj
 0001:00000070       GetProcAddress             0000000010001070 f   guidexos_nativeaot_gc_startup_probe.obj
 0001:00000070       PalAreShadowStacksEnabled  0000000010001070 f   Runtime.WorkstationGC.guidexos-nativeaot-gc-startup:PalRedhawkMinWin.gc-startup.obj
 0001:00000070       PalCreateLowMemoryResourceNotification 0000000010001070 f   Runtime.WorkstationGC.guidexos-nativeaot-gc-startup:PalRedhawkMinWin.gc-startup.obj
 0001:00000070       RhpCidResolve              0000000010001070 f   guidexos_nativeaot_gc_startup_probe.obj
 0001:00000070       SetUnhandledExceptionFilter 0000000010001070 f   guidexos_nativeaot_gc_startup_probe.obj
 0001:00000070       atexit                     0000000010001070 f   guidexos_nativeaot_gc_startup_probe.obj
 0001:00000080       ProcessFinalizers          0000000010001080 f   guidexos_nativeaot_gc_startup_probe.obj
 0001:00000080       RaiseFailFastException     0000000010001080 f   guidexos_nativeaot_gc_startup_probe.obj
 0001:00000080       RhRethrow                  0000000010001080 f   guidexos_nativeaot_gc_startup_probe.obj
 0001:00000080       RhThrowEx                  0000000010001080 f   guidexos_nativeaot_gc_startup_probe.obj
 0001:00000080       RhThrowHwEx                0000000010001080 f   guidexos_nativeaot_gc_startup_probe.obj
 0001:00000080       RhpFailFastForPInvokeExceptionCoop 0000000010001080 f   guidexos_nativeaot_gc_startup_probe.obj
 0001:00000080       RhpFailFastForPInvokeExceptionPreemp 0000000010001080 f   guidexos_nativeaot_gc_startup_probe.obj
 0001:00000080       _wassert                   0000000010001080 f   guidexos_nativeaot_gc_startup_probe.obj
 0001:00000080       abort                      0000000010001080 f   guidexos_nativeaot_gc_startup_probe.obj
 0001:00000090       ??1Iterator@ThreadStore@@QEAA@XZ 0000000010001090 f   Runtime.WorkstationGC.guidexos-nativeaot-gc-startup:threadstore.cpp.obj
 0001:00000090       ??3@YAXPEAX_K@Z            0000000010001090 f   guidexos_nativeaot_gc_startup_probe.obj
 0001:00000090       ??_V@YAXPEAX@Z             0000000010001090 f   guidexos_nativeaot_gc_startup_probe.obj
 0001:00000090       ?BeforeGcScanRoots@GCToEEInterface@@SAXH_N0@Z 0000000010001090 f   Runtime.WorkstationGC.guidexos-nativeaot-gc-startup:gcenv.ee.cpp.obj
 0001:00000090       ?BeginMovedReferences@GCLog@ETW@@SAXPEA_K@Z 0000000010001090 f   eventpipe-disabled:disabledeventtrace.cpp.obj
 0001:00000090       ?DiagAddNewRegion@GCToEEInterface@@SAXHPEAE00@Z 0000000010001090 f   Runtime.WorkstationGC.guidexos-nativeaot-gc-startup:gcenv.ee.cpp.obj
 0001:00000090       ?DiagGCStart@GCToEEInterface@@SAXH_N@Z 0000000010001090 f   Runtime.WorkstationGC.guidexos-nativeaot-gc-startup:gcenv.ee.cpp.obj
 0001:00000090       ?DiagUpdateGenerationBounds@GCToEEInterface@@SAXXZ 0000000010001090 f   Runtime.WorkstationGC.guidexos-nativeaot-gc-startup:gcenv.ee.cpp.obj
 0001:00000090       ?DiagWalkFReachableObjects@GCToEEInterface@@SAXPEAX@Z 0000000010001090 f   Runtime.WorkstationGC.guidexos-nativeaot-gc-startup:gcenv.ee.cpp.obj
 0001:00000090       ?DiagnosticServer_PauseForDiagnosticsMonitor@@YAXXZ 0000000010001090 f   eventpipe-disabled:DisabledEventPipeInterface.cpp.obj
 0001:00000090       ?EndMovedReferences@GCLog@ETW@@SAX_KH@Z 0000000010001090 f   eventpipe-disabled:disabledeventtrace.cpp.obj
 0001:00000090       ?EventPipe_FinishInitialize@@YAXXZ 0000000010001090 f   eventpipe-disabled:DisabledEventPipeInterface.cpp.obj
 0001:00000090       ?EventPipe_Initialize@@YAXXZ 0000000010001090 f   eventpipe-disabled:DisabledEventPipeInterface.cpp.obj
 0001:00000090       ?EventPipe_Shutdown@@YAXXZ 0000000010001090 f   eventpipe-disabled:DisabledEventPipeInterface.cpp.obj
 0001:00000090       ?FiberDetachCallback@@YAXPEAX@Z 0000000010001090 f   Runtime.WorkstationGC.guidexos-nativeaot-gc-startup:PalRedhawkMinWin.gc-startup.obj
 0001:00000090       ?FireGCAllocationTick_V1@GCToCLREventSink@@UEAAXII@Z 0000000010001090 f   Runtime.WorkstationGC.guidexos-nativeaot-gc-startup:gctoclreventsink.cpp.obj
 0001:00000090       ?FireGcStart@GCLog@ETW@@SAXPEATst_GCEventInfo@12@@Z 0000000010001090 f   eventpipe-disabled:disabledeventtrace.cpp.obj
 0001:00000090       ?HandleFatalError@GCToEEInterface@@SAXI@Z 0000000010001090 f   Runtime.WorkstationGC.guidexos-nativeaot-gc-startup:gcenv.ee.cpp.obj
 0001:00000090       ?InitializeGCEventLock@@YAXXZ 0000000010001090 f   standalonegc-disabled:clrgc.disabled.cpp.obj
 0001:00000090       ?LogErrorToHost@GCToEEInterface@@SAXPEBD@Z 0000000010001090 f   Runtime.WorkstationGC.guidexos-nativeaot-gc-startup:gcenv.ee.cpp.obj
 0001:00000090       ?Shutdown@GCHeap@WKS@@UEAAXXZ 0000000010001090 f   Runtime.WorkstationGC.guidexos-nativeaot-gc-startup:gcwks.cpp.obj
 0001:00000090       ?SyncBlockCacheDemote@GCToEEInterface@@SAXH@Z 0000000010001090 f   Runtime.WorkstationGC.guidexos-nativeaot-gc-startup:gcenv.ee.cpp.obj
 0001:00000090       ?SyncBlockCachePromotionsGranted@GCToEEInterface@@SAXH@Z 0000000010001090 f   Runtime.WorkstationGC.guidexos-nativeaot-gc-startup:gcenv.ee.cpp.obj
 0001:00000090       ?SyncBlockCacheWeakPtrScan@GCToEEInterface@@SAXP6AXPEAPEAVObject@@PEA_K_K2@Z22@Z 0000000010001090 f   Runtime.WorkstationGC.guidexos-nativeaot-gc-startup:gcenv.ee.cpp.obj
 0001:00000090       ?VerifySyncTableEntry@GCToEEInterface@@SAXXZ 0000000010001090 f   Runtime.WorkstationGC.guidexos-nativeaot-gc-startup:gcenv.ee.cpp.obj
 0001:00000090       ?WalkHeap@GCLog@ETW@@SAXXZ 0000000010001090 f   eventpipe-disabled:disabledeventtrace.cpp.obj
 0001:00000090       ?WalkMovedReferences@@YAXPEAE0_JPEAX_N3@Z 0000000010001090 f   Runtime.WorkstationGC.guidexos-nativeaot-gc-startup:gcenv.ee.cpp.obj
 0001:00000090       ?flushProcessWriteBuffers@gcservices@nativeaot@guidexos@@YAXXZ 0000000010001090 f   Runtime.WorkstationGC.guidexos-nativeaot-gc-startup:guidexos_nativeaot_gcenv_startup_bridge.obj
 0001:00000090       FlushProcessWriteBuffers   0000000010001090 f   guidexos_nativeaot_gc_startup_probe.obj
 0001:00000090       GetStartupInfoW            0000000010001090 f   guidexos_nativeaot_gc_startup_probe.obj
 0001:00000090       PalHijack                  0000000010001090 f   Runtime.WorkstationGC.guidexos-nativeaot-gc-startup:PalRedhawkMinWin.gc-startup.obj
 0001:00000090       _guard_check_icall_nop     0000000010001090 f   LIBCMT:guard_support.obj
 0001:000000a0       ??2@YAPEAX_KAEBUnothrow_t@std@@@Z 00000000100010a0 f   guidexos_nativeaot_gc_startup_probe.obj
 0001:000000a0       ??_U@YAPEAX_KAEBUnothrow_t@std@@@Z 00000000100010a0 f   guidexos_nativeaot_gc_startup_probe.obj
 0001:00000110       CloseHandle                0000000010001110 f   guidexos_nativeaot_gc_startup_probe.obj
 0001:00000130       DeleteCriticalSection      0000000010001130 f   guidexos_nativeaot_gc_startup_probe.obj
 0001:00000170       EnterCriticalSection       0000000010001170 f   guidexos_nativeaot_gc_startup_probe.obj
 0001:00000230       GetCurrentThreadId         0000000010001230 f   guidexos_nativeaot_gc_startup_probe.obj
 0001:00000260       GetSystemTimeAsFileTime    0000000010001260 f   guidexos_nativeaot_gc_startup_probe.obj
 0001:00000270       GuideXosNativeAotGcStartupGetAllocationCount 0000000010001270 f   guidexos_nativeaot_gc_startup_probe.obj
 0001:00000280       GuideXosNativeAotGcStartupGetDiagnosticStage 0000000010001280 f   guidexos_nativeaot_gc_startup_probe.obj
 0001:00000290       GuideXosNativeAotGcStartupGetLastAllocationSize 0000000010001290 f   guidexos_nativeaot_gc_startup_probe.obj
 0001:000002a0       GuideXosNativeAotGcStartupGetPreGcState 00000000100012a0 f   guidexos_nativeaot_gc_startup_probe.obj
 0001:00000310       GuideXosNativeAotGcStartupGetState 0000000010001310 f   guidexos_nativeaot_gc_startup_probe.obj
 0001:00000330       GuideXosNativeAotGcStartupInstallHookTable 0000000010001330 f   guidexos_nativeaot_gc_startup_probe.obj
 0001:00000340       GuideXosNativeAotGcStartupInstallPalHooks 0000000010001340 f   guidexos_nativeaot_gc_startup_probe.obj
 0001:00000350       GuideXosNativeAotGcStartupInstallPlatformHooks 0000000010001350 f   guidexos_nativeaot_gc_startup_probe.obj
 0001:00000360       GuideXosNativeAotGcStartupMain 0000000010001360 f   guidexos_nativeaot_gc_startup_probe.obj
 0001:00000380       InitializeCriticalSectionEx 0000000010001380 f   guidexos_nativeaot_gc_startup_probe.obj
 0001:000003e0       LeaveCriticalSection       00000000100013e0 f   guidexos_nativeaot_gc_startup_probe.obj
 0001:00000450       SetEvent                   0000000010001450 f   guidexos_nativeaot_gc_startup_probe.obj
 0001:00000470       WaitForSingleObjectEx      0000000010001470 f   guidexos_nativeaot_gc_startup_probe.obj
 0001:000004a0       _stricmp                   00000000100014a0 f   guidexos_nativeaot_gc_startup_probe.obj
 0001:00000540       strtoull                   0000000010001540 f   guidexos_nativeaot_gc_startup_probe.obj
 0001:00000820       RhInitialize               0000000010001820 f   startup-diagnostic.obj
 0001:000008c0       ?GetLastAllocEEType@@YAPEAVMethodTable@@XZ 00000000100018c0 f   gc-helpers-diagnostic.obj
 0001:000008e0       ?InitializeGC@@YA_NXZ      00000000100018e0 f   gc-helpers-diagnostic.obj
 0001:00000a60       memcpy                     0000000010001a60 f   runtime_support.obj
 0001:00000ae0       memset                     0000000010001ae0 f   runtime_support.obj
 0001:00000b50       memmove                    0000000010001b50 f   runtime_support.obj
 0001:00000c40       memcmp                     0000000010001c40 f   runtime_support.obj
 0001:00000d00       strlen                     0000000010001d00 f   runtime_support.obj
 0001:00000d50       strcmp                     0000000010001d50 f   runtime_support.obj
 0001:00000df0       strncmp                    0000000010001df0 f   runtime_support.obj
 0001:00000ed0       strchr                     0000000010001ed0 f   runtime_support.obj
 0001:00000f50       strrchr                    0000000010001f50 f   runtime_support.obj
 0001:00000fd0       strstr                     0000000010001fd0 f   runtime_support.obj
 0001:000010b0       _purecall                  00000000100020b0 f   runtime_support.obj
 0001:000010c0       __CxxFrameHandler4         00000000100020c0 f   runtime_support.obj
 0001:000010d0       __C_specific_handler       00000000100020d0 f   runtime_support.obj
 0001:000010e0       __vcrt_initialize          00000000100020e0 f   runtime_support.obj
 0001:000010f0       __vcrt_uninitialize        00000000100020f0 f   runtime_support.obj
 0001:00001100       __vcrt_uninitialize_critical 0000000010002100 f   runtime_support.obj
 0001:00001110       __vcrt_thread_attach       0000000010002110 f   runtime_support.obj
 0001:00001120       __vcrt_thread_detach       0000000010002120 f   runtime_support.obj
 0001:00001130       __acrt_initialize          0000000010002130 f   runtime_support.obj
 0001:00001140       __acrt_uninitialize        0000000010002140 f   runtime_support.obj
 0001:00001150       __acrt_uninitialize_critical 0000000010002150 f   runtime_support.obj
 0001:00001160       __acrt_thread_attach       0000000010002160 f   runtime_support.obj
 0001:00001170       __acrt_thread_detach       0000000010002170 f   runtime_support.obj
 0001:00001180       _is_c_termination_complete 0000000010002180 f   runtime_support.obj
 0001:00001190       __current_exception        0000000010002190 f   runtime_support.obj
 0001:000011a0       __current_exception_context 00000000100021a0 f   runtime_support.obj
 0001:000011b0       __std_exception_copy       00000000100021b0 f   runtime_support.obj
 0001:000011c0       __std_exception_destroy    00000000100021c0 f   runtime_support.obj
 0001:000011d0       _CxxThrowException         00000000100021d0 f   runtime_support.obj
 0001:00001270       guidexos_nativeaot_pal_counter 0000000010002270 f   Runtime.WorkstationGC.guidexos-nativeaot-gc-startup:guidexos_nativeaot_pal_contract.obj
 0001:00001320       guidexos_nativeaot_pal_create_event 0000000010002320 f   Runtime.WorkstationGC.guidexos-nativeaot-gc-startup:guidexos_nativeaot_pal_contract.obj
 0001:00001390       guidexos_nativeaot_pal_create_thread 0000000010002390 f   Runtime.WorkstationGC.guidexos-nativeaot-gc-startup:guidexos_nativeaot_pal_contract.obj
 0001:000014f0       guidexos_nativeaot_pal_current_process 00000000100024f0 f   Runtime.WorkstationGC.guidexos-nativeaot-gc-startup:guidexos_nativeaot_pal_contract.obj
 0001:00001550       guidexos_nativeaot_pal_current_thread 0000000010002550 f   Runtime.WorkstationGC.guidexos-nativeaot-gc-startup:guidexos_nativeaot_pal_contract.obj
 0001:000015b0       guidexos_nativeaot_pal_current_thread_id 00000000100025b0 f   Runtime.WorkstationGC.guidexos-nativeaot-gc-startup:guidexos_nativeaot_pal_contract.obj
 0001:00001670       guidexos_nativeaot_pal_duplicate_handle 0000000010002670 f   Runtime.WorkstationGC.guidexos-nativeaot-gc-startup:guidexos_nativeaot_pal_contract.obj
 0001:00001710       guidexos_nativeaot_pal_fail_fast 0000000010002710 f   Runtime.WorkstationGC.guidexos-nativeaot-gc-startup:guidexos_nativeaot_pal_contract.obj
 0001:000017c0       guidexos_nativeaot_pal_fail_fast_default 00000000100027c0 f   Runtime.WorkstationGC.guidexos-nativeaot-gc-startup:guidexos_nativeaot_pal_contract.obj
 0001:000017d0       guidexos_nativeaot_pal_fls_alloc 00000000100027d0 f   Runtime.WorkstationGC.guidexos-nativeaot-gc-startup:guidexos_nativeaot_pal_contract.obj
 0001:00001840       guidexos_nativeaot_pal_fls_free 0000000010002840 f   Runtime.WorkstationGC.guidexos-nativeaot-gc-startup:guidexos_nativeaot_pal_contract.obj
 0001:000018b0       guidexos_nativeaot_pal_fls_get 00000000100028b0 f   Runtime.WorkstationGC.guidexos-nativeaot-gc-startup:guidexos_nativeaot_pal_contract.obj
 0001:00001920       guidexos_nativeaot_pal_fls_set 0000000010002920 f   Runtime.WorkstationGC.guidexos-nativeaot-gc-startup:guidexos_nativeaot_pal_contract.obj
 0001:00001990       guidexos_nativeaot_pal_frequency 0000000010002990 f   Runtime.WorkstationGC.guidexos-nativeaot-gc-startup:guidexos_nativeaot_pal_contract.obj
 0001:00001a50       guidexos_nativeaot_pal_get_last_error 0000000010002a50 f   Runtime.WorkstationGC.guidexos-nativeaot-gc-startup:guidexos_nativeaot_pal_contract.obj
 0001:00001ac0       guidexos_nativeaot_pal_install_hook_table 0000000010002ac0 f   Runtime.WorkstationGC.guidexos-nativeaot-gc-startup:guidexos_nativeaot_pal_contract.obj
 0001:00001d00       guidexos_nativeaot_pal_install_hooks 0000000010002d00 f   Runtime.WorkstationGC.guidexos-nativeaot-gc-startup:guidexos_nativeaot_pal_contract.obj
 0001:00001f20       guidexos_nativeaot_pal_set_last_error 0000000010002f20 f   Runtime.WorkstationGC.guidexos-nativeaot-gc-startup:guidexos_nativeaot_pal_contract.obj
 0001:00001f80       guidexos_nativeaot_pal_sleep 0000000010002f80 f   Runtime.WorkstationGC.guidexos-nativeaot-gc-startup:guidexos_nativeaot_pal_contract.obj
 0001:00002020       guidexos_nativeaot_pal_stack_bounds 0000000010003020 f   Runtime.WorkstationGC.guidexos-nativeaot-gc-startup:guidexos_nativeaot_pal_contract.obj
 0001:000020f0       guidexos_nativeaot_pal_static_module_from_pointer 00000000100030f0 f   Runtime.WorkstationGC.guidexos-nativeaot-gc-startup:guidexos_nativeaot_pal_contract.obj
 0001:00002160       guidexos_nativeaot_pal_wait_any 0000000010003160 f   Runtime.WorkstationGC.guidexos-nativeaot-gc-startup:guidexos_nativeaot_pal_contract.obj
 0001:000021e0       guidexos_nativeaot_pal_yield 00000000100031e0 f   Runtime.WorkstationGC.guidexos-nativeaot-gc-startup:guidexos_nativeaot_pal_contract.obj
 0001:00002450       guidexos_nativeaot_gc_allocation_granularity 0000000010003450 f   Runtime.WorkstationGC.guidexos-nativeaot-gc-startup:guidexos_nativeaot_gc_startup_platform_contract.obj
 0001:00002470       guidexos_nativeaot_gc_close_event 0000000010003470 f   Runtime.WorkstationGC.guidexos-nativeaot-gc-startup:guidexos_nativeaot_gc_startup_platform_contract.obj
 0001:000024a0       guidexos_nativeaot_gc_commit 00000000100034a0 f   Runtime.WorkstationGC.guidexos-nativeaot-gc-startup:guidexos_nativeaot_gc_startup_platform_contract.obj
 0001:000024d0       guidexos_nativeaot_gc_create_event 00000000100034d0 f   Runtime.WorkstationGC.guidexos-nativeaot-gc-startup:guidexos_nativeaot_gc_startup_platform_contract.obj
 0001:00002500       guidexos_nativeaot_gc_decommit 0000000010003500 f   Runtime.WorkstationGC.guidexos-nativeaot-gc-startup:guidexos_nativeaot_gc_startup_platform_contract.obj
 0001:00002530       guidexos_nativeaot_gc_install_startup_platform_hooks 0000000010003530 f   Runtime.WorkstationGC.guidexos-nativeaot-gc-startup:guidexos_nativeaot_gc_startup_platform_contract.obj
 0001:00002620       guidexos_nativeaot_gc_memory_status 0000000010003620 f   Runtime.WorkstationGC.guidexos-nativeaot-gc-startup:guidexos_nativeaot_gc_startup_platform_contract.obj
 0001:00002640       guidexos_nativeaot_gc_page_size 0000000010003640 f   Runtime.WorkstationGC.guidexos-nativeaot-gc-startup:guidexos_nativeaot_gc_startup_platform_contract.obj
 0001:00002660       guidexos_nativeaot_gc_physical_memory_limit 0000000010003660 f   Runtime.WorkstationGC.guidexos-nativeaot-gc-startup:guidexos_nativeaot_gc_startup_platform_contract.obj
 0001:00002690       guidexos_nativeaot_gc_release 0000000010003690 f   Runtime.WorkstationGC.guidexos-nativeaot-gc-startup:guidexos_nativeaot_gc_startup_platform_contract.obj
 0001:000026c0       guidexos_nativeaot_gc_reserve 00000000100036c0 f   Runtime.WorkstationGC.guidexos-nativeaot-gc-startup:guidexos_nativeaot_gc_startup_platform_contract.obj
 0001:000026f0       guidexos_nativeaot_gc_reset 00000000100036f0 f   Runtime.WorkstationGC.guidexos-nativeaot-gc-startup:guidexos_nativeaot_gc_startup_platform_contract.obj
 0001:00002720       guidexos_nativeaot_gc_reset_event 0000000010003720 f   Runtime.WorkstationGC.guidexos-nativeaot-gc-startup:guidexos_nativeaot_gc_startup_platform_contract.obj
 0001:00002750       guidexos_nativeaot_gc_set_event 0000000010003750 f   Runtime.WorkstationGC.guidexos-nativeaot-gc-startup:guidexos_nativeaot_gc_startup_platform_contract.obj
 0001:00002780       guidexos_nativeaot_gc_virtual_memory_limit 0000000010003780 f   Runtime.WorkstationGC.guidexos-nativeaot-gc-startup:guidexos_nativeaot_gc_startup_platform_contract.obj
 0001:000027a0       guidexos_nativeaot_gc_wait_event 00000000100037a0 f   Runtime.WorkstationGC.guidexos-nativeaot-gc-startup:guidexos_nativeaot_gc_startup_platform_contract.obj
 0001:000027d0       ?EnableConservativeStackReporting@RuntimeInstance@@QEAAXXZ 00000000100037d0 f   Runtime.WorkstationGC.guidexos-nativeaot-gc-startup:RuntimeInstance.cpp.obj
 0001:000027e0       ?GetCodeManagerForAddress@RuntimeInstance@@QEAAPEAVICodeManager@@PEAX@Z 00000000100037e0 f   Runtime.WorkstationGC.guidexos-nativeaot-gc-startup:RuntimeInstance.cpp.obj
 0001:00002800       ?GetRuntimeInstance@@YAPEAVRuntimeInstance@@XZ 0000000010003800 f   Runtime.WorkstationGC.guidexos-nativeaot-gc-startup:RuntimeInstance.cpp.obj
 0001:00002810       ?GetThreadStore@RuntimeInstance@@QEAAPEAVThreadStore@@XZ 0000000010003810 f   Runtime.WorkstationGC.guidexos-nativeaot-gc-startup:RuntimeInstance.cpp.obj
 0001:00002820       ?Initialize@RuntimeInstance@@SA_NPEAX@Z 0000000010003820 f   Runtime.WorkstationGC.guidexos-nativeaot-gc-startup:RuntimeInstance.cpp.obj
 0001:000028f0       ?IsManaged@RuntimeInstance@@QEAA_NPEAX@Z 00000000100038f0 f   Runtime.WorkstationGC.guidexos-nativeaot-gc-startup:RuntimeInstance.cpp.obj
 0001:00002900       ?InitializeDefaultGC@@YAJXZ 0000000010003900 f   Runtime.WorkstationGC.guidexos-nativeaot-gc-startup:gcheaputilities.cpp.obj
 0001:00002950       ?InitializeGC@GCHeapUtilities@@SAJXZ 0000000010003950 f   Runtime.WorkstationGC.guidexos-nativeaot-gc-startup:gcheaputilities.cpp.obj
 0001:000029b0       PalAllocateCompleteOSContext 00000000100039b0 f   Runtime.WorkstationGC.guidexos-nativeaot-gc-startup:PalRedhawkMinWin.gc-startup.obj
 0001:000029c0       PalAttachThread            00000000100039c0 f   Runtime.WorkstationGC.guidexos-nativeaot-gc-startup:PalRedhawkMinWin.gc-startup.obj
 0001:00002a20       PalCompatibleWaitAny       0000000010003a20 f   Runtime.WorkstationGC.guidexos-nativeaot-gc-startup:PalRedhawkMinWin.gc-startup.obj
 0001:00002a50       PalCreateEventW            0000000010003a50 f   Runtime.WorkstationGC.guidexos-nativeaot-gc-startup:PalRedhawkMinWin.gc-startup.obj
 0001:00002a70       ?DiagnosticServer_Initialize@@YA_NXZ 0000000010003a70 f   eventpipe-disabled:DisabledEventPipeInterface.cpp.obj
 0001:00002a70       ?DiagnosticServer_Shutdown@@YA_NXZ 0000000010003a70 f   eventpipe-disabled:DisabledEventPipeInterface.cpp.obj
 0001:00002a70       ?GetStringConfigValue@GCToEEInterface@@SA_NPEBD0PEAPEBD@Z 0000000010003a70 f   Runtime.WorkstationGC.guidexos-nativeaot-gc-startup:gcenv.ee.cpp.obj
 0001:00002a70       ?StressHeap@GCHeap@WKS@@UEAA_NPEAUgc_alloc_context@@@Z 0000000010003a70 f   Runtime.WorkstationGC.guidexos-nativeaot-gc-startup:gcwks.cpp.obj
 0001:00002a70       ?supportsWriteWatch@virtual_memory@nativeaot@guidexos@@YA_NXZ 0000000010003a70 f   Runtime.WorkstationGC.guidexos-nativeaot-gc-startup:guidexos_nativeaot_gcenv_startup_bridge.obj
 0001:00002a70       PalGetCompleteThreadContext 0000000010003a70 f   Runtime.WorkstationGC.guidexos-nativeaot-gc-startup:PalRedhawkMinWin.gc-startup.obj
 0001:00002a70       PalSetThreadContext        0000000010003a70 f   Runtime.WorkstationGC.guidexos-nativeaot-gc-startup:PalRedhawkMinWin.gc-startup.obj
 0001:00002a80       PalGetCurrentOSThreadId    0000000010003a80 f   Runtime.WorkstationGC.guidexos-nativeaot-gc-startup:PalRedhawkMinWin.gc-startup.obj
 0001:00002ab0       PalGetHijackTarget         0000000010003ab0 f   Runtime.WorkstationGC.guidexos-nativeaot-gc-startup:PalRedhawkMinWin.gc-startup.obj
 0001:00002ac0       PalGetModuleHandleFromPointer 0000000010003ac0 f   Runtime.WorkstationGC.guidexos-nativeaot-gc-startup:PalRedhawkMinWin.gc-startup.obj
 0001:00002ad0       PalInit                    0000000010003ad0 f   Runtime.WorkstationGC.guidexos-nativeaot-gc-startup:PalRedhawkMinWin.gc-startup.obj
 0001:00002b60       PalPrintFatalError         0000000010003b60 f   Runtime.WorkstationGC.guidexos-nativeaot-gc-startup:PalRedhawkMinWin.gc-startup.obj
 0001:00002b70       ?lowPrecisionTimestamp@gcservices@nativeaot@guidexos@@YA_KXZ 0000000010003b70 f   Runtime.WorkstationGC.guidexos-nativeaot-gc-startup:guidexos_nativeaot_gcenv_startup_bridge.obj
 0001:00002b70       ?performanceCounter@gcservices@nativeaot@guidexos@@YA_JXZ 0000000010003b70 f   Runtime.WorkstationGC.guidexos-nativeaot-gc-startup:guidexos_nativeaot_gcenv_startup_bridge.obj
 0001:00002b70       PalQueryPerformanceCounter 0000000010003b70 f   Runtime.WorkstationGC.guidexos-nativeaot-gc-startup:PalRedhawkMinWin.gc-startup.obj
 0001:00002ba0       ?performanceFrequency@gcservices@nativeaot@guidexos@@YA_JXZ 0000000010003ba0 f   Runtime.WorkstationGC.guidexos-nativeaot-gc-startup:guidexos_nativeaot_gcenv_startup_bridge.obj
 0001:00002ba0       PalQueryPerformanceFrequency 0000000010003ba0 f   Runtime.WorkstationGC.guidexos-nativeaot-gc-startup:PalRedhawkMinWin.gc-startup.obj
 0001:00002bd0       PalRegisterHijackCallback  0000000010003bd0 f   Runtime.WorkstationGC.guidexos-nativeaot-gc-startup:PalRedhawkMinWin.gc-startup.obj
 0001:00002be0       PalRestoreContext          0000000010003be0 f   Runtime.WorkstationGC.guidexos-nativeaot-gc-startup:PalRedhawkMinWin.gc-startup.obj
 0001:00002bf0       PalStartBackgroundGCThread 0000000010003bf0 f   Runtime.WorkstationGC.guidexos-nativeaot-gc-startup:PalRedhawkMinWin.gc-startup.obj
 0001:00002cd0       PalStartFinalizerThread    0000000010003cd0 f   Runtime.WorkstationGC.guidexos-nativeaot-gc-startup:PalRedhawkMinWin.gc-startup.obj
 0001:00002db0       PalSwitchToThread          0000000010003db0 f   Runtime.WorkstationGC.guidexos-nativeaot-gc-startup:PalRedhawkMinWin.gc-startup.obj
 0001:00002dd0       ?createAutoResetEvent@nativeaot@guidexos@@YAPEAUEventHandle@12@_N@Z 0000000010003dd0 f   Runtime.WorkstationGC.guidexos-nativeaot-gc-startup:guidexos_nativeaot_gcenv_startup_bridge.obj
 0001:00002e60       ?createManualResetEvent@nativeaot@guidexos@@YAPEAUEventHandle@12@_N@Z 0000000010003e60 f   Runtime.WorkstationGC.guidexos-nativeaot-gc-startup:guidexos_nativeaot_gcenv_startup_bridge.obj
 0001:00002e70       ?destroyEvent@nativeaot@guidexos@@YA?AW4EventStatus@runtime@gxos@@PEAUEventHandle@12@@Z 0000000010003e70 f   Runtime.WorkstationGC.guidexos-nativeaot-gc-startup:guidexos_nativeaot_gcenv_startup_bridge.obj
 0001:00002ec0       ?enterCriticalSection@nativeaot@guidexos@@YA?AW4MutexResult@runtime@gxos@@PEAUCriticalSectionHandle@12@@Z 0000000010003ec0 f   Runtime.WorkstationGC.guidexos-nativeaot-gc-startup:guidexos_nativeaot_gcenv_startup_bridge.obj
 0001:00002f80       ?gcGetMemoryStatus@virtual_memory@nativeaot@guidexos@@YAX_KPEAIPEA_K2@Z 0000000010003f80 f   Runtime.WorkstationGC.guidexos-nativeaot-gc-startup:guidexos_nativeaot_gcenv_startup_bridge.obj
 0001:00002f90       ?gcGetPhysicalMemoryLimit@virtual_memory@nativeaot@guidexos@@YA_KPEA_N@Z 0000000010003f90 f   Runtime.WorkstationGC.guidexos-nativeaot-gc-startup:guidexos_nativeaot_gcenv_startup_bridge.obj
 0001:00002fd0       ?gcGetVirtualMemoryLimit@virtual_memory@nativeaot@guidexos@@YA_KXZ 0000000010003fd0 f   Runtime.WorkstationGC.guidexos-nativeaot-gc-startup:guidexos_nativeaot_gcenv_startup_bridge.obj
 0001:00002fe0       ?gcVirtualCommit@virtual_memory@nativeaot@guidexos@@YA_NPEAX_KG@Z 0000000010003fe0 f   Runtime.WorkstationGC.guidexos-nativeaot-gc-startup:guidexos_nativeaot_gcenv_startup_bridge.obj
 0001:00003000       ?gcVirtualDecommit@virtual_memory@nativeaot@guidexos@@YA_NPEAX_K@Z 0000000010004000 f   Runtime.WorkstationGC.guidexos-nativeaot-gc-startup:guidexos_nativeaot_gcenv_startup_bridge.obj
 0001:00003020       ?gcVirtualRelease@virtual_memory@nativeaot@guidexos@@YA_NPEAX_K@Z 0000000010004020 f   Runtime.WorkstationGC.guidexos-nativeaot-gc-startup:guidexos_nativeaot_gcenv_startup_bridge.obj
 0001:00003040       ?gcVirtualReserve@virtual_memory@nativeaot@guidexos@@YAPEAX_K0IG@Z 0000000010004040 f   Runtime.WorkstationGC.guidexos-nativeaot-gc-startup:guidexos_nativeaot_gcenv_startup_bridge.obj
 0001:00003090       ?gcVirtualReset@virtual_memory@nativeaot@guidexos@@YA_NPEAX_K_N@Z 0000000010004090 f   Runtime.WorkstationGC.guidexos-nativeaot-gc-startup:guidexos_nativeaot_gcenv_startup_bridge.obj
 0001:000030b0       ?getAllocationGranularity@virtual_memory@nativeaot@guidexos@@YA_KXZ 00000000100040b0 f   Runtime.WorkstationGC.guidexos-nativeaot-gc-startup:guidexos_nativeaot_gcenv_startup_bridge.obj
 0001:000030c0       ?getPageSize@virtual_memory@nativeaot@guidexos@@YA_KXZ 00000000100040c0 f   Runtime.WorkstationGC.guidexos-nativeaot-gc-startup:guidexos_nativeaot_gcenv_startup_bridge.obj
 0001:000030d0       ?initializeCriticalSection@nativeaot@guidexos@@YAPEAUCriticalSectionHandle@12@XZ 00000000100040d0 f   Runtime.WorkstationGC.guidexos-nativeaot-gc-startup:guidexos_nativeaot_gcenv_startup_bridge.obj
 0001:00003110       ?initializeVirtualMemoryAdapter@virtual_memory@nativeaot@guidexos@@YA?AW4VmResult@1runtime@gxos@@XZ 0000000010004110 f   Runtime.WorkstationGC.guidexos-nativeaot-gc-startup:guidexos_nativeaot_gcenv_startup_bridge.obj
 0001:00003140       ?leaveCriticalSection@nativeaot@guidexos@@YA?AW4MutexResult@runtime@gxos@@PEAUCriticalSectionHandle@12@@Z 0000000010004140 f   Runtime.WorkstationGC.guidexos-nativeaot-gc-startup:guidexos_nativeaot_gcenv_startup_bridge.obj
 0001:000031b0       ?resetEvent@nativeaot@guidexos@@YA?AW4EventStatus@runtime@gxos@@PEAUEventHandle@12@@Z 00000000100041b0 f   Runtime.WorkstationGC.guidexos-nativeaot-gc-startup:guidexos_nativeaot_gcenv_startup_bridge.obj
 0001:000031e0       ?setEvent@nativeaot@guidexos@@YA?AW4EventStatus@runtime@gxos@@PEAUEventHandle@12@@Z 00000000100041e0 f   Runtime.WorkstationGC.guidexos-nativeaot-gc-startup:guidexos_nativeaot_gcenv_startup_bridge.obj
 0001:00003210       ?sleepMilliseconds@gcservices@nativeaot@guidexos@@YAXI@Z 0000000010004210 f   Runtime.WorkstationGC.guidexos-nativeaot-gc-startup:guidexos_nativeaot_gcenv_startup_bridge.obj
 0001:00003220       ?GetNumberOfHeaps@GCHeap@WKS@@UEAAHXZ 0000000010004220 f   Runtime.WorkstationGC.guidexos-nativeaot-gc-startup:gcwks.cpp.obj
 0001:00003220       ?getNumberOfSlots@@YAHXZ   0000000010004220 f   Runtime.WorkstationGC.guidexos-nativeaot-gc-startup:objecthandle.cpp.obj
 0001:00003220       ?totalProcessorCount@gcservices@nativeaot@guidexos@@YAIXZ 0000000010004220 f   Runtime.WorkstationGC.guidexos-nativeaot-gc-startup:guidexos_nativeaot_gcenv_startup_bridge.obj
 0001:00003230       ?waitIndefinitely@nativeaot@guidexos@@YA?AW4WaitResult@runtime@gxos@@PEAUEventHandle@12@@Z 0000000010004230 f   Runtime.WorkstationGC.guidexos-nativeaot-gc-startup:guidexos_nativeaot_gcenv_startup_bridge.obj
 0001:00003260       ?waitMilliseconds@nativeaot@guidexos@@YA?AW4WaitResult@runtime@gxos@@PEAUEventHandle@12@_J@Z 0000000010004260 f   Runtime.WorkstationGC.guidexos-nativeaot-gc-startup:guidexos_nativeaot_gcenv_startup_bridge.obj
 0001:000032a0       ?yieldThread@gcservices@nativeaot@guidexos@@YAXXZ 00000000100042a0 f   Runtime.WorkstationGC.guidexos-nativeaot-gc-startup:guidexos_nativeaot_gcenv_startup_bridge.obj
 0001:000032b0       PopulateDebugHeaders       00000000100042b0 f   Runtime.WorkstationGC.guidexos-nativeaot-gc-startup:DebugHeader.cpp.obj
 0001:00003f00       ??0Iterator@ThreadStore@@QEAA@XZ 0000000010004f00 f   Runtime.WorkstationGC.guidexos-nativeaot-gc-startup:threadstore.cpp.obj
 0001:00003f30       ??1ThreadStore@@QEAA@XZ    0000000010004f30 f   Runtime.WorkstationGC.guidexos-nativeaot-gc-startup:threadstore.cpp.obj
 0001:00003f40       ?AttachCurrentThread@ThreadStore@@SAXXZ 0000000010004f40 f   Runtime.WorkstationGC.guidexos-nativeaot-gc-startup:threadstore.cpp.obj
 0001:00003fd0       ?AttachCurrentThread@ThreadStore@@SAX_N@Z 0000000010004fd0 f   Runtime.WorkstationGC.guidexos-nativeaot-gc-startup:threadstore.cpp.obj
 0001:00004070       ?Create@ThreadStore@@SAPEAV1@PEAVRuntimeInstance@@@Z 0000000010005070 f   Runtime.WorkstationGC.guidexos-nativeaot-gc-startup:threadstore.cpp.obj
 0001:00004160       ?Destroy@ThreadStore@@QEAAXXZ 0000000010005160 f   Runtime.WorkstationGC.guidexos-nativeaot-gc-startup:threadstore.cpp.obj
 0001:00004190       ?GetNext@Iterator@ThreadStore@@QEAAPEAVThread@@XZ 0000000010005190 f   Runtime.WorkstationGC.guidexos-nativeaot-gc-startup:threadstore.cpp.obj
 0001:000041a0       ?GetSuspendingThread@ThreadStore@@SAPEAVThread@@XZ 00000000100051a0 f   Runtime.WorkstationGC.guidexos-nativeaot-gc-startup:threadstore.cpp.obj
 0001:000041b0       ?GetThreadStore@@YAPEAVThreadStore@@XZ 00000000100051b0 f   Runtime.WorkstationGC.guidexos-nativeaot-gc-startup:threadstore.cpp.obj
 0001:000041d0       ?LockThreadStore@ThreadStore@@QEAAXXZ 00000000100051d0 f   Runtime.WorkstationGC.guidexos-nativeaot-gc-startup:threadstore.cpp.obj
 0001:00004250       ?ResumeAllThreads@ThreadStore@@QEAAX_N@Z 0000000010005250 f   Runtime.WorkstationGC.guidexos-nativeaot-gc-startup:threadstore.cpp.obj
 0001:000042c0       ?SuspendAllThreads@ThreadStore@@QEAAX_N@Z 00000000100052c0 f   Runtime.WorkstationGC.guidexos-nativeaot-gc-startup:threadstore.cpp.obj
 0001:00004410       ?UnlockThreadStore@ThreadStore@@QEAAXXZ 0000000010005410 f   Runtime.WorkstationGC.guidexos-nativeaot-gc-startup:threadstore.cpp.obj
 0001:00004420       ?InitializeInterfaceDispatch@@YA_NXZ 0000000010005420 f   Runtime.WorkstationGC.guidexos-nativeaot-gc-startup:CachedInterfaceDispatch.cpp.obj
 0001:00004490       ?ReclaimUnusedInterfaceDispatchCaches@@YAXXZ 0000000010005490 f   Runtime.WorkstationGC.guidexos-nativeaot-gc-startup:CachedInterfaceDispatch.cpp.obj
 0001:00004700       ?ReadConfigValue@RhConfig@@QEAA_NPEBDPEA_K_N@Z 0000000010005700 f   Runtime.WorkstationGC.guidexos-nativeaot-gc-startup:RhConfig.cpp.obj
 0001:000047c0       ?ReadKnobBooleanValue@RhConfig@@QEAA_NPEBDPEA_N@Z 00000000100057c0 f   Runtime.WorkstationGC.guidexos-nativeaot-gc-startup:RhConfig.cpp.obj
 0001:00004880       ?ReadKnobUInt64Value@RhConfig@@QEAA_NPEBDPEA_K@Z 0000000010005880 f   Runtime.WorkstationGC.guidexos-nativeaot-gc-startup:RhConfig.cpp.obj
 0001:00004910       ?TryGetIntegerValue@Environment@RhConfig@@SA_NPEBDPEA_K_N@Z 0000000010005910 f   Runtime.WorkstationGC.guidexos-nativeaot-gc-startup:RhConfig.cpp.obj
 0001:00004a00       ?AdvWritePastBoundary@ThreadStressLog@@AEAAPEAUStressMsg@@H@Z 0000000010005a00 f i Runtime.WorkstationGC.guidexos-nativeaot-gc-startup:stressLog.cpp.obj
 0001:00004ad0       ?AllowNewChunk@StressLog@@SA_NJ@Z 0000000010005ad0 f   Runtime.WorkstationGC.guidexos-nativeaot-gc-startup:stressLog.cpp.obj
 0001:00004b50       ?CreateThreadStressLog@StressLog@@SAPEAVThreadStressLog@@PEAVThread@@@Z 0000000010005b50 f   Runtime.WorkstationGC.guidexos-nativeaot-gc-startup:stressLog.cpp.obj
 0001:00004bd0       ?CreateThreadStressLogHelper@StressLog@@SAPEAVThreadStressLog@@PEAVThread@@@Z 0000000010005bd0 f   Runtime.WorkstationGC.guidexos-nativeaot-gc-startup:stressLog.cpp.obj
 0001:00004db0       ?Initialize@StressLog@@SAXIIIIPEAX@Z 0000000010005db0 f   Runtime.WorkstationGC.guidexos-nativeaot-gc-startup:stressLog.cpp.obj
 0001:00004eb0       ?LogMsg@StressLog@@SAXIHPEBDZZ 0000000010005eb0 f   Runtime.WorkstationGC.guidexos-nativeaot-gc-startup:stressLog.cpp.obj
 0001:00004f70       ?LogMsg@ThreadStressLog@@QEAAXIHPEBDPEAD@Z 0000000010005f70 f   Runtime.WorkstationGC.guidexos-nativeaot-gc-startup:stressLog.cpp.obj
 0001:00005070       ?ReserveStressLogChunks@StressLog@@SA_NI@Z 0000000010006070 f   Runtime.WorkstationGC.guidexos-nativeaot-gc-startup:stressLog.cpp.obj
 0001:00005190       ?Initialize@RestrictedCallouts@@SA_NXZ 0000000010006190 f   Runtime.WorkstationGC.guidexos-nativeaot-gc-startup:RestrictedCallouts.cpp.obj
 0001:000051b0       ?InvokeGcCallouts@RestrictedCallouts@@SAXW4GcRestrictedCalloutKind@@I@Z 00000000100061b0 f   Runtime.WorkstationGC.guidexos-nativeaot-gc-startup:RestrictedCallouts.cpp.obj
 0001:00005250       ?InvokeRefCountedHandleCallbacks@RestrictedCallouts@@SA_NPEAVObject@@@Z 0000000010006250 f   Runtime.WorkstationGC.guidexos-nativeaot-gc-startup:RestrictedCallouts.cpp.obj
 0001:00005320       minipal_getcpufeatures     0000000010006320 f   Runtime.WorkstationGC.guidexos-nativeaot-gc-startup:cpufeatures.c.obj
 0001:00005510       RhpPInvokeExceptionGuard   0000000010006510 f   Runtime.WorkstationGC.guidexos-nativeaot-gc-startup:EHHelpers.cpp.obj
 0001:000055b0       RhpVectoredExceptionHandler 00000000100065b0 f   Runtime.WorkstationGC.guidexos-nativeaot-gc-startup:EHHelpers.cpp.obj
 0001:00005890       ?ClrBit@ObjHeader@@QEAAXI@Z 0000000010006890 f   Runtime.WorkstationGC.guidexos-nativeaot-gc-startup:ObjectLayout.cpp.obj
 0001:000058a0       ?GetSize@Object@@QEAA_KXZ  00000000100068a0 f   Runtime.WorkstationGC.guidexos-nativeaot-gc-startup:ObjectLayout.cpp.obj
 0001:000058c0       ?SetBit@ObjHeader@@QEAAXI@Z 00000000100068c0 f   Runtime.WorkstationGC.guidexos-nativeaot-gc-startup:ObjectLayout.cpp.obj
 0001:000059b0       ?AfterGcScanRoots@GCToEEInterface@@SAXHHPEAUScanContext@@@Z 00000000100069b0 f   Runtime.WorkstationGC.guidexos-nativeaot-gc-startup:gcenv.ee.cpp.obj
 0001:000059c0       ?CreateThread@GCToEEInterface@@SA_NP6AXPEAX@Z0_NPEBD@Z 00000000100069c0 f   Runtime.WorkstationGC.guidexos-nativeaot-gc-startup:gcenv.ee.cpp.obj
 0001:00005ac0       ?DiagGCEnd@GCToEEInterface@@SAX_KHH_N@Z 0000000010006ac0 f   Runtime.WorkstationGC.guidexos-nativeaot-gc-startup:gcenv.ee.cpp.obj
 0001:00005ad0       ?DiagWalkBGCSurvivors@GCToEEInterface@@SAXPEAX@Z 0000000010006ad0 f   Runtime.WorkstationGC.guidexos-nativeaot-gc-startup:gcenv.ee.cpp.obj
 0001:00005b40       ?DiagWalkSurvivors@GCToEEInterface@@SAXPEAX_N@Z 0000000010006b40 f   Runtime.WorkstationGC.guidexos-nativeaot-gc-startup:gcenv.ee.cpp.obj
 0001:00005bb0       ?DiagWalkUOHSurvivors@GCToEEInterface@@SAXPEAXH@Z 0000000010006bb0 f   Runtime.WorkstationGC.guidexos-nativeaot-gc-startup:gcenv.ee.cpp.obj
 0001:00005c20       ?DisablePreemptiveGC@GCToEEInterface@@SAXXZ 0000000010006c20 f   Runtime.WorkstationGC.guidexos-nativeaot-gc-startup:gcenv.ee.cpp.obj
 0001:00005c40       ?EagerFinalized@GCToEEInterface@@SA_NPEAVObject@@@Z 0000000010006c40 f   Runtime.WorkstationGC.guidexos-nativeaot-gc-startup:gcenv.ee.cpp.obj
 0001:00005ca0       ?EnableFinalization@GCToEEInterface@@SAX_N@Z 0000000010006ca0 f   Runtime.WorkstationGC.guidexos-nativeaot-gc-startup:gcenv.ee.cpp.obj
 0001:00005cb0       ?EnablePreemptiveGC@GCToEEInterface@@SA_NXZ 0000000010006cb0 f   Runtime.WorkstationGC.guidexos-nativeaot-gc-startup:gcenv.ee.cpp.obj
 0001:00005cf0       ?EventSink@GCToEEInterface@@SAPEAVIGCToCLREventSink@@XZ 0000000010006cf0 f   Runtime.WorkstationGC.guidexos-nativeaot-gc-startup:gcenv.ee.cpp.obj
 0001:00005d00       ?FlushProcessWriteBuffers@GCToOSInterface@@SAXXZ 0000000010006d00 f   Runtime.WorkstationGC.guidexos-nativeaot-gc-startup:guidexos_gcenv.obj
 0001:00005d00       ?FreeStringConfigValue@GCToEEInterface@@SAXPEBD@Z 0000000010006d00 f   Runtime.WorkstationGC.guidexos-nativeaot-gc-startup:gcenv.ee.cpp.obj
 0001:00005d10       ?GcDone@GCToEEInterface@@SAXH@Z 0000000010006d10 f   Runtime.WorkstationGC.guidexos-nativeaot-gc-startup:gcenv.ee.cpp.obj
 0001:00005d20       ?GcEnumAllocContexts@GCToEEInterface@@SAXP6AXPEAUgc_alloc_context@@PEAX@Z1@Z 0000000010006d20 f   Runtime.WorkstationGC.guidexos-nativeaot-gc-startup:gcenv.ee.cpp.obj
 0001:00005d80       ?GcScanRoots@GCToEEInterface@@SAXP6AXPEAPEAVObject@@PEAUScanContext@@I@ZHH1@Z 0000000010006d80 f   Runtime.WorkstationGC.guidexos-nativeaot-gc-startup:gcenv.ee.cpp.obj
 0001:00005f10       ?GcStartWork@GCToEEInterface@@SAXHH@Z 0000000010006f10 f   Runtime.WorkstationGC.guidexos-nativeaot-gc-startup:gcenv.ee.cpp.obj
 0001:00005f20       ?GetAllocContext@GCToEEInterface@@SAPEAUgc_alloc_context@@XZ 0000000010006f20 f   Runtime.WorkstationGC.guidexos-nativeaot-gc-startup:gcenv.ee.cpp.obj
 0001:00005f20       ?GetCurrentThread@ThreadStore@@SAPEAVThread@@XZ 0000000010006f20 f   Runtime.WorkstationGC.guidexos-nativeaot-gc-startup:thread.cpp.obj
 0001:00005f40       ?GetBooleanConfigValue@GCToEEInterface@@SA_NPEBD0PEA_N@Z 0000000010006f40 f   Runtime.WorkstationGC.guidexos-nativeaot-gc-startup:gcenv.ee.cpp.obj
 0001:00006000       ?GetCurrentProcessCpuCount@GCToEEInterface@@SAIXZ 0000000010007000 f   Runtime.WorkstationGC.guidexos-nativeaot-gc-startup:gcenv.ee.cpp.obj
 0001:00006010       ?GetFreeObjectMethodTable@GCToEEInterface@@SAPEAVMethodTable@@XZ 0000000010007010 f   Runtime.WorkstationGC.guidexos-nativeaot-gc-startup:gcenv.ee.cpp.obj
 0001:00006020       ?GetIntConfigValue@GCToEEInterface@@SA_NPEBD0PEA_J@Z 0000000010007020 f   Runtime.WorkstationGC.guidexos-nativeaot-gc-startup:gcenv.ee.cpp.obj
 0001:000061c0       ?GetThread@GCToEEInterface@@SAPEAVThread@@XZ 00000000100071c0 f   Runtime.WorkstationGC.guidexos-nativeaot-gc-startup:gcenv.ee.cpp.obj
 0001:00006200       ?GetTotalNumSizedRefHandles@GCToEEInterface@@SAIXZ 0000000010007200 f   Runtime.WorkstationGC.guidexos-nativeaot-gc-startup:gcenv.ee.cpp.obj
 0001:00006210       ?RefCountedHandleCallbacks@GCToEEInterface@@SA_NPEAVObject@@@Z 0000000010007210 f   Runtime.WorkstationGC.guidexos-nativeaot-gc-startup:gcenv.ee.cpp.obj
 0001:00006220       ?RestartEE@GCToEEInterface@@SAX_N@Z 0000000010007220 f   Runtime.WorkstationGC.guidexos-nativeaot-gc-startup:gcenv.ee.cpp.obj
 0001:00006280       ?StompWriteBarrier@GCToEEInterface@@SAXPEAUWriteBarrierParameters@@@Z 0000000010007280 f   Runtime.WorkstationGC.guidexos-nativeaot-gc-startup:gcenv.ee.cpp.obj
 0001:00006360       ?SuspendEE@GCToEEInterface@@SAXW4SUSPEND_REASON@@@Z 0000000010007360 f   Runtime.WorkstationGC.guidexos-nativeaot-gc-startup:gcenv.ee.cpp.obj
 0001:000063f0       ?CacheTransitionFrameForSuspend@Thread@@AEAA_NXZ 00000000100073f0 f   Runtime.WorkstationGC.guidexos-nativeaot-gc-startup:thread.cpp.obj
 0001:00006410       ?ClearDoNotTriggerGc@Thread@@QEAAXXZ 0000000010007410 f   Runtime.WorkstationGC.guidexos-nativeaot-gc-startup:thread.cpp.obj
 0001:00006420       ?ClearSuppressGcStress@Thread@@QEAAXXZ 0000000010007420 f   Runtime.WorkstationGC.guidexos-nativeaot-gc-startup:thread.cpp.obj
 0001:00006430       ?Construct@Thread@@AEAAXXZ 0000000010007430 f   Runtime.WorkstationGC.guidexos-nativeaot-gc-startup:thread.cpp.obj
 0001:000064e0       ?DisablePreemptiveMode@Thread@@QEAAXXZ 00000000100074e0 f   Runtime.WorkstationGC.guidexos-nativeaot-gc-startup:thread.cpp.obj
 0001:00006520       ?EnablePreemptiveMode@Thread@@QEAAXXZ 0000000010007520 f   Runtime.WorkstationGC.guidexos-nativeaot-gc-startup:thread.cpp.obj
 0001:00006530       ?GcScanRoots@Thread@@QEAAXP6AXPEAPEAVObject@@PEAUScanContext@@I@Z1@Z 0000000010007530 f   Runtime.WorkstationGC.guidexos-nativeaot-gc-startup:thread.cpp.obj
 0001:000065c0       ?GcScanRootsWorker@Thread@@AEAAXP6AXPEAPEAVObject@@PEAUScanContext@@I@Z1AEAVStackFrameIterator@@@Z 00000000100075c0 f   Runtime.WorkstationGC.guidexos-nativeaot-gc-startup:thread.cpp.obj
 0001:00006870       ?GetCurExInfo@Thread@@QEAAPEAUExInfo@@XZ 0000000010007870 f   Runtime.WorkstationGC.guidexos-nativeaot-gc-startup:thread.cpp.obj
 0001:00006880       ?GetCurrentThreadPInvokeReturnAddress@Thread@@QEAAPEAXXZ 0000000010007880 f   Runtime.WorkstationGC.guidexos-nativeaot-gc-startup:thread.cpp.obj
 0001:00006890       ?GetHijackedReturnAddress@Thread@@QEAAPEAXXZ 0000000010007890 f   Runtime.WorkstationGC.guidexos-nativeaot-gc-startup:thread.cpp.obj
 0001:000068a0       ?GetInlinedThreadStaticList@Thread@@QEAAPEAUInlinedThreadStaticRoot@@XZ 00000000100078a0 f   Runtime.WorkstationGC.guidexos-nativeaot-gc-startup:thread.cpp.obj
 0001:000068b0       ?GetInterruptedContext@Thread@@QEAAPEAU_CONTEXT@@XZ 00000000100078b0 f   Runtime.WorkstationGC.guidexos-nativeaot-gc-startup:thread.cpp.obj
 0001:000068c0       ?GetThreadStaticStorage@Thread@@QEAAPEAPEAVObject@@XZ 00000000100078c0 f   Runtime.WorkstationGC.guidexos-nativeaot-gc-startup:thread.cpp.obj
 0001:000068d0       ?Hijack@Thread@@QEAAXXZ    00000000100078d0 f   Runtime.WorkstationGC.guidexos-nativeaot-gc-startup:thread.cpp.obj
 0001:00006900       ?HijackCallback@Thread@@CAXPEAU_CONTEXT@@PEAX@Z 0000000010007900 f   Runtime.WorkstationGC.guidexos-nativeaot-gc-startup:thread.cpp.obj
 0001:00006b10       ?HijackReturnAddressWorker@Thread@@AEAAXPEAVStackFrameIterator@@P6AXXZ@Z 0000000010007b10 f   Runtime.WorkstationGC.guidexos-nativeaot-gc-startup:thread.cpp.obj
 0001:00006c10       ?InlineSuspend@Thread@@QEAA_NPEAU_CONTEXT@@@Z 0000000010007c10 f   Runtime.WorkstationGC.guidexos-nativeaot-gc-startup:thread.cpp.obj
 0001:00006c70       ?IsGCSpecial@Thread@@QEAA_NXZ 0000000010007c70 f   Runtime.WorkstationGC.guidexos-nativeaot-gc-startup:thread.cpp.obj
 0001:00006c80       ?IsHijacked@Thread@@QEAA_NXZ 0000000010007c80 f   Runtime.WorkstationGC.guidexos-nativeaot-gc-startup:thread.cpp.obj
 0001:00006c90       ?IsInitialized@Thread@@QEAA_NXZ 0000000010007c90 f   Runtime.WorkstationGC.guidexos-nativeaot-gc-startup:thread.cpp.obj
 0001:00006ca0       ?IsSuppressGcStressSet@Thread@@QEAA_NXZ 0000000010007ca0 f   Runtime.WorkstationGC.guidexos-nativeaot-gc-startup:thread.cpp.obj
 0001:00006cb0       ?ResetCachedTransitionFrame@Thread@@AEAAXXZ 0000000010007cb0 f   Runtime.WorkstationGC.guidexos-nativeaot-gc-startup:thread.cpp.obj
 0001:00006cc0       ?SetDoNotTriggerGc@Thread@@QEAAXXZ 0000000010007cc0 f   Runtime.WorkstationGC.guidexos-nativeaot-gc-startup:thread.cpp.obj
 0001:00006cd0       ?SetGCSpecial@Thread@@QEAAXXZ 0000000010007cd0 f   Runtime.WorkstationGC.guidexos-nativeaot-gc-startup:thread.cpp.obj
 0001:00006d90       ?SetSuppressGcStress@Thread@@QEAAXXZ 0000000010007d90 f   Runtime.WorkstationGC.guidexos-nativeaot-gc-startup:thread.cpp.obj
 0001:00006da0       ?WaitForGC@Thread@@QEAAXPEAUPInvokeTransitionFrame@@@Z 0000000010007da0 f   Runtime.WorkstationGC.guidexos-nativeaot-gc-startup:thread.cpp.obj
 0001:00006e20       RhpGcPoll2                 0000000010007e20 f   Runtime.WorkstationGC.guidexos-nativeaot-gc-startup:thread.cpp.obj
 0001:00006e50       RhpSuspendRedirected       0000000010007e50 f   Runtime.WorkstationGC.guidexos-nativeaot-gc-startup:thread.cpp.obj
 0001:00006e80       RhpWaitForGC2              0000000010007e80 f   Runtime.WorkstationGC.guidexos-nativeaot-gc-startup:thread.cpp.obj
 0001:00006ea0       ?FinalizerStart@@YAIPEAX@Z 0000000010007ea0 f   Runtime.WorkstationGC.guidexos-nativeaot-gc-startup:FinalizerHelpers.cpp.obj
 0001:00006f10       ?RhEnableFinalization@@YAXXZ 0000000010007f10 f   Runtime.WorkstationGC.guidexos-nativeaot-gc-startup:FinalizerHelpers.cpp.obj
 0001:00006f20       ?RhInitializeFinalization@@YA_NXZ 0000000010007f20 f   Runtime.WorkstationGC.guidexos-nativeaot-gc-startup:FinalizerHelpers.cpp.obj
 0001:00006f80       RhpInterfaceDispatch1      0000000010007f80 f   Runtime.WorkstationGC.guidexos-nativeaot-gc-startup:StubDispatch.asm.obj
 0001:00006f84       RhpInterfaceDispatchAVLocation1 0000000010007f84     Runtime.WorkstationGC.guidexos-nativeaot-gc-startup:StubDispatch.asm.obj
 0001:00006fa0       RhpInterfaceDispatch2      0000000010007fa0 f   Runtime.WorkstationGC.guidexos-nativeaot-gc-startup:StubDispatch.asm.obj
 0001:00006fa4       RhpInterfaceDispatchAVLocation2 0000000010007fa4     Runtime.WorkstationGC.guidexos-nativeaot-gc-startup:StubDispatch.asm.obj
 0001:00006fc0       RhpInterfaceDispatch4      0000000010007fc0 f   Runtime.WorkstationGC.guidexos-nativeaot-gc-startup:StubDispatch.asm.obj
 0001:00006fc4       RhpInterfaceDispatchAVLocation4 0000000010007fc4     Runtime.WorkstationGC.guidexos-nativeaot-gc-startup:StubDispatch.asm.obj
 0001:00007000       RhpInterfaceDispatch8      0000000010008000 f   Runtime.WorkstationGC.guidexos-nativeaot-gc-startup:StubDispatch.asm.obj
 0001:00007004       RhpInterfaceDispatchAVLocation8 0000000010008004     Runtime.WorkstationGC.guidexos-nativeaot-gc-startup:StubDispatch.asm.obj
 0001:00007070       RhpInterfaceDispatch16     0000000010008070 f   Runtime.WorkstationGC.guidexos-nativeaot-gc-startup:StubDispatch.asm.obj
 0001:00007074       RhpInterfaceDispatchAVLocation16 0000000010008074     Runtime.WorkstationGC.guidexos-nativeaot-gc-startup:StubDispatch.asm.obj
 0001:00007160       RhpInterfaceDispatch32     0000000010008160 f   Runtime.WorkstationGC.guidexos-nativeaot-gc-startup:StubDispatch.asm.obj
 0001:00007164       RhpInterfaceDispatchAVLocation32 0000000010008164     Runtime.WorkstationGC.guidexos-nativeaot-gc-startup:StubDispatch.asm.obj
 0001:00007350       RhpInterfaceDispatch64     0000000010008350 f   Runtime.WorkstationGC.guidexos-nativeaot-gc-startup:StubDispatch.asm.obj
 0001:00007354       RhpInterfaceDispatchAVLocation64 0000000010008354     Runtime.WorkstationGC.guidexos-nativeaot-gc-startup:StubDispatch.asm.obj
 0001:00007740       RhpVTableOffsetDispatch    0000000010008740 f   Runtime.WorkstationGC.guidexos-nativeaot-gc-startup:StubDispatch.asm.obj
 0001:00007750       RhpInitialDynamicInterfaceDispatch 0000000010008750 f   Runtime.WorkstationGC.guidexos-nativeaot-gc-startup:StubDispatch.asm.obj
 0001:00007750       RhpInitialInterfaceDispatch 0000000010008750 f   Runtime.WorkstationGC.guidexos-nativeaot-gc-startup:StubDispatch.asm.obj
 0001:00007760       RhpInterfaceDispatchSlow   0000000010008760 f   Runtime.WorkstationGC.guidexos-nativeaot-gc-startup:StubDispatch.asm.obj
 0001:00007770       GC_Initialize              0000000010008770 f   Runtime.WorkstationGC.guidexos-nativeaot-gc-startup:gcload.cpp.obj
 0001:00007800       ??0GCEvent@@QEAA@XZ        0000000010008800 f   Runtime.WorkstationGC.guidexos-nativeaot-gc-startup:guidexos_gcenv.obj
 0001:00007810       ?CloseEvent@GCEvent@@QEAAXXZ 0000000010008810 f   Runtime.WorkstationGC.guidexos-nativeaot-gc-startup:guidexos_gcenv.obj
 0001:00007860       ?CreateAutoEventNoThrow@GCEvent@@QEAA_N_N@Z 0000000010008860 f   Runtime.WorkstationGC.guidexos-nativeaot-gc-startup:guidexos_gcenv.obj
 0001:000078f0       ?CreateManualEventNoThrow@GCEvent@@QEAA_N_N@Z 00000000100088f0 f   Runtime.WorkstationGC.guidexos-nativeaot-gc-startup:guidexos_gcenv.obj
 0001:00007980       ?DebugBreak@GCToOSInterface@@SAXXZ 0000000010008980 f   Runtime.WorkstationGC.guidexos-nativeaot-gc-startup:guidexos_gcenv.obj
 0001:00007990       ?Enter@CLRCriticalSection@@QEAAXXZ 0000000010008990 f   Runtime.WorkstationGC.guidexos-nativeaot-gc-startup:guidexos_gcenv.obj
 0001:000079b0       ?GetCacheSizePerLogicalCpu@GCToOSInterface@@SA_K_N@Z 00000000100089b0 f   Runtime.WorkstationGC.guidexos-nativeaot-gc-startup:guidexos_gcenv.obj
 0001:000079c0       ?GetLowPrecisionTimeStamp@GCToOSInterface@@SA_KXZ 00000000100089c0 f   Runtime.WorkstationGC.guidexos-nativeaot-gc-startup:guidexos_gcenv.obj
 0001:000079c0       ?QueryPerformanceCounter@GCToOSInterface@@SA_JXZ 00000000100089c0 f   Runtime.WorkstationGC.guidexos-nativeaot-gc-startup:guidexos_gcenv.obj
 0001:000079d0       ?GetMemoryStatus@GCToOSInterface@@SAX_KPEAIPEA_K2@Z 00000000100089d0 f   Runtime.WorkstationGC.guidexos-nativeaot-gc-startup:guidexos_gcenv.obj
 0001:000079e0       ?GetPhysicalMemoryLimit@GCToOSInterface@@SA_KPEA_N@Z 00000000100089e0 f   Runtime.WorkstationGC.guidexos-nativeaot-gc-startup:guidexos_gcenv.obj
 0001:000079f0       ?GetTotalProcessorCount@GCToOSInterface@@SAIXZ 00000000100089f0 f   Runtime.WorkstationGC.guidexos-nativeaot-gc-startup:guidexos_gcenv.obj
 0001:00007a00       ?GetVirtualMemoryLimit@GCToOSInterface@@SA_KXZ 0000000010008a00 f   Runtime.WorkstationGC.guidexos-nativeaot-gc-startup:guidexos_gcenv.obj
 0001:00007a10       ?Initialize@CLRCriticalSection@@QEAA_NXZ 0000000010008a10 f   Runtime.WorkstationGC.guidexos-nativeaot-gc-startup:guidexos_gcenv.obj
 0001:00007a40       ?Initialize@GCToOSInterface@@SA_NXZ 0000000010008a40 f   Runtime.WorkstationGC.guidexos-nativeaot-gc-startup:guidexos_gcenv.obj
 0001:00007a80       ?Leave@CLRCriticalSection@@QEAAXXZ 0000000010008a80 f   Runtime.WorkstationGC.guidexos-nativeaot-gc-startup:guidexos_gcenv.obj
 0001:00007ab0       ?QueryPerformanceFrequency@GCToOSInterface@@SA_JXZ 0000000010008ab0 f   Runtime.WorkstationGC.guidexos-nativeaot-gc-startup:guidexos_gcenv.obj
 0001:00007ac0       ?Reset@GCEvent@@QEAAXXZ    0000000010008ac0 f   Runtime.WorkstationGC.guidexos-nativeaot-gc-startup:guidexos_gcenv.obj
 0001:00007af0       ?Set@GCEvent@@QEAAXXZ      0000000010008af0 f   Runtime.WorkstationGC.guidexos-nativeaot-gc-startup:guidexos_gcenv.obj
 0001:00007b20       ?Sleep@GCToOSInterface@@SAXI@Z 0000000010008b20 f   Runtime.WorkstationGC.guidexos-nativeaot-gc-startup:guidexos_gcenv.obj
 0001:00007b30       ?SupportsWriteWatch@GCToOSInterface@@SA_NXZ 0000000010008b30 f   Runtime.WorkstationGC.guidexos-nativeaot-gc-startup:guidexos_gcenv.obj
 0001:00007b40       ?VirtualCommit@GCToOSInterface@@SA_NPEAX_KG@Z 0000000010008b40 f   Runtime.WorkstationGC.guidexos-nativeaot-gc-startup:guidexos_gcenv.obj
 0001:00007b50       ?VirtualDecommit@GCToOSInterface@@SA_NPEAX_K@Z 0000000010008b50 f   Runtime.WorkstationGC.guidexos-nativeaot-gc-startup:guidexos_gcenv.obj
 0001:00007b60       ?VirtualRelease@GCToOSInterface@@SA_NPEAX_K@Z 0000000010008b60 f   Runtime.WorkstationGC.guidexos-nativeaot-gc-startup:guidexos_gcenv.obj
 0001:00007b70       ?VirtualReserve@GCToOSInterface@@SAPEAX_K0IG@Z 0000000010008b70 f   Runtime.WorkstationGC.guidexos-nativeaot-gc-startup:guidexos_gcenv.obj
 0001:00007b80       ?VirtualReserveAndCommitLargePages@GCToOSInterface@@SAPEAX_KG@Z 0000000010008b80 f   Runtime.WorkstationGC.guidexos-nativeaot-gc-startup:guidexos_gcenv.obj
 0001:00007b90       ?VirtualReset@GCToOSInterface@@SA_NPEAX_K_N@Z 0000000010008b90 f   Runtime.WorkstationGC.guidexos-nativeaot-gc-startup:guidexos_gcenv.obj
 0001:00007ba0       ?Wait@GCEvent@@QEAAII_N@Z  0000000010008ba0 f   Runtime.WorkstationGC.guidexos-nativeaot-gc-startup:guidexos_gcenv.obj
 0001:00007bf0       ?YieldThread@GCToOSInterface@@SAXI@Z 0000000010008bf0 f   Runtime.WorkstationGC.guidexos-nativeaot-gc-startup:guidexos_gcenv.obj
 0001:00007c10       ?EnumerateConfigurationValues@GCConfig@@SAXPEAXP6AX000W4GCConfigurationType@@_J@Z@Z 0000000010008c10 f   Runtime.WorkstationGC.guidexos-nativeaot-gc-startup:gcconfig.cpp.obj
 0001:00008650       ?GetBGCFLEnableFF@GCConfig@@SA_JXZ 0000000010009650 f   Runtime.WorkstationGC.guidexos-nativeaot-gc-startup:gcconfig.cpp.obj
 0001:00008660       ?GetBGCFLEnableKd@GCConfig@@SA_JXZ 0000000010009660 f   Runtime.WorkstationGC.guidexos-nativeaot-gc-startup:gcconfig.cpp.obj
 0001:00008670       ?GetBGCFLEnableKi@GCConfig@@SA_JXZ 0000000010009670 f   Runtime.WorkstationGC.guidexos-nativeaot-gc-startup:gcconfig.cpp.obj
 0001:00008680       ?GetBGCFLEnableSmooth@GCConfig@@SA_JXZ 0000000010009680 f   Runtime.WorkstationGC.guidexos-nativeaot-gc-startup:gcconfig.cpp.obj
 0001:00008690       ?GetBGCFLEnableTBH@GCConfig@@SA_JXZ 0000000010009690 f   Runtime.WorkstationGC.guidexos-nativeaot-gc-startup:gcconfig.cpp.obj
 0001:000086a0       ?GetBGCFLGradualD@GCConfig@@SA_JXZ 00000000100096a0 f   Runtime.WorkstationGC.guidexos-nativeaot-gc-startup:gcconfig.cpp.obj
 0001:000086b0       ?GetBGCFLSmoothFactor@GCConfig@@SA_JXZ 00000000100096b0 f   Runtime.WorkstationGC.guidexos-nativeaot-gc-startup:gcconfig.cpp.obj
 0001:000086c0       ?GetBGCFLSweepGoal@GCConfig@@SA_JXZ 00000000100096c0 f   Runtime.WorkstationGC.guidexos-nativeaot-gc-startup:gcconfig.cpp.obj
 0001:000086d0       ?GetBGCFLSweepGoalLOH@GCConfig@@SA_JXZ 00000000100096d0 f   Runtime.WorkstationGC.guidexos-nativeaot-gc-startup:gcconfig.cpp.obj
 0001:000086e0       ?GetBGCFLTuningEnabled@GCConfig@@SA_JXZ 00000000100096e0 f   Runtime.WorkstationGC.guidexos-nativeaot-gc-startup:gcconfig.cpp.obj
 0001:000086f0       ?GetBGCFLff@GCConfig@@SA_JXZ 00000000100096f0 f   Runtime.WorkstationGC.guidexos-nativeaot-gc-startup:gcconfig.cpp.obj
 0001:00008700       ?GetBGCFLkd@GCConfig@@SA_JXZ 0000000010009700 f   Runtime.WorkstationGC.guidexos-nativeaot-gc-startup:gcconfig.cpp.obj
 0001:00008710       ?GetBGCFLki@GCConfig@@SA_JXZ 0000000010009710 f   Runtime.WorkstationGC.guidexos-nativeaot-gc-startup:gcconfig.cpp.obj
 0001:00008720       ?GetBGCFLkp@GCConfig@@SA_JXZ 0000000010009720 f   Runtime.WorkstationGC.guidexos-nativeaot-gc-startup:gcconfig.cpp.obj
 0001:00008730       ?GetBGCG2RatioStep@GCConfig@@SA_JXZ 0000000010009730 f   Runtime.WorkstationGC.guidexos-nativeaot-gc-startup:gcconfig.cpp.obj
 0001:00008740       ?GetBGCMLki@GCConfig@@SA_JXZ 0000000010009740 f   Runtime.WorkstationGC.guidexos-nativeaot-gc-startup:gcconfig.cpp.obj
 0001:00008750       ?GetBGCMLkp@GCConfig@@SA_JXZ 0000000010009750 f   Runtime.WorkstationGC.guidexos-nativeaot-gc-startup:gcconfig.cpp.obj
 0001:00008760       ?GetBGCMemGoal@GCConfig@@SA_JXZ 0000000010009760 f   Runtime.WorkstationGC.guidexos-nativeaot-gc-startup:gcconfig.cpp.obj
 0001:00008770       ?GetBGCMemGoalSlack@GCConfig@@SA_JXZ 0000000010009770 f   Runtime.WorkstationGC.guidexos-nativeaot-gc-startup:gcconfig.cpp.obj
 0001:00008780       ?GetBGCSpin@GCConfig@@SA_JXZ 0000000010009780 f   Runtime.WorkstationGC.guidexos-nativeaot-gc-startup:gcconfig.cpp.obj
 0001:00008790       ?GetBGCSpinCount@GCConfig@@SA_JXZ 0000000010009790 f   Runtime.WorkstationGC.guidexos-nativeaot-gc-startup:gcconfig.cpp.obj
 0001:000087a0       ?GetBreakOnOOM@GCConfig@@SA_NXZ 00000000100097a0 f   Runtime.WorkstationGC.guidexos-nativeaot-gc-startup:gcconfig.cpp.obj
 0001:000087b0       ?GetConcurrentGC@GCConfig@@SA_NXZ 00000000100097b0 f   Runtime.WorkstationGC.guidexos-nativeaot-gc-startup:gcconfig.cpp.obj
 0001:000087c0       ?GetConservativeGC@GCConfig@@SA_NXZ 00000000100097c0 f   Runtime.WorkstationGC.guidexos-nativeaot-gc-startup:gcconfig.cpp.obj
 0001:000087d0       ?GetForceCompact@GCConfig@@SA_NXZ 00000000100097d0 f   Runtime.WorkstationGC.guidexos-nativeaot-gc-startup:gcconfig.cpp.obj
 0001:000087e0       ?GetGCConserveMem@GCConfig@@SA_JXZ 00000000100097e0 f   Runtime.WorkstationGC.guidexos-nativeaot-gc-startup:gcconfig.cpp.obj
 0001:000087f0       ?GetGCEnableSpecialRegions@GCConfig@@SA_JXZ 00000000100097f0 f   Runtime.WorkstationGC.guidexos-nativeaot-gc-startup:gcconfig.cpp.obj
 0001:00008800       ?GetGCEnabledInstructionSets@GCConfig@@SA_JXZ 0000000010009800 f   Runtime.WorkstationGC.guidexos-nativeaot-gc-startup:gcconfig.cpp.obj
 0001:00008810       ?GetGCGen0MaxBudget@GCConfig@@SA_JXZ 0000000010009810 f   Runtime.WorkstationGC.guidexos-nativeaot-gc-startup:gcconfig.cpp.obj
 0001:00008820       ?GetGCGen1MaxBudget@GCConfig@@SA_JXZ 0000000010009820 f   Runtime.WorkstationGC.guidexos-nativeaot-gc-startup:gcconfig.cpp.obj
 0001:00008830       ?GetGCHeapHardLimit@GCConfig@@SA_JXZ 0000000010009830 f   Runtime.WorkstationGC.guidexos-nativeaot-gc-startup:gcconfig.cpp.obj
 0001:00008840       ?GetGCHeapHardLimitLOH@GCConfig@@SA_JXZ 0000000010009840 f   Runtime.WorkstationGC.guidexos-nativeaot-gc-startup:gcconfig.cpp.obj
 0001:00008850       ?GetGCHeapHardLimitLOHPercent@GCConfig@@SA_JXZ 0000000010009850 f   Runtime.WorkstationGC.guidexos-nativeaot-gc-startup:gcconfig.cpp.obj
 0001:00008860       ?GetGCHeapHardLimitPOH@GCConfig@@SA_JXZ 0000000010009860 f   Runtime.WorkstationGC.guidexos-nativeaot-gc-startup:gcconfig.cpp.obj
 0001:00008870       ?GetGCHeapHardLimitPOHPercent@GCConfig@@SA_JXZ 0000000010009870 f   Runtime.WorkstationGC.guidexos-nativeaot-gc-startup:gcconfig.cpp.obj
 0001:00008880       ?GetGCHeapHardLimitPercent@GCConfig@@SA_JXZ 0000000010009880 f   Runtime.WorkstationGC.guidexos-nativeaot-gc-startup:gcconfig.cpp.obj
 0001:00008890       ?GetGCHeapHardLimitSOH@GCConfig@@SA_JXZ 0000000010009890 f   Runtime.WorkstationGC.guidexos-nativeaot-gc-startup:gcconfig.cpp.obj
 0001:000088a0       ?GetGCHeapHardLimitSOHPercent@GCConfig@@SA_JXZ 00000000100098a0 f   Runtime.WorkstationGC.guidexos-nativeaot-gc-startup:gcconfig.cpp.obj
 0001:000088b0       ?GetGCHighMemPercent@GCConfig@@SA_JXZ 00000000100098b0 f   Runtime.WorkstationGC.guidexos-nativeaot-gc-startup:gcconfig.cpp.obj
 0001:000088c0       ?GetGCLargePages@GCConfig@@SA_NXZ 00000000100098c0 f   Runtime.WorkstationGC.guidexos-nativeaot-gc-startup:gcconfig.cpp.obj
 0001:000088d0       ?GetGCLowSkipRatio@GCConfig@@SA_JXZ 00000000100098d0 f   Runtime.WorkstationGC.guidexos-nativeaot-gc-startup:gcconfig.cpp.obj
 0001:000088e0       ?GetGCProvModeStress@GCConfig@@SA_JXZ 00000000100098e0 f   Runtime.WorkstationGC.guidexos-nativeaot-gc-startup:gcconfig.cpp.obj
 0001:000088f0       ?GetGCRegionRange@GCConfig@@SA_JXZ 00000000100098f0 f   Runtime.WorkstationGC.guidexos-nativeaot-gc-startup:gcconfig.cpp.obj
 0001:00008900       ?GetGCRegionSize@GCConfig@@SA_JXZ 0000000010009900 f   Runtime.WorkstationGC.guidexos-nativeaot-gc-startup:gcconfig.cpp.obj
 0001:00008910       ?GetGCSpinCountUnit@GCConfig@@SA_JXZ 0000000010009910 f   Runtime.WorkstationGC.guidexos-nativeaot-gc-startup:gcconfig.cpp.obj
 0001:00008920       ?GetGCTotalPhysicalMemory@GCConfig@@SA_JXZ 0000000010009920 f   Runtime.WorkstationGC.guidexos-nativeaot-gc-startup:gcconfig.cpp.obj
 0001:00008930       ?GetGCWriteBarrier@GCConfig@@SA_JXZ 0000000010009930 f   Runtime.WorkstationGC.guidexos-nativeaot-gc-startup:gcconfig.cpp.obj
 0001:00008940       ?GetGen0Size@GCConfig@@SA_JXZ 0000000010009940 f   Runtime.WorkstationGC.guidexos-nativeaot-gc-startup:gcconfig.cpp.obj
 0001:00008950       ?GetHeapCount@GCConfig@@SA_JXZ 0000000010009950 f   Runtime.WorkstationGC.guidexos-nativeaot-gc-startup:gcconfig.cpp.obj
 0001:00008960       ?GetHeapVerifyLevel@GCConfig@@SA_JXZ 0000000010009960 f   Runtime.WorkstationGC.guidexos-nativeaot-gc-startup:gcconfig.cpp.obj
 0001:00008970       ?GetLOHCompactionMode@GCConfig@@SA_JXZ 0000000010009970 f   Runtime.WorkstationGC.guidexos-nativeaot-gc-startup:gcconfig.cpp.obj
 0001:00008980       ?GetLOHThreshold@GCConfig@@SA_JXZ 0000000010009980 f   Runtime.WorkstationGC.guidexos-nativeaot-gc-startup:gcconfig.cpp.obj
 0001:00008990       ?GetLatencyLevel@GCConfig@@SA_JXZ 0000000010009990 f   Runtime.WorkstationGC.guidexos-nativeaot-gc-startup:gcconfig.cpp.obj
 0001:000089a0       ?GetMaxHeapCount@GCConfig@@SA_JXZ 00000000100099a0 f   Runtime.WorkstationGC.guidexos-nativeaot-gc-startup:gcconfig.cpp.obj
 0001:000089b0       ?GetRetainVM@GCConfig@@SA_NXZ 00000000100099b0 f   Runtime.WorkstationGC.guidexos-nativeaot-gc-startup:gcconfig.cpp.obj
 0001:000089c0       ?GetSegmentSize@GCConfig@@SA_JXZ 00000000100099c0 f   Runtime.WorkstationGC.guidexos-nativeaot-gc-startup:gcconfig.cpp.obj
 0001:000089d0       ?Initialize@GCConfig@@SAXXZ 00000000100099d0 f   Runtime.WorkstationGC.guidexos-nativeaot-gc-startup:gcconfig.cpp.obj
 0001:00009550       ?RefreshHeapHardLimitSettings@GCConfig@@SAXXZ 000000001000a550 f   Runtime.WorkstationGC.guidexos-nativeaot-gc-startup:gcconfig.cpp.obj
 0001:000096a0       ?SetConcurrentGC@GCConfig@@SAX_N@Z 000000001000a6a0 f   Runtime.WorkstationGC.guidexos-nativeaot-gc-startup:gcconfig.cpp.obj
 0001:000096b0       ?SetGCHeapHardLimit@GCConfig@@SAX_J@Z 000000001000a6b0 f   Runtime.WorkstationGC.guidexos-nativeaot-gc-startup:gcconfig.cpp.obj
 0001:000096c0       ?SetGCHeapHardLimitLOH@GCConfig@@SAX_J@Z 000000001000a6c0 f   Runtime.WorkstationGC.guidexos-nativeaot-gc-startup:gcconfig.cpp.obj
 0001:000096d0       ?SetGCHeapHardLimitPOH@GCConfig@@SAX_J@Z 000000001000a6d0 f   Runtime.WorkstationGC.guidexos-nativeaot-gc-startup:gcconfig.cpp.obj
 0001:000096e0       ?SetGCHeapHardLimitSOH@GCConfig@@SAX_J@Z 000000001000a6e0 f   Runtime.WorkstationGC.guidexos-nativeaot-gc-startup:gcconfig.cpp.obj
 0001:000096f0       ?SetGCLargePages@GCConfig@@SAX_N@Z 000000001000a6f0 f   Runtime.WorkstationGC.guidexos-nativeaot-gc-startup:gcconfig.cpp.obj
 0001:00009700       ?SetGCRegionRange@GCConfig@@SAX_J@Z 000000001000a700 f   Runtime.WorkstationGC.guidexos-nativeaot-gc-startup:gcconfig.cpp.obj
 0001:00009710       ?SetHeapCount@GCConfig@@SAX_J@Z 000000001000a710 f   Runtime.WorkstationGC.guidexos-nativeaot-gc-startup:gcconfig.cpp.obj
 0001:00009720       ?SetLOHThreshold@GCConfig@@SAX_J@Z 000000001000a720 f   Runtime.WorkstationGC.guidexos-nativeaot-gc-startup:gcconfig.cpp.obj
 0001:00009730       ?SetServerGC@GCConfig@@SAX_N@Z 000000001000a730 f   Runtime.WorkstationGC.guidexos-nativeaot-gc-startup:gcconfig.cpp.obj
 0001:00009740       PalGetMaximumStackBounds   000000001000a740 f   Runtime.WorkstationGC.guidexos-nativeaot-gc-startup:PalRedhawkCommon.cpp.obj
 0001:000097c0       PalGetModuleBounds         000000001000a7c0 f   Runtime.WorkstationGC.guidexos-nativeaot-gc-startup:PalRedhawkCommon.cpp.obj
 0001:00009830       PalGetProcessCpuCount      000000001000a830 f   Runtime.WorkstationGC.guidexos-nativeaot-gc-startup:PalRedhawkCommon.cpp.obj
 0001:00009850       ?Destroy@CrstStatic@@QEAAXXZ 000000001000a850 f   Runtime.WorkstationGC.guidexos-nativeaot-gc-startup:Crst.cpp.obj
 0001:00009860       ?Enter@CrstStatic@@SAXPEAV1@@Z 000000001000a860 f   Runtime.WorkstationGC.guidexos-nativeaot-gc-startup:Crst.cpp.obj
 0001:00009870       ?Init@CrstStatic@@QEAAXW4CrstType@@W4CrstFlags@@@Z 000000001000a870 f   Runtime.WorkstationGC.guidexos-nativeaot-gc-startup:Crst.cpp.obj
 0001:00009880       ?Leave@CrstStatic@@SAXPEAV1@@Z 000000001000a880 f   Runtime.WorkstationGC.guidexos-nativeaot-gc-startup:Crst.cpp.obj
 0001:00009890       minipal_microdelay         000000001000a890 f   Runtime.WorkstationGC.guidexos-nativeaot-gc-startup:time.c.obj
 0001:000098f0       ??0AllocHeap@@QEAA@XZ      000000001000a8f0 f   Runtime.WorkstationGC.guidexos-nativeaot-gc-startup:allocheap.cpp.obj
 0001:00009940       ?Init@AllocHeap@@QEAA_NXZ  000000001000a940 f   Runtime.WorkstationGC.guidexos-nativeaot-gc-startup:allocheap.cpp.obj
 0001:00009940       ?IsThreadUsingAllocationContextHeap@GCHeap@WKS@@UEAA_NPEAUgc_alloc_context@@H@Z 000000001000a940 f   Runtime.WorkstationGC.guidexos-nativeaot-gc-startup:gcwks.cpp.obj
 0001:00009950       ??0StackFrameIterator@@QEAA@PEAVThread@@PEAUPInvokeTransitionFrame@@@Z 000000001000a950 f   Runtime.WorkstationGC.guidexos-nativeaot-gc-startup:StackFrameIterator.cpp.obj
 0001:000099e0       ??0StackFrameIterator@@QEAA@PEAVThread@@PEAU_CONTEXT@@@Z 000000001000a9e0 f   Runtime.WorkstationGC.guidexos-nativeaot-gc-startup:StackFrameIterator.cpp.obj
 0001:00009a40       ?CalculateCurrentMethodState@StackFrameIterator@@QEAAXXZ 000000001000aa40 f   Runtime.WorkstationGC.guidexos-nativeaot-gc-startup:StackFrameIterator.cpp.obj
 0001:00009b40       ?CategorizeUnadjustedReturnAddress@StackFrameIterator@@CA?AW4ReturnAddressCategory@1@PEAX@Z 000000001000ab40 f   Runtime.WorkstationGC.guidexos-nativeaot-gc-startup:StackFrameIterator.cpp.obj
 0001:00009bc0       ?EnterInitialInvalidState@StackFrameIterator@@AEAAXPEAVThread@@@Z 000000001000abc0 f   Runtime.WorkstationGC.guidexos-nativeaot-gc-startup:StackFrameIterator.cpp.obj
 0001:00009c40       ?GetCodeManager@StackFrameIterator@@QEAAPEAVICodeManager@@XZ 000000001000ac40 f   Runtime.WorkstationGC.guidexos-nativeaot-gc-startup:StackFrameIterator.cpp.obj
 0001:00009c50       ?GetEffectiveSafePointAddress@StackFrameIterator@@QEAAPEAXXZ 000000001000ac50 f   Runtime.WorkstationGC.guidexos-nativeaot-gc-startup:StackFrameIterator.cpp.obj
 0001:00009c60       ?GetHijackedReturnValueLocation@StackFrameIterator@@QEAA_NPEAPEAPEAVObject@@PEAW4GCRefKind@@@Z 000000001000ac60 f   Runtime.WorkstationGC.guidexos-nativeaot-gc-startup:StackFrameIterator.cpp.obj
 0001:00009c90       ?GetMethodInfo@StackFrameIterator@@QEAAPEAVMethodInfo@@XZ 000000001000ac90 f   Runtime.WorkstationGC.guidexos-nativeaot-gc-startup:StackFrameIterator.cpp.obj
 0001:00009ca0       ?GetRegisterSet@StackFrameIterator@@QEAAPEAUREGDISPLAY@@XZ 000000001000aca0 f   Runtime.WorkstationGC.guidexos-nativeaot-gc-startup:StackFrameIterator.cpp.obj
 0001:00009cb0       ?GetStackRangeToReportConservatively@StackFrameIterator@@QEAAXPEAPEAPEAVObject@@0@Z 000000001000acb0 f   Runtime.WorkstationGC.guidexos-nativeaot-gc-startup:StackFrameIterator.cpp.obj
 0001:00009cd0       ?HandleExCollide@StackFrameIterator@@AEAAPEAXPEAUExInfo@@@Z 000000001000acd0 f   Runtime.WorkstationGC.guidexos-nativeaot-gc-startup:StackFrameIterator.cpp.obj
 0001:00009f20       ?HasStackRangeToReportConservatively@StackFrameIterator@@QEAA_NXZ 000000001000af20 f   Runtime.WorkstationGC.guidexos-nativeaot-gc-startup:StackFrameIterator.cpp.obj
 0001:00009f40       ?InternalInit@StackFrameIterator@@AEAAXPEAVThread@@PEAUPAL_LIMITED_CONTEXT@@I@Z 000000001000af40 f   Runtime.WorkstationGC.guidexos-nativeaot-gc-startup:StackFrameIterator.cpp.obj
 0001:0000a0c0       ?InternalInit@StackFrameIterator@@AEAAXPEAVThread@@PEAUPInvokeTransitionFrame@@I@Z 000000001000b0c0 f   Runtime.WorkstationGC.guidexos-nativeaot-gc-startup:StackFrameIterator.cpp.obj
 0001:0000a2c0       ?InternalInit@StackFrameIterator@@AEAAXPEAVThread@@PEAU_CONTEXT@@I@Z 000000001000b2c0 f   Runtime.WorkstationGC.guidexos-nativeaot-gc-startup:StackFrameIterator.cpp.obj
 0001:0000a440       ?IsActiveStackFrame@StackFrameIterator@@QEAA_NXZ 000000001000b440 f   Runtime.WorkstationGC.guidexos-nativeaot-gc-startup:StackFrameIterator.cpp.obj
 0001:0000a450       ?IsValid@StackFrameIterator@@QEAA_NXZ 000000001000b450 f   Runtime.WorkstationGC.guidexos-nativeaot-gc-startup:StackFrameIterator.cpp.obj
 0001:0000a460       ?Next@StackFrameIterator@@QEAAXXZ 000000001000b460 f   Runtime.WorkstationGC.guidexos-nativeaot-gc-startup:StackFrameIterator.cpp.obj
 0001:0000a4a0       ?NextInternal@StackFrameIterator@@AEAAXXZ 000000001000b4a0 f   Runtime.WorkstationGC.guidexos-nativeaot-gc-startup:StackFrameIterator.cpp.obj
 0001:0000a8d0       ?PrepareToYieldFrame@StackFrameIterator@@AEAAXXZ 000000001000b8d0 f   Runtime.WorkstationGC.guidexos-nativeaot-gc-startup:StackFrameIterator.cpp.obj
 0001:0000a950       ?UnwindFuncletInvokeThunk@StackFrameIterator@@AEAAXXZ 000000001000b950 f   Runtime.WorkstationGC.guidexos-nativeaot-gc-startup:StackFrameIterator.cpp.obj
 0001:0000ab50       ?UnwindNonEHThunkSequence@StackFrameIterator@@AEAAXXZ 000000001000bb50 f   Runtime.WorkstationGC.guidexos-nativeaot-gc-startup:StackFrameIterator.cpp.obj
 0001:0000ad30       RhpThrowHwEx               000000001000bd30 f   Runtime.WorkstationGC.guidexos-nativeaot-gc-startup:ExceptionHandling.asm.obj
 0001:0000ad30       RhpThrowHwExGEHCONT        000000001000bd30 f   Runtime.WorkstationGC.guidexos-nativeaot-gc-startup:ExceptionHandling.asm.obj
 0001:0000ae23       RhpThrowHwEx2              000000001000be23     Runtime.WorkstationGC.guidexos-nativeaot-gc-startup:ExceptionHandling.asm.obj
 0001:0000ae30       RhpThrowEx                 000000001000be30 f   Runtime.WorkstationGC.guidexos-nativeaot-gc-startup:ExceptionHandling.asm.obj
 0001:0000af4f       RhpThrowEx2                000000001000bf4f     Runtime.WorkstationGC.guidexos-nativeaot-gc-startup:ExceptionHandling.asm.obj
 0001:0000af50       RhpRethrow                 000000001000bf50 f   Runtime.WorkstationGC.guidexos-nativeaot-gc-startup:ExceptionHandling.asm.obj
 0001:0000b03b       RhpRethrow2                000000001000c03b     Runtime.WorkstationGC.guidexos-nativeaot-gc-startup:ExceptionHandling.asm.obj
[...]
 0002:000071f4       $unwind$?sort_12v_alt@?$bitonic@H$00@smallsort@vxsort@@SAXPEAHH@Z 00000000100631f4     Runtime.VxsortEnabled:bitonic_sort.AVX2.int32_t.generated.cpp.obj
 0002:000071f4       $unwind$?sort_12v_alt@?$bitonic@_J$00@smallsort@vxsort@@SAXPEA_JH@Z 00000000100631f4     Runtime.VxsortEnabled:bitonic_sort.AVX2.int64_t.generated.cpp.obj
 0002:00007204       $unwind$?sort_13v_alt@?$bitonic@_J$00@smallsort@vxsort@@SAXPEA_JH@Z 0000000010063204     Runtime.VxsortEnabled:bitonic_sort.AVX2.int64_t.generated.cpp.obj
 0002:00007214       $unwind$?sort_14v_alt@?$bitonic@_J$00@smallsort@vxsort@@SAXPEA_JH@Z 0000000010063214     Runtime.VxsortEnabled:bitonic_sort.AVX2.int64_t.generated.cpp.obj
 0002:00007228       $unwind$?sort_14v_alt@?$bitonic@H$00@smallsort@vxsort@@SAXPEAHH@Z 0000000010063228     Runtime.VxsortEnabled:bitonic_sort.AVX2.int32_t.generated.cpp.obj
 0002:00007228       $unwind$?sort_15v_alt@?$bitonic@_J$00@smallsort@vxsort@@SAXPEA_JH@Z 0000000010063228     Runtime.VxsortEnabled:bitonic_sort.AVX2.int64_t.generated.cpp.obj
 0002:00007240       $unwind$?sort_16v_alt@?$bitonic@H$00@smallsort@vxsort@@SAXPEAHH@Z 0000000010063240     Runtime.VxsortEnabled:bitonic_sort.AVX2.int32_t.generated.cpp.obj
 0002:00007240       $unwind$?sort_16v_alt@?$bitonic@_J$00@smallsort@vxsort@@SAXPEA_JH@Z 0000000010063240     Runtime.VxsortEnabled:bitonic_sort.AVX2.int64_t.generated.cpp.obj
 0002:00007250       $unwind$?sort_02v_alt@?$bitonic@H$00@smallsort@vxsort@@SAXPEAHH@Z 0000000010063250     Runtime.VxsortEnabled:bitonic_sort.AVX2.int32_t.generated.cpp.obj
 0002:00007264       $unwind$?sort_03v_alt@?$bitonic@H$00@smallsort@vxsort@@SAXPEAHH@Z 0000000010063264     Runtime.VxsortEnabled:bitonic_sort.AVX2.int32_t.generated.cpp.obj
 0002:00007280       $unwind$?sort_06v_alt@?$bitonic@H$00@smallsort@vxsort@@SAXPEAHH@Z 0000000010063280     Runtime.VxsortEnabled:bitonic_sort.AVX2.int32_t.generated.cpp.obj
 0002:00007298       $unwind$?sort_07v_alt@?$bitonic@H$00@smallsort@vxsort@@SAXPEAHH@Z 0000000010063298     Runtime.VxsortEnabled:bitonic_sort.AVX2.int32_t.generated.cpp.obj
 0002:000072b8       $unwind$?sort_10v_alt@?$bitonic@H$00@smallsort@vxsort@@SAXPEAHH@Z 00000000100632b8     Runtime.VxsortEnabled:bitonic_sort.AVX2.int32_t.generated.cpp.obj
 0002:000072d0       $unwind$?sort_11v_alt@?$bitonic@H$00@smallsort@vxsort@@SAXPEAHH@Z 00000000100632d0     Runtime.VxsortEnabled:bitonic_sort.AVX2.int32_t.generated.cpp.obj
 0002:000072f0       $unwind$?sort_13v_alt@?$bitonic@H$00@smallsort@vxsort@@SAXPEAHH@Z 00000000100632f0     Runtime.VxsortEnabled:bitonic_sort.AVX2.int32_t.generated.cpp.obj
 0002:00007300       $unwind$?sort_15v_alt@?$bitonic@H$00@smallsort@vxsort@@SAXPEAHH@Z 0000000010063300     Runtime.VxsortEnabled:bitonic_sort.AVX2.int32_t.generated.cpp.obj
 0002:00007320       $unwind$?sort_03v_alt@?$bitonic@H$01@smallsort@vxsort@@SAXPEAHH@Z 0000000010063320     Runtime.VxsortEnabled:bitonic_sort.AVX512.int32_t.generated.cpp.obj
 0002:00007320       $unwind$?sort_03v_alt@?$bitonic@_J$01@smallsort@vxsort@@SAXPEA_JH@Z 0000000010063320     Runtime.VxsortEnabled:bitonic_sort.AVX512.int64_t.generated.cpp.obj
 0002:00007334       $unwind$?sort_04v_alt@?$bitonic@H$01@smallsort@vxsort@@SAXPEAHH@Z 0000000010063334     Runtime.VxsortEnabled:bitonic_sort.AVX512.int32_t.generated.cpp.obj
 0002:00007334       $unwind$?sort_04v_alt@?$bitonic@_J$01@smallsort@vxsort@@SAXPEA_JH@Z 0000000010063334     Runtime.VxsortEnabled:bitonic_sort.AVX512.int64_t.generated.cpp.obj
 0002:00007350       $unwind$?sort_05v_alt@?$bitonic@H$01@smallsort@vxsort@@SAXPEAHH@Z 0000000010063350     Runtime.VxsortEnabled:bitonic_sort.AVX512.int32_t.generated.cpp.obj
 0002:00007350       $unwind$?sort_05v_alt@?$bitonic@_J$01@smallsort@vxsort@@SAXPEA_JH@Z 0000000010063350     Runtime.VxsortEnabled:bitonic_sort.AVX512.int64_t.generated.cpp.obj
 0002:00007370       $unwind$?sort_06v_alt@?$bitonic@H$01@smallsort@vxsort@@SAXPEAHH@Z 0000000010063370     Runtime.VxsortEnabled:bitonic_sort.AVX512.int32_t.generated.cpp.obj
 0002:00007370       $unwind$?sort_06v_alt@?$bitonic@_J$01@smallsort@vxsort@@SAXPEA_JH@Z 0000000010063370     Runtime.VxsortEnabled:bitonic_sort.AVX512.int64_t.generated.cpp.obj
 0002:00007390       $unwind$?sort_07v_alt@?$bitonic@H$01@smallsort@vxsort@@SAXPEAHH@Z 0000000010063390     Runtime.VxsortEnabled:bitonic_sort.AVX512.int32_t.generated.cpp.obj
 0002:00007390       $unwind$?sort_07v_alt@?$bitonic@_J$01@smallsort@vxsort@@SAXPEA_JH@Z 0000000010063390     Runtime.VxsortEnabled:bitonic_sort.AVX512.int64_t.generated.cpp.obj
 0002:000073bc       $unwind$?sort_08v_alt@?$bitonic@H$01@smallsort@vxsort@@SAXPEAHH@Z 00000000100633bc     Runtime.VxsortEnabled:bitonic_sort.AVX512.int32_t.generated.cpp.obj
 0002:000073bc       $unwind$?sort_08v_alt@?$bitonic@_J$01@smallsort@vxsort@@SAXPEA_JH@Z 00000000100633bc     Runtime.VxsortEnabled:bitonic_sort.AVX512.int64_t.generated.cpp.obj
 0002:000073dc       $unwind$?sort_09v_alt@?$bitonic@H$01@smallsort@vxsort@@SAXPEAHH@Z 00000000100633dc     Runtime.VxsortEnabled:bitonic_sort.AVX512.int32_t.generated.cpp.obj
 0002:000073dc       $unwind$?sort_09v_alt@?$bitonic@_J$01@smallsort@vxsort@@SAXPEA_JH@Z 00000000100633dc     Runtime.VxsortEnabled:bitonic_sort.AVX512.int64_t.generated.cpp.obj
 0002:000073fc       $unwind$?sort_10v_alt@?$bitonic@H$01@smallsort@vxsort@@SAXPEAHH@Z 00000000100633fc     Runtime.VxsortEnabled:bitonic_sort.AVX512.int32_t.generated.cpp.obj
 0002:000073fc       $unwind$?sort_10v_alt@?$bitonic@_J$01@smallsort@vxsort@@SAXPEA_JH@Z 00000000100633fc     Runtime.VxsortEnabled:bitonic_sort.AVX512.int64_t.generated.cpp.obj
 0002:0000741c       $unwind$?sort_11v_alt@?$bitonic@H$01@smallsort@vxsort@@SAXPEAHH@Z 000000001006341c     Runtime.VxsortEnabled:bitonic_sort.AVX512.int32_t.generated.cpp.obj
 0002:0000741c       $unwind$?sort_11v_alt@?$bitonic@_J$01@smallsort@vxsort@@SAXPEA_JH@Z 000000001006341c     Runtime.VxsortEnabled:bitonic_sort.AVX512.int64_t.generated.cpp.obj
 0002:00007448       $unwind$?sort_12v_alt@?$bitonic@H$01@smallsort@vxsort@@SAXPEAHH@Z 0000000010063448     Runtime.VxsortEnabled:bitonic_sort.AVX512.int32_t.generated.cpp.obj
 0002:00007448       $unwind$?sort_12v_alt@?$bitonic@_J$01@smallsort@vxsort@@SAXPEA_JH@Z 0000000010063448     Runtime.VxsortEnabled:bitonic_sort.AVX512.int64_t.generated.cpp.obj
 0002:00007468       $unwind$?sort_13v_alt@?$bitonic@H$01@smallsort@vxsort@@SAXPEAHH@Z 0000000010063468     Runtime.VxsortEnabled:bitonic_sort.AVX512.int32_t.generated.cpp.obj
 0002:00007468       $unwind$?sort_13v_alt@?$bitonic@_J$01@smallsort@vxsort@@SAXPEA_JH@Z 0000000010063468     Runtime.VxsortEnabled:bitonic_sort.AVX512.int64_t.generated.cpp.obj
 0002:00007488       $unwind$?sort_14v_alt@?$bitonic@H$01@smallsort@vxsort@@SAXPEAHH@Z 0000000010063488     Runtime.VxsortEnabled:bitonic_sort.AVX512.int32_t.generated.cpp.obj
 0002:00007488       $unwind$?sort_14v_alt@?$bitonic@_J$01@smallsort@vxsort@@SAXPEA_JH@Z 0000000010063488     Runtime.VxsortEnabled:bitonic_sort.AVX512.int64_t.generated.cpp.obj
 0002:000074b0       $unwind$?sort_15v_alt@?$bitonic@H$01@smallsort@vxsort@@SAXPEAHH@Z 00000000100634b0     Runtime.VxsortEnabled:bitonic_sort.AVX512.int32_t.generated.cpp.obj
 0002:000074b0       $unwind$?sort_15v_alt@?$bitonic@_J$01@smallsort@vxsort@@SAXPEA_JH@Z 00000000100634b0     Runtime.VxsortEnabled:bitonic_sort.AVX512.int64_t.generated.cpp.obj
 0002:000074dc       $unwind$?sort_16v_alt@?$bitonic@H$01@smallsort@vxsort@@SAXPEAHH@Z 00000000100634dc     Runtime.VxsortEnabled:bitonic_sort.AVX512.int32_t.generated.cpp.obj
 0002:000074dc       $unwind$?sort_16v_alt@?$bitonic@_J$01@smallsort@vxsort@@SAXPEA_JH@Z 00000000100634dc     Runtime.VxsortEnabled:bitonic_sort.AVX512.int64_t.generated.cpp.obj
 0002:000074fc       $unwind$__GSHandlerCheckCommon 00000000100634fc     LIBCMT:gshandler.obj
 0002:00007510       $xdatasym                  0000000010063510     LIBCMT:amdsecgs.obj
 0002:00007518       $xdatasym                  0000000010063518     LIBCMT:chkstk.obj
 0002:00007520       $xdatasym                  0000000010063520     LIBCMT:guard_dispatch.obj
 0002:00007528       $xdatasym                  0000000010063528     LIBCMT:guard_xfg_dispatch.obj
 0002:00007530       .edata                     0000000010063530     NativeAotGcStartupMinimal.exp
 0002:00007558       rgpv                       0000000010063558     NativeAotGcStartupMinimal.exp
 0002:0000757c       rgszName                   000000001006357c     NativeAotGcStartupMinimal.exp
 0002:000075a0       rgwOrd                     00000000100635a0     NativeAotGcStartupMinimal.exp
 0002:000075b2       szName                     00000000100635b2     NativeAotGcStartupMinimal.exp
 0002:000075d0       $N00001                    00000000100635d0     NativeAotGcStartupMinimal.exp
 0002:000075fd       $N00002                    00000000100635fd     NativeAotGcStartupMinimal.exp
 0002:0000762a       $N00003                    000000001006362a     NativeAotGcStartupMinimal.exp
 0002:0000765a       $N00004                    000000001006365a     NativeAotGcStartupMinimal.exp
 0002:00007682       $N00005                    0000000010063682     NativeAotGcStartupMinimal.exp
 0002:000076a5       $N00006                    00000000100636a5     NativeAotGcStartupMinimal.exp
 0002:000076d0       $N00007                    00000000100636d0     NativeAotGcStartupMinimal.exp
 0002:000076fa       $N00008                    00000000100636fa     NativeAotGcStartupMinimal.exp
 0002:00007729       $N00009                    0000000010063729     NativeAotGcStartupMinimal.exp
 0003:00000058       ?g_flsIndex@?A0x7718dbdb@@3IA 0000000010064058     Runtime.WorkstationGC.guidexos-nativeaot-gc-startup:PalRedhawkMinWin.gc-startup.obj
 0003:00000080       ?g_rgDispatchStubs@@3PAPEAXA 0000000010064080     Runtime.WorkstationGC.guidexos-nativeaot-gc-startup:CachedInterfaceDispatch.cpp.obj
 0003:000000b8       ?writeBarrierAVLocations@?1??InWriteBarrierHelper@@YA_N_K@Z@4PA_KA 00000000100640b8     Runtime.WorkstationGC.guidexos-nativeaot-gc-startup:EHHelpers.cpp.obj
 0003:000000e0       ?interfaceDispatchAVLocations@?1??InInterfaceDispatchHelper@@YA_N_K@Z@4PA_KA 00000000100640e0     Runtime.WorkstationGC.guidexos-nativeaot-gc-startup:EHHelpers.cpp.obj
 0003:00000288       ?s_establishedNsPerYield@@3NA 0000000010064288     Runtime.WorkstationGC.guidexos-nativeaot-gc-startup:yieldprocessornormalized.cpp.obj
 0003:000007f4       ?gc_trigger_reason@WKS@@3W4gc_reason@@A 00000000100647f4     Runtime.WorkstationGC.guidexos-nativeaot-gc-startup:gcwks.cpp.obj
 0003:000007f8       ?write_barrier_spin_lock@WKS@@3UGCDebugSpinLock@1@A 00000000100647f8     Runtime.WorkstationGC.guidexos-nativeaot-gc-startup:gcwks.cpp.obj
 0003:00000800       ?static_data_table@WKS@@3PAY04Ustatic_data@1@A 0000000010064800     Runtime.WorkstationGC.guidexos-nativeaot-gc-startup:gcwks.cpp.obj
 0003:00000a98       ?generation_field_offsets@?1??PopulateDacVars@WKS@@YAXPEAUGcDacVars@@@Z@4PAHA 0000000010064a98     Runtime.WorkstationGC.guidexos-nativeaot-gc-startup:gcwks.cpp.obj
 0003:00000b78       ?g_nativeStartupAllocationFailures@?A0x32da9ea2@@3IA 0000000010064b78     guidexos_nativeaot_gc_startup_probe.obj
 0003:00000b7c       ?g_nativeStartupAllocationCalls@?A0x32da9ea2@@3IA 0000000010064b7c     guidexos_nativeaot_gc_startup_probe.obj
 0003:00000b80       ?g_nativeStartupArena@?A0x32da9ea2@@3PAEA 0000000010064b80     guidexos_nativeaot_gc_startup_probe.obj
 0003:00100b80       ?g_nativeStartupArenaUsed@?A0x32da9ea2@@3_KA 0000000010164b80     guidexos_nativeaot_gc_startup_probe.obj
 0003:00100b88       ?g_nativeStartupLastAllocationSize@?A0x32da9ea2@@3IA 0000000010164b88     guidexos_nativeaot_gc_startup_probe.obj
 0003:00100b90       ?g_winCriticalStates@?A0x32da9ea2@@3PAUWinCriticalState@1@A 0000000010164b90     guidexos_nativeaot_gc_startup_probe.obj
 0003:00100fa0       ?g_sRhConfig@@3VRhConfig@@A 0000000010164fa0     startup-diagnostic.obj
 0003:00101068       ?g_guideXosRuntimeStartupState@?A0x1729e141@@3KC 0000000010165068     guidexos_nativeaot_platform.gc-startup.obj
 0003:00101070       ?g_pal_hooks@?A0x6e350aca@@3Uguidexos_nativeaot_pal_hooks@@A 0000000010165070     Runtime.WorkstationGC.guidexos-nativeaot-gc-startup:guidexos_nativeaot_pal_contract.obj
 0003:00101138       ?g_fls_hooks@?A0x6e350aca@@3Uguidexos_nativeaot_fls_hooks@@A 0000000010165138     Runtime.WorkstationGC.guidexos-nativeaot-gc-startup:guidexos_nativeaot_pal_contract.obj
 0003:00101168       ?g_hook_table_installed@?A0x6e350aca@@3_NA 0000000010165168     Runtime.WorkstationGC.guidexos-nativeaot-gc-startup:guidexos_nativeaot_pal_contract.obj
 0003:00101170       ?g_hook_table@?A0x6e350aca@@3Uguidexos_nativeaot_pal_hook_table_v1@@A 0000000010165170     Runtime.WorkstationGC.guidexos-nativeaot-gc-startup:guidexos_nativeaot_pal_contract.obj
 0003:00101258       ?g_hook_table_generation@?A0x6e350aca@@3_KA 0000000010165258     Runtime.WorkstationGC.guidexos-nativeaot-gc-startup:guidexos_nativeaot_pal_contract.obj
 0003:00101260       ?g_worker_tokens@?A0x6e350aca@@3PAUWorkerToken@1@A 0000000010165260     Runtime.WorkstationGC.guidexos-nativeaot-gc-startup:guidexos_nativeaot_pal_contract.obj
 0003:00101360       ?g_table@?A0x8644cd95@@3Uguidexos_nativeaot_gc_startup_platform_table_v1@@A 0000000010165360     Runtime.WorkstationGC.guidexos-nativeaot-gc-startup:guidexos_nativeaot_gc_startup_platform_contract.obj
 0003:00101438       ?g_installed@?A0x8644cd95@@3_NA 0000000010165438     Runtime.WorkstationGC.guidexos-nativeaot-gc-startup:guidexos_nativeaot_gc_startup_platform_contract.obj
 0003:00101440       ?g_generation@?A0x8644cd95@@3_KA 0000000010165440     Runtime.WorkstationGC.guidexos-nativeaot-gc-startup:guidexos_nativeaot_gc_startup_platform_contract.obj
 0003:001035f8       ?g_hijackCallback@?A0x7718dbdb@@3P6AXPEAX0@ZEA 00000000101675f8     Runtime.WorkstationGC.guidexos-nativeaot-gc-startup:PalRedhawkMinWin.gc-startup.obj
 0003:00103600       ?g_qemuStartupBackgroundHandle@?A0x7718dbdb@@3_KA 0000000010167600     Runtime.WorkstationGC.guidexos-nativeaot-gc-startup:PalRedhawkMinWin.gc-startup.obj
 0003:00103608       ?g_qemuStartupBackgroundActive@?A0x7718dbdb@@3_NA 0000000010167608     Runtime.WorkstationGC.guidexos-nativeaot-gc-startup:PalRedhawkMinWin.gc-startup.obj
 0003:00103620       ?s_DebugEntries@@3PAUDebugTypeEntry@@A 0000000010167620     Runtime.WorkstationGC.guidexos-nativeaot-gc-startup:DebugHeader.cpp.obj
 0003:00103f80       ?s_GlobalEntries@@3PAUGlobalValueEntry@@A 0000000010167f80     Runtime.WorkstationGC.guidexos-nativeaot-gc-startup:DebugHeader.cpp.obj
 0003:00104020       ?g_rgFreeLists@@3PAPEAUInterfaceDispatchCache@@A 0000000010168020     Runtime.WorkstationGC.guidexos-nativeaot-gc-startup:CachedInterfaceDispatch.cpp.obj
 0003:00104058       ?g_sListLock@@3VCrstStatic@@A 0000000010168058     Runtime.WorkstationGC.guidexos-nativeaot-gc-startup:CachedInterfaceDispatch.cpp.obj
 0003:00104080       ?g_pAllocHeap@@3PEAVAllocHeap@@EA 0000000010168080     Runtime.WorkstationGC.guidexos-nativeaot-gc-startup:CachedInterfaceDispatch.cpp.obj
 0003:00104130       ?g_ContinueOnFatalErrors@@3_NA 0000000010168130     Runtime.WorkstationGC.guidexos-nativeaot-gc-startup:EHHelpers.cpp.obj
 0003:00104138       ?s_pbRuntimeModuleLower@?DE@??RhpVectoredExceptionHandler@@9@4PEAEEA 0000000010168138     Runtime.WorkstationGC.guidexos-nativeaot-gc-startup:EHHelpers.cpp.obj
 0003:00104140       ?s_pbRuntimeModuleUpper@?DE@??RhpVectoredExceptionHandler@@9@4PEAEEA 0000000010168140     Runtime.WorkstationGC.guidexos-nativeaot-gc-startup:EHHelpers.cpp.obj
 0003:00104158       ?g_RuntimeInitializationCallback@@3P6AHXZEA 0000000010168158     Runtime.WorkstationGC.guidexos-nativeaot-gc-startup:thread.cpp.obj
 0003:00104160       ?g_RuntimeInitializingThread@@3PEAVThread@@EA 0000000010168160     Runtime.WorkstationGC.guidexos-nativeaot-gc-startup:thread.cpp.obj
 0003:00104188       ?g_lowMemoryNotification@@3PEAXEA 0000000010168188     Runtime.WorkstationGC.guidexos-nativeaot-gc-startup:FinalizerHelpers.cpp.obj
 0003:00104190       ?g_fullGcCountSeenByFinalization@@3HA 0000000010168190     Runtime.WorkstationGC.guidexos-nativeaot-gc-startup:FinalizerHelpers.cpp.obj
 0003:00104451       ?s_normalizationState@@3W4NormalizationState@@A 0000000010168451     Runtime.WorkstationGC.guidexos-nativeaot-gc-startup:yieldprocessornormalized.cpp.obj
 0003:00104454       ?s_previousNormalizationTimeMs@@3IA 0000000010168454     Runtime.WorkstationGC.guidexos-nativeaot-gc-startup:yieldprocessornormalized.cpp.obj
 0003:00104458       ?s_performanceCounterTicksPerS@@3_KA 0000000010168458     Runtime.WorkstationGC.guidexos-nativeaot-gc-startup:yieldprocessornormalized.cpp.obj
 0003:00104460       ?s_nsPerYieldMeasurements@@3PANA 0000000010168460     Runtime.WorkstationGC.guidexos-nativeaot-gc-startup:yieldprocessornormalized.cpp.obj
 0003:001044a0       ?s_nextMeasurementIndex@@3HA 00000000101684a0     Runtime.WorkstationGC.guidexos-nativeaot-gc-startup:yieldprocessornormalized.cpp.obj
 0003:001044b0       ?s_numTableSlots@@3HA      00000000101684b0     Runtime.WorkstationGC.guidexos-nativeaot-gc-startup:gchandletable.cpp.obj
 0003:00107ecd       ?hardware_write_watch_capability@WKS@@3_NA 000000001016becd     Runtime.WorkstationGC.guidexos-nativeaot-gc-startup:gcwks.cpp.obj
 0003:001086b8       ?num_sizedrefs@?1??mark_phase@gc_heap@WKS@@CAXH@Z@4IA 000000001016c6b8     Runtime.WorkstationGC.guidexos-nativeaot-gc-startup:gcwks.cpp.obj
 0003:001086c0       ?current_mark_time@?1??mark_phase@gc_heap@WKS@@CAXH@Z@4_KA 000000001016c6c0     Runtime.WorkstationGC.guidexos-nativeaot-gc-startup:gcwks.cpp.obj
 0003:001086c8       ?last_mark_time@?1??mark_phase@gc_heap@WKS@@CAXH@Z@4_KA 000000001016c6c8     Runtime.WorkstationGC.guidexos-nativeaot-gc-startup:gcwks.cpp.obj
 0003:001086d0       ?num_sizedrefs@?1??background_mark_phase@gc_heap@WKS@@CAXXZ@4IA 000000001016c6d0     Runtime.WorkstationGC.guidexos-nativeaot-gc-startup:gcwks.cpp.obj
 0003:001086d8       ?current_mark_time@?1??background_mark_phase@gc_heap@WKS@@CAXXZ@4_KA 000000001016c6d8     Runtime.WorkstationGC.guidexos-nativeaot-gc-startup:gcwks.cpp.obj
 0003:001086e0       ?last_mark_time@?1??background_mark_phase@gc_heap@WKS@@CAXXZ@4_KA 000000001016c6e0     Runtime.WorkstationGC.guidexos-nativeaot-gc-startup:gcwks.cpp.obj
 0003:00108708       ?uCount@@3V?$Volatile@H@@A 000000001016c708     Runtime.WorkstationGC.guidexos-nativeaot-gc-startup:objecthandle.cpp.obj
 0003:00109774       ?s_initialized@@3_NA       000000001016d774     Runtime.VxsortEnabled:isa_detection.cpp.obj
 0003:00109778       ?s_supportedISA@@3W4SupportedISA@@A 000000001016d778     Runtime.VxsortEnabled:isa_detection.cpp.obj
 0005:00000000       ??bgc_start_event$initializer$@gc_heap@WKS@@0P6AXXZEA@@3P6AXXZEA 0000000010172000     Runtime.WorkstationGC.guidexos-nativeaot-gc-startup:gcwks.cpp.obj
 0005:00000008       ??background_gc_done_event$initializer$@gc_heap@WKS@@0P6AXXZEA@@3P6AXXZEA 0000000010172008     Runtime.WorkstationGC.guidexos-nativeaot-gc-startup:gcwks.cpp.obj
 0005:00000010       ??ee_proceed_event$initializer$@gc_heap@WKS@@0P6AXXZEA@@3P6AXXZEA 0000000010172010     Runtime.WorkstationGC.guidexos-nativeaot-gc-startup:gcwks.cpp.obj
 0005:00000018       ??bgc_threads_sync_event$initializer$@gc_heap@WKS@@0P6AXXZEA@@3P6AXXZEA 0000000010172018     Runtime.WorkstationGC.guidexos-nativeaot-gc-startup:gcwks.cpp.obj
 0005:00000020       ??full_gc_approach_event$initializer$@gc_heap@WKS@@0P6AXXZEA@@3P6AXXZEA 0000000010172020     Runtime.WorkstationGC.guidexos-nativeaot-gc-startup:gcwks.cpp.obj
 0005:00000028       ??full_gc_end_event$initializer$@gc_heap@WKS@@0P6AXXZEA@@3P6AXXZEA 0000000010172028     Runtime.WorkstationGC.guidexos-nativeaot-gc-startup:gcwks.cpp.obj
 0005:00000030       ??gc_done_event$initializer$@gc_heap@WKS@@0P6AXXZEA@@3P6AXXZEA 0000000010172030     Runtime.WorkstationGC.guidexos-nativeaot-gc-startup:gcwks.cpp.obj
