 guidexos_nativeaot_pal_hosted_probe

 Timestamp is 6a64434f (Fri Jul 24 22:02:07 2026)

 Preferred load address is 0000000140000000

 Start         Length     Name                   Class
 0001:00000000 00000040H .text$di                CODE
 0001:00000040 0001cfd0H .text$mn                CODE
 0001:0001d010 00000060H .text$mn$00             CODE
 0001:0001d070 00000c50H .text$mn$21             CODE
 0001:0001dcc0 000008c0H .text$x                 CODE
 0001:0001e580 00000028H .text$yd                CODE
 0002:00000000 000002c0H .idata$5                DATA
 0002:000002c0 00000038H .00cfg                  DATA
 0002:000002f8 00000008H .CRT$XCA                DATA
 0002:00000300 00000008H .CRT$XCAA               DATA
 0002:00000308 00000008H .CRT$XCU                DATA
 0002:00000310 00000008H .CRT$XCZ                DATA
 0002:00000318 00000008H .CRT$XIA                DATA
 0002:00000320 00000008H .CRT$XIAA               DATA
 0002:00000328 00000008H .CRT$XIAC               DATA
 0002:00000330 00000020H .CRT$XIC                DATA
 0002:00000350 00000008H .CRT$XIZ                DATA
 0002:00000358 00000008H .CRT$XLA                DATA
 0002:00000360 00000008H .CRT$XLZ                DATA
 0002:00000368 00000008H .CRT$XPA                DATA
 0002:00000370 00000010H .CRT$XPX                DATA
 0002:00000380 00000008H .CRT$XPXA               DATA
 0002:00000388 00000008H .CRT$XPZ                DATA
 0002:00000390 00000008H .CRT$XTA                DATA
 0002:00000398 00000008H .CRT$XTZ                DATA
 0002:000003a0 00000000H .gehcont$y              DATA
 0002:000003a0 00000000H .gfids$y                DATA
 0002:000003a0 00009830H .rdata                  DATA
 0002:00009bd0 000001b0H .rdata$00               DATA
 0002:00009d80 00000000H .rdata$CastGuardVftablesA DATA
 0002:00009d80 00000000H .rdata$CastGuardVftablesC DATA
 0002:00009d80 00000028H .rdata$T                DATA
 0002:00009da8 000006b4H .rdata$r                DATA
 0002:0000a45c 00000118H .rdata$voltmd           DATA
 0002:0000a574 000003f4H .rdata$zzzdbg           DATA
 0002:0000a968 00000008H .rtc$IAA                DATA
 0002:0000a970 00000008H .rtc$IZZ                DATA
 0002:0000a978 00000008H .rtc$TAA                DATA
 0002:0000a980 00000010H .rtc$TZZ                DATA
 0002:0000a990 00000010H .tls                    DATA
 0002:0000a9a0 00000068H .tls$                   DATA
 0002:0000aa08 00000008H .tls$ZZZ                DATA
 0002:0000aa10 00001ea8H .xdata                  DATA
 0002:0000c8b8 0000029cH .xdata$x                DATA
 0002:0000cb54 00000000H .edata                  DATA
 0002:0000cb54 00000014H .idata$2                DATA
 0002:0000cb68 00000018H .idata$3                DATA
 0002:0000cb80 000002c0H .idata$4                DATA
 0002:0000ce40 00000694H .idata$6                DATA
 0003:00000000 00000bd0H .data                   DATA
 0003:00000bd0 00000170H .data$r                 DATA
 0003:00000d40 00000110H .data$rs                DATA
 0003:00000e50 00002564H .bss                    DATA
 0004:00000000 00001e00H .pdata                  DATA
 0005:00000000 00000100H .fptable                DATA

  Address         Publics by Value              Rva+Base               Lib:Object

 0000:00000000       __AbsoluteZero             0000000000000000     <absolute>
 0000:00000000       ___safe_se_handler_count   0000000000000000     <absolute>
 0000:00000000       ___safe_se_handler_table   0000000000000000     <absolute>
 0000:00000000       __arm64x_extra_rfe_table   0000000000000000     <absolute>
 0000:00000000       __arm64x_extra_rfe_table_size 0000000000000000     <absolute>
 0000:00000000       __arm64x_native_entrypoint 0000000000000000     <absolute>
 0000:00000000       __arm64x_redirection_metadata 0000000000000000     <absolute>
 0000:00000000       __arm64x_redirection_metadata_count 0000000000000000     <absolute>
 0000:00000000       __dynamic_value_reloc_table 0000000000000000     <absolute>
 0000:00000000       __enclave_config           0000000000000000     <absolute>
 0000:00000000       __guard_check_icall_a64n_fptr 0000000000000000     <absolute>
 0000:00000000       __guard_eh_cont_count      0000000000000000     <absolute>
 0000:00000000       __guard_eh_cont_table      0000000000000000     <absolute>
 0000:00000000       __guard_fids_count         0000000000000000     <absolute>
 0000:00000000       __guard_fids_table         0000000000000000     <absolute>
 0000:00000000       __guard_iat_count          0000000000000000     <absolute>
 0000:00000000       __guard_iat_table          0000000000000000     <absolute>
 0000:00000000       __guard_longjmp_count      0000000000000000     <absolute>
 0000:00000000       __guard_longjmp_table      0000000000000000     <absolute>
 0000:00000000       __hybrid_auxiliary_delayload_iat 0000000000000000     <absolute>
 0000:00000000       __hybrid_auxiliary_delayload_iat_copy 0000000000000000     <absolute>
 0000:00000000       __hybrid_auxiliary_iat     0000000000000000     <absolute>
 0000:00000000       __hybrid_auxiliary_iat_copy 0000000000000000     <absolute>
 0000:00000000       __hybrid_code_map          0000000000000000     <absolute>
 0000:00000000       __hybrid_code_map_count    0000000000000000     <absolute>
 0000:00000000       __hybrid_image_info_bitfield 0000000000000000     <absolute>
 0000:00000000       __x64_code_ranges_to_entry_points 0000000000000000     <absolute>
 0000:00000000       __x64_code_ranges_to_entry_points_count 0000000000000000     <absolute>
 0000:00000100       __guard_flags              0000000000000100     <absolute>
 0000:00000000       __ImageBase                0000000140000000     <linker-defined>
 0001:00000320       _get_startup_argv_mode     0000000140001320 f   LIBCMT:argv_mode.obj
 0001:00000830       __local_stdio_printf_options 0000000140001830 f i guidexos_nativeaot_pal_hosted_probe.obj
 0001:00000840       fprintf                    0000000140001840 f i guidexos_nativeaot_pal_hosted_probe.obj
 0001:00000890       main                       0000000140001890 f   guidexos_nativeaot_pal_hosted_probe.obj
 0001:00001300       guidexos_nativeaot_fls_alloc 0000000140002300 f   guidexos_nativeaot_fls_adapter.obj
 0001:00001350       guidexos_nativeaot_fls_attach_current_thread 0000000140002350 f   guidexos_nativeaot_fls_adapter.obj
 0001:00001370       guidexos_nativeaot_fls_detach_current_thread 0000000140002370 f   guidexos_nativeaot_fls_adapter.obj
 0001:000013a0       guidexos_nativeaot_fls_free 00000001400023a0 f   guidexos_nativeaot_fls_adapter.obj
 0001:00001410       guidexos_nativeaot_fls_get 0000000140002410 f   guidexos_nativeaot_fls_adapter.obj
 0001:00001470       guidexos_nativeaot_fls_initialize 0000000140002470 f   guidexos_nativeaot_fls_adapter.obj
 0001:000014b0       guidexos_nativeaot_fls_set 00000001400024b0 f   guidexos_nativeaot_fls_adapter.obj
 0001:000014f0       guidexos_nativeaot_fls_shutdown 00000001400024f0 f   guidexos_nativeaot_fls_adapter.obj
 0001:00001530       ??$_Construct@$00PEBD@?$basic_string@DU?$char_traits@D@std@@V?$allocator@D@2@@std@@AEAAXQEBD_K@Z 0000000140002530 f i guidexos_local_storage.obj
 0001:00001630       ??0_System_error@std@@QEAA@AEBV01@@Z 0000000140002630 f i guidexos_local_storage.obj
 0001:00001680       ??0bad_alloc@std@@QEAA@AEBV01@@Z 0000000140002680 f i guidexos_local_storage.obj
 0001:000016c0       ??0bad_array_new_length@std@@QEAA@AEBV01@@Z 00000001400026c0 f i guidexos_local_storage.obj
 0001:00001700       ??0bad_array_new_length@std@@QEAA@XZ 0000000140002700 f i guidexos_local_storage.obj
 0001:00001730       ??0exception@std@@QEAA@AEBV01@@Z 0000000140002730 f i guidexos_local_storage.obj
 0001:00001770       ??0runtime_error@std@@QEAA@AEBV01@@Z 0000000140002770 f i guidexos_local_storage.obj
 0001:000017b0       ??0system_error@std@@QEAA@AEBV01@@Z 00000001400027b0 f i guidexos_local_storage.obj
 0001:00001810       ??1?$basic_string@DU?$char_traits@D@std@@V?$allocator@D@2@@std@@QEAA@XZ 0000000140002810 f i guidexos_local_storage.obj
 0001:00001880       ??1?$lock_guard@Vmutex@std@@@std@@QEAA@XZ 0000000140002880 f i guidexos_local_storage.obj
 0001:00001890       ??1?$unique_lock@Vmutex@std@@@std@@QEAA@XZ 0000000140002890 f i guidexos_local_storage.obj
 0001:000018a0       ??1bad_alloc@std@@UEAA@XZ  00000001400028a0 f i guidexos_local_storage.obj
 0001:000018a0       ??1bad_array_new_length@std@@UEAA@XZ 00000001400028a0 f i guidexos_local_storage.obj
 0001:000018a0       ??1bad_exception@std@@UEAA@XZ 00000001400028a0 f i libvcruntime:frame.obj
 0001:000018a0       ??1length_error@std@@UEAA@XZ 00000001400028a0 f i libcpmt:xthrow.obj
 0001:000018a0       ??1system_error@std@@UEAA@XZ 00000001400028a0 f i guidexos_local_storage.obj
 0001:000018c0       ??_E_Generic_error_category@std@@UEAAPEAXI@Z 00000001400028c0 f i guidexos_local_storage.obj
 0001:000018c0       ??_G_Generic_error_category@std@@UEAAPEAXI@Z 00000001400028c0 f i guidexos_local_storage.obj
 0001:000018f0       ??_E_System_error@std@@UEAAPEAXI@Z 00000001400028f0 f i guidexos_local_storage.obj
 0001:000018f0       ??_Esystem_error@std@@UEAAPEAXI@Z 00000001400028f0 f i guidexos_local_storage.obj
 0001:000018f0       ??_G_System_error@std@@UEAAPEAXI@Z 00000001400028f0 f i guidexos_local_storage.obj
 0001:000018f0       ??_Gsystem_error@std@@UEAAPEAXI@Z 00000001400028f0 f i guidexos_local_storage.obj
 0001:00001940       ??_Ebad_alloc@std@@UEAAPEAXI@Z 0000000140002940 f i guidexos_local_storage.obj
 0001:00001940       ??_Ebad_array_new_length@std@@UEAAPEAXI@Z 0000000140002940 f i guidexos_local_storage.obj
 0001:00001940       ??_Ebad_exception@std@@UEAAPEAXI@Z 0000000140002940 f i libvcruntime:frame.obj
 0001:00001940       ??_Eexception@std@@UEAAPEAXI@Z 0000000140002940 f i guidexos_local_storage.obj
 0001:00001940       ??_Elength_error@std@@UEAAPEAXI@Z 0000000140002940 f i libcpmt:xthrow.obj
 0001:00001940       ??_Elogic_error@std@@UEAAPEAXI@Z 0000000140002940 f i libcpmt:xthrow.obj
 0001:00001940       ??_Eruntime_error@std@@UEAAPEAXI@Z 0000000140002940 f i guidexos_local_storage.obj
 0001:00001940       ??_Gbad_alloc@std@@UEAAPEAXI@Z 0000000140002940 f i guidexos_local_storage.obj
 0001:00001940       ??_Gbad_array_new_length@std@@UEAAPEAXI@Z 0000000140002940 f i guidexos_local_storage.obj
 0001:00001940       ??_Gbad_exception@std@@UEAAPEAXI@Z 0000000140002940 f i libvcruntime:frame.obj
 0001:00001940       ??_Gexception@std@@UEAAPEAXI@Z 0000000140002940 f i guidexos_local_storage.obj
 0001:00001940       ??_Glength_error@std@@UEAAPEAXI@Z 0000000140002940 f i libcpmt:xthrow.obj
 0001:00001940       ??_Glogic_error@std@@UEAAPEAXI@Z 0000000140002940 f i libcpmt:xthrow.obj
 0001:00001940       ??_Gruntime_error@std@@UEAAPEAXI@Z 0000000140002940 f i guidexos_local_storage.obj
 0001:00001990       ?_Throw_bad_array_new_length@std@@YAXXZ 0000000140002990 f i guidexos_local_storage.obj
 0001:00001990       ?__scrt_throw_std_bad_array_new_length@@YAXXZ 0000000140002990 f i LIBCMT:throw_bad_alloc.obj
 0001:000019b0       ?_Xlen_string@std@@YAXXZ   00000001400029b0 f i guidexos_local_storage.obj
 0001:000019d0       ?allocateLocalStorageIndex@runtime@gxos@@YA?AW4LocalStorageResult@12@P6AXPEAX@ZPEAULocalStorageIndex@12@@Z 00000001400029d0 f   guidexos_local_storage.obj
 0001:00001ac0       ?attachLocalStorage@runtime@gxos@@YA?AW4LocalStorageResult@12@XZ 0000000140002ac0 f   guidexos_local_storage.obj
 0001:00001d40       ?default_error_condition@error_category@std@@UEBA?AVerror_condition@2@H@Z 0000000140002d40 f i guidexos_local_storage.obj
 0001:00002010       ?detachLocalStorage@runtime@gxos@@YA?AW4LocalStorageResult@12@XZ 0000000140003010 f   guidexos_local_storage.obj
 0001:00002160       ?equivalent@error_category@std@@UEBA_NAEBVerror_code@2@H@Z 0000000140003160 f i guidexos_local_storage.obj
 0001:00002180       ?equivalent@error_category@std@@UEBA_NHAEBVerror_condition@2@@Z 0000000140003180 f i guidexos_local_storage.obj
 0001:000021c0       ?generic_category@std@@YAAEBVerror_category@1@XZ 00000001400031c0 f i guidexos_local_storage.obj
 0001:000021d0       ?getLocalStorageValue@runtime@gxos@@YA?AW4LocalStorageResult@12@ULocalStorageIndex@12@PEAPEAX@Z 00000001400031d0 f   guidexos_local_storage.obj
 0001:000022b0       ?initializeLocalStorage@runtime@gxos@@YA?AW4LocalStorageResult@12@XZ 00000001400032b0 f   guidexos_local_storage.obj
 0001:000023d0       ?isLocalStorageInitialized@runtime@gxos@@YA_NXZ 00000001400033d0 f   guidexos_local_storage.obj
 0001:00002440       ?message@_Generic_error_category@std@@UEBA?AV?$basic_string@DU?$char_traits@D@std@@V?$allocator@D@2@@2@H@Z 0000000140003440 f i guidexos_local_storage.obj
 0001:000024a0       ?name@_Generic_error_category@std@@UEBAPEBDXZ 00000001400034a0 f i guidexos_local_storage.obj
 0001:000024b0       ?releaseLocalStorageIndex@runtime@gxos@@YA?AW4LocalStorageResult@12@ULocalStorageIndex@12@@Z 00000001400034b0 f   guidexos_local_storage.obj
 0001:00002760       ?setLocalStorageValue@runtime@gxos@@YA?AW4LocalStorageResult@12@ULocalStorageIndex@12@PEAX@Z 0000000140003760 f   guidexos_local_storage.obj
 0001:00002890       ?shutdownLocalStorage@runtime@gxos@@YA?AW4LocalStorageResult@12@XZ 0000000140003890 f   guidexos_local_storage.obj
 0001:000029d0       ?what@exception@std@@UEBAPEBDXZ 00000001400039d0 f i guidexos_local_storage.obj
 0001:000029f0       ??0Event@runtime@gxos@@QEAA@W4EventMode@12@_N@Z 00000001400039f0 f   guidexos_event.obj
 0001:00002a40       ??1?$shared_ptr@UState@Event@runtime@gxos@@@std@@QEAA@XZ 0000000140003a40 f i guidexos_event.obj
 0001:00002a90       ??1Event@runtime@gxos@@QEAA@XZ 0000000140003a90 f   guidexos_event.obj
 0001:00002bd0       ??_E?$_Ref_count_obj2@UState@Event@runtime@gxos@@@std@@UEAAPEAXI@Z 0000000140003bd0 f i guidexos_event.obj
 0001:00002bd0       ??_G?$_Ref_count_obj2@UState@Event@runtime@gxos@@@std@@UEAAPEAXI@Z 0000000140003bd0 f i guidexos_event.obj
 0001:00002c00       ?_Decref@_Ref_count_base@std@@QEAAXXZ 0000000140003c00 f i guidexos_event.obj
 0001:00002c50       ?_Delete_this@?$_Ref_count_obj2@UState@Event@runtime@gxos@@@std@@EEAAXXZ 0000000140003c50 f i guidexos_event.obj
 0001:00002c70       ?_Destroy@?$_Ref_count_obj2@UState@Event@runtime@gxos@@@std@@EEAAXXZ 0000000140003c70 f i guidexos_event.obj
 0001:00002c80       ?_Get_deleter@_Ref_count_base@std@@UEBAPEAXAEBVtype_info@@@Z 0000000140003c80 f i guidexos_event.obj
 0001:00002c80       PalLoadLibrary             0000000140003c80 f i PalRedhawkMinWin.cpp.obj
 0001:00002c80       __scrt_exe_initialize_mta  0000000140003c80 f i LIBCMT:utility_desktop.obj
 0001:00002c80       __scrt_initialize_winrt    0000000140003c80 f i LIBCMT:utility_desktop.obj
 0001:00002c80       __scrt_stub_for_initialize_mta 0000000140003c80 f i LIBCMT:utility_desktop.obj
 0001:00002c80       _get_startup_commit_mode   0000000140003c80 f i LIBCMT:commit_mode.obj
 0001:00002c80       _get_startup_new_mode      0000000140003c80 f i LIBCMT:new_mode.obj
 0001:00002c80       _get_startup_thread_locale_mode 0000000140003c80 f i LIBCMT:thread_locale.obj
 0001:00002c80       _matherr                   0000000140003c80 f i LIBCMT:matherr.obj
 0001:00002c90       ?close@Event@runtime@gxos@@QEAA?AW4EventStatus@23@XZ 0000000140003c90 f   guidexos_event.obj
 0001:00002db0       ?finiteMilliseconds@WaitTimeout@runtime@gxos@@SA?AU123@_K@Z 0000000140003db0 f   guidexos_event.obj
 0001:00002e10       ?initialize@Event@runtime@gxos@@QEAA_NW4EventMode@23@_N@Z 0000000140003e10 f   guidexos_event.obj
 0001:00002ff0       ?isInitialized@Event@runtime@gxos@@QEBA_NXZ 0000000140003ff0 f   guidexos_event.obj
 0001:00003060       ?now@steady_clock@chrono@std@@SA?AV?$time_point@Usteady_clock@chrono@std@@V?$duration@_JU?$ratio@$00$0DLJKMKAA@@std@@@23@@23@XZ 0000000140004060 f i guidexos_event.obj
 0001:00003110       ?signal@Event@runtime@gxos@@QEAA?AW4EventStatus@23@XZ 0000000140004110 f   guidexos_event.obj
 0001:00003280       ?wait@Event@runtime@gxos@@QEAA?AW4WaitResult@23@AEBUWaitTimeout@23@@Z 0000000140004280 f   guidexos_event.obj
 0001:00003930       ?createThread@runtime@gxos@@YA?AW4ThreadResult@12@P6A_KPEAX@Z0AEBUThreadCreateOptions@12@PEAUThreadHandle@12@@Z 0000000140004930 f   guidexos_native_thread.obj
 0001:00003940       ?detach@thread@std@@QEAAXXZ 0000000140004940 f i guidexos_native_thread.obj
 0001:00003980       ?detachThread@runtime@gxos@@YA?AW4ThreadResult@12@UThreadHandle@12@@Z 0000000140004980 f   guidexos_native_thread.obj
 0001:00003d30       ?joinThread@runtime@gxos@@YA?AW4WaitResult@12@UThreadHandle@12@AEBUWaitTimeout@12@PEA_K@Z 0000000140004d30 f   guidexos_native_thread.obj
 0001:00004020       PalGetMaximumStackBounds   0000000140005020 f   PalRedhawkCommon.cpp.obj
 0001:000040a0       PalGetModuleFileName       00000001400050a0 f   PalRedhawkCommon.cpp.obj
 0001:000040d0       PalGetProcessCpuCount      00000001400050d0 f   PalRedhawkCommon.cpp.obj
 0001:000040f0       PalGetTickCount64          00000001400050f0 f   PalRedhawkCommon.cpp.obj
 0001:00004180       ?FiberDetachCallback@@YAXPEAX@Z 0000000140005180 f   PalRedhawkMinWin.cpp.obj
 0001:00004180       __sanitizer_annotate_contiguous_container 0000000140005180 f   libcpmt:asan_noop.obj
 0001:00004180       __sanitizer_annotate_contiguous_container_default 0000000140005180 f   libcpmt:asan_noop.obj
 0001:00004180       _guard_check_icall_nop     0000000140005180 f   LIBCMT:guard_support.obj
 0001:00004180       _initialize_denormal_control 0000000140005180 f   LIBCMT:denormal_control.obj
 0001:00004180       _initialize_invalid_parameter_handler 0000000140005180 f   LIBCMT:invalid_parameter_handler.obj
 0001:000041e0       PalAttachThread            00000001400051e0 f   PalRedhawkMinWin.cpp.obj
 0001:00004240       PalCompatibleWaitAny       0000000140005240 f   PalRedhawkMinWin.cpp.obj
 0001:00004270       PalCreateEventW            0000000140005270 f   PalRedhawkMinWin.cpp.obj
 0001:00004290       PalDetachThread            0000000140005290 f   PalRedhawkMinWin.cpp.obj
 0001:000042e0       PalGetCurrentOSThreadId    00000001400052e0 f   PalRedhawkMinWin.cpp.obj
 0001:00004310       PalGetModuleHandleFromPointer 0000000140005310 f   PalRedhawkMinWin.cpp.obj
 0001:00004320       PalGetProcAddress          0000000140005320 f   PalRedhawkMinWin.cpp.obj
 0001:00004340       PalInit                    0000000140005340 f   PalRedhawkMinWin.cpp.obj
 0001:00004390       PalSleep                   0000000140005390 f   PalRedhawkMinWin.cpp.obj
 0001:000043a0       PalStartBackgroundWork     00000001400053a0 f   PalRedhawkMinWin.cpp.obj
 0001:00004440       PalSwitchToThread          0000000140005440 f   PalRedhawkMinWin.cpp.obj
 0001:00004460       PalVirtualAlloc            0000000140005460 f   PalRedhawkMinWin.cpp.obj
 0001:00004480       PalVirtualFree             0000000140005480 f   PalRedhawkMinWin.cpp.obj
 0001:00004490       PalVirtualProtect          0000000140005490 f   PalRedhawkMinWin.cpp.obj
 0001:000044c0       minipal_hires_tick_frequency 00000001400054c0 f   time.c.obj
 0001:000044f0       minipal_hires_ticks        00000001400054f0 f   time.c.obj
 0001:00004520       minipal_microdelay         0000000140005520 f   time.c.obj
 0001:00004610       guidexos_nativeaot_pal_close_event 0000000140005610 f   guidexos_nativeaot_pal_contract.obj
 0001:00004680       guidexos_nativeaot_pal_close_thread 0000000140005680 f   guidexos_nativeaot_pal_contract.obj
 0001:00004790       guidexos_nativeaot_pal_counter 0000000140005790 f   guidexos_nativeaot_pal_contract.obj
 0001:00004840       guidexos_nativeaot_pal_create_event 0000000140005840 f   guidexos_nativeaot_pal_contract.obj
 0001:000048b0       guidexos_nativeaot_pal_create_thread 00000001400058b0 f   guidexos_nativeaot_pal_contract.obj
 0001:00004a10       guidexos_nativeaot_pal_current_thread_id 0000000140005a10 f   guidexos_nativeaot_pal_contract.obj
 0001:00004ad0       guidexos_nativeaot_pal_fail_fast 0000000140005ad0 f   guidexos_nativeaot_pal_contract.obj
 0001:00004b80       guidexos_nativeaot_pal_fls_alloc 0000000140005b80 f   guidexos_nativeaot_pal_contract.obj
 0001:00004bf0       guidexos_nativeaot_pal_fls_free 0000000140005bf0 f   guidexos_nativeaot_pal_contract.obj
 0001:00004c60       guidexos_nativeaot_pal_fls_get 0000000140005c60 f   guidexos_nativeaot_pal_contract.obj
 0001:00004cd0       guidexos_nativeaot_pal_fls_set 0000000140005cd0 f   guidexos_nativeaot_pal_contract.obj
 0001:00004d40       guidexos_nativeaot_pal_frequency 0000000140005d40 f   guidexos_nativeaot_pal_contract.obj
 0001:00004e00       guidexos_nativeaot_pal_install_fls_hooks 0000000140005e00 f   guidexos_nativeaot_pal_contract.obj
 0001:00004e70       guidexos_nativeaot_pal_install_hooks 0000000140005e70 f   guidexos_nativeaot_pal_contract.obj
 0001:00005090       guidexos_nativeaot_pal_join_thread 0000000140006090 f   guidexos_nativeaot_pal_contract.obj
 0001:000051a0       guidexos_nativeaot_pal_sleep 00000001400061a0 f   guidexos_nativeaot_pal_contract.obj
 0001:00005240       guidexos_nativeaot_pal_stack_bounds 0000000140006240 f   guidexos_nativeaot_pal_contract.obj
 0001:00005310       guidexos_nativeaot_pal_static_module_from_pointer 0000000140006310 f   guidexos_nativeaot_pal_contract.obj
 0001:00005380       guidexos_nativeaot_pal_static_resolve 0000000140006380 f   guidexos_nativeaot_pal_contract.obj
 0001:000053f0       guidexos_nativeaot_pal_virtual_alloc 00000001400063f0 f   guidexos_nativeaot_pal_contract.obj
 0001:00005470       guidexos_nativeaot_pal_virtual_free 0000000140006470 f   guidexos_nativeaot_pal_contract.obj
 0001:000054e0       guidexos_nativeaot_pal_virtual_protect 00000001400064e0 f   guidexos_nativeaot_pal_contract.obj
 0001:00005560       guidexos_nativeaot_pal_wait_any 0000000140006560 f   guidexos_nativeaot_pal_contract.obj
 0001:000055e0       guidexos_nativeaot_pal_yield 00000001400065e0 f   guidexos_nativeaot_pal_contract.obj
 0001:00005680       _Mtx_lock                  0000000140006680 f   libcpmt:mutex.obj
 0001:00005710       _Mtx_unlock                0000000140006710 f   libcpmt:mutex.obj
 0001:00005740       ??$_Append@D@?$basic_string@DU?$char_traits@D@std@@V?$allocator@D@2@@std@@AEAAAEAV01@QEBD_K@Z 0000000140006740 f i libcpmt:thread0.obj
 0001:00005830       ??$_Reallocate_grow_by@V<lambda_1>@?1???$_Append@D@?$basic_string@DU?$char_traits@D@std@@V?$allocator@D@2@@std@@AEAAAEAV23@QEBD_K@Z@PEBD_K@?$basic_string@DU?$char_traits@D@std@@V?$allocator@D@2@@std@@AEAAAEAV01@_KV<lambda_1>@?1???$_Append@D@01@AEAAAEAV01@QEBD0@Z@PEBD_K@Z 0000000140006830 f i libcpmt:thread0.obj
 0001:00005a60       ??0?$basic_string@DU?$char_traits@D@std@@V?$allocator@D@2@@std@@QEAA@AEBV01@@Z 0000000140006a60 f i libcpmt:thread0.obj
 0001:00005bc0       ??0_System_error@std@@IEAA@Verror_code@1@AEBV?$basic_string@DU?$char_traits@D@std@@V?$allocator@D@2@@1@@Z 0000000140006bc0 f i libcpmt:thread0.obj
 0001:00005dc0       ??0system_error@std@@QEAA@HAEBVerror_category@1@PEBD@Z 0000000140006dc0 f i libcpmt:thread0.obj
 0001:00005f00       ?_Throw_Cpp_error@std@@YAXH@Z 0000000140006f00 f   libcpmt:thread0.obj
 0001:00005f50       ??0bad_alloc@std@@QEAA@XZ  0000000140006f50 f i libcpmt:xthrow.obj
 0001:00005f80       ??0length_error@std@@QEAA@AEBV01@@Z 0000000140006f80 f i libcpmt:xthrow.obj
 0001:00005fc0       ??0length_error@std@@QEAA@PEBD@Z 0000000140006fc0 f i libcpmt:xthrow.obj
 0001:00006010       ??0logic_error@std@@QEAA@AEBV01@@Z 0000000140007010 f i libcpmt:xthrow.obj
 0001:00006050       ?_Xlength_error@std@@YAXPEBD@Z 0000000140007050 f   libcpmt:xthrow.obj
 0001:00006080       ?_Syserror_map@std@@YAPEBDH@Z 0000000140007080 f   libcpmt:syserror.obj
 0001:000060b0       _Query_perf_counter        00000001400070b0 f   libcpmt:xtime.obj
 0001:000060d0       _Query_perf_frequency      00000001400070d0 f   libcpmt:xtime.obj
 0001:00006100       _Cnd_broadcast             0000000140007100 f   libcpmt:cond.obj
 0001:00006120       _Cnd_signal                0000000140007120 f   libcpmt:cond.obj
 0001:00006140       _Cnd_wait                  0000000140007140 f   libcpmt:cond.obj
 0001:00006190       _Cnd_timedwait_for_unchecked 0000000140007190 f   libcpmt:sharedmutex.obj
 0001:000061e0       _Thrd_detach               00000001400071e0 f   libcpmt:cthread.obj
 0001:00006200       _Thrd_id                   0000000140007200 f   libcpmt:cthread.obj
 0001:00006210       _Thrd_join                 0000000140007210 f   libcpmt:cthread.obj
 0001:00006290       _Cnd_do_broadcast_at_thread_exit 0000000140007290 f   libcpmt:xnotify.obj
 0001:00006380       ??3@YAXPEAX_K@Z            0000000140007380 f   LIBCMT:delete_scalar_size.obj
 0001:00006390       ??2@YAPEAX_KAEBUnothrow_t@std@@@Z 0000000140007390 f   LIBCMT:new_scalar_nothrow.obj
 0001:000063b0       __report_gsfailure         00000001400073b0 f   LIBCMT:gs_report.obj
 0001:000063c0       __GSHandlerCheck           00000001400073c0 f   LIBCMT:gshandler.obj
 0001:000063e0       __GSHandlerCheckCommon     00000001400073e0 f   LIBCMT:gshandler.obj
 0001:000065c0       __security_check_cookie    00000001400075c0 f   LIBCMT:amdsecgs.obj
 0001:000065e0       ??2@YAPEAX_K@Z             00000001400075e0 f   LIBCMT:new_scalar.obj
 0001:00006630       __GSHandlerCheck_EH4       0000000140007630 f   LIBCMT:gshandlereh4.obj
 0001:000066a0       ??_Etype_info@@UEAAPEAXI@Z 00000001400076a0 f i LIBCMT:std_type_info_static.obj
 0001:000066a0       ??_Gtype_info@@UEAAPEAXI@Z 00000001400076a0 f i LIBCMT:std_type_info_static.obj
 0001:000066d0       ??_L@YAXPEAX_K1P6AX0@Z2@Z  00000001400076d0 f   LIBCMT:ehvecctr.obj
 0001:00006750       ??_M@YAXPEAX_K1P6AX0@Z@Z   0000000140007750 f   LIBCMT:ehvecdtr.obj
 0001:000067d0       ?__ArrayUnwind@@YAXPEAX_K1P6AX0@Z@Z 00000001400077d0 f   LIBCMT:ehvecdtr.obj
 0001:00006830       __scrt_acquire_startup_lock 0000000140007830 f   LIBCMT:utility.obj
 0001:00006880       __scrt_initialize_crt      0000000140007880 f   LIBCMT:utility.obj
 0001:000068c0       __scrt_initialize_onexit_tables 00000001400078c0 f   LIBCMT:utility.obj
 0001:00006960       __scrt_is_nonwritable_in_current_image 0000000140007960 f   LIBCMT:utility.obj
 0001:00006a00       __scrt_release_startup_lock 0000000140007a00 f   LIBCMT:utility.obj
 0001:00006a30       __scrt_uninitialize_crt    0000000140007a30 f   LIBCMT:utility.obj
 0001:00006a60       atexit                     0000000140007a60 f   LIBCMT:utility.obj
 0001:00006d10       mainCRTStartup             0000000140007d10 f   LIBCMT:exe_main.obj
 0001:00006d30       __isa_available_init       0000000140007d30 f   LIBCMT:cpu_disp.obj
 0001:00006fe0       ??3@YAXPEAX@Z              0000000140007fe0 f   LIBCMT:delete_scalar.obj
 0001:00006ff0       ?__scrt_throw_std_bad_alloc@@YAXXZ 0000000140007ff0 f   LIBCMT:throw_bad_alloc.obj
 0001:00007010       __scrt_is_ucrt_dll_in_use  0000000140008010 f   LIBCMT:ucrt_detection.obj
 0001:00007020       __crt_debugger_hook        0000000140008020 f   LIBCMT:utility_desktop.obj
 0001:00007030       __scrt_fastfail            0000000140008030 f   LIBCMT:utility_desktop.obj
 0001:00007040       __scrt_initialize_mta      0000000140008040 f   LIBCMT:utility_desktop.obj
 0001:00007050       __scrt_is_managed_app      0000000140008050 f   LIBCMT:utility_desktop.obj
 0001:000070b0       __scrt_set_unhandled_exception_filter 00000001400080b0 f   LIBCMT:utility_desktop.obj
 0001:000070c0       __scrt_unhandled_exception_filter 00000001400080c0 f   LIBCMT:utility_desktop.obj
 0001:00007120       __security_init_cookie     0000000140008120 f   LIBCMT:gs_support.obj
 0001:000071e0       _get_startup_file_mode     00000001400081e0 f   LIBCMT:file_mode.obj
 0001:000071f0       ?__scrt_initialize_type_info@@YAXXZ 00000001400081f0 f   LIBCMT:tncleanup.obj
 0001:00007200       __acrt_uninitialize_command_line 0000000140008200 f   libucrt:argv_data.obj
 0001:00007200       _should_initialize_environment 0000000140008200 f   LIBCMT:env_mode.obj
 0001:00007210       __local_stdio_scanf_options 0000000140008210 f i LIBCMT:default_local_stdio_options.obj
 0001:00007220       __scrt_initialize_default_local_stdio_options 0000000140008220 f   LIBCMT:default_local_stdio_options.obj
 0001:00007240       __scrt_is_user_matherr_present 0000000140008240 f   LIBCMT:matherr_detection.obj
 0001:00007250       __scrt_get_dyn_tls_init_callback 0000000140008250 f   LIBCMT:dyn_tls_init.obj
 0001:00007260       __scrt_get_dyn_tls_dtor_callback 0000000140008260 f   LIBCMT:dyn_tls_dtor.obj
 0001:00007270       _RTC_Initialize            0000000140008270 f   LIBCMT:initsect.obj
 0001:000072c0       _RTC_Terminate             00000001400082c0 f   LIBCMT:initsect.obj
 0001:00007310       __std_exception_copy       0000000140008310 f   libvcruntime:std_exception.obj
 0001:000073b0       __std_exception_destroy    00000001400083b0 f   libvcruntime:std_exception.obj
 0001:000073f0       _CxxThrowException         00000001400083f0 f   libvcruntime:throw.obj
 0001:000074a0       ??$_CallSETranslator@V__FrameHandler3@@@@YAHPEAUEHExceptionRecord@@PEA_KPEAU_CONTEXT@@PEAU_xDISPATCHER_CONTEXT@@PEBU_s_FuncInfo@@K1H@Z 00000001400084a0 f i libvcruntime:risctrnsctrl.obj
 0001:000074f0       ??$_CallSETranslator@V__FrameHandler4@@@@YAHPEAUEHExceptionRecord@@PEA_KPEAU_CONTEXT@@PEAU_xDISPATCHER_CONTEXT@@PEAUFuncInfo4@FH4@@K1H@Z 00000001400084f0 f i libvcruntime:risctrnsctrl.obj
 0001:00007540       ?DecompFuncInfo@FH4@@YA_JPEAEAEAUFuncInfo4@1@_KH_N@Z 0000000140008540 f i libvcruntime:risctrnsctrl.obj
 0001:00007650       ?ExecutionInCatch@__FrameHandler3@@SA_NPEAU_xDISPATCHER_CONTEXT@@PEBU_s_FuncInfo@@@Z 0000000140008650 f   libvcruntime:risctrnsctrl.obj
 0001:000076c0       ?ExecutionInCatch@__FrameHandler4@@SA_NPEAU_xDISPATCHER_CONTEXT@@PEAUFuncInfo4@FH4@@@Z 00000001400086c0 f   libvcruntime:risctrnsctrl.obj
 0001:000076d0       ?FrameUnwindToEmptyState@__FrameHandler3@@SAXPEA_KPEAU_xDISPATCHER_CONTEXT@@PEBU_s_FuncInfo@@@Z 00000001400086d0 f   libvcruntime:risctrnsctrl.obj
 0001:00007800       ?FrameUnwindToEmptyState@__FrameHandler4@@SAXPEA_KPEAU_xDISPATCHER_CONTEXT@@PEAUFuncInfo4@FH4@@@Z 0000000140008800 f   libvcruntime:risctrnsctrl.obj
 0001:00007840       ?GetEstablisherFrame@__FrameHandler3@@SAPEA_KPEA_KPEAU_xDISPATCHER_CONTEXT@@PEBU_s_FuncInfo@@0@Z 0000000140008840 f   libvcruntime:risctrnsctrl.obj
 0001:00007940       ?GetEstablisherFrame@__FrameHandler4@@SAPEA_KPEA_KPEAU_xDISPATCHER_CONTEXT@@PEAUFuncInfo4@FH4@@0@Z 0000000140008940 f   libvcruntime:risctrnsctrl.obj
 0001:00007970       ?GetRangeOfTrysToCheck@__FrameHandler3@@SA?AU?$pair@Viterator@TryBlockMap@__FrameHandler3@@V123@@std@@AEAVTryBlockMap@1@HPEAU_xDISPATCHER_CONTEXT@@PEBU_s_FuncInfo@@H@Z 0000000140008970 f   libvcruntime:risctrnsctrl.obj
 0001:00007aa0       ?GetRangeOfTrysToCheck@__FrameHandler4@@SA?AU?$pair@Viterator@TryBlockMap4@FH4@@V123@@std@@AEAVTryBlockMap4@FH4@@HPEAU_xDISPATCHER_CONTEXT@@PEAUFuncInfo4@5@H@Z 0000000140008aa0 f   libvcruntime:risctrnsctrl.obj
 0001:00007c20       ?UnwindNestedFrames@__FrameHandler3@@SAXPEA_KPEAUEHExceptionRecord@@PEAU_CONTEXT@@0PEAXPEBU_s_FuncInfo@@HHPEBU_s_HandlerType@@PEAU_xDISPATCHER_CONTEXT@@E@Z 0000000140008c20 f   libvcruntime:risctrnsctrl.obj
 0001:00007d50       ?UnwindNestedFrames@__FrameHandler4@@SAXPEA_KPEAUEHExceptionRecord@@PEAU_CONTEXT@@0PEAXPEAUFuncInfo4@FH4@@HHPEAUHandlerType4@5@PEAU_xDISPATCHER_CONTEXT@@E@Z 0000000140008d50 f   libvcruntime:risctrnsctrl.obj
 0001:00007ed0       ?setBuffer@TryBlockMap4@FH4@@QEAAXViterator@12@@Z 0000000140008ed0 f i libvcruntime:risctrnsctrl.obj
 0001:000080c0       _CreateFrameInfo           00000001400090c0 f   libvcruntime:risctrnsctrl.obj
 0001:00008100       _FindAndUnlinkFrame        0000000140009100 f   libvcruntime:risctrnsctrl.obj
 0001:00008160       _GetImageBase              0000000140009160 f   libvcruntime:risctrnsctrl.obj
 0001:00008180       _GetThrowImageBase         0000000140009180 f   libvcruntime:risctrnsctrl.obj
 0001:000081a0       _SetImageBase              00000001400091a0 f   libvcruntime:risctrnsctrl.obj
 0001:000081c0       _SetThrowImageBase         00000001400091c0 f   libvcruntime:risctrnsctrl.obj
 0001:000081e0       __CxxFrameHandler3         00000001400091e0 f   libvcruntime:risctrnsctrl.obj
 0001:00008260       __CxxFrameHandler4         0000000140009260 f   libvcruntime:risctrnsctrl.obj
 0001:00008320       __DestructExceptionObject  0000000140009320 f   libvcruntime:ehhelpers.obj
 0001:00008390       ?_CallMemberFunction0@@YAXQEAX0@Z 0000000140009390 f i libvcruntime:ehhelpers.obj
 0001:000083a0       _IsExceptionObjectToBeDestroyed 00000001400093a0 f   libvcruntime:ehhelpers.obj
 0001:000083e0       __AdjustPointer            00000001400093e0 f   libvcruntime:ehhelpers.obj
 0001:00008410       __FrameUnwindFilter        0000000140009410 f   libvcruntime:ehhelpers.obj
 0001:00008480       __current_exception        0000000140009480 f   libvcruntime:ehhelpers.obj
 0001:000084a0       __current_exception_context 00000001400094a0 f   libvcruntime:ehhelpers.obj
 0001:000084c0       __std_terminate            00000001400094c0 f   libvcruntime:ehhelpers.obj
 0001:000084d0       __C_specific_handler       00000001400094d0 f   libvcruntime:riscchandler.obj
 0001:000086f0       __vcrt_initialize          00000001400096f0 f   libvcruntime:initialization.obj
 0001:00008720       __vcrt_uninitialize        0000000140009720 f   libvcruntime:initialization.obj
 0001:00008740       __std_type_info_compare    0000000140009740 f   libvcruntime:std_type_info.obj
 0001:00008770       __vcrt_freefls             0000000140009770 f   libvcruntime:per_thread_data.obj
 0001:00008790       __vcrt_getptd              0000000140009790 f   libvcruntime:per_thread_data.obj
 0001:00008870       __vcrt_initialize_ptd      0000000140009870 f   libvcruntime:per_thread_data.obj
 0001:000088e0       __vcrt_uninitialize_ptd    00000001400098e0 f   libvcruntime:per_thread_data.obj
 0001:00008910       ?GetCurrentState@__FrameHandler3@@SAHPEA_KPEAU_xDISPATCHER_CONTEXT@@PEBU_s_FuncInfo@@@Z 0000000140009910 f   libvcruntime:ehstate.obj
 0001:000089a0       ?GetUnwindTryBlock@__FrameHandler3@@SAHPEA_KPEAU_xDISPATCHER_CONTEXT@@PEBU_s_FuncInfo@@@Z 00000001400099a0 f   libvcruntime:ehstate.obj
 0001:000089d0       ?SetState@__FrameHandler3@@SAXPEA_KPEAU_xDISPATCHER_CONTEXT@@PEBU_s_FuncInfo@@H@Z 00000001400099d0 f   libvcruntime:ehstate.obj
 0001:000089e0       ?SetUnwindTryBlock@__FrameHandler3@@SAXPEA_KPEAU_xDISPATCHER_CONTEXT@@PEBU_s_FuncInfo@@H@Z 00000001400099e0 f   libvcruntime:ehstate.obj
 0001:00008a20       ?StateFromControlPc@__FrameHandler3@@SAHPEBU_s_FuncInfo@@PEAU_xDISPATCHER_CONTEXT@@@Z 0000000140009a20 f   libvcruntime:ehstate.obj
 0001:00008a90       ?StateFromControlPc@__FrameHandler4@@SAHPEAUFuncInfo4@FH4@@PEAU_xDISPATCHER_CONTEXT@@@Z 0000000140009a90 f   libvcruntime:ehstate.obj
 0001:00008b90       ?StateFromIp@__FrameHandler3@@SAHPEBU_s_FuncInfo@@PEAU_xDISPATCHER_CONTEXT@@_K@Z 0000000140009b90 f   libvcruntime:ehstate.obj
 0001:00008c00       ?StateFromIp@__FrameHandler4@@SAHPEAUFuncInfo4@FH4@@PEAU_xDISPATCHER_CONTEXT@@_K@Z 0000000140009c00 f   libvcruntime:ehstate.obj
 0001:0000a370       ??$TypeMatchHelper@V__FrameHandler3@@@@YAHPEBU_s_HandlerType@@PEBU_s_CatchableType@@PEBU_s_ThrowInfo@@@Z 000000014000b370 f i libvcruntime:frame.obj
 0001:0000a4a0       ??$TypeMatchHelper@V__FrameHandler4@@@@YAHPEAUHandlerType4@FH4@@PEBU_s_CatchableType@@PEBU_s_ThrowInfo@@@Z 000000014000b4a0 f i libvcruntime:frame.obj
 0001:0000a5d0       ??$__InternalCxxFrameHandler@V__FrameHandler3@@@@YA?AW4_EXCEPTION_DISPOSITION@@PEAUEHExceptionRecord@@PEA_KPEAU_CONTEXT@@PEAU_xDISPATCHER_CONTEXT@@PEBU_s_FuncInfo@@H1E@Z 000000014000b5d0 f i libvcruntime:frame.obj
 0001:0000a800       ??$__InternalCxxFrameHandler@V__FrameHandler4@@@@YA?AW4_EXCEPTION_DISPOSITION@@PEAUEHExceptionRecord@@PEA_KPEAU_CONTEXT@@PEAU_xDISPATCHER_CONTEXT@@PEAUFuncInfo4@FH4@@H1E@Z 000000014000b800 f i libvcruntime:frame.obj
 0001:0000aa60       ??$__InternalCxxFrameHandlerWrapper@V__FrameHandler3@@@@YA?AW4_EXCEPTION_DISPOSITION@@PEAUEHExceptionRecord@@PEA_KPEAU_CONTEXT@@PEAU_xDISPATCHER_CONTEXT@@PEBU_s_FuncInfo@@H1E@Z 000000014000ba60 f i libvcruntime:frame.obj
 0001:0000aa70       ??$__InternalCxxFrameHandlerWrapper@V__FrameHandler4@@@@YA?AW4_EXCEPTION_DISPOSITION@@PEAUEHExceptionRecord@@PEA_KPEAU_CONTEXT@@PEAU_xDISPATCHER_CONTEXT@@PEAUFuncInfo4@FH4@@H1E@Z 000000014000ba70 f i libvcruntime:frame.obj
 0001:0000aad0       ??0TryBlockMap4@FH4@@QEAA@PEBUFuncInfo4@1@_K@Z 000000014000bad0 f i libvcruntime:frame.obj
 0001:0000abc0       ??0bad_exception@std@@QEAA@AEBV01@@Z 000000014000bbc0 f i libvcruntime:frame.obj
 0001:0000ac00       ??0bad_exception@std@@QEAA@XZ 000000014000bc00 f i libvcruntime:frame.obj
 0001:0000ac30       ?CxxCallCatchBlock@__FrameHandler3@@SAPEAXPEAU_EXCEPTION_RECORD@@@Z 000000014000bc30 f   libvcruntime:frame.obj
 0001:0000ae40       ?CxxCallCatchBlock@__FrameHandler4@@SAPEAXPEAU_EXCEPTION_RECORD@@@Z 000000014000be40 f   libvcruntime:frame.obj
 0001:0000b0a0       ?DecompHandler@HandlerMap4@FH4@@AEAAXXZ 000000014000c0a0 f i libvcruntime:frame.obj
 0001:0000b2f0       ?FrameUnwindToState@__FrameHandler3@@SAXPEA_KPEAU_xDISPATCHER_CONTEXT@@PEBU_s_FuncInfo@@H@Z 000000014000c2f0 f   libvcruntime:frame.obj
 0001:0000b4a0       ?FrameUnwindToState@__FrameHandler4@@SAXPEA_KPEAU_xDISPATCHER_CONTEXT@@PEAUFuncInfo4@FH4@@H@Z 000000014000c4a0 f   libvcruntime:frame.obj
 0001:0000b880       ?GetHandlerSearchState@__FrameHandler4@@SAHPEA_KPEAU_xDISPATCHER_CONTEXT@@PEAUFuncInfo4@FH4@@@Z 000000014000c880 f i libvcruntime:frame.obj
 0001:0000b8f0       ?GetMaxState@__FrameHandler4@@SAHPEAU_xDISPATCHER_CONTEXT@@PEAUFuncInfo4@FH4@@@Z 000000014000c8f0 f i libvcruntime:frame.obj
 0001:0000bad0       ?ReadEntry@UWMap4@FH4@@AEAAXPEAPEAE@Z 000000014000cad0 f i libvcruntime:frame.obj
 0001:0000bb70       ?_CallMemberFunction1@@YAXQEAX00@Z 000000014000cb70 f i libvcruntime:frame.obj
 0001:0000bb80       ?_CallMemberFunction2@@YAXQEAX00H@Z 000000014000cb80 f i libvcruntime:frame.obj
 0001:0000bb90       ?getStateFromIterators@UWMap4@FH4@@SAHAEBViterator@12@H0H0@Z 000000014000cb90 f i libvcruntime:frame.obj
 0001:0000bc70       ?setBuffer@HandlerMap4@FH4@@QEAAXI@Z 000000014000cc70 f i libvcruntime:frame.obj
 0001:0000be90       _NLG_Notify                000000014000ce90 f   libvcruntime:notify.obj
 0001:0000beb0       __NLG_Dispatch2            000000014000ceb0 f   libvcruntime:notify.obj
 0001:0000bec0       __NLG_Return2              000000014000cec0 f   libvcruntime:notify.obj
 0001:0000bed0       __except_validate_context_record 000000014000ced0 f   libvcruntime:jbcxrval.obj
 0001:0000bf10       __vcrt_initialize_locks    000000014000cf10 f   libvcruntime:locks.obj
 0001:0000bfa0       __vcrt_uninitialize_locks  000000014000cfa0 f   libvcruntime:locks.obj
 0001:0000c030       _CallSettingFrame          000000014000d030 f   libvcruntime:handlers.obj
 0001:0000c070       _CallSettingFrame_LookupContinuationIndex 000000014000d070 f   libvcruntime:handlers.obj
 0001:0000c0a0       _CallSettingFrame_NotifyContinuationAddr 000000014000d0a0 f   libvcruntime:handlers.obj
 0001:0000c0d0       _CallSettingFrameEncoded   000000014000d0d0 f   libvcruntime:handlers.obj
 0001:0000c118       __acrt_initialize_stdio    000000014000d118 f   libucrt:_file.obj
 0001:0000c238       __acrt_iob_func            000000014000d238 f   libucrt:_file.obj
 0001:0000c24c       __acrt_uninitialize_stdio  000000014000d24c f   libucrt:_file.obj
 0001:0000c2a8       _lock_file                 000000014000d2a8 f   libucrt:_file.obj
 0001:0000c2b4       _unlock_file               000000014000d2b4 f   libucrt:_file.obj
 0001:0000c3a8       ?get_raw_ptd@__crt_cached_ptd_host@@QEAAPEAU__acrt_ptd@@XZ 000000014000d3a8 f i libucrt:puts.obj
 0001:0000c410       puts                       000000014000d410 f   libucrt:puts.obj
 0001:0000c5f8       ??$ensure_buffer_is_big_enough@D@formatting_buffer@__crt_stdio_output@@QEAA_N_KAEAV__crt_cached_ptd_host@@@Z 000000014000d5f8 f i libucrt:output.obj
 0001:0000c6a0       ??$parse_integer@KV?$c_string_character_source@D@__crt_strtox@@$0A@@__crt_strtox@@YAKAEAV__crt_cached_ptd_host@@V?$c_string_character_source@D@0@H_N@Z 000000014000d6a0 f i libucrt:output.obj
 0001:0000c954       ??$type_case_integer@$07@?$output_processor@DV?$stream_output_adapter@D@__crt_stdio_output@@V?$standard_base@DV?$stream_output_adapter@D@__crt_stdio_output@@@2@@__crt_stdio_output@@AEAA_N_N@Z 000000014000d954 f i libucrt:output.obj
 0001:0000cb58       ??$type_case_integer@$09@?$output_processor@DV?$stream_output_adapter@D@__crt_stdio_output@@V?$standard_base@DV?$stream_output_adapter@D@__crt_stdio_output@@@2@@__crt_stdio_output@@AEAA_N_N@Z 000000014000db58 f i libucrt:output.obj
 0001:0000cd5c       ??$type_case_integer@$0BA@@?$output_processor@DV?$stream_output_adapter@D@__crt_stdio_output@@V?$standard_base@DV?$stream_output_adapter@D@__crt_stdio_output@@@2@@__crt_stdio_output@@AEAA_N_N@Z 000000014000dd5c f i libucrt:output.obj
 0001:0000cf60       ??$type_case_integer_parse_into_buffer@I$07@?$output_processor@DV?$stream_output_adapter@D@__crt_stdio_output@@V?$standard_base@DV?$stream_output_adapter@D@__crt_stdio_output@@@2@@__crt_stdio_output@@AEAAXI_N@Z 000000014000df60 f i libucrt:output.obj
 0001:0000cfd0       ??$type_case_integer_parse_into_buffer@I$09@?$output_processor@DV?$stream_output_adapter@D@__crt_stdio_output@@V?$standard_base@DV?$stream_output_adapter@D@__crt_stdio_output@@@2@@__crt_stdio_output@@AEAAXI_N@Z 000000014000dfd0 f i libucrt:output.obj
 0001:0000d07c       ??$type_case_integer_parse_into_buffer@I$0BA@@?$output_processor@DV?$stream_output_adapter@D@__crt_stdio_output@@V?$standard_base@DV?$stream_output_adapter@D@__crt_stdio_output@@@2@@__crt_stdio_output@@AEAAXI_N@Z 000000014000e07c f i libucrt:output.obj
 0001:0000d100       ??$type_case_integer_parse_into_buffer@_K$07@?$output_processor@DV?$stream_output_adapter@D@__crt_stdio_output@@V?$standard_base@DV?$stream_output_adapter@D@__crt_stdio_output@@@2@@__crt_stdio_output@@AEAAX_K_N@Z 000000014000e100 f i libucrt:output.obj
 0001:0000d170       ??$type_case_integer_parse_into_buffer@_K$09@?$output_processor@DV?$stream_output_adapter@D@__crt_stdio_output@@V?$standard_base@DV?$stream_output_adapter@D@__crt_stdio_output@@@2@@__crt_stdio_output@@AEAAX_K_N@Z 000000014000e170 f i libucrt:output.obj
 0001:0000d220       ??$type_case_integer_parse_into_buffer@_K$0BA@@?$output_processor@DV?$stream_output_adapter@D@__crt_stdio_output@@V?$standard_base@DV?$stream_output_adapter@D@__crt_stdio_output@@@2@@__crt_stdio_output@@AEAAX_K_N@Z 000000014000e220 f i libucrt:output.obj
 0001:0000d3c0       ?crop_zeroes@__crt_stdio_output@@YAXPEADQEAU__crt_locale_pointers@@@Z 000000014000e3c0 f i libucrt:output.obj
 0001:0000d42c       ?parse_int_from_format_string@?$output_processor@DV?$stream_output_adapter@D@__crt_stdio_output@@V?$standard_base@DV?$stream_output_adapter@D@__crt_stdio_output@@@2@@__crt_stdio_output@@AEAA_NQEAH@Z 000000014000e42c f i libucrt:output.obj
 0001:0000d4bc       ?process@?$output_processor@DV?$stream_output_adapter@D@__crt_stdio_output@@V?$standard_base@DV?$stream_output_adapter@D@__crt_stdio_output@@@2@@__crt_stdio_output@@QEAAHXZ 000000014000e4bc f i libucrt:output.obj
 0001:0000d840       ?state_case_size@?$output_processor@DV?$stream_output_adapter@D@__crt_stdio_output@@V?$standard_base@DV?$stream_output_adapter@D@__crt_stdio_output@@@2@@__crt_stdio_output@@AEAA_NXZ 000000014000e840 f i libucrt:output.obj
 0001:0000d9c8       ?state_case_type@?$output_processor@DV?$stream_output_adapter@D@__crt_stdio_output@@V?$standard_base@DV?$stream_output_adapter@D@__crt_stdio_output@@@2@@__crt_stdio_output@@AEAA_NXZ 000000014000e9c8 f i libucrt:output.obj
 0001:0000df00       ?type_case_Z@?$output_processor@DV?$stream_output_adapter@D@__crt_stdio_output@@V?$standard_base@DV?$stream_output_adapter@D@__crt_stdio_output@@@2@@__crt_stdio_output@@AEAA_NXZ 000000014000ef00 f i libucrt:output.obj
 0001:0000df7c       ?type_case_a@?$output_processor@DV?$stream_output_adapter@D@__crt_stdio_output@@V?$standard_base@DV?$stream_output_adapter@D@__crt_stdio_output@@@2@@__crt_stdio_output@@AEAA_NXZ 000000014000ef7c f i libucrt:output.obj
 0001:0000e1d8       ?type_case_c_tchar@?$output_processor@DV?$stream_output_adapter@D@__crt_stdio_output@@V?$standard_base@DV?$stream_output_adapter@D@__crt_stdio_output@@@2@@__crt_stdio_output@@AEAA_ND@Z 000000014000f1d8 f i libucrt:output.obj
 0001:0000e2ac       ?type_case_n@?$output_processor@DV?$stream_output_adapter@D@__crt_stdio_output@@V?$standard_base@DV?$stream_output_adapter@D@__crt_stdio_output@@@2@@__crt_stdio_output@@AEAA_NXZ 000000014000f2ac f i libucrt:output.obj
 0001:0000e364       ?type_case_s@?$output_processor@DV?$stream_output_adapter@D@__crt_stdio_output@@V?$standard_base@DV?$stream_output_adapter@D@__crt_stdio_output@@@2@@__crt_stdio_output@@AEAA_NXZ 000000014000f364 f i libucrt:output.obj
 0001:0000e400       ?update_locale_slow@__crt_cached_ptd_host@@AEAAXXZ 000000014000f400 f i libucrt:output.obj
 0001:0000e478       ?validate_stream_is_ansi_if_required@?$__acrt_stdio_char_traits@D@@SA_NQEAU_iobuf@@@Z 000000014000f478 f i libucrt:output.obj
 0001:0000e514       ?write_string_impl@?$output_adapter_common@DV?$stream_output_adapter@D@__crt_stdio_output@@@__crt_stdio_output@@IEBAXQEBDHQEAHAEAV__crt_cached_ptd_host@@@Z 000000014000f514 f i libucrt:output.obj
 0001:0000e5e4       __stdio_common_vfprintf    000000014000f5e4 f   libucrt:output.obj
 0001:0000e710       terminate                  000000014000f710 f   libucrt:terminate.obj
 0001:0000e860       _beginthreadex             000000014000f860 f   libucrt:thread.obj
 0001:0000e940       _endthreadex               000000014000f940 f   libucrt:thread.obj
 0001:0000e94c       _fputc_nolock_internal     000000014000f94c f   libucrt:fputc.obj
 0001:0000e970       calloc                     000000014000f970 f   libucrt:calloc.obj
 0001:0000e980       free                       000000014000f980 f   libucrt:free.obj
 0001:0000e988       abort                      000000014000f988 f   libucrt:abort.obj
 0001:0000e9e0       _callnewh                  000000014000f9e0 f   libucrt:new_handler.obj
 0001:0000ea20       __acrt_initialize_new_handler 000000014000fa20 f   libucrt:new_handler.obj
 0001:0000ea30       _query_new_handler         000000014000fa30 f   libucrt:new_handler.obj
 0001:0000ea70       _set_new_handler           000000014000fa70 f   libucrt:new_handler.obj
 0001:0000ead0       ?_set_new_handler@@YAP6AH_K@ZH@Z 000000014000fad0 f   libucrt:new_handler.obj
 0001:0000eae0       malloc                     000000014000fae0 f   libucrt:malloc.obj
 0001:0000eae8       _seh_filter_exe            000000014000fae8 f   libucrt:exception_filter.obj
 0001:0000eec4       __acrt_initialize_thread_local_exit_callback 000000014000fec4 f   libucrt:exit.obj
 0001:0000eecc       _c_exit                    000000014000fecc f   libucrt:exit.obj
 0001:0000eedc       _cexit                     000000014000fedc f   libucrt:exit.obj
 0001:0000eeec       _exit                      000000014000feec f   libucrt:exit.obj
 0001:0000eef8       _register_thread_local_exe_atexit_callback 000000014000fef8 f   libucrt:exit.obj
 0001:0000ef34       exit                       000000014000ff34 f   libucrt:exit.obj
 0001:0000f100       __acrt_allocate_buffer_for_argv 0000000140010100 f   libucrt:argv_parsing.obj
 0001:0000f160       _configure_narrow_argv     0000000140010160 f   libucrt:argv_parsing.obj
 0001:0000f5c4       __dcrt_get_or_create_narrow_environment_nolock 00000001400105c4 f   libucrt:environment_initialization.obj
 0001:0000f600       __dcrt_uninitialize_environments_nolock 0000000140010600 f   libucrt:environment_initialization.obj
 0001:0000f644       _get_initial_narrow_environment 0000000140010644 f   libucrt:environment_initialization.obj
 0001:0000f694       _initialize_narrow_environment 0000000140010694 f   libucrt:environment_initialization.obj
 0001:0000f9dc       _crt_atexit                00000001400109dc f   libucrt:onexit.obj
 0001:0000f9ec       _execute_onexit_table      00000001400109ec f   libucrt:onexit.obj
 0001:0000fa30       _initialize_onexit_table   0000000140010a30 f   libucrt:onexit.obj
 0001:0000fa58       _register_onexit_function  0000000140010a58 f   libucrt:onexit.obj
 0001:0000fbcc       __acrt_initialize          0000000140010bcc f   libucrt:initialization.obj
 0001:0000fbe0       __acrt_uninitialize        0000000140010be0 f   libucrt:initialization.obj
 0001:0000fc18       _query_app_type            0000000140010c18 f   libucrt:report_runtime_error.obj
 0001:0000fc20       _set_app_type              0000000140010c20 f   libucrt:report_runtime_error.obj
 0001:0000fc30       __acrt_has_user_matherr    0000000140010c30 f   libucrt:matherr.obj
 0001:0000fc50       __acrt_initialize_user_matherr 0000000140010c50 f   libucrt:matherr.obj
 0001:0000fc60       __acrt_invoke_user_matherr 0000000140010c60 f   libucrt:matherr.obj
 0001:0000fc90       __setusermatherr           0000000140010c90 f   libucrt:matherr.obj
 0001:0000fcb4       _initterm                  0000000140010cb4 f   libucrt:initterm.obj
 0001:0000fcec       _initterm_e                0000000140010cec f   libucrt:initterm.obj
 0001:0000fd28       _set_fmode                 0000000140010d28 f   libucrt:setmode.obj
 0001:0000fd68       __acrt_initialize_command_line 0000000140010d68 f   libucrt:argv_data.obj
 0001:0000fd90       __p___argc                 0000000140010d90 f   libucrt:argv_data.obj
 0001:0000fd98       __p___argv                 0000000140010d98 f   libucrt:argv_data.obj
 0001:0000fe10       __acrt_set_locale_changed  0000000140010e10 f   libucrt:wsetlocale.obj
 0001:0000fe1c       __acrt_uninitialize_locale 0000000140010e1c f   libucrt:wsetlocale.obj
 0001:0000fe4c       _configthreadlocale        0000000140010e4c f   libucrt:wsetlocale.obj
 0001:0000fec0       _query_new_mode            0000000140010ec0 f   libucrt:new_mode.obj
 0001:0000fed0       _set_new_mode              0000000140010ed0 f   libucrt:new_mode.obj
 0001:0000fefc       __p__commode               0000000140010efc f   libucrt:ncommode.obj
 0001:0000ff10       strcpy_s                   0000000140010f10 f   libucrt:strcpy_s.obj
 0001:0000ff90       ?get_raw_ptd_noexit@__crt_cached_ptd_host@@QEAAPEAU__acrt_ptd@@XZ 0000000140010f90 f i libucrt:invalid_parameter.obj
 0001:0000fffc       ?value@?$dual_state_global@P6AXPEB_W00I_K@Z@__crt_state_management@@QEAAAEAP6AXPEB_W00I_K@ZAEAV__crt_cached_ptd_host@@@Z 0000000140010ffc f i libucrt:invalid_parameter.obj
 0001:00010048       __acrt_call_reportfault    0000000140011048 f   libucrt:invalid_parameter.obj
 0001:000101b8       __acrt_initialize_invalid_parameter_handler 00000001400111b8 f   libucrt:invalid_parameter.obj
 0001:000101c0       _invalid_parameter         00000001400111c0 f   libucrt:invalid_parameter.obj
 0001:0001025c       _invalid_parameter_internal 000000014001125c f   libucrt:invalid_parameter.obj
 0001:00010314       _invalid_parameter_noinfo  0000000140011314 f   libucrt:invalid_parameter.obj
 0001:00010334       _invoke_watson             0000000140011334 f   libucrt:invalid_parameter.obj
 0001:0001037c       __acrt_errno_from_os_error 000000014001137c f   libucrt:errno.obj
 0001:0001044c       __acrt_errno_map_os_error  000000014001144c f   libucrt:errno.obj
 0001:00010474       __acrt_errno_map_os_error_ptd 0000000140011474 f   libucrt:errno.obj
 0001:00010498       __doserrno                 0000000140011498 f   libucrt:errno.obj
 0001:000104bc       _errno                     00000001400114bc f   libucrt:errno.obj
 0001:000104e0       _calloc_base               00000001400114e0 f   libucrt:calloc_base.obj
 0001:00010560       _free_base                 0000000140011560 f   libucrt:free_base.obj
 0001:000107a4       __acrt_AppPolicyGetProcessTerminationMethodInternal 00000001400117a4 f   libucrt:winapi_thunks.obj
 0001:00010800       __acrt_AppPolicyGetThreadInitializationTypeInternal 0000000140011800 f   libucrt:winapi_thunks.obj
 0001:0001085c       __acrt_AreFileApisANSI     000000014001185c f   libucrt:winapi_thunks.obj
 0001:000108a8       __acrt_CompareStringEx     00000001400118a8 f   libucrt:winapi_thunks.obj
 0001:0001096c       __acrt_FlsAlloc            000000014001196c f   libucrt:winapi_thunks.obj
 0001:00010974       __acrt_FlsFree             0000000140011974 f   libucrt:winapi_thunks.obj
 0001:0001097c       __acrt_FlsGetValue         000000014001197c f   libucrt:winapi_thunks.obj
 0001:00010984       __acrt_FlsGetValue2        0000000140011984 f   libucrt:winapi_thunks.obj
 0001:00010990       __acrt_FlsSetValue         0000000140011990 f   libucrt:winapi_thunks.obj
 0001:00010998       __acrt_InitializeCriticalSectionEx 0000000140011998 f   libucrt:winapi_thunks.obj
 0001:000109a0       __acrt_LCMapStringEx       00000001400119a0 f   libucrt:winapi_thunks.obj
 0001:00010a94       __acrt_LocaleNameToLCID    0000000140011a94 f   libucrt:winapi_thunks.obj
 0001:00010af8       __acrt_RoInitialize        0000000140011af8 f   libucrt:winapi_thunks.obj
 0001:00010b48       __acrt_RoUninitialize      0000000140011b48 f   libucrt:winapi_thunks.obj
 0001:00010b8c       __acrt_initialize_winapi_thunks 0000000140011b8c f   libucrt:winapi_thunks.obj
 0001:00010bbc       __acrt_tls2_supported      0000000140011bbc f   libucrt:winapi_thunks.obj
 0001:00010c00       __acrt_uninitialize_winapi_thunks 0000000140011c00 f   libucrt:winapi_thunks.obj
 0001:00010c44       _fcloseall                 0000000140011c44 f   libucrt:closeall.obj
 0001:00010ed8       __acrt_stdio_flush_nolock  0000000140011ed8 f   libucrt:fflush.obj
 0001:00010f64       _fflush_nolock             0000000140011f64 f   libucrt:fflush.obj
 0001:00011038       _flushall                  0000000140012038 f   libucrt:fflush.obj
 0001:00011040       __acrt_stdio_free_buffer_nolock 0000000140012040 f   libucrt:_freebuf.obj
 0001:0001128c       __acrt_initialize_lowio    000000014001228c f   libucrt:ioinit.obj
 0001:000112c8       __acrt_uninitialize_lowio  00000001400122c8 f   libucrt:ioinit.obj
 0001:00011308       _fileno                    0000000140012308 f   libucrt:fileno.obj
 0001:00011330       _fwrite_nolock_internal    0000000140012330 f   libucrt:fwrite.obj
 0001:00011544       __acrt_should_use_temporary_buffer 0000000140012544 f   libucrt:_sftbuf.obj
 0001:00011590       __acrt_stdio_begin_temporary_buffering_nolock 0000000140012590 f   libucrt:_sftbuf.obj
 0001:00011658       __acrt_stdio_end_temporary_buffering_nolock 0000000140012658 f   libucrt:_sftbuf.obj
 0001:000119a8       ?internal_get_ptd_head_slow@@YAPEAU__acrt_ptd@@XZ 00000001400129a8 f   libucrt:per_thread_data.obj
 0001:00011ac8       __acrt_getptd              0000000140012ac8 f   libucrt:per_thread_data.obj
 0001:00011ae4       __acrt_getptd_head         0000000140012ae4 f   libucrt:per_thread_data.obj
 0001:00011b28       __acrt_getptd_noexit       0000000140012b28 f   libucrt:per_thread_data.obj
 0001:00011bb8       __acrt_getptd_noexit_explicit 0000000140012bb8 f   libucrt:per_thread_data.obj
 0001:00011c14       __acrt_initialize_ptd      0000000140012c14 f   libucrt:per_thread_data.obj
 0001:00011c58       __acrt_uninitialize_ptd    0000000140012c58 f   libucrt:per_thread_data.obj
 0001:00011c80       _malloc_base               0000000140012c80 f   libucrt:malloc_base.obj
 0001:00011ce0       strnlen                    0000000140012ce0 f   libucrt:strnlen.obj
 0001:00011e70       wcsnlen                    0000000140012e70 f   libucrt:strnlen.obj
 0001:00012078       __acrt_update_locale_info  0000000140013078 f   libucrt:locale_update.obj
 0001:000120ac       __acrt_update_locale_info_explicit 00000001400130ac f   libucrt:locale_update.obj
 0001:000120e4       __acrt_update_multibyte_info 00000001400130e4 f   libucrt:locale_update.obj
 0001:00012118       __acrt_update_multibyte_info_explicit 0000000140013118 f   libucrt:locale_update.obj
 0001:00012c60       __acrt_fp_format           0000000140013c60 f   libucrt:cvt.obj
 0001:00012f48       _wctomb_internal           0000000140013f48 f   libucrt:wctomb.obj
 0001:000130f8       _mbtowc_internal           00000001400140f8 f   libucrt:mbtowc.obj
 0001:00013270       ?__mblen_utf8@__crt_mbstring@@YAHPEBD@Z 0000000140014270 f   libucrt:mbrtoc32.obj
 0001:000132a8       ?__mbrtoc32_utf8@__crt_mbstring@@YA_KPEA_UPEBD_KPEAU_Mbstatet@@AEAV__crt_cached_ptd_host@@@Z 00000001400142a8 f   libucrt:mbrtoc32.obj
 0001:00013468       ?__c16rtomb_utf8@__crt_mbstring@@YA_KPEAD_SPEAU_Mbstatet@@AEAV__crt_cached_ptd_host@@@Z 0000000140014468 f   libucrt:c16rtomb.obj
 0001:0001350c       ?__mbrtowc_utf8@__crt_mbstring@@YA_KPEA_WPEBD_KPEAU_Mbstatet@@AEAV__crt_cached_ptd_host@@@Z 000000014001450c f   libucrt:mbrtowc.obj
 0001:00013554       ?__mbsrtowcs_utf8@__crt_mbstring@@YA_KPEA_WPEAPEBD_KPEAU_Mbstatet@@AEAV__crt_cached_ptd_host@@@Z 0000000140014554 f   libucrt:mbrtowc.obj
 0001:0001370c       _get_printf_count_output   000000014001470c f   libucrt:printf_count_output.obj
 0001:00013730       __acrt_get_begin_thread_init_policy 0000000140014730 f   libucrt:win_policies.obj
 0001:00013770       __acrt_get_process_end_policy 0000000140014770 f   libucrt:win_policies.obj
 0001:00013920       __acrt_stdio_flush_and_write_narrow_nolock 0000000140014920 f   libucrt:_flsbuf.obj
 0001:00013a34       __acrt_get_sigabrt_handler 0000000140014a34 f   libucrt:signal.obj
 0001:00013a64       __acrt_initialize_signal_handlers 0000000140014a64 f   libucrt:signal.obj
 0001:00013a84       raise                      0000000140014a84 f   libucrt:signal.obj
 0001:00013ce0       __acrt_initialize_locks    0000000140014ce0 f   libucrt:locks.obj
 0001:00013d28       __acrt_lock                0000000140014d28 f   libucrt:locks.obj
 0001:00013d44       __acrt_uninitialize_locks  0000000140014d44 f   libucrt:locks.obj
 0001:00013d7c       __acrt_unlock              0000000140014d7c f   libucrt:locks.obj
 0001:00013d98       __acrt_app_verifier_enabled 0000000140014d98 f   libucrt:peb_access.obj
 0001:00013db4       __acrt_is_secure_process   0000000140014db4 f   libucrt:peb_access.obj
 0001:00013de0       ??$__acrt_convert_wcs_mbs_cp@D_WV<lambda_7c9dea7b4ca7285d2cdb541a38da6275>@@U__crt_win32_buffer_internal_dynamic_resizing@@@@YAHQEBDAEAV?$__crt_win32_buffer@_WU__crt_win32_buffer_internal_dynamic_resizing@@@@AEBV<lambda_7c9dea7b4ca7285d2cdb541a38da6275>@@I@Z 0000000140014de0 f i libucrt:argv_wildcards.obj
 0001:00013f80       ??$__acrt_convert_wcs_mbs_cp@_WDV<lambda_d8593a27d1aa8c02be35c86a17d324c4>@@U__crt_win32_buffer_internal_dynamic_resizing@@@@YAHQEB_WAEAV?$__crt_win32_buffer@DU__crt_win32_buffer_internal_dynamic_resizing@@@@AEBV<lambda_d8593a27d1aa8c02be35c86a17d324c4>@@I@Z 0000000140014f80 f i libucrt:argv_wildcards.obj
 0001:0001484c       ??0_LocaleUpdate@@QEAA@QEAU__crt_locale_pointers@@@Z 000000014001584c f i libucrt:argv_wildcards.obj
 0001:000148e8       __acrt_expand_narrow_argv_wildcards 00000001400158e8 f   libucrt:argv_wildcards.obj
 0001:000148f0       ??$__acrt_convert_wcs_mbs_cp@_WDV<lambda_f788ae46380686e8b737efdd8c720d07>@@U__crt_win32_buffer_no_resizing@@@@YAHQEB_WAEAV?$__crt_win32_buffer@DU__crt_win32_buffer_no_resizing@@@@AEBV<lambda_f788ae46380686e8b737efdd8c720d07>@@I@Z 00000001400158f0 f i libucrt:getmodulefilenamea.obj
 0001:00014a0c       __acrt_GetModuleFileNameA  0000000140015a0c f   libucrt:getmodulefilenamea.obj
 0001:00015338       __acrt_initialize_multibyte 0000000140016338 f   libucrt:mbctype.obj
 0001:00015398       __acrt_update_thread_multibyte_data 0000000140016398 f   libucrt:mbctype.obj
 0001:000153b4       _setmbcp_nolock            00000001400163b4 f   libucrt:mbctype.obj
 0001:000156f0       _ismbblead                 00000001400166f0 f   libucrt:ismbbyte.obj
 0001:00015704       __acrt_MultiByteToWideChar 0000000140016704 f   libucrt:multibytetowidechar.obj
 0001:00015794       __acrt_WideCharToMultiByte 0000000140016794 f   libucrt:widechartomultibyte.obj
 0001:00015874       __dcrt_get_narrow_environment_from_os 0000000140016874 f   libucrt:get_environment_from_os.obj
 0001:00015dc4       __dcrt_set_variable_in_narrow_environment_nolock 0000000140016dc4 f   libucrt:setenv.obj
 0001:00015dd0       _recalloc_base             0000000140016dd0 f   libucrt:recalloc.obj
 0001:00015e70       _recalloc                  0000000140016e70 f   libucrt:recalloc.obj
 0001:00015e80       _get_heap_handle           0000000140016e80 f   libucrt:heap_handle.obj
 0001:00015e90       __acrt_initialize_heap     0000000140016e90 f   libucrt:heap_handle.obj
 0001:00015ec0       __acrt_uninitialize_heap   0000000140016ec0 f   libucrt:heap_handle.obj
 0001:00015ee0       __acrt_getheap             0000000140016ee0 f   libucrt:heap_handle.obj
 0001:00015ee8       __acrt_execute_initializers 0000000140016ee8 f   libucrt:shared_initialization.obj
 0001:00015f68       __acrt_execute_uninitializers 0000000140016f68 f   libucrt:shared_initialization.obj
 0001:00015fa4       __acrt_lowio_create_handle_array 0000000140016fa4 f   libucrt:osfinfo.obj
 0001:0001604c       __acrt_lowio_destroy_handle_array 000000014001704c f   libucrt:osfinfo.obj
 0001:0001609c       __acrt_lowio_ensure_fh_exists 000000014001709c f   libucrt:osfinfo.obj
 0001:00016144       __acrt_lowio_lock_fh       0000000140017144 f   libucrt:osfinfo.obj
 0001:0001616c       __acrt_lowio_unlock_fh     000000014001716c f   libucrt:osfinfo.obj
 0001:00016194       _free_osfhnd               0000000140017194 f   libucrt:osfinfo.obj
 0001:00016250       _get_osfhandle             0000000140017250 f   libucrt:osfinfo.obj
 0001:000162c8       __acrt_initialize_fmode    00000001400172c8 f   libucrt:txtmode.obj
 0001:000162e0       __acrt_locale_free_monetary 00000001400172e0 f   libucrt:initmon.obj
 0001:000163ec       __acrt_locale_free_numeric 00000001400173ec f   libucrt:initnum.obj
 0001:0001648c       __acrt_locale_free_time    000000014001748c f   libucrt:inittime.obj
 0001:000165a0       wcsncmp                    00000001400175a0 f   libucrt:wcsncmp.obj
 0001:000165d4       __acrt_GetStringTypeA      00000001400175d4 f   libucrt:getstringtypea.obj
 0001:00016764       __acrt_add_locale_ref      0000000140017764 f   libucrt:locale_refcounting.obj
 0001:000167f0       __acrt_free_locale         00000001400177f0 f   libucrt:locale_refcounting.obj
 0001:00016968       __acrt_locale_add_lc_time_reference 0000000140017968 f   libucrt:locale_refcounting.obj
 0001:00016990       __acrt_locale_free_lc_time_if_unreferenced 0000000140017990 f   libucrt:locale_refcounting.obj
 0001:000169c8       __acrt_locale_release_lc_time_reference 00000001400179c8 f   libucrt:locale_refcounting.obj
 0001:000169f0       __acrt_release_locale_ref  00000001400179f0 f   libucrt:locale_refcounting.obj
 0001:00016a98       __acrt_update_thread_locale_data 0000000140017a98 f   libucrt:locale_refcounting.obj
 0001:00016b08       _updatetlocinfoEx_nolock   0000000140017b08 f   libucrt:locale_refcounting.obj
 0001:00016b70       __acrt_DownlevelLocaleNameToLCID 0000000140017b70 f   libucrt:lcidtoname_downlevel.obj
 0001:00016d3c       fclose                     0000000140017d3c f   libucrt:fclose.obj
 0001:00016e60       _commit                    0000000140017e60 f   libucrt:commit.obj
 0001:00017720       _write_internal            0000000140018720 f   libucrt:write.obj
 0001:00017840       _write_nolock              0000000140018840 f   libucrt:write.obj
 0001:00017b70       _isatty                    0000000140018b70 f   libucrt:isatty.obj
 0001:00017ca0       __acrt_fp_strflt_to_string 0000000140018ca0 f   libucrt:_fptostr.obj
 0001:00017db0       ?divide@__crt_strtox@@YA_KAEAUbig_integer@1@AEBU21@@Z 0000000140018db0 f i libucrt:cfout.obj
 0001:0001823c       __acrt_fltout              000000014001923c f   libucrt:cfout.obj
 0001:00019550       fegetround                 000000014001a550 f   libucrt:fegetround.obj
 0001:00019564       ?__c32rtomb_utf8@__crt_mbstring@@YA_KPEAD_UPEAU_Mbstatet@@AEAV__crt_cached_ptd_host@@@Z 000000014001a564 f   libucrt:c32rtomb.obj
 0001:00019608       ?reset_and_return@__crt_mbstring@@YA_K_KPEAU_Mbstatet@@@Z 000000014001a608 f   libucrt:common_utf8.obj
 0001:00019610       ?return_illegal_sequence@__crt_mbstring@@YA_KPEAU_Mbstatet@@AEAV__crt_cached_ptd_host@@@Z 000000014001a610 f   libucrt:common_utf8.obj
 0001:000197f4       _lseeki64                  000000014001a7f4 f   libucrt:lseek.obj
 0001:00019890       _lseeki64_nolock_internal  000000014001a890 f   libucrt:lseek.obj
 0001:00019898       __acrt_stdio_allocate_buffer_nolock 000000014001a898 f   libucrt:_getbuf.obj
 0001:00019910       qsort                      000000014001a910 f   libucrt:qsort.obj
 0001:00019cb0       strncpy_s                  000000014001acb0 f   libucrt:strncpy_s.obj
 0001:00019e80       strpbrk                    000000014001ae80 f   libucrt:strpbrk.obj
 0001:0001a238       _mbsdec                    000000014001b238 f   libucrt:mbsdec.obj
 0001:0001a240       _mbsdec_l                  000000014001b240 f   libucrt:mbsdec.obj
 0001:0001a608       __acrt_LCMapStringA        000000014001b608 f   libucrt:lcmapstringa.obj
 0001:0001a6c0       _strnicoll                 000000014001b6c0 f   libucrt:strnicol.obj
 0001:0001a864       __acrt_SetEnvironmentVariableA 000000014001b864 f   libucrt:setenvironmentvariablea.obj
 0001:0001aa10       _msize_base                000000014001ba10 f   libucrt:msize.obj
 0001:0001aa50       _msize                     000000014001ba50 f   libucrt:msize.obj
 0001:0001aa60       _realloc_base              000000014001ba60 f   libucrt:realloc_base.obj
 0001:0001aae0       __ascii_wcsnicmp           000000014001bae0 f   libucrt:wcsnicmp.obj
 0001:0001abc0       _close_internal            000000014001bbc0 f   libucrt:close.obj
 0001:0001ac84       _close_nolock_internal     000000014001bc84 f   libucrt:close.obj
 0001:0001ad54       ?__acrt_stdio_free_stream@@YAXV__crt_stdio_stream@@@Z 000000014001bd54 f   libucrt:stream.obj
 0001:0001ad70       _putwch_nolock             000000014001bd70 f   libucrt:putwch.obj
 0001:0001adb0       _controlfp_s               000000014001bdb0 f   libucrt:contrlfp.obj
 0001:0001ae20       fegetenv                   000000014001be20 f   libucrt:fegetenv.obj
 0001:0001ae40       fesetenv                   000000014001be40 f   libucrt:fesetenv.obj
 0001:0001aeb0       feholdexcept               000000014001beb0 f   libucrt:feholdexcept.obj
 0001:0001af10       ceil                       000000014001bf10 f   libucrt:ceil.obj
 0001:0001afe0       log10                      000000014001bfe0 f   libucrt:log10.obj
 0001:0001b590       __acrt_fenv_get_common_round_control 000000014001c590 f   libucrt:_fenvutils.obj
 0001:0001b5a0       __acrt_fenv_get_control    000000014001c5a0 f   libucrt:_fenvutils.obj
 0001:0001b680       __acrt_fenv_get_status     000000014001c680 f   libucrt:_fenvutils.obj
 0001:0001b6e0       __acrt_fenv_set_control    000000014001c6e0 f   libucrt:_fenvutils.obj
 0001:0001b810       __acrt_fenv_set_status     000000014001c810 f   libucrt:_fenvutils.obj
 0001:0001b884       _guard_check_icall         000000014001c884 f i libucrt:checkcfg.obj
 0001:0001b8a0       __strncnt                  000000014001c8a0 f   libucrt:strncnt.obj
 0001:0001b900       _strnicmp                  000000014001c900 f   libucrt:strnicmp.obj
 0001:0001b990       _strnicmp_l                000000014001c990 f   libucrt:strnicmp.obj
 0001:0001be7c       __acrt_CompareStringA      000000014001ce7c f   libucrt:comparestringa.obj
 0001:0001bf08       __dcrt_lowio_ensure_console_output_initialized 000000014001cf08 f   libucrt:initcon.obj
 0001:0001bf5c       __dcrt_terminate_console_output 000000014001cf5c f   libucrt:initcon.obj
 0001:0001bf78       __dcrt_write_console       000000014001cf78 f   libucrt:initcon.obj
 0001:0001c040       _clearfp                   000000014001d040 f   libucrt:ieee.obj
 0001:0001c0b0       _control87                 000000014001d0b0 f   libucrt:ieee.obj
 0001:0001c470       _handle_error              000000014001d470 f   libucrt:libm_error.obj
 0001:0001c5b0       _handle_nan                000000014001d5b0 f   libucrt:libm_error.obj
 0001:0001c5d0       ceil_sse41                 000000014001d5d0 f   libucrt:floorceil_sse41.obj
 0001:0001c5e0       __acrt_initialize_fma3     000000014001d5e0 f   libucrt:fma3_available.obj
 0001:0001c6a0       _log10_special             000000014001d6a0 f   libucrt:log_special.obj
 0001:0001c760       _clrfp                     000000014001d760 f   libucrt:fpctrl.obj
 0001:0001c780       _ctrlfp                    000000014001d780 f   libucrt:fpctrl.obj
 0001:0001c800       _get_fpcsr                 000000014001d800 f   libucrt:fpctrl.obj
 0001:0001c800       _get_fpsr                  000000014001d800 f   libucrt:fpctrl.obj
 0001:0001c810       _set_fpcsr                 000000014001d810 f   libucrt:fpctrl.obj
 0001:0001c810       _set_fpsr                  000000014001d810 f   libucrt:fpctrl.obj
 0001:0001c820       _set_statfp                000000014001d820 f   libucrt:fpctrl.obj
 0001:0001c840       _statfp                    000000014001d840 f   libucrt:fpctrl.obj
 0001:0001c850       _raise_exc                 000000014001d850 f   libucrt:fpexcept.obj
 0001:0001c880       _raise_exc_ex              000000014001d880 f   libucrt:fpexcept.obj
 0001:0001cb90       _set_errno_from_matherr    000000014001db90 f   libucrt:fpexcept.obj
 0001:0001cbd0       _FindPESection             000000014001dbd0 f   LIBCMT:pesect.obj
 0001:0001cc20       _IsNonwritableInCurrentImage 000000014001dc20 f   LIBCMT:pesect.obj
 0001:0001cc70       _ValidateImageBase         000000014001dc70 f   LIBCMT:pesect.obj
 0001:0001cca0       __GSHandlerCheck_SEH       000000014001dca0 f   LIBCMT:gshandlerseh.obj
 0001:0001cd20       __GSHandlerCheck_EH        000000014001dd20 f   LIBCMT:gshandlereh.obj
 0001:0001cda0       __chkstk                   000000014001dda0 f   LIBCMT:chkstk.obj
 0001:0001cda0       _alloca_probe              000000014001dda0 f   LIBCMT:chkstk.obj
 0001:0001cdf0       __C_specific_handler_noexcept 000000014001ddf0 f   libvcruntime:chandler_noexcept.obj
 0001:0001ce40       strrchr                    000000014001de40 f   libvcruntime:strrchr.obj
 0001:0001cf80       strchr                     000000014001df80 f   libvcruntime:strchr.obj
 0001:0001d020       _guard_dispatch_icall_nop  000000014001e020 f   LIBCMT:guard_dispatch.obj
 0001:0001d040       _guard_xfg_dispatch_icall_nop 000000014001e040 f   LIBCMT:guard_xfg_dispatch.obj
 0001:0001d060       _guard_dispatch_icall      000000014001e060 f   libucrt:dispatchcfg.obj
 0001:0001d060       _guard_dispatch_icall_$fo_default$ 000000014001e060     libucrt:dispatchcfg.obj
 0001:0001d090       memcpy_repmovs             000000014001e090 f   libvcruntime:memcpy.obj
 0001:0001d0a0       memcpy                     000000014001e0a0 f   libvcruntime:memcpy.obj
 0001:0001d0a0       memcpy_$fo_default$        000000014001e0a0     libvcruntime:memcpy.obj
 0001:0001d0a0       memmove                    000000014001e0a0 f   libvcruntime:memcpy.obj
 0001:0001d740       memset_repstos             000000014001e740 f   libvcruntime:memset.obj
 0001:0001d750       memset                     000000014001e750 f   libvcruntime:memset.obj
 0001:0001d750       memset_$fo_default$        000000014001e750     libvcruntime:memset.obj
 0001:0001daf0       strcmp                     000000014001eaf0 f   libucrt:strcmp.obj
 0001:0001db70       strlen                     000000014001eb70 f   libucrt:strlen.obj
 0001:0001dc30       strncmp                    000000014001ec30 f   libucrt:strncmp.obj
 0002:00000000       __imp_QueryPerformanceCounter 0000000140020000     kernel32:KERNEL32.dll
 0002:00000008       __imp_QueryPerformanceFrequency 0000000140020008     kernel32:KERNEL32.dll
 0002:00000010       __imp_Sleep                0000000140020010     kernel32:KERNEL32.dll
 0002:00000018       __imp_GetCurrentProcess    0000000140020018     kernel32:KERNEL32.dll
 0002:00000020       __imp_TerminateProcess     0000000140020020     kernel32:KERNEL32.dll
 0002:00000028       __imp_SwitchToThread       0000000140020028     kernel32:KERNEL32.dll
 0002:00000030       __imp_GetCurrentThreadId   0000000140020030     kernel32:KERNEL32.dll
 0002:00000038       __imp_GetCurrentThreadStackLimits 0000000140020038     kernel32:KERNEL32.dll
 0002:00000040       __imp_VirtualAlloc         0000000140020040     kernel32:KERNEL32.dll
 0002:00000048       __imp_VirtualProtect       0000000140020048     kernel32:KERNEL32.dll
 0002:00000050       __imp_VirtualFree          0000000140020050     kernel32:KERNEL32.dll
 0002:00000058       __imp_ReleaseSRWLockExclusive 0000000140020058     kernel32:KERNEL32.dll
 0002:00000060       __imp_AcquireSRWLockExclusive 0000000140020060     kernel32:KERNEL32.dll
 0002:00000068       __imp_WakeConditionVariable 0000000140020068     kernel32:KERNEL32.dll
 0002:00000070       __imp_WakeAllConditionVariable 0000000140020070     kernel32:KERNEL32.dll
 0002:00000078       __imp_SleepConditionVariableSRW 0000000140020078     kernel32:KERNEL32.dll
 0002:00000080       __imp_CloseHandle          0000000140020080     kernel32:KERNEL32.dll
 0002:00000088       __imp_GetLastError         0000000140020088     kernel32:KERNEL32.dll
 0002:00000090       __imp_WaitForSingleObjectEx 0000000140020090     kernel32:KERNEL32.dll
 0002:00000098       __imp_GetExitCodeThread    0000000140020098     kernel32:KERNEL32.dll
 0002:000000a0       __imp_SetUnhandledExceptionFilter 00000001400200a0     kernel32:KERNEL32.dll
 0002:000000a8       __imp_GetStartupInfoW      00000001400200a8     kernel32:KERNEL32.dll
 0002:000000b0       __imp_GetModuleHandleW     00000001400200b0     kernel32:KERNEL32.dll
 0002:000000b8       __imp_GetCurrentProcessId  00000001400200b8     kernel32:KERNEL32.dll
 0002:000000c0       __imp_GetSystemTimeAsFileTime 00000001400200c0     kernel32:KERNEL32.dll
 0002:000000c8       __imp_InitializeSListHead  00000001400200c8     kernel32:KERNEL32.dll
 0002:000000d0       __imp_WriteConsoleW        00000001400200d0     kernel32:KERNEL32.dll
 0002:000000d8       __imp_RtlPcToFileHeader    00000001400200d8     kernel32:KERNEL32.dll
 0002:000000e0       __imp_RaiseException       00000001400200e0     kernel32:KERNEL32.dll
 0002:000000e8       __imp_RtlLookupFunctionEntry 00000001400200e8     kernel32:KERNEL32.dll
 0002:000000f0       __imp_RtlUnwindEx          00000001400200f0     kernel32:KERNEL32.dll
 0002:000000f8       __imp_SetLastError         00000001400200f8     kernel32:KERNEL32.dll
 0002:00000100       __imp_FlsAlloc             0000000140020100     kernel32:KERNEL32.dll
 0002:00000108       __imp_FlsGetValue          0000000140020108     kernel32:KERNEL32.dll
 0002:00000110       __imp_FlsSetValue          0000000140020110     kernel32:KERNEL32.dll
 0002:00000118       __imp_FlsFree              0000000140020118     kernel32:KERNEL32.dll
 0002:00000120       __imp_EncodePointer        0000000140020120     kernel32:KERNEL32.dll
 0002:00000128       __imp_EnterCriticalSection 0000000140020128     kernel32:KERNEL32.dll
 0002:00000130       __imp_LeaveCriticalSection 0000000140020130     kernel32:KERNEL32.dll
 0002:00000138       __imp_InitializeCriticalSectionEx 0000000140020138     kernel32:KERNEL32.dll
 0002:00000140       __imp_DeleteCriticalSection 0000000140020140     kernel32:KERNEL32.dll
 0002:00000148       __imp_CreateThread         0000000140020148     kernel32:KERNEL32.dll
 0002:00000150       __imp_ExitThread           0000000140020150     kernel32:KERNEL32.dll
 0002:00000158       __imp_FreeLibrary          0000000140020158     kernel32:KERNEL32.dll
 0002:00000160       __imp_FreeLibraryAndExitThread 0000000140020160     kernel32:KERNEL32.dll
 0002:00000168       __imp_GetModuleHandleExW   0000000140020168     kernel32:KERNEL32.dll
 0002:00000170       __imp_IsProcessorFeaturePresent 0000000140020170     kernel32:KERNEL32.dll
 0002:00000178       __imp_ExitProcess          0000000140020178     kernel32:KERNEL32.dll
 0002:00000180       __imp_GetProcAddress       0000000140020180     kernel32:KERNEL32.dll
 0002:00000188       __imp_GetModuleFileNameW   0000000140020188     kernel32:KERNEL32.dll
 0002:00000190       __imp_GetStdHandle         0000000140020190     kernel32:KERNEL32.dll
 0002:00000198       __imp_WriteFile            0000000140020198     kernel32:KERNEL32.dll
 0002:000001a0       __imp_GetCommandLineA      00000001400201a0     kernel32:KERNEL32.dll
 0002:000001a8       __imp_GetCommandLineW      00000001400201a8     kernel32:KERNEL32.dll
 0002:000001b0       __imp_RtlCaptureContext    00000001400201b0     kernel32:KERNEL32.dll
 0002:000001b8       __imp_RtlVirtualUnwind     00000001400201b8     kernel32:KERNEL32.dll
 0002:000001c0       __imp_IsDebuggerPresent    00000001400201c0     kernel32:KERNEL32.dll
 0002:000001c8       __imp_UnhandledExceptionFilter 00000001400201c8     kernel32:KERNEL32.dll
 0002:000001d0       __imp_HeapAlloc            00000001400201d0     kernel32:KERNEL32.dll
 0002:000001d8       __imp_HeapFree             00000001400201d8     kernel32:KERNEL32.dll
 0002:000001e0       __imp_LoadLibraryExW       00000001400201e0     kernel32:KERNEL32.dll
 0002:000001e8       __imp_CompareStringW       00000001400201e8     kernel32:KERNEL32.dll
 0002:000001f0       __imp_LCMapStringW         00000001400201f0     kernel32:KERNEL32.dll
 0002:000001f8       __imp_GetFileType          00000001400201f8     kernel32:KERNEL32.dll
 0002:00000200       __imp_GetFileSizeEx        0000000140020200     kernel32:KERNEL32.dll
 0002:00000208       __imp_SetFilePointerEx     0000000140020208     kernel32:KERNEL32.dll
 0002:00000210       __imp_FindClose            0000000140020210     kernel32:KERNEL32.dll
 0002:00000218       __imp_FindFirstFileExW     0000000140020218     kernel32:KERNEL32.dll
 0002:00000220       __imp_FindNextFileW        0000000140020220     kernel32:KERNEL32.dll
 0002:00000228       __imp_IsValidCodePage      0000000140020228     kernel32:KERNEL32.dll
 0002:00000230       __imp_GetACP               0000000140020230     kernel32:KERNEL32.dll
 0002:00000238       __imp_GetOEMCP             0000000140020238     kernel32:KERNEL32.dll
 0002:00000240       __imp_GetCPInfo            0000000140020240     kernel32:KERNEL32.dll
 0002:00000248       __imp_MultiByteToWideChar  0000000140020248     kernel32:KERNEL32.dll
 0002:00000250       __imp_WideCharToMultiByte  0000000140020250     kernel32:KERNEL32.dll
 0002:00000258       __imp_GetEnvironmentStringsW 0000000140020258     kernel32:KERNEL32.dll
 0002:00000260       __imp_FreeEnvironmentStringsW 0000000140020260     kernel32:KERNEL32.dll
 0002:00000268       __imp_SetEnvironmentVariableW 0000000140020268     kernel32:KERNEL32.dll
 0002:00000270       __imp_GetProcessHeap       0000000140020270     kernel32:KERNEL32.dll
 0002:00000278       __imp_SetStdHandle         0000000140020278     kernel32:KERNEL32.dll
 0002:00000280       __imp_GetStringTypeW       0000000140020280     kernel32:KERNEL32.dll
 0002:00000288       __imp_FlushFileBuffers     0000000140020288     kernel32:KERNEL32.dll
 0002:00000290       __imp_GetConsoleOutputCP   0000000140020290     kernel32:KERNEL32.dll
 0002:00000298       __imp_GetConsoleMode       0000000140020298     kernel32:KERNEL32.dll
 0002:000002a0       __imp_HeapSize             00000001400202a0     kernel32:KERNEL32.dll
 0002:000002a8       __imp_HeapReAlloc          00000001400202a8     kernel32:KERNEL32.dll
 0002:000002b0       __imp_CreateFileW          00000001400202b0     kernel32:KERNEL32.dll
 0002:000002b8       \177KERNEL32_NULL_THUNK_DATA 00000001400202b8     kernel32:KERNEL32.dll
[...]
 0002:0000c0e0       $unwind$_malloc_base       000000014002c0e0     libucrt:malloc_base.obj
 0002:0000c0e8       $unwind$__acrt_fp_format   000000014002c0e8     libucrt:cvt.obj
 0002:0000c0f8       $unwind$?fp_format_e_internal@@YAHQEAD_KH_NIQEAU_strflt@@2AEAV__crt_cached_ptd_host@@@Z 000000014002c0f8     libucrt:cvt.obj
 0002:0000c114       $unwind$?fp_format_e@@YAHQEBNQEAD_K12H_NIW4__acrt_rounding_mode@@AEAV__crt_cached_ptd_host@@@Z 000000014002c114     libucrt:cvt.obj
 0002:0000c12c       $unwind$?fp_format_a@@YAHQEBNPEAD_KQEAD2H_NIW4__acrt_rounding_mode@@AEAV__crt_cached_ptd_host@@@Z 000000014002c12c     libucrt:cvt.obj
 0002:0000c148       $unwind$?fp_format_g@@YAHQEBNQEAD_K12H_NIW4__acrt_rounding_mode@@AEAV__crt_cached_ptd_host@@@Z 000000014002c148     libucrt:cvt.obj
 0002:0000c160       $unwind$_wctomb_internal   000000014002c160     libucrt:wctomb.obj
 0002:0000c174       $unwind$?__mbrtoc32_utf8@__crt_mbstring@@YA_KPEA_UPEBD_KPEAU_Mbstatet@@AEAV__crt_cached_ptd_host@@@Z 000000014002c174     libucrt:mbrtoc32.obj
 0002:0000c190       $unwind$__dcrt_lowio_ensure_console_output_initialized 000000014002c190     libucrt:initcon.obj
 0002:0000c190       $unwind$?__mbrtowc_utf8@__crt_mbstring@@YA_KPEA_WPEBD_KPEAU_Mbstatet@@AEAV__crt_cached_ptd_host@@@Z 000000014002c190     libucrt:mbrtowc.obj
 0002:0000c190       $unwind$?getSystemCP@@YAHH@Z 000000014002c190     libucrt:mbctype.obj
 0002:0000c198       $unwind$?__mbsrtowcs_utf8@__crt_mbstring@@YA_KPEA_WPEAPEBD_KPEAU_Mbstatet@@AEAV__crt_cached_ptd_host@@@Z 000000014002c198     libucrt:mbrtowc.obj
 0002:0000c1b8       $unwind$??$write_buffer_nolock@D@@YA_NDV__crt_stdio_stream@@AEAV__crt_cached_ptd_host@@@Z 000000014002c1b8     libucrt:_flsbuf.obj
 0002:0000c1cc       $unwind$raise              000000014002c1cc     libucrt:signal.obj
 0002:0000c20c       $unwind$??$?RV<lambda_450d765d439847d4c735a33c368b5fc0>@@AEAV<lambda_44731a7d0e6d81c3e6aa82d741081786>@@V<lambda_601a2a7da3b7a96e9554ac7215c4b07c>@@@?$__crt_seh_guarded_call@P6AXH@Z@@QEAAP6AXH@Z$$QEAV<lambda_450d765d439847d4c735a33c368b5fc0>@@AEAV<lambda_44731a7d0e6d81c3e6aa82d741081786>@@$$QEAV<lambda_601a2a7da3b7a96e9554ac7215c4b07c>@@@Z 000000014002c20c     libucrt:signal.obj
 0002:0000c230       $unwind$??$common_expand_argv_wildcards@D@@YAHQEAPEADQEAPEAPEAD@Z 000000014002c230     libucrt:argv_wildcards.obj
 0002:0000c248       $unwind$__dcrt_get_narrow_environment_from_os 000000014002c248     libucrt:get_environment_from_os.obj
 0002:0000c248       $unwind$??$__acrt_convert_wcs_mbs_cp@_WDV<lambda_d8593a27d1aa8c02be35c86a17d324c4>@@U__crt_win32_buffer_internal_dynamic_resizing@@@@YAHQEB_WAEAV?$__crt_win32_buffer@DU__crt_win32_buffer_internal_dynamic_resizing@@@@AEBV<lambda_d8593a27d1aa8c02be35c86a17d324c4>@@I@Z 000000014002c248     libucrt:argv_wildcards.obj
 0002:0000c260       $unwind$??$expand_argument_wildcards@D@@YAHQEAD0AEAV?$argument_list@D@?A0x5f5c8891@@@Z 000000014002c260     libucrt:argv_wildcards.obj
 0002:0000c280       $unwind$__acrt_GetModuleFileNameA 000000014002c280     libucrt:getmodulefilenamea.obj
 0002:0000c29c       $unwind$__dcrt_write_console 000000014002c29c     libucrt:initcon.obj
 0002:0000c29c       $unwind$??$__acrt_convert_wcs_mbs_cp@_WDV<lambda_f788ae46380686e8b737efdd8c720d07>@@U__crt_win32_buffer_no_resizing@@@@YAHQEB_WAEAV?$__crt_win32_buffer@DU__crt_win32_buffer_no_resizing@@@@AEBV<lambda_f788ae46380686e8b737efdd8c720d07>@@I@Z 000000014002c29c     libucrt:getmodulefilenamea.obj
 0002:0000c2b0       $unwind$_setmbcp_nolock    000000014002c2b0     libucrt:mbctype.obj
 0002:0000c2d0       $unwind$?update_thread_multibyte_data_internal@@YAPEAU__crt_multibyte_data@@QEAU__acrt_ptd@@QEAPEAU1@@Z 000000014002c2d0     libucrt:mbctype.obj
 0002:0000c2f8       $unwind$?setmbcp_internal@@YAHH_NQEAU__acrt_ptd@@QEAPEAU__crt_multibyte_data@@@Z 000000014002c2f8     libucrt:mbctype.obj
 0002:0000c310       $unwind$?setSBUpLow@@YAXPEAU__crt_multibyte_data@@@Z 000000014002c310     libucrt:mbctype.obj
 0002:0000c32c       $unwind$??$?RV<lambda_efdfa57d1f175319df784efa44bb7b81>@@AEAV<lambda_5f0a4c1567f8adc6734073e5d1e1b35c>@@V<lambda_2e8a7d3640ea6ccb4c2413664c2db6fd>@@@?$__crt_seh_guarded_call@X@@QEAAX$$QEAV<lambda_efdfa57d1f175319df784efa44bb7b81>@@AEAV<lambda_5f0a4c1567f8adc6734073e5d1e1b35c>@@$$QEAV<lambda_2e8a7d3640ea6ccb4c2413664c2db6fd>@@@Z 000000014002c32c     libucrt:mbctype.obj
 0002:0000c350       $unwind$__acrt_WideCharToMultiByte 000000014002c350     libucrt:widechartomultibyte.obj
 0002:0000c35c       $unwind$??$common_set_variable_in_environment_nolock@D@@YAHQEADH@Z 000000014002c35c     libucrt:setenv.obj
 0002:0000c374       $unwind$??$copy_environment@D@@YAPEAPEADQEAPEAD@Z 000000014002c374     libucrt:setenv.obj
 0002:0000c388       $unwind$_recalloc_base     000000014002c388     libucrt:recalloc.obj
 0002:0000c39c       $unwind$__acrt_initialize_heap 000000014002c39c     libucrt:heap_handle.obj
 0002:0000c3a4       $unwind$_free_osfhnd       000000014002c3a4     libucrt:osfinfo.obj
 0002:0000c3b8       $unwind$__acrt_lowio_destroy_handle_array 000000014002c3b8     libucrt:osfinfo.obj
 0002:0000c3c8       $unwind$__acrt_lowio_ensure_fh_exists 000000014002c3c8     libucrt:osfinfo.obj
 0002:0000c3f4       $unwind$__acrt_locale_free_monetary 000000014002c3f4     libucrt:initmon.obj
 0002:0000c3fc       $unwind$__acrt_locale_free_time 000000014002c3fc     libucrt:inittime.obj
 0002:0000c40c       $unwind$__acrt_GetStringTypeA 000000014002c40c     libucrt:getstringtypea.obj
 0002:0000c434       $unwind$__acrt_update_thread_locale_data 000000014002c434     libucrt:locale_refcounting.obj
 0002:0000c458       $unwind$?_fclose_nolock_internal@@YAHQEAU_iobuf@@AEAV__crt_cached_ptd_host@@@Z 000000014002c458     libucrt:fclose.obj
 0002:0000c468       $unwind$?_fclose_internal@@YAHQEAU_iobuf@@AEAV__crt_cached_ptd_host@@@Z 000000014002c468     libucrt:fclose.obj
 0002:0000c48c       $unwind$_commit            000000014002c48c     libucrt:commit.obj
 0002:0000c494       $unwind$??$?RV<lambda_a37b2b86f63e897a80ea819b0eb08c01>@@AEAV<lambda_38ce7e780aa69e748d6df282ebc68efe>@@V<lambda_99fb1378e971ab6e7edea83e3a7a83a2>@@@?$__crt_seh_guarded_call@H@@QEAAH$$QEAV<lambda_a37b2b86f63e897a80ea819b0eb08c01>@@AEAV<lambda_38ce7e780aa69e748d6df282ebc68efe>@@$$QEAV<lambda_99fb1378e971ab6e7edea83e3a7a83a2>@@@Z 000000014002c494     libucrt:commit.obj
 0002:0000c4b8       $unwind$_write_nolock      000000014002c4b8     libucrt:write.obj
 0002:0000c4d0       $unwind$_write_internal    000000014002c4d0     libucrt:write.obj
 0002:0000c4fc       $unwind$?write_double_translated_ansi_nolock@@YA?AUwrite_result@?A0x17268360@@HQEBDIAEAV__crt_cached_ptd_host@@@Z 000000014002c4fc     libucrt:write.obj
 0002:0000c528       $ip2state$?write_double_translated_ansi_nolock@@YA?AUwrite_result@?A0x17268360@@HQEBDIAEAV__crt_cached_ptd_host@@@Z 000000014002c528     libucrt:write.obj
 0002:0000c530       $unwind$?write_text_ansi_nolock@@YA?AUwrite_result@?A0x17268360@@HQEBDI@Z 000000014002c530     libucrt:write.obj
 0002:0000c530       $unwind$?write_text_utf16le_nolock@@YA?AUwrite_result@?A0x17268360@@HQEBDI@Z 000000014002c530     libucrt:write.obj
 0002:0000c550       $unwind$?write_text_utf8_nolock@@YA?AUwrite_result@?A0x17268360@@HQEBDI@Z 000000014002c550     libucrt:write.obj
 0002:0000c574       $unwind$__acrt_fltout      000000014002c574     libucrt:cfout.obj
 0002:0000c598       $unwind$?divide@__crt_strtox@@YA_KAEAUbig_integer@1@AEBU21@@Z 000000014002c598     libucrt:cfout.obj
 0002:0000c5b0       $chain$0$?divide@__crt_strtox@@YA_KAEAUbig_integer@1@AEBU21@@Z 000000014002c5b0     libucrt:cfout.obj
 0002:0000c5c4       $chain$1$?divide@__crt_strtox@@YA_KAEAUbig_integer@1@AEBU21@@Z 000000014002c5c4     libucrt:cfout.obj
 0002:0000c5d4       $unwind$??$common_lseek@_J@@YA_JH_JHAEAV__crt_cached_ptd_host@@@Z 000000014002c5d4     libucrt:lseek.obj
 0002:0000c600       $unwind$qsort              000000014002c600     libucrt:qsort.obj
 0002:0000c618       $chain$3$qsort             000000014002c618     libucrt:qsort.obj
 0002:0000c638       $chain$4$qsort             000000014002c638     libucrt:qsort.obj
 0002:0000c648       $unwind$strpbrk            000000014002c648     libucrt:strpbrk.obj
 0002:0000c658       $unwind$fallbackMethod     000000014002c658     libucrt:strpbrk.obj
 0002:0000c668       $unwind$_mbsdec_l          000000014002c668     libucrt:mbsdec.obj
 0002:0000c674       $unwind$__acrt_LCMapStringA 000000014002c674     libucrt:lcmapstringa.obj
 0002:0000c684       $unwind$?__acrt_LCMapStringA_stat@@YAHPEAU__crt_locale_pointers@@PEB_WKPEBDHPEADHHH@Z 000000014002c684     libucrt:lcmapstringa.obj
 0002:0000c6ac       $unwind$_strnicoll         000000014002c6ac     libucrt:strnicol.obj
 0002:0000c6c0       $chain$0$_strnicoll        000000014002c6c0     libucrt:strnicol.obj
 0002:0000c6d4       $chain$1$_strnicoll        000000014002c6d4     libucrt:strnicol.obj
 0002:0000c6e4       $unwind$__acrt_SetEnvironmentVariableA 000000014002c6e4     libucrt:setenvironmentvariablea.obj
 0002:0000c700       $unwind$_msize_base        000000014002c700     libucrt:msize.obj
 0002:0000c708       $unwind$_realloc_base      000000014002c708     libucrt:realloc_base.obj
 0002:0000c714       $unwind$_close_internal    000000014002c714     libucrt:close.obj
 0002:0000c71c       $unwind$??$?RV<lambda_ad8af0d99a0adf03d037d7dffe354bb5>@@AEAV<lambda_c9ba49e555ba839a7b07aa3fbecb7617>@@V<lambda_2f1ebd5d68526518146ae959c9e734c8>@@@?$__crt_seh_guarded_call@H@@QEAAH$$QEAV<lambda_ad8af0d99a0adf03d037d7dffe354bb5>@@AEAV<lambda_c9ba49e555ba839a7b07aa3fbecb7617>@@$$QEAV<lambda_2f1ebd5d68526518146ae959c9e734c8>@@@Z 000000014002c71c     libucrt:close.obj
 0002:0000c740       $unwind$_putwch_nolock     000000014002c740     libucrt:putwch.obj
 0002:0000c748       $xdatasym$log10            000000014002c748     libucrt:log10.obj
 0002:0000c754       $unwind$__acrt_fenv_set_control 000000014002c754     libucrt:_fenvutils.obj
 0002:0000c760       $chain$0$__acrt_fenv_set_control 000000014002c760     libucrt:_fenvutils.obj
 0002:0000c774       $chain$1$__acrt_fenv_set_control 000000014002c774     libucrt:_fenvutils.obj
 0002:0000c784       $unwind$_guard_check_icall 000000014002c784     libucrt:checkcfg.obj
 0002:0000c790       $unwind$_strnicmp          000000014002c790     libucrt:strnicmp.obj
 0002:0000c798       $unwind$__acrt_CompareStringA 000000014002c798     libucrt:comparestringa.obj
 0002:0000c7a8       $unwind$?InternalCompareStringA@@YAHPEAU__crt_locale_pointers@@PEB_WKPEBDH2HH@Z 000000014002c7a8     libucrt:comparestringa.obj
 0002:0000c7cc       $unwind$common_control87   000000014002c7cc     libucrt:ieee.obj
 0002:0000c7f0       $unwind$_exception_enabled 000000014002c7f0     libucrt:libm_error.obj
 0002:0000c804       $chain$0$_exception_enabled 000000014002c804     libucrt:libm_error.obj
 0002:0000c818       $chain$1$_exception_enabled 000000014002c818     libucrt:libm_error.obj
 0002:0000c828       $unwind$_handle_error      000000014002c828     libucrt:libm_error.obj
 0002:0000c844       $unwind$__acrt_initialize_fma3 000000014002c844     libucrt:fma3_available.obj
 0002:0000c84c       $unwind$_log_special_common 000000014002c84c     libucrt:log_special.obj
 0002:0000c858       $unwind$_ctrlfp            000000014002c858     libucrt:fpctrl.obj
 0002:0000c878       $unwind$_raise_exc_ex      000000014002c878     libucrt:fpexcept.obj
 0002:0000c88c       $unwind$_IsNonwritableInCurrentImage 000000014002c88c     LIBCMT:pesect.obj
 0002:0000c8b0       $xdatasym                  000000014002c8b0     LIBCMT:chkstk.obj
 0002:0000d074       .idata$6                   000000014002d074     kernel32:KERNEL32.dll
 0003:00000000       ?g_resolvedAddress@?A0xad11da21@@3PEAXEA 000000014002e000     guidexos_nativeaot_pal_hosted_probe.obj
 0003:00000010       ?g_metadataMutex@?A0x3c6ac7df@runtime@gxos@@3Vmutex@std@@A 000000014002e010     guidexos_local_storage.obj
 0003:00000070       ?g_mutex@?A0x2e7dfb66@runtime@gxos@@3Vmutex@std@@A 000000014002e070     guidexos_native_thread.obj
 0003:000000c4       ?g_flsIndex@?A0x7718dbdb@@3IA 000000014002e0c4     PalRedhawkMinWin.cpp.obj
 0003:000000d0       ?_Thread_exit_data_mutex@?A0x7f1b0160@@3Vmutex@std@@A 000000014002e0d0     libcpmt:xnotify.obj
 0003:000001c0       ?__vcrt_flsindex@@3KA      000000014002e1c0     libvcruntime:per_thread_data.obj
 0003:000002f0       ?errno_no_memory@@3HA      000000014002e2f0     libucrt:errno.obj
 0003:000002f4       ?doserrno_no_memory@@3KA   000000014002e2f4     libucrt:errno.obj
 0003:00000348       ?__acrt_flsindex@@3KA      000000014002e348     libucrt:per_thread_data.obj
 0003:000006f0       _mbctypes                  000000014002e6f0     libucrt:mbctype.obj
 0003:00000800       _mbcasemaps                000000014002e800     libucrt:mbctype.obj
 0003:00000900       ?__rgctypeflag@@3PADA      000000014002e900     libucrt:mbctype.obj
 0003:00000910       ?__rgcode_page_info@@3PAUcode_page_info@@A 000000014002e910     libucrt:mbctype.obj
 0003:00000bb0       ?__dcrt_lowio_console_output_handle@@3PEAXEA 000000014002ebb0     libucrt:initcon.obj
 0003:00000bb8       ?dazSupported@?1??common_control87@@9@9 000000014002ebb8     libucrt:ieee.obj
 0003:00000bc0       ?dazSupported@?1??_ctrlfp@@9@9 000000014002ebc0     libucrt:fpctrl.obj
 0003:00000e58       ?g_detachCallbacks@?A0xad11da21@@3U?$atomic@I@std@@A 000000014002ee58     guidexos_nativeaot_pal_hosted_probe.obj
 0003:00000e5c       ?g_backgroundCalls@?A0xad11da21@@3U?$atomic@I@std@@A 000000014002ee5c     guidexos_nativeaot_pal_hosted_probe.obj
 0003:00000e60       ?g_handles@?A0xeb7d5414@fls@nativeaot@guidexos@@3PAULocalStorageIndex@runtime@gxos@@A 000000014002ee60     guidexos_nativeaot_fls_adapter.obj
 0003:00000ea0       ?g_handleActive@?A0xeb7d5414@fls@nativeaot@guidexos@@3PA_NA 000000014002eea0     guidexos_nativeaot_fls_adapter.obj
 0003:00000ea8       ?g_domain@?A0x3c6ac7df@runtime@gxos@@3ULocalStorageDomain@123@A 000000014002eea8     guidexos_local_storage.obj
 0003:00001030       ?g_hooks@?A0x3c6ac7df@runtime@gxos@@3ULocalStoragePlatformHooks@23@A 000000014002f030     guidexos_local_storage.obj
 0003:00001050       ?g_liveStates@?A0x3ad8ae30@runtime@gxos@@3U?$atomic@_K@std@@A 000000014002f050     guidexos_event.obj
 0003:00001060       ?g_slots@?A0x2e7dfb66@runtime@gxos@@3V?$array@UThreadSlot@?A0x2e7dfb66@runtime@gxos@@$0EA@@std@@A 000000014002f060     guidexos_native_thread.obj
 0003:00002260       ?g_liveSlots@?A0x2e7dfb66@runtime@gxos@@3U?$atomic@I@std@@A 0000000140030260     guidexos_native_thread.obj
 0003:00002270       ?g_hijackCallback@?A0x7718dbdb@@3P6AXPEAX0@ZEA 0000000140030270     PalRedhawkMinWin.cpp.obj
 0003:00002280       ?g_pal_hooks@?A0x6e350aca@@3Uguidexos_nativeaot_pal_hooks@@A 0000000140030280     guidexos_nativeaot_pal_contract.obj
 0003:00002348       ?g_fls_hooks@?A0x6e350aca@@3Uguidexos_nativeaot_fls_hooks@@A 0000000140030348     guidexos_nativeaot_pal_contract.obj
 0003:00002378       ?g_hook_table_installed@?A0x6e350aca@@3_NA 0000000140030378     guidexos_nativeaot_pal_contract.obj
 0003:00002380       ?g_hook_table@?A0x6e350aca@@3Uguidexos_nativeaot_pal_hook_table_v1@@A 0000000140030380     guidexos_nativeaot_pal_contract.obj
 0003:00002468       ?g_hook_table_generation@?A0x6e350aca@@3_KA 0000000140030468     guidexos_nativeaot_pal_contract.obj
 0003:00002470       ?g_worker_tokens@?A0x6e350aca@@3PAUWorkerToken@1@A 0000000140030470     guidexos_nativeaot_pal_contract.obj
 0003:00002570       ?freq_cached@?1??_Query_perf_frequency@@9@4U?$atomic@_J@std@@A 0000000140030570     libcpmt:xtime.obj
 0003:00002580       ?_Thread_exit_data@?A0x7f1b0160@@3U_At_thread_exit_block@1@A 0000000140030580     libcpmt:xnotify.obj
 0003:000028c8       ?is_initialized_as_dll@@3_NA 00000001400308c8     LIBCMT:utility.obj
 0003:000028c9       ?module_local_atexit_table_initialized@@3_NA 00000001400308c9     LIBCMT:utility.obj
 0003:000028d0       ?module_local_atexit_table@@3U_onexit_table_t@@A 00000001400308d0     LIBCMT:utility.obj
 0003:000028e8       ?module_local_at_quick_exit_table@@3U_onexit_table_t@@A 00000001400308e8     LIBCMT:utility.obj
 0003:00002930       ?__vcrt_startup_thread_ptd@@3U__vcrt_ptd@@A 0000000140030930     libvcruntime:per_thread_data.obj
 0003:000029b0       __vcrt_lock_table          00000001400309b0     libvcruntime:locks.obj
 0003:000029d8       __vcrt_locks_initialized   00000001400309d8     libvcruntime:locks.obj
 0003:00002a00       ?__acrt_new_handler@@3V?$dual_state_global@P6AH_K@Z@__crt_state_management@@A 0000000140030a00     libucrt:new_handler.obj
 0003:00002a08       ?c_termination_complete@@3JA 0000000140030a08     libucrt:exit.obj
 0003:00002a10       ?thread_local_exit_callback_func@@3P6AXPEAXK0@ZEA 0000000140030a10     libucrt:exit.obj
 0003:00002a18       ?c_exit_complete@?1???R<lambda_6e4b09c48022b2350581041d5f6b0c4c>@@QEBA@XZ@4_NA 0000000140030a18     libucrt:exit.obj
 0003:00002a20       ?program_name@?1???$common_configure_argv@D@@YAHW4_crt_argv_mode@@@Z@4PADA 0000000140030a20     libucrt:argv_parsing.obj
 0003:00002b78       ?__acrt_app_type@@3W4_crt_app_type@@A 0000000140030b78     libucrt:report_runtime_error.obj
 0003:00002b80       ?user_matherr@@3V?$dual_state_global@P6AHPEAU_exception@@@Z@__crt_state_management@@A 0000000140030b80     libucrt:matherr.obj
 0003:00002bbc       ?__acrt_global_new_mode@@3V?$dual_state_global@J@__crt_state_management@@A 0000000140030bbc     libucrt:new_mode.obj
 0003:00002bc8       ?__acrt_invalid_parameter_handler@@3V?$dual_state_global@P6AXPEB_W00I_K@Z@__crt_state_management@@A 0000000140030bc8     libucrt:invalid_parameter.obj
 0003:00002bd0       ?module_handles@@3PAPEAUHINSTANCE__@@A 0000000140030bd0     libucrt:winapi_thunks.obj
 0003:000030b8       ?internal_state@?1??_mbtowc_internal@@9@4U_Mbstatet@@A 00000001400310b8     libucrt:mbtowc.obj
 0003:000030c0       ?internal_pst@?1??__mbrtoc32_utf8@__crt_mbstring@@YA_KPEA_UPEBD_KPEAU_Mbstatet@@AEAV__crt_cached_ptd_host@@@Z@4U3@A 00000001400310c0     libucrt:mbrtoc32.obj
 0003:000030c8       ?internal_pst@?1??__c16rtomb_utf8@__crt_mbstring@@YA_KPEAD_SPEAU_Mbstatet@@AEAV__crt_cached_ptd_host@@@Z@4U3@A 00000001400310c8     libucrt:c16rtomb.obj
 0003:000030d0       ?enable_percent_n@@3_KA    00000001400310d0     libucrt:printf_count_output.obj
 0003:000030d8       ?state_cache@?1???$get_cached_win_policy@Ubegin_thread_init_policy_properties@?1??__acrt_get_begin_thread_init_policy@@YA?AW4begin_thread_init_policy@@XZ@@@YA?AW4begin_thread_init_policy@@W4AppPolicyThreadInitializationType@@@Z@4JA 00000001400310d8     libucrt:win_policies.obj
 0003:000030e0       ?ctrlc_action@@3V?$dual_state_global@P6AXH@Z@__crt_state_management@@A 00000001400310e0     libucrt:signal.obj
 0003:000030e8       ?ctrlbreak_action@@3V?$dual_state_global@P6AXH@Z@__crt_state_management@@A 00000001400310e8     libucrt:signal.obj
 0003:000030f0       ?abort_action@@3V?$dual_state_global@P6AXH@Z@__crt_state_management@@A 00000001400310f0     libucrt:signal.obj
 0003:000030f8       ?term_action@@3V?$dual_state_global@P6AXH@Z@__crt_state_management@@A 00000001400310f8     libucrt:signal.obj
 0003:00003100       ?__acrt_lock_table@@3PAU_RTL_CRITICAL_SECTION@@A 0000000140031100     libucrt:locks.obj
 0003:00003358       ?__acrt_locks_initialized@@3IA 0000000140031358     libucrt:locks.obj
 0003:00003378       ?fSystemSet@@3HA           0000000140031378     libucrt:mbctype.obj
 0003:0000337c       ?initialized@?1??__acrt_initialize_multibyte@@9@4_NA 000000014003137c     libucrt:mbctype.obj
 0005:00000000       ?function_pointers@@3PAPEAXA 0000000140034000     libucrt:winapi_thunks.obj
