[2J[01;01H[=3h[2J[01;01H[2J[01;01H[=3h[2J[01;01H[2J[01;01H[=3h[2J[01;01HBdsDxe: loading Boot0001 "UEFI QEMU HARDDISK QM00001 " from PciRoot(0x0)/Pci(0x1,0x1)/Ata(Primary,Master,0x0)
BdsDxe: starting Boot0001 "UEFI QEMU HARDDISK QM00001 " from PciRoot(0x0)/Pci(0x1,0x1)/Ata(Primary,Master,0x0)
guideXOS UEFI Bootloader
ACPI RSDP found at 0x000000003F77E000, rev 0
ELF: vaddr range 0x100000 - 0x668c770 (size 0x658c770)
ELF: Allocated 25997 pages at 0x355df000
ELF: Loading seg 0: vaddr=0x100000 -> phys=0x355df000 (filesz=0x1a6018)
ELF: Loading seg 1: vaddr=0x2a7000 -> phys=0x35786000 (filesz=0x13c048)
ELF: Entry point in segment 0 (vaddr 0x100000)
ELF: Entry vaddr=0x100000, offset=0x0, physEntry=0x355df000
Kernel entry phys: 0x00000000355DF000 virt: 0x0000000000100000
Kernel loaded at: 0x00000000355DF000 - 0x000000003BB6B770
Could not open file: ramdisk.img
Warning: Failed to load ramdisk
Stack allocated at 0x0000000000200000, top at 0x0000000000210000 (below kernel)

=== PCI Enumeration ===
Found 1 network controller(s)
  [%02x:%02x.0] Vendor=%04x Device=%04x Class=%02x/%02x IRQ=3
    BAR0: Phys=%016lx Size=81040000 ()
    ** Supported Intel E1000 NIC **

*** Using NIC at [%02x:%02x.0] ***
    Vendor: %04x  Device: %04x
    MMIO Phys: %016lx  Size: 81040000
    PCI bus mastering enabled
=========================

Runtime frame pool: 0x000000003CDF3000 pages=4096
Mapping stack: 0x0000000000200000 size 65536
Mapping framebuffer: 0x0000000080000000 size 4096000
Mapping ACPI RSDP region: 0x000000003F77E000
Mapping bootloader: 0x000000003DE33000 size 73728
Mapping allocator region: 0x4000000 size 64MB
Mapping low memory stack region: 0x100000 size 2MB
Mapping NIC MMIO: %016lx size 81040000
NIC MMIO mapped: Phys=%016lx Virt=%016lx
Building identity page tables with 13 ranges...
Page tables built at PML4: 0x000000003DE50000
Pre-EBS marker drawn (green square top-left)
Exiting boot services...


=== GuideXOS Boot (Post-ExitBootServices) ===

=== CPU State Check ===
CR0 = 0x0000000080010033
CR3 = 0x000000003F801000
CR4 = 0x0000000000000668
EFER = 0x0000000000000D00
  [OK] CR0.PG (Paging) enabled
  [OK] CR0.PE (Protected Mode) enabled
  [OK] CR4.PAE enabled
  [OK] EFER.LME (Long Mode Enable) set
  [OK] EFER.LMA (Long Mode Active) set

=== BootInfo ===
Magic: 0x49425847
Framebuffer: 0x0000000080000000 (0x00000500x0x00000320)

=== Kernel Entry Validation ===
Entry point: 0x00000000355DF000
First 16 bytes at entry:
  FA 66 31 C0 8E D8 8E C0 8E E0 8E E8 8E D0 48 BC 
  [INFO] Unknown prologue pattern

=== Jumping to Kernel (Trampoline) ===

========================================
=== PRE-HANDOFF VALIDATION ===
========================================

--- Parameters ---
Kernel Entry: 0x00000000355DF000
BootInfo:     0x000000003DF47000
Stack Top:    0x0000000000210000
PML4 Phys:    0x000000003DE50000

--- Validating Mappings ---

[1] Kernel Entry:
Checking mapping for: 0x00000000355DF000
  PML4[0x00000000] = 0x000000003DE4F003
  PDPT[0x00000000] = 0x000000003DE4E003
  PD[0x000001AA] = 0x000000003DE4C003
  PT[0x000001DF] = 0x00000000355DF003
  [OK] Maps to physical: 0x00000000355DF000

[2] BootInfo:
Checking mapping for: 0x000000003DF47000
  PML4[0x00000000] = 0x000000003DE4F003
  PDPT[0x00000000] = 0x000000003DE4E003
  PD[0x000001EF] = 0x000000003CDC5003
  PT[0x00000147] = 0x000000003DF47003
  [OK] Maps to physical: 0x000000003DF47000

[3] Stack (top - 0x1000):
Checking mapping for: 0x000000000020F000
  PML4[0x00000000] = 0x000000003DE4F003
  PDPT[0x00000000] = 0x000000003DE4E003
  PD[0x00000001] = 0x000000003CDC6003
  PT[0x0000000F] = 0x00000000356EE003
  [OK] Maps to physical: 0x00000000356EE000

[4] PML4 self-mapping:
Checking mapping for: 0x000000003DE50000
  PML4[0x00000000] = 0x000000003DE4F003
  PDPT[0x00000000] = 0x000000003DE4E003
  PD[0x000001EF] = 0x000000003CDC5003
  PT[0x00000050] = 0x000000003DE50003
  [OK] Maps to physical: 0x000000003DE50000

[5] Framebuffer:
Checking mapping for: 0x0000000080000000
  PML4[0x00000000] = 0x000000003DE4F003
  PDPT[0x00000002] = 0x000000003CDBB003
  PD[0x00000000] = 0x000000003CDBA003
  PT[0x00000000] = 0x0000000080000003
  [OK] Maps to physical: 0x0000000080000000

========================================
=== VALIDATION COMPLETE ===
========================================


[BOOT] Validating VIRTUAL kernel entry mapping:
Checking mapping for: 0x0000000000100000
  PML4[0x00000000] = 0x000000003DE4F003
  PDPT[0x00000000] = 0x000000003DE4E003
  PD[0x00000000] = 0x000000003DE4D003
  PT[0x00000100] = 0x00000000355DF003
  [OK] Maps to physical: 0x00000000355DF000
[BOOT] About to handoff via trampoline...
[BOOT] Trampoline at: 0x000000003DE51000
[BOOT] Kernel entry: 0x00000000355DF000
[BOOT] BootInfo at: 0x000000003DF47000
[BOOT] Stack top: 0x0000000000210000
[BOOT] PML4: 0x000000003DE50000

[BOOT] Validating trampoline mapping:
Checking mapping for: 0x000000003DE51000
  PML4[0x00000000] = 0x000000003DE4F003
  PDPT[0x00000000] = 0x000000003DE4E003
  PD[0x000001EF] = 0x000000003CDC5003
  PT[0x00000051] = 0x000000003DE51003
  [OK] Maps to physical: 0x000000003DE51000

[BOOT] === CALLING TRAMPOLINE NOW ===
[KERNEL] guideXOS kernel_main entered
[KERNEL] Boot method: UEFI BootInfo
[KERNEL] Generic address-space frame pool initialized
[GDT] GDT loaded with 3 entries, segments reloaded
[IRQ] IDT loaded, PIC remapped, interrupts enabled
[IRQ] Master PIC mask: 0xFF Slave PIC mask: 0xFF
[PIT] Timer configured at ~00000064 Hz (divisor=0x00002E9B)
[IRQ] register_irq called for IRQ 00
[IRQ] Handler stored, unmasking...
[IRQ] Registered and unmasked IRQ 00 Master mask: 0xFE Slave mask: 0xFF
[nativeaot-gc-single-thread-suspend-ee] timer services ready
[nativeaot-gc-single-thread-suspend-ee] BEGIN
[nativeaot-gc-single-thread-suspend-ee] Runtime foundation initialization: PASS
[nativeaot-gc-single-thread-suspend-ee] Artifact staged: PASS
[nativeaot-gc-single-thread-suspend-ee] Win64 PAL legacy installation: PASS
[nativeaot-gc-single-thread-suspend-ee] Win64 PAL v1 installation: PASS
[nativeaot-gc-single-thread-suspend-ee] GC platform installation: PASS
[IRQ] dispatch irq=00
[nativeaot-gc-first-allocation] RhInitialize return=00000000 state=02000012 preGcState=0[IRQ] dispatch irq=00
000270F diagnosticStage=00000070 startupNativeAllocations=00000027 lastSize=00000020
[nativeaot-gc-single-thread-suspend-ee] RhInitialize: PASS
[nativeaot-gc-single-thread-suspend-ee] NativeAOT current-thread TLS vector: PASS
[nativeaot-gc-first-allocation] tlsGsBase=000000000394BCE0 tlsVector=000000000394BBC0 tlsBlock=000000000394BBD0 tlsIndexAssumed=0
[nativeaot-gc-single-thread-suspend-ee] VM trace experiment baseline captured: PASS
[nativeaot-gc-single-thread-suspend-ee] entering ManagedMain once
[IRQ] dispatch irq=00
[nativeaot-gc-single-thread-suspend-ee] SuspendEE entry
[nativeaot-gc-single-thread-suspend-ee] ThreadStore adapter registered current mutator
[nativeaot-gc-single-thread-suspend-ee] ThreadStore lock acquired
[nativeaot-gc-single-thread-suspend-ee] ThreadStore registry count complete
[nativeaot-gc-single-thread-suspend-ee] SuspendAllThreads returned
[nativeaot-gc-single-thread-suspend-ee] SuspendEE observer complete
[nativeaot-gc-single-thread-suspend-ee] SuspendEE body complete
[nativeaot-gc-single-thread-suspend-ee] DisablePreemptiveGC entry
[IRQ] dispatch irq=00
[nativeaot-gc-first-root-pre-mark-boundary] SAFE_STOP marker=C011EC11 rootSlot=000000000394BBE0 rawRoot=0000000100A02F50 storageObject=0000000100A02F50 sentinel=0000000100A01F38 membership=00000001 wksMultipleHeaps=00000000 hpt=0000000000000000 heapOf=0000000000000000 hea[IRQ] dispatch irq=00
pNumber=00000000 heapCount=00000001 wksNullHeapValid=00000001 condemned=00000001 condemnedGeneration=00000000 maximumGeneration=00000002 generationFromRegion=00000000 generationTableReads=00000001 generationSegmentLookups=00000001 callbackContext=0000000004E87440 contextFieldReads=00000006 contextThread=0000000000000000 contextStackLimit=0000000000000000 contextThreadNumber=0000000000000000 contextThreadCount=0000000000000001 contextPromotion=00000001 contextConcurrent=00000000 trueBranchRequests=00000001 trueBranchEntries=00000001 trueBranchDuplicates=00000000 dprintfCompiled=00000000 dprintfRequests=00000000 dprintfEntries=00000000 dprintfReturns=00000000 rawFlags=00000000 flagTests=00000002 interiorFlag=00000000 pinnedFlag=00000000 conservativeChecks=00000001 conservativeGc=00000001 objectIsFree=00000000 debugValidationEntries=00000001 debugValidationCompletions=00000001 debugNoRangeChecks=00000000 debugVerifyHeapGc=00000000 smallHeapPointer=00000001 largeHeapPointer=00000000 objectHeaders=00000002 methodTables=00000002 segmentReads=00000002 gcMetadataReads=00000003 firstMetadataReadAddress=0000000100A02F50 methodTable=00000000100E6390 markStateReads=00000000 markStateResult=00000000 markHelper=0000000010049B50 mutationCallSite=000000001002BB8D firstMutationInstruction=0000000010049B6D boundaryReturn=000000001002BB85 markCallAttempts=00000000 markCalls=00000000 promotionStart=00000000 promotions=00000000 promotionWrites=00000000 markWrites=00000000 worklistWrites=00000000 graphTraversal=00000000 childReferenceReads=00000000 objectMutation=00000000 objectHeaderWrites=00000000 gcMetadataMutation=00000000 segmentMutation=00000000 relocationWrites=00000000 callbackReturns=00000000 secondCallbacks=00000000 restart=00000000 resume=00000000 managedThread=000000000394BC00 currentThread=000000000394BC00 enumeratedThread=000000000394BC00 lockOwner=000000000394BC00 lockHeld=00000001 eeSuspended=00000001 managedEntryProhibited=00000001 registeredThreads=00000001 enumeratedThreads=00000001 includedThreads=00000001 registryMutation=00000000 allocationContextsCleared=00000001 sentinelChecks=00000094 objectHistoryOverflow=00000000 marker=C011EC11
[IRQ] dispatch irq=00
[IRQ] dispatch irq=00
[IRQ] dispatch irq=00
[IRQ] dispatch irq=00
[IRQ] dispatch irq=00
