 guidexos_gcenv_exact_symbol_probe

 Timestamp is 6a61b66a (Wed Jul 22 23:36:26 2026)

 Preferred load address is 0000000140000000

 Start         Length     Name                   Class
 0001:00000000 00000080H .text$di                CODE
 0001:00000080 0001f660H .text$mn                CODE
 0001:0001f6e0 00000060H .text$mn$00             CODE
 0001:0001f740 00000d50H .text$mn$21             CODE
 0001:00020490 000008a0H .text$x                 CODE
 0001:00020d30 00000048H .text$yd                CODE
 0002:00000000 000002b0H .idata$5                DATA
 0002:000002b0 00000038H .00cfg                  DATA
 0002:000002e8 00000008H .CRT$XCA                DATA
 0002:000002f0 00000008H .CRT$XCAA               DATA
 0002:000002f8 00000010H .CRT$XCU                DATA
 0002:00000308 00000008H .CRT$XCZ                DATA
 0002:00000310 00000008H .CRT$XIA                DATA
 0002:00000318 00000008H .CRT$XIAA               DATA
 0002:00000320 00000008H .CRT$XIAC               DATA
 0002:00000328 00000020H .CRT$XIC                DATA
 0002:00000348 00000008H .CRT$XIZ                DATA
 0002:00000350 00000008H .CRT$XLA                DATA
 0002:00000358 00000008H .CRT$XLZ                DATA
 0002:00000360 00000008H .CRT$XPA                DATA
 0002:00000368 00000010H .CRT$XPX                DATA
 0002:00000378 00000008H .CRT$XPXA               DATA
 0002:00000380 00000008H .CRT$XPZ                DATA
 0002:00000388 00000008H .CRT$XTA                DATA
 0002:00000390 00000010H .CRT$XTZ                DATA
 0002:00000398 00000000H .gehcont$y              DATA
 0002:00000398 00000000H .gfids$y                DATA
 0002:000003a0 00009770H .rdata                  DATA
 0002:00009b10 00000170H .rdata$00               DATA
 0002:00009c80 00000000H .rdata$CastGuardVftablesA DATA
 0002:00009c80 00000000H .rdata$CastGuardVftablesC DATA
 0002:00009c80 00000028H .rdata$T                DATA
 0002:00009ca8 000005e4H .rdata$r                DATA
 0002:0000a28c 00000118H .rdata$voltmd           DATA
 0002:0000a3a4 000003f4H .rdata$zzzdbg           DATA
 0002:0000a798 00000008H .rtc$IAA                DATA
 0002:0000a7a0 00000008H .rtc$IZZ                DATA
 0002:0000a7a8 00000008H .rtc$TAA                DATA
 0002:0000a7b0 00000010H .rtc$TZZ                DATA
 0002:0000a7c0 00000010H .tls                    DATA
 0002:0000a7d0 00000130H .tls$                   DATA
 0002:0000a900 00000008H .tls$ZZZ                DATA
 0002:0000a908 000023e8H .xdata                  DATA
 0002:0000ccf0 0000029cH .xdata$x                DATA
 0002:0000cf8c 00000000H .edata                  DATA
 0002:0000cf8c 00000014H .idata$2                DATA
 0002:0000cfa0 00000018H .idata$3                DATA
 0002:0000cfb8 000002b0H .idata$4                DATA
 0002:0000d268 0000066cH .idata$6                DATA
 0003:00000000 00003830H .data                   DATA
 0003:00003830 00000170H .data$r                 DATA
 0003:000039a0 00000090H .data$rs                DATA
 0003:00003a30 00003584H .bss                    DATA
 0004:00000000 000020f4H .pdata                  DATA
 0005:00000000 00000100H .fptable                DATA

  Address         Publics by Value              Rva+Base               Lib:Object

 0000:00000000       __AbsoluteZero             0000000000000000     <absolute>
 0000:00000000       ___safe_se_handler_count   0000000000000000     <absolute>
 0000:00000000       ___safe_se_handler_table   0000000000000000     <absolute>
 0000:00000000       __arm64x_extra_rfe_table   0000000000000000     <absolute>
 0000:00000000       __arm64x_extra_rfe_table_size 0000000000000000     <absolute>
 0000:00000000       __arm64x_native_entrypoint 0000000000000000     <absolute>
 0000:00000000       __arm64x_redirection_metadata 0000000000000000     <absolute>
 0000:00000000       __arm64x_redirection_metadata_count 0000000000000000     <absolute>
 0000:00000000       __dynamic_value_reloc_table 0000000000000000     <absolute>
 0000:00000000       __enclave_config           0000000000000000     <absolute>
 0000:00000000       __guard_check_icall_a64n_fptr 0000000000000000     <absolute>
 0000:00000000       __guard_eh_cont_count      0000000000000000     <absolute>
 0000:00000000       __guard_eh_cont_table      0000000000000000     <absolute>
 0000:00000000       __guard_fids_count         0000000000000000     <absolute>
 0000:00000000       __guard_fids_table         0000000000000000     <absolute>
 0000:00000000       __guard_iat_count          0000000000000000     <absolute>
 0000:00000000       __guard_iat_table          0000000000000000     <absolute>
 0000:00000000       __guard_longjmp_count      0000000000000000     <absolute>
 0000:00000000       __guard_longjmp_table      0000000000000000     <absolute>
 0000:00000000       __hybrid_auxiliary_delayload_iat 0000000000000000     <absolute>
 0000:00000000       __hybrid_auxiliary_delayload_iat_copy 0000000000000000     <absolute>
 0000:00000000       __hybrid_auxiliary_iat     0000000000000000     <absolute>
 0000:00000000       __hybrid_auxiliary_iat_copy 0000000000000000     <absolute>
 0000:00000000       __hybrid_code_map          0000000000000000     <absolute>
 0000:00000000       __hybrid_code_map_count    0000000000000000     <absolute>
 0000:00000000       __hybrid_image_info_bitfield 0000000000000000     <absolute>
 0000:00000000       __x64_code_ranges_to_entry_points 0000000000000000     <absolute>
 0000:00000000       __x64_code_ranges_to_entry_points_count 0000000000000000     <absolute>
 0000:00000100       __guard_flags              0000000000000100     <absolute>
 0000:00000000       __ImageBase                0000000140000000     <linker-defined>
 0001:00000080       ?_Destroy@?$_Ref_count_obj2@UState@Mutex@runtime@gxos@@@std@@EEAAXXZ 0000000140001080 f   mutex.obj
 0001:00000080       __sanitizer_annotate_contiguous_container 0000000140001080 f   libcpmt:asan_noop.obj
 0001:00000080       __sanitizer_annotate_contiguous_container_default 0000000140001080 f   libcpmt:asan_noop.obj
 0001:00000080       _guard_check_icall_nop     0000000140001080 f   LIBCMT:guard_support.obj
 0001:00000080       _initialize_denormal_control 0000000140001080 f   LIBCMT:denormal_control.obj
 0001:00000080       _initialize_invalid_parameter_handler 0000000140001080 f   LIBCMT:invalid_parameter_handler.obj
 0001:00000140       __local_stdio_printf_options 0000000140001140 f i probe.obj
 0001:00000150       main                       0000000140001150 f   probe.obj
 0001:00000870       printf                     0000000140001870 f i probe.obj
 0001:000008c0       ?currentProcessId@gcservices@nativeaot@guidexos@@YAIXZ 00000001400018c0 f   gc_platform_services.obj
 0001:000008c0       ?totalProcessorCount@gcservices@nativeaot@guidexos@@YAIXZ 00000001400018c0 f   gc_platform_services.obj
 0001:000008c0       _get_startup_argv_mode     00000001400018c0 f   LIBCMT:argv_mode.obj
 0001:000008d0       ?_Get_deleter@_Ref_count_base@std@@UEBAPEAXAEBVtype_info@@@Z 00000001400018d0 f   event.obj
 0001:000008d0       ?currentProcessorNumber@gcservices@nativeaot@guidexos@@YAIXZ 00000001400018d0 f   gc_platform_services.obj
 0001:000008d0       __scrt_exe_initialize_mta  00000001400018d0 f   LIBCMT:utility_desktop.obj
 0001:000008d0       __scrt_initialize_winrt    00000001400018d0 f   LIBCMT:utility_desktop.obj
 0001:000008d0       __scrt_stub_for_initialize_mta 00000001400018d0 f   LIBCMT:utility_desktop.obj
 0001:000008d0       _get_startup_commit_mode   00000001400018d0 f   LIBCMT:commit_mode.obj
 0001:000008d0       _get_startup_new_mode      00000001400018d0 f   LIBCMT:new_mode.obj
 0001:000008d0       _get_startup_thread_locale_mode 00000001400018d0 f   LIBCMT:thread_locale.obj
 0001:000008d0       _matherr                   00000001400018d0 f   LIBCMT:matherr.obj
 0001:000008e0       ?currentThreadIdForLogging@gcservices@nativeaot@guidexos@@YA_KXZ 00000001400018e0 f   gc_platform_services.obj
 0001:00000950       ?lowPrecisionTimestamp@gcservices@nativeaot@guidexos@@YA_KXZ 0000000140001950 f   gc_platform_services.obj
 0001:00000990       ?now@steady_clock@chrono@std@@SA?AV?$time_point@Usteady_clock@chrono@std@@V?$duration@_JU?$ratio@$00$0DLJKMKAA@@std@@@23@@23@XZ 0000000140001990 f i gc_platform_services.obj
 0001:00000a40       ?performanceCounter@gcservices@nativeaot@guidexos@@YA_JXZ 0000000140001a40 f   gc_platform_services.obj
 0001:00000a60       ?performanceFrequency@gcservices@nativeaot@guidexos@@YA_JXZ 0000000140001a60 f   gc_platform_services.obj
 0001:00000a70       ??0VirtualMemoryRegion@virtual_memory@runtime@gxos@@QEAA@XZ 0000000140001a70 f   virtual_memory_region.obj
 0001:00000a90       ??1?$lock_guard@Vmutex@std@@@std@@QEAA@XZ 0000000140001a90 f i virtual_memory_region.obj
 0001:00000aa0       ??1VirtualMemoryRegion@virtual_memory@runtime@gxos@@QEAA@XZ 0000000140001aa0 f   virtual_memory_region.obj
 0001:00000c40       ?allocationGranularity@virtual_memory@runtime@gxos@@YA_KXZ 0000000140001c40 f   virtual_memory_region.obj
 0001:00000ca0       ?commit@virtual_memory@runtime@gxos@@YA?AW4VmResult@123@AEAVVirtualMemoryRegion@123@_K1W4MemoryProtection@123@@Z 0000000140001ca0 f   virtual_memory_region.obj
 0001:00001250       ?decommit@virtual_memory@runtime@gxos@@YA?AW4VmResult@123@AEAVVirtualMemoryRegion@123@_K1@Z 0000000140002250 f   virtual_memory_region.obj
 0001:00001580       ?maximumRegionSize@virtual_memory@runtime@gxos@@YA_KXZ 0000000140002580 f   virtual_memory_region.obj
 0001:00001590       ?pageSize@virtual_memory@runtime@gxos@@YA_KXZ 0000000140002590 f   virtual_memory_region.obj
 0001:000015d0       ?protect@virtual_memory@runtime@gxos@@YA?AW4VmResult@123@AEAVVirtualMemoryRegion@123@_K1W4MemoryProtection@123@@Z 00000001400025d0 f   virtual_memory_region.obj
 0001:00001920       ?query@virtual_memory@runtime@gxos@@YA?AW4VmResult@123@PEBXPEAUVirtualMemoryInfo@123@@Z 0000000140002920 f   virtual_memory_region.obj
 0001:00001b30       ?release@virtual_memory@runtime@gxos@@YA?AW4VmResult@123@AEAVVirtualMemoryRegion@123@@Z 0000000140002b30 f   virtual_memory_region.obj
 0001:00001cf0       ?reserve@virtual_memory@runtime@gxos@@YA?AW4VmResult@123@_K0PEAXPEAVVirtualMemoryRegion@123@@Z 0000000140002cf0 f   virtual_memory_region.obj
 0001:000023b0       ?stats@virtual_memory@runtime@gxos@@YA?AUVirtualMemoryStats@123@XZ 00000001400033b0 f   virtual_memory_region.obj
 0001:000024d0       snprintf                   00000001400034d0 f i virtual_memory_region.obj
 0001:00002680       ?gcVirtualCommit@virtual_memory@nativeaot@guidexos@@YA_NPEAX_KG@Z 0000000140003680 f   nativeaot_virtual_memory_adapter.obj
 0001:000026c0       ?gcVirtualDecommit@virtual_memory@nativeaot@guidexos@@YA_NPEAX_K@Z 00000001400036c0 f   nativeaot_virtual_memory_adapter.obj
 0001:00002700       ?gcVirtualRelease@virtual_memory@nativeaot@guidexos@@YA_NPEAX_K@Z 0000000140003700 f   nativeaot_virtual_memory_adapter.obj
 0001:00002710       ?gcVirtualReserve@virtual_memory@nativeaot@guidexos@@YAPEAX_K0IG@Z 0000000140003710 f   nativeaot_virtual_memory_adapter.obj
 0001:00002750       ?getAllocationGranularity@virtual_memory@nativeaot@guidexos@@YA_KXZ 0000000140003750 f   nativeaot_virtual_memory_adapter.obj
 0001:00002760       ?getPageSize@virtual_memory@nativeaot@guidexos@@YA_KXZ 0000000140003760 f   nativeaot_virtual_memory_adapter.obj
 0001:00002770       ?initializeVirtualMemoryAdapter@virtual_memory@nativeaot@guidexos@@YA?AW4VmResult@1runtime@gxos@@XZ 0000000140003770 f   nativeaot_virtual_memory_adapter.obj
 0001:00002a80       ?protectVirtualMemoryRaw@virtual_memory@nativeaot@guidexos@@YA_NPEAX_KW4MemoryProtection@1runtime@gxos@@@Z 0000000140003a80 f   nativeaot_virtual_memory_adapter.obj
 0001:00002ca0       ?releaseVirtualMemoryRaw@virtual_memory@nativeaot@guidexos@@YA_NPEAX_K@Z 0000000140003ca0 f   nativeaot_virtual_memory_adapter.obj
 0001:00003520       ?shutdownVirtualMemoryAdapter@virtual_memory@nativeaot@guidexos@@YA?AW4VmResult@1runtime@gxos@@_N@Z 0000000140004520 f   nativeaot_virtual_memory_adapter.obj
 0001:000039a0       ?virtualMemoryAdapterInitialized@virtual_memory@nativeaot@guidexos@@YA_NXZ 00000001400049a0 f   nativeaot_virtual_memory_adapter.obj
 0001:000039b0       ??0Event@runtime@gxos@@QEAA@W4EventMode@12@_N@Z 00000001400049b0 f   event.obj
 0001:00003a00       ??1?$shared_ptr@UState@Event@runtime@gxos@@@std@@QEAA@XZ 0000000140004a00 f i event.obj
 0001:00003a00       ??1?$shared_ptr@UState@Mutex@runtime@gxos@@@std@@QEAA@XZ 0000000140004a00 f i mutex.obj
 0001:00003a50       ??1?$unique_lock@Vmutex@std@@@std@@QEAA@XZ 0000000140004a50 f i event.obj
 0001:00003a60       ??1Event@runtime@gxos@@QEAA@XZ 0000000140004a60 f   event.obj
 0001:00003ba0       ??_E?$_Ref_count_obj2@UState@Event@runtime@gxos@@@std@@UEAAPEAXI@Z 0000000140004ba0 f i event.obj
 0001:00003ba0       ??_G?$_Ref_count_obj2@UState@Event@runtime@gxos@@@std@@UEAAPEAXI@Z 0000000140004ba0 f i event.obj
 0001:00003bd0       ?_Decref@_Ref_count_base@std@@QEAAXXZ 0000000140004bd0 f i event.obj
 0001:00003c20       ?_Delete_this@?$_Ref_count_obj2@UState@Event@runtime@gxos@@@std@@EEAAXXZ 0000000140004c20 f i event.obj
 0001:00003c20       ?_Delete_this@?$_Ref_count_obj2@UState@Mutex@runtime@gxos@@@std@@EEAAXXZ 0000000140004c20 f i mutex.obj
 0001:00003c40       ?_Destroy@?$_Ref_count_obj2@UState@Event@runtime@gxos@@@std@@EEAAXXZ 0000000140004c40 f i event.obj
 0001:00003c50       ?close@Event@runtime@gxos@@QEAA?AW4EventStatus@23@XZ 0000000140004c50 f   event.obj
 0001:00003d70       ?initialize@Event@runtime@gxos@@QEAA_NW4EventMode@23@_N@Z 0000000140004d70 f   event.obj
 0001:00003f50       ?isInitialized@Event@runtime@gxos@@QEBA_NXZ 0000000140004f50 f   event.obj
 0001:00003f50       ?isInitialized@Mutex@runtime@gxos@@QEBA_NXZ 0000000140004f50 f   mutex.obj
 0001:00003fc0       ?signal@Event@runtime@gxos@@QEAA?AW4EventStatus@23@XZ 0000000140004fc0 f   event.obj
 0001:00004130       ?signedMilliseconds@WaitTimeout@runtime@gxos@@SA?AU123@_J@Z 0000000140005130 f   event.obj
 0001:00004180       ?wait@Event@runtime@gxos@@QEAA?AW4WaitResult@23@AEBUWaitTimeout@23@@Z 0000000140005180 f   event.obj
 0001:00004450       ?wait@Event@runtime@gxos@@QEAA?AW4WaitResult@23@XZ 0000000140005450 f   event.obj
 0001:00004490       ?createAutoResetEvent@nativeaot@guidexos@@YAPEAUEventHandle@12@_N@Z 0000000140005490 f   nativeaot_event_adapter.obj
 0001:00004530       ?destroyEvent@nativeaot@guidexos@@YA?AW4EventStatus@runtime@gxos@@PEAUEventHandle@12@@Z 0000000140005530 f   nativeaot_event_adapter.obj
 0001:00004580       ?setEvent@nativeaot@guidexos@@YA?AW4EventStatus@runtime@gxos@@PEAUEventHandle@12@@Z 0000000140005580 f   nativeaot_event_adapter.obj
 0001:00004580       ?startHelperThreadProbe@nativeaot@guidexos@@YA?AW4EventStatus@runtime@gxos@@PEAUHelperThreadProbe@12@@Z 0000000140005580 f   nativeaot_thread_adapter.obj
 0001:00004590       ?waitIndefinitely@nativeaot@guidexos@@YA?AW4WaitResult@runtime@gxos@@PEAUEventHandle@12@@Z 0000000140005590 f   nativeaot_event_adapter.obj
 0001:000045a0       ?waitMilliseconds@nativeaot@guidexos@@YA?AW4WaitResult@runtime@gxos@@PEAUEventHandle@12@_J@Z 00000001400055a0 f   nativeaot_event_adapter.obj
 0001:000045e0       ??0Mutex@runtime@gxos@@QEAA@W4MutexMode@12@@Z 00000001400055e0 f   mutex.obj
 0001:00004630       ??1Mutex@runtime@gxos@@QEAA@XZ 0000000140005630 f   mutex.obj
 0001:00004690       ??_E?$_Ref_count_obj2@UState@Mutex@runtime@gxos@@@std@@UEAAPEAXI@Z 0000000140005690 f i mutex.obj
 0001:00004690       ??_G?$_Ref_count_obj2@UState@Mutex@runtime@gxos@@@std@@UEAAPEAXI@Z 0000000140005690 f i mutex.obj
 0001:000046c0       ?destroy@Mutex@runtime@gxos@@QEAA?AW4MutexStatus@23@XZ 00000001400056c0 f   mutex.obj
 0001:00004840       ?initialize@Mutex@runtime@gxos@@QEAA_NW4MutexMode@23@@Z 0000000140005840 f   mutex.obj
 0001:00004a30       ?lock@Mutex@runtime@gxos@@QEAA?AW4MutexResult@23@XZ 0000000140005a30 f   mutex.obj
 0001:00004cb0       ?unlock@Mutex@runtime@gxos@@QEAA?AW4MutexResult@23@XZ 0000000140005cb0 f   mutex.obj
 0001:00004ea0       ?deleteCriticalSection@nativeaot@guidexos@@YA?AW4MutexStatus@runtime@gxos@@PEAUCriticalSectionHandle@12@@Z 0000000140005ea0 f   nativeaot_critical_section_adapter.obj
 0001:00004ee0       ?enterCriticalSection@nativeaot@guidexos@@YA?AW4MutexResult@runtime@gxos@@PEAUCriticalSectionHandle@12@@Z 0000000140005ee0 f   nativeaot_critical_section_adapter.obj
 0001:00004ef0       ?initializeCriticalSection@nativeaot@guidexos@@YAPEAUCriticalSectionHandle@12@XZ 0000000140005ef0 f   nativeaot_critical_section_adapter.obj
 0001:00004f60       ?leaveCriticalSection@nativeaot@guidexos@@YA?AW4MutexResult@runtime@gxos@@PEAUCriticalSectionHandle@12@@Z 0000000140005f60 f   nativeaot_critical_section_adapter.obj
 0001:00004f70       ??$_Construct@$00PEBD@?$basic_string@DU?$char_traits@D@std@@V?$allocator@D@2@@std@@AEAAXQEBD_K@Z 0000000140005f70 f i native_thread.obj
 0001:000050d0       ??0_System_error@std@@QEAA@AEBV01@@Z 00000001400060d0 f i native_thread.obj
 0001:00005120       ??0bad_alloc@std@@QEAA@AEBV01@@Z 0000000140006120 f i native_thread.obj
 0001:00005160       ??0bad_array_new_length@std@@QEAA@AEBV01@@Z 0000000140006160 f i native_thread.obj
 0001:000051a0       ??0bad_array_new_length@std@@QEAA@XZ 00000001400061a0 f i native_thread.obj
 0001:000051d0       ??0exception@std@@QEAA@AEBV01@@Z 00000001400061d0 f i native_thread.obj
 0001:00005210       ??0runtime_error@std@@QEAA@AEBV01@@Z 0000000140006210 f i native_thread.obj
 0001:00005250       ??0system_error@std@@QEAA@AEBV01@@Z 0000000140006250 f i native_thread.obj
 0001:000052b0       ??1?$basic_string@DU?$char_traits@D@std@@V?$allocator@D@2@@std@@QEAA@XZ 00000001400062b0 f i native_thread.obj
 0001:00005390       ??1bad_alloc@std@@UEAA@XZ  0000000140006390 f i native_thread.obj
 0001:00005390       ??1bad_array_new_length@std@@UEAA@XZ 0000000140006390 f i native_thread.obj
 0001:00005390       ??1bad_exception@std@@UEAA@XZ 0000000140006390 f i libvcruntime:frame.obj
 0001:00005390       ??1length_error@std@@UEAA@XZ 0000000140006390 f i libcpmt:xthrow.obj
 0001:00005390       ??1system_error@std@@UEAA@XZ 0000000140006390 f i native_thread.obj
 0001:000053b0       ??_E_Generic_error_category@std@@UEAAPEAXI@Z 00000001400063b0 f i native_thread.obj
 0001:000053b0       ??_G_Generic_error_category@std@@UEAAPEAXI@Z 00000001400063b0 f i native_thread.obj
 0001:000053e0       ??_E_System_error@std@@UEAAPEAXI@Z 00000001400063e0 f i native_thread.obj
 0001:000053e0       ??_Esystem_error@std@@UEAAPEAXI@Z 00000001400063e0 f i native_thread.obj
 0001:000053e0       ??_G_System_error@std@@UEAAPEAXI@Z 00000001400063e0 f i native_thread.obj
 0001:000053e0       ??_Gsystem_error@std@@UEAAPEAXI@Z 00000001400063e0 f i native_thread.obj
 0001:00005430       ??_Ebad_alloc@std@@UEAAPEAXI@Z 0000000140006430 f i native_thread.obj
 0001:00005430       ??_Ebad_array_new_length@std@@UEAAPEAXI@Z 0000000140006430 f i native_thread.obj
 0001:00005430       ??_Ebad_exception@std@@UEAAPEAXI@Z 0000000140006430 f i libvcruntime:frame.obj
 0001:00005430       ??_Eexception@std@@UEAAPEAXI@Z 0000000140006430 f i native_thread.obj
 0001:00005430       ??_Elength_error@std@@UEAAPEAXI@Z 0000000140006430 f i libcpmt:xthrow.obj
 0001:00005430       ??_Elogic_error@std@@UEAAPEAXI@Z 0000000140006430 f i libcpmt:xthrow.obj
 0001:00005430       ??_Eruntime_error@std@@UEAAPEAXI@Z 0000000140006430 f i native_thread.obj
 0001:00005430       ??_Gbad_alloc@std@@UEAAPEAXI@Z 0000000140006430 f i native_thread.obj
 0001:00005430       ??_Gbad_array_new_length@std@@UEAAPEAXI@Z 0000000140006430 f i native_thread.obj
 0001:00005430       ??_Gbad_exception@std@@UEAAPEAXI@Z 0000000140006430 f i libvcruntime:frame.obj
 0001:00005430       ??_Gexception@std@@UEAAPEAXI@Z 0000000140006430 f i native_thread.obj
 0001:00005430       ??_Glength_error@std@@UEAAPEAXI@Z 0000000140006430 f i libcpmt:xthrow.obj
 0001:00005430       ??_Glogic_error@std@@UEAAPEAXI@Z 0000000140006430 f i libcpmt:xthrow.obj
 0001:00005430       ??_Gruntime_error@std@@UEAAPEAXI@Z 0000000140006430 f i native_thread.obj
 0001:00005480       ?_Throw_bad_array_new_length@std@@YAXXZ 0000000140006480 f i native_thread.obj
 0001:00005480       ?__scrt_throw_std_bad_array_new_length@@YAXXZ 0000000140006480 f i LIBCMT:throw_bad_alloc.obj
 0001:000054a0       ?_Xlen_string@std@@YAXXZ   00000001400064a0 f i native_thread.obj
 0001:000057d0       ?createThread@runtime@gxos@@YA?AW4ThreadResult@12@P6A_KPEAX@Z0AEBUThreadCreateOptions@12@PEAUThreadHandle@12@@Z 00000001400067d0 f   native_thread.obj
 0001:000057e0       ?default_error_condition@error_category@std@@UEBA?AVerror_condition@2@H@Z 00000001400067e0 f i native_thread.obj
 0001:000057f0       ?detach@thread@std@@QEAAXXZ 00000001400067f0 f i native_thread.obj
 0001:00005830       ?equivalent@error_category@std@@UEBA_NAEBVerror_code@2@H@Z 0000000140006830 f i native_thread.obj
 0001:00005850       ?equivalent@error_category@std@@UEBA_NHAEBVerror_condition@2@@Z 0000000140006850 f i native_thread.obj
 0001:00005890       ?generic_category@std@@YAAEBVerror_category@1@XZ 0000000140006890 f i native_thread.obj
 0001:00005b00       ?joinThread@runtime@gxos@@YA?AW4WaitResult@12@UThreadHandle@12@AEBUWaitTimeout@12@PEA_K@Z 0000000140006b00 f   native_thread.obj
 0001:00005b40       ?message@_Generic_error_category@std@@UEBA?AV?$basic_string@DU?$char_traits@D@std@@V?$allocator@D@2@@2@H@Z 0000000140006b40 f i native_thread.obj
 0001:00005ba0       ?name@_Generic_error_category@std@@UEBAPEBDXZ 0000000140006ba0 f i native_thread.obj
 0001:00005c50       ?what@exception@std@@UEBAPEBDXZ 0000000140006c50 f i native_thread.obj
 0001:00005e80       ?allocateLocalStorageIndex@runtime@gxos@@YA?AW4LocalStorageResult@12@P6AXPEAX@ZPEAULocalStorageIndex@12@@Z 0000000140006e80 f   local_storage.obj
 0001:00005f70       ?attachLocalStorage@runtime@gxos@@YA?AW4LocalStorageResult@12@XZ 0000000140006f70 f   local_storage.obj
 0001:00006490       ?detachLocalStorage@runtime@gxos@@YA?AW4LocalStorageResult@12@XZ 0000000140007490 f   local_storage.obj
 0001:000065e0       ?getLocalStorageValue@runtime@gxos@@YA?AW4LocalStorageResult@12@ULocalStorageIndex@12@PEAPEAX@Z 00000001400075e0 f   local_storage.obj
 0001:000066c0       ?initializeLocalStorage@runtime@gxos@@YA?AW4LocalStorageResult@12@XZ 00000001400076c0 f   local_storage.obj
 0001:000067e0       ?isLocalStorageInitialized@runtime@gxos@@YA_NXZ 00000001400077e0 f   local_storage.obj
 0001:00006850       ?releaseLocalStorageIndex@runtime@gxos@@YA?AW4LocalStorageResult@12@ULocalStorageIndex@12@@Z 0000000140007850 f   local_storage.obj
 0001:00006ae0       ?setLocalStorageValue@runtime@gxos@@YA?AW4LocalStorageResult@12@ULocalStorageIndex@12@PEAX@Z 0000000140007ae0 f   local_storage.obj
 0001:00006c10       ?shutdownLocalStorage@runtime@gxos@@YA?AW4LocalStorageResult@12@XZ 0000000140007c10 f   local_storage.obj
 0001:00006d50       guidexos_nativeaot_fls_alloc 0000000140007d50 f   nativeaot_fls_adapter.obj
 0001:00006da0       guidexos_nativeaot_fls_attach_current_thread 0000000140007da0 f   nativeaot_fls_adapter.obj
 0001:00006dc0       guidexos_nativeaot_fls_detach_current_thread 0000000140007dc0 f   nativeaot_fls_adapter.obj
 0001:00006df0       guidexos_nativeaot_fls_free 0000000140007df0 f   nativeaot_fls_adapter.obj
 0001:00006e60       guidexos_nativeaot_fls_get 0000000140007e60 f   nativeaot_fls_adapter.obj
 0001:00006ec0       guidexos_nativeaot_fls_initialize 0000000140007ec0 f   nativeaot_fls_adapter.obj
 0001:00006f10       guidexos_nativeaot_fls_set 0000000140007f10 f   nativeaot_fls_adapter.obj
 0001:00006f50       guidexos_nativeaot_fls_shutdown 0000000140007f50 f   nativeaot_fls_adapter.obj
 0001:00006fb0       ?createHelperThreadProbe@nativeaot@guidexos@@YAPEAUHelperThreadProbe@12@PEAX@Z 0000000140007fb0 f   nativeaot_thread_adapter.obj
 0001:00007060       ?destroyHelperThreadProbe@nativeaot@guidexos@@YA?AW4ThreadResult@runtime@gxos@@PEAUHelperThreadProbe@12@@Z 0000000140008060 f   nativeaot_thread_adapter.obj
 0001:00007150       ?joinHelperThreadProbe@nativeaot@guidexos@@YA?AW4WaitResult@runtime@gxos@@PEAUHelperThreadProbe@12@AEBUWaitTimeout@45@PEA_K@Z 0000000140008150 f   nativeaot_thread_adapter.obj
 0001:00007190       ??0GCEvent@@QEAA@XZ        0000000140008190 f   Runtime.WorkstationGC:guidexos_gcenv.obj
 0001:000071a0       ?CanGetCurrentProcessorNumber@GCToOSInterface@@SA_NXZ 00000001400081a0 f   Runtime.WorkstationGC:guidexos_gcenv.obj
 0001:000071a0       __acrt_uninitialize_command_line 00000001400081a0 f   libucrt:argv_data.obj
 0001:000071a0       _should_initialize_environment 00000001400081a0 f   LIBCMT:env_mode.obj
 0001:000071b0       ?CloseEvent@GCEvent@@QEAAXXZ 00000001400081b0 f   Runtime.WorkstationGC:guidexos_gcenv.obj
 0001:00007200       ?CreateAutoEventNoThrow@GCEvent@@QEAA_N_N@Z 0000000140008200 f   Runtime.WorkstationGC:guidexos_gcenv.obj
 0001:00007290       ?Destroy@CLRCriticalSection@@QEAAXXZ 0000000140008290 f   Runtime.WorkstationGC:guidexos_gcenv.obj
 0001:000072c0       ?Enter@CLRCriticalSection@@QEAAXXZ 00000001400082c0 f   Runtime.WorkstationGC:guidexos_gcenv.obj
 0001:000072e0       ?GetCurrentProcessId@GCToOSInterface@@SAIXZ 00000001400082e0 f   Runtime.WorkstationGC:guidexos_gcenv.obj
 0001:000072e0       ?GetTotalProcessorCount@GCToOSInterface@@SAIXZ 00000001400082e0 f   Runtime.WorkstationGC:guidexos_gcenv.obj
 0001:000072f0       ?GetCurrentProcessorNumber@GCToOSInterface@@SAIXZ 00000001400082f0 f   Runtime.WorkstationGC:guidexos_gcenv.obj
 0001:000072f0       __scrt_initialize_mta      00000001400082f0 f   LIBCMT:utility_desktop.obj
 0001:00007300       ?GetCurrentThreadIdForLogging@GCToOSInterface@@SA_KXZ 0000000140008300 f   Runtime.WorkstationGC:guidexos_gcenv.obj
 0001:00007310       ?GetLowPrecisionTimeStamp@GCToOSInterface@@SA_KXZ 0000000140008310 f   Runtime.WorkstationGC:guidexos_gcenv.obj
 0001:00007320       ?Initialize@CLRCriticalSection@@QEAA_NXZ 0000000140008320 f   Runtime.WorkstationGC:guidexos_gcenv.obj
 0001:00007350       ?Initialize@GCToOSInterface@@SA_NXZ 0000000140008350 f   Runtime.WorkstationGC:guidexos_gcenv.obj
 0001:00007390       ?Leave@CLRCriticalSection@@QEAAXXZ 0000000140008390 f   Runtime.WorkstationGC:guidexos_gcenv.obj
 0001:000073c0       ?QueryPerformanceCounter@GCToOSInterface@@SA_JXZ 00000001400083c0 f   Runtime.WorkstationGC:guidexos_gcenv.obj
 0001:000073d0       ?QueryPerformanceFrequency@GCToOSInterface@@SA_JXZ 00000001400083d0 f   Runtime.WorkstationGC:guidexos_gcenv.obj
 0001:000073e0       ?Set@GCEvent@@QEAAXXZ      00000001400083e0 f   Runtime.WorkstationGC:guidexos_gcenv.obj
 0001:00007410       ?Shutdown@GCToOSInterface@@SAXXZ 0000000140008410 f   Runtime.WorkstationGC:guidexos_gcenv.obj
 0001:00007440       ?VirtualCommit@GCToOSInterface@@SA_NPEAX_KG@Z 0000000140008440 f   Runtime.WorkstationGC:guidexos_gcenv.obj
 0001:00007450       ?VirtualDecommit@GCToOSInterface@@SA_NPEAX_K@Z 0000000140008450 f   Runtime.WorkstationGC:guidexos_gcenv.obj
 0001:00007460       ?VirtualRelease@GCToOSInterface@@SA_NPEAX_K@Z 0000000140008460 f   Runtime.WorkstationGC:guidexos_gcenv.obj
 0001:00007470       ?VirtualReserve@GCToOSInterface@@SAPEAX_K0IG@Z 0000000140008470 f   Runtime.WorkstationGC:guidexos_gcenv.obj
 0001:00007480       ?Wait@GCEvent@@QEAAII_N@Z  0000000140008480 f   Runtime.WorkstationGC:guidexos_gcenv.obj
 0001:000074e0       _Query_perf_counter        00000001400084e0 f   libcpmt:xtime.obj
 0001:00007500       _Query_perf_frequency      0000000140008500 f   libcpmt:xtime.obj
 0001:00007530       _Thrd_detach               0000000140008530 f   libcpmt:cthread.obj
 0001:00007550       _Thrd_id                   0000000140008550 f   libcpmt:cthread.obj
 0001:00007560       _Thrd_join                 0000000140008560 f   libcpmt:cthread.obj
 0001:000075e0       _Cnd_timedwait_for_unchecked 00000001400085e0 f   libcpmt:sharedmutex.obj
 0001:00007630       _Mtx_lock                  0000000140008630 f   libcpmt:mutex.obj
 0001:000076c0       _Mtx_unlock                00000001400086c0 f   libcpmt:mutex.obj
 0001:000076f0       ??$_Append@D@?$basic_string@DU?$char_traits@D@std@@V?$allocator@D@2@@std@@AEAAAEAV01@QEBD_K@Z 00000001400086f0 f i libcpmt:thread0.obj
 0001:000077e0       ??$_Reallocate_grow_by@V<lambda_1>@?1???$_Append@D@?$basic_string@DU?$char_traits@D@std@@V?$allocator@D@2@@std@@AEAAAEAV23@QEBD_K@Z@PEBD_K@?$basic_string@DU?$char_traits@D@std@@V?$allocator@D@2@@std@@AEAAAEAV01@_KV<lambda_1>@?1???$_Append@D@01@AEAAAEAV01@QEBD0@Z@PEBD_K@Z 00000001400087e0 f i libcpmt:thread0.obj
 0001:00007a10       ??0?$basic_string@DU?$char_traits@D@std@@V?$allocator@D@2@@std@@QEAA@AEBV01@@Z 0000000140008a10 f i libcpmt:thread0.obj
 0001:00007b70       ??0_System_error@std@@IEAA@Verror_code@1@AEBV?$basic_string@DU?$char_traits@D@std@@V?$allocator@D@2@@1@@Z 0000000140008b70 f i libcpmt:thread0.obj
 0001:00007d70       ??0system_error@std@@QEAA@HAEBVerror_category@1@PEBD@Z 0000000140008d70 f i libcpmt:thread0.obj
 0001:00007eb0       ?_Throw_Cpp_error@std@@YAXH@Z 0000000140008eb0 f   libcpmt:thread0.obj
 0001:00007f00       _Cnd_broadcast             0000000140008f00 f   libcpmt:cond.obj
 0001:00007f20       _Cnd_signal                0000000140008f20 f   libcpmt:cond.obj
 0001:00007f40       _Cnd_wait                  0000000140008f40 f   libcpmt:cond.obj
 0001:00007f90       ??0bad_alloc@std@@QEAA@XZ  0000000140008f90 f i libcpmt:xthrow.obj
 0001:00007fc0       ??0length_error@std@@QEAA@AEBV01@@Z 0000000140008fc0 f i libcpmt:xthrow.obj
 0001:00008000       ??0length_error@std@@QEAA@PEBD@Z 0000000140009000 f i libcpmt:xthrow.obj
 0001:00008050       ??0logic_error@std@@QEAA@AEBV01@@Z 0000000140009050 f i libcpmt:xthrow.obj
 0001:00008090       ?_Xlength_error@std@@YAXPEBD@Z 0000000140009090 f   libcpmt:xthrow.obj
 0001:000080c0       _Cnd_do_broadcast_at_thread_exit 00000001400090c0 f   libcpmt:xnotify.obj
 0001:000081b0       ?_Syserror_map@std@@YAPEBDH@Z 00000001400091b0 f   libcpmt:syserror.obj
 0001:000081e0       ??3@YAXPEAX_K@Z            00000001400091e0 f   LIBCMT:delete_scalar_size.obj
 0001:000081e0       ??_V@YAXPEAX@Z             00000001400091e0 f   LIBCMT:delete_array.obj
 0001:000081f0       ??2@YAPEAX_KAEBUnothrow_t@std@@@Z 00000001400091f0 f   LIBCMT:new_scalar_nothrow.obj
 0001:00008210       ??_U@YAPEAX_KAEBUnothrow_t@std@@@Z 0000000140009210 f   LIBCMT:new_array_nothrow.obj
 0001:00008230       ??_L@YAXPEAX_K1P6AX0@Z2@Z  0000000140009230 f   LIBCMT:ehvecctr.obj
 0001:000082b0       ??_M@YAXPEAX_K1P6AX0@Z@Z   00000001400092b0 f   LIBCMT:ehvecdtr.obj
 0001:00008330       ?__ArrayUnwind@@YAXPEAX_K1P6AX0@Z@Z 0000000140009330 f   LIBCMT:ehvecdtr.obj
 0001:00008390       __scrt_acquire_startup_lock 0000000140009390 f   LIBCMT:utility.obj
 0001:000083e0       __scrt_initialize_crt      00000001400093e0 f   LIBCMT:utility.obj
 0001:00008420       __scrt_initialize_onexit_tables 0000000140009420 f   LIBCMT:utility.obj
 0001:000084c0       __scrt_is_nonwritable_in_current_image 00000001400094c0 f   LIBCMT:utility.obj
 0001:00008560       __scrt_release_startup_lock 0000000140009560 f   LIBCMT:utility.obj
 0001:00008590       __scrt_uninitialize_crt    0000000140009590 f   LIBCMT:utility.obj
 0001:000085c0       atexit                     00000001400095c0 f   LIBCMT:utility.obj
 0001:00008600       ??2@YAPEAX_K@Z             0000000140009600 f   LIBCMT:new_scalar.obj
 0001:00008650       ??_Etype_info@@UEAAPEAXI@Z 0000000140009650 f i LIBCMT:std_type_info_static.obj
 0001:00008650       ??_Gtype_info@@UEAAPEAXI@Z 0000000140009650 f i LIBCMT:std_type_info_static.obj
 0001:000088f0       mainCRTStartup             00000001400098f0 f   LIBCMT:exe_main.obj
 0001:00008910       __report_gsfailure         0000000140009910 f   LIBCMT:gs_report.obj
 0001:00008920       __GSHandlerCheck           0000000140009920 f   LIBCMT:gshandler.obj
 0001:00008940       __GSHandlerCheckCommon     0000000140009940 f   LIBCMT:gshandler.obj
 0001:00008b20       __security_check_cookie    0000000140009b20 f   LIBCMT:amdsecgs.obj
 0001:00008b40       __isa_available_init       0000000140009b40 f   LIBCMT:cpu_disp.obj
 0001:00008df0       __GSHandlerCheck_EH4       0000000140009df0 f   LIBCMT:gshandlereh4.obj
 0001:00008e60       ??3@YAXPEAX@Z              0000000140009e60 f   LIBCMT:delete_scalar.obj
 0001:00008e70       ??_U@YAPEAX_K@Z            0000000140009e70 f   LIBCMT:new_array.obj
 0001:00008e80       __scrt_is_ucrt_dll_in_use  0000000140009e80 f   LIBCMT:ucrt_detection.obj
 0001:00008e90       __crt_debugger_hook        0000000140009e90 f   LIBCMT:utility_desktop.obj
 0001:00008ea0       __scrt_fastfail            0000000140009ea0 f   LIBCMT:utility_desktop.obj
 0001:00008eb0       __scrt_is_managed_app      0000000140009eb0 f   LIBCMT:utility_desktop.obj
 0001:00008f10       __scrt_set_unhandled_exception_filter 0000000140009f10 f   LIBCMT:utility_desktop.obj
 0001:00008f20       __scrt_unhandled_exception_filter 0000000140009f20 f   LIBCMT:utility_desktop.obj
 0001:00008f80       ?__scrt_throw_std_bad_alloc@@YAXXZ 0000000140009f80 f   LIBCMT:throw_bad_alloc.obj
 0001:00008fa0       __security_init_cookie     0000000140009fa0 f   LIBCMT:gs_support.obj
 0001:00009060       _get_startup_file_mode     000000014000a060 f   LIBCMT:file_mode.obj
 0001:00009070       ?__scrt_initialize_type_info@@YAXXZ 000000014000a070 f   LIBCMT:tncleanup.obj
 0001:00009080       __local_stdio_scanf_options 000000014000a080 f i LIBCMT:default_local_stdio_options.obj
 0001:00009090       __scrt_initialize_default_local_stdio_options 000000014000a090 f   LIBCMT:default_local_stdio_options.obj
 0001:000090b0       __scrt_is_user_matherr_present 000000014000a0b0 f   LIBCMT:matherr_detection.obj
 0001:000090c0       __scrt_get_dyn_tls_init_callback 000000014000a0c0 f   LIBCMT:dyn_tls_init.obj
 0001:000090d0       __scrt_get_dyn_tls_dtor_callback 000000014000a0d0 f   LIBCMT:dyn_tls_dtor.obj
 0001:000090e0       _RTC_Initialize            000000014000a0e0 f   LIBCMT:initsect.obj
 0001:00009130       _RTC_Terminate             000000014000a130 f   LIBCMT:initsect.obj
 0001:00009180       ??$_CallSETranslator@V__FrameHandler3@@@@YAHPEAUEHExceptionRecord@@PEA_KPEAU_CONTEXT@@PEAU_xDISPATCHER_CONTEXT@@PEBU_s_FuncInfo@@K1H@Z 000000014000a180 f i libvcruntime:risctrnsctrl.obj
 0001:000091d0       ??$_CallSETranslator@V__FrameHandler4@@@@YAHPEAUEHExceptionRecord@@PEA_KPEAU_CONTEXT@@PEAU_xDISPATCHER_CONTEXT@@PEAUFuncInfo4@FH4@@K1H@Z 000000014000a1d0 f i libvcruntime:risctrnsctrl.obj
 0001:00009220       ?DecompFuncInfo@FH4@@YA_JPEAEAEAUFuncInfo4@1@_KH_N@Z 000000014000a220 f i libvcruntime:risctrnsctrl.obj
 0001:00009330       ?ExecutionInCatch@__FrameHandler3@@SA_NPEAU_xDISPATCHER_CONTEXT@@PEBU_s_FuncInfo@@@Z 000000014000a330 f   libvcruntime:risctrnsctrl.obj
 0001:000093a0       ?ExecutionInCatch@__FrameHandler4@@SA_NPEAU_xDISPATCHER_CONTEXT@@PEAUFuncInfo4@FH4@@@Z 000000014000a3a0 f   libvcruntime:risctrnsctrl.obj
 0001:000093b0       ?FrameUnwindToEmptyState@__FrameHandler3@@SAXPEA_KPEAU_xDISPATCHER_CONTEXT@@PEBU_s_FuncInfo@@@Z 000000014000a3b0 f   libvcruntime:risctrnsctrl.obj
 0001:000094e0       ?FrameUnwindToEmptyState@__FrameHandler4@@SAXPEA_KPEAU_xDISPATCHER_CONTEXT@@PEAUFuncInfo4@FH4@@@Z 000000014000a4e0 f   libvcruntime:risctrnsctrl.obj
 0001:00009520       ?GetEstablisherFrame@__FrameHandler3@@SAPEA_KPEA_KPEAU_xDISPATCHER_CONTEXT@@PEBU_s_FuncInfo@@0@Z 000000014000a520 f   libvcruntime:risctrnsctrl.obj
 0001:00009620       ?GetEstablisherFrame@__FrameHandler4@@SAPEA_KPEA_KPEAU_xDISPATCHER_CONTEXT@@PEAUFuncInfo4@FH4@@0@Z 000000014000a620 f   libvcruntime:risctrnsctrl.obj
 0001:00009650       ?GetRangeOfTrysToCheck@__FrameHandler3@@SA?AU?$pair@Viterator@TryBlockMap@__FrameHandler3@@V123@@std@@AEAVTryBlockMap@1@HPEAU_xDISPATCHER_CONTEXT@@PEBU_s_FuncInfo@@H@Z 000000014000a650 f   libvcruntime:risctrnsctrl.obj
 0001:00009780       ?GetRangeOfTrysToCheck@__FrameHandler4@@SA?AU?$pair@Viterator@TryBlockMap4@FH4@@V123@@std@@AEAVTryBlockMap4@FH4@@HPEAU_xDISPATCHER_CONTEXT@@PEAUFuncInfo4@5@H@Z 000000014000a780 f   libvcruntime:risctrnsctrl.obj
 0001:00009900       ?UnwindNestedFrames@__FrameHandler3@@SAXPEA_KPEAUEHExceptionRecord@@PEAU_CONTEXT@@0PEAXPEBU_s_FuncInfo@@HHPEBU_s_HandlerType@@PEAU_xDISPATCHER_CONTEXT@@E@Z 000000014000a900 f   libvcruntime:risctrnsctrl.obj
 0001:00009a30       ?UnwindNestedFrames@__FrameHandler4@@SAXPEA_KPEAUEHExceptionRecord@@PEAU_CONTEXT@@0PEAXPEAUFuncInfo4@FH4@@HHPEAUHandlerType4@5@PEAU_xDISPATCHER_CONTEXT@@E@Z 000000014000aa30 f   libvcruntime:risctrnsctrl.obj
 0001:00009bb0       ?setBuffer@TryBlockMap4@FH4@@QEAAXViterator@12@@Z 000000014000abb0 f i libvcruntime:risctrnsctrl.obj
 0001:00009da0       _CreateFrameInfo           000000014000ada0 f   libvcruntime:risctrnsctrl.obj
 0001:00009de0       _FindAndUnlinkFrame        000000014000ade0 f   libvcruntime:risctrnsctrl.obj
 0001:00009e40       _GetImageBase              000000014000ae40 f   libvcruntime:risctrnsctrl.obj
 0001:00009e60       _GetThrowImageBase         000000014000ae60 f   libvcruntime:risctrnsctrl.obj
 0001:00009e80       _SetImageBase              000000014000ae80 f   libvcruntime:risctrnsctrl.obj
 0001:00009ea0       _SetThrowImageBase         000000014000aea0 f   libvcruntime:risctrnsctrl.obj
 0001:00009ec0       __CxxFrameHandler3         000000014000aec0 f   libvcruntime:risctrnsctrl.obj
 0001:00009f40       __CxxFrameHandler4         000000014000af40 f   libvcruntime:risctrnsctrl.obj
 0001:0000a000       __DestructExceptionObject  000000014000b000 f   libvcruntime:ehhelpers.obj
 0001:0000a070       ?_CallMemberFunction0@@YAXQEAX0@Z 000000014000b070 f i libvcruntime:ehhelpers.obj
 0001:0000a080       _IsExceptionObjectToBeDestroyed 000000014000b080 f   libvcruntime:ehhelpers.obj
 0001:0000a0c0       __AdjustPointer            000000014000b0c0 f   libvcruntime:ehhelpers.obj
 0001:0000a0f0       __FrameUnwindFilter        000000014000b0f0 f   libvcruntime:ehhelpers.obj
 0001:0000a160       __current_exception        000000014000b160 f   libvcruntime:ehhelpers.obj
 0001:0000a180       __current_exception_context 000000014000b180 f   libvcruntime:ehhelpers.obj
 0001:0000a1a0       __std_terminate            000000014000b1a0 f   libvcruntime:ehhelpers.obj
 0001:0000a1b0       __std_exception_copy       000000014000b1b0 f   libvcruntime:std_exception.obj
 0001:0000a250       __std_exception_destroy    000000014000b250 f   libvcruntime:std_exception.obj
 0001:0000a290       _CxxThrowException         000000014000b290 f   libvcruntime:throw.obj
 0001:0000a340       __C_specific_handler       000000014000b340 f   libvcruntime:riscchandler.obj
 0001:0000a560       __vcrt_initialize          000000014000b560 f   libvcruntime:initialization.obj
 0001:0000a590       __vcrt_uninitialize        000000014000b590 f   libvcruntime:initialization.obj
 0001:0000a5b0       __std_type_info_compare    000000014000b5b0 f   libvcruntime:std_type_info.obj
 0001:0000a5e0       __vcrt_freefls             000000014000b5e0 f   libvcruntime:per_thread_data.obj
 0001:0000a600       __vcrt_getptd              000000014000b600 f   libvcruntime:per_thread_data.obj
 0001:0000a6e0       __vcrt_initialize_ptd      000000014000b6e0 f   libvcruntime:per_thread_data.obj
 0001:0000a750       __vcrt_uninitialize_ptd    000000014000b750 f   libvcruntime:per_thread_data.obj
 0001:0000a780       ?GetCurrentState@__FrameHandler3@@SAHPEA_KPEAU_xDISPATCHER_CONTEXT@@PEBU_s_FuncInfo@@@Z 000000014000b780 f   libvcruntime:ehstate.obj
 0001:0000a810       ?GetUnwindTryBlock@__FrameHandler3@@SAHPEA_KPEAU_xDISPATCHER_CONTEXT@@PEBU_s_FuncInfo@@@Z 000000014000b810 f   libvcruntime:ehstate.obj
 0001:0000a840       ?SetState@__FrameHandler3@@SAXPEA_KPEAU_xDISPATCHER_CONTEXT@@PEBU_s_FuncInfo@@H@Z 000000014000b840 f   libvcruntime:ehstate.obj
 0001:0000a850       ?SetUnwindTryBlock@__FrameHandler3@@SAXPEA_KPEAU_xDISPATCHER_CONTEXT@@PEBU_s_FuncInfo@@H@Z 000000014000b850 f   libvcruntime:ehstate.obj
 0001:0000a890       ?StateFromControlPc@__FrameHandler3@@SAHPEBU_s_FuncInfo@@PEAU_xDISPATCHER_CONTEXT@@@Z 000000014000b890 f   libvcruntime:ehstate.obj
 0001:0000a900       ?StateFromControlPc@__FrameHandler4@@SAHPEAUFuncInfo4@FH4@@PEAU_xDISPATCHER_CONTEXT@@@Z 000000014000b900 f   libvcruntime:ehstate.obj
 0001:0000aa00       ?StateFromIp@__FrameHandler3@@SAHPEBU_s_FuncInfo@@PEAU_xDISPATCHER_CONTEXT@@_K@Z 000000014000ba00 f   libvcruntime:ehstate.obj
 0001:0000aa70       ?StateFromIp@__FrameHandler4@@SAHPEAUFuncInfo4@FH4@@PEAU_xDISPATCHER_CONTEXT@@_K@Z 000000014000ba70 f   libvcruntime:ehstate.obj
 0001:0000c1e0       ??$TypeMatchHelper@V__FrameHandler3@@@@YAHPEBU_s_HandlerType@@PEBU_s_CatchableType@@PEBU_s_ThrowInfo@@@Z 000000014000d1e0 f i libvcruntime:frame.obj
 0001:0000c310       ??$TypeMatchHelper@V__FrameHandler4@@@@YAHPEAUHandlerType4@FH4@@PEBU_s_CatchableType@@PEBU_s_ThrowInfo@@@Z 000000014000d310 f i libvcruntime:frame.obj
 0001:0000c440       ??$__InternalCxxFrameHandler@V__FrameHandler3@@@@YA?AW4_EXCEPTION_DISPOSITION@@PEAUEHExceptionRecord@@PEA_KPEAU_CONTEXT@@PEAU_xDISPATCHER_CONTEXT@@PEBU_s_FuncInfo@@H1E@Z 000000014000d440 f i libvcruntime:frame.obj
 0001:0000c670       ??$__InternalCxxFrameHandler@V__FrameHandler4@@@@YA?AW4_EXCEPTION_DISPOSITION@@PEAUEHExceptionRecord@@PEA_KPEAU_CONTEXT@@PEAU_xDISPATCHER_CONTEXT@@PEAUFuncInfo4@FH4@@H1E@Z 000000014000d670 f i libvcruntime:frame.obj
 0001:0000c8d0       ??$__InternalCxxFrameHandlerWrapper@V__FrameHandler3@@@@YA?AW4_EXCEPTION_DISPOSITION@@PEAUEHExceptionRecord@@PEA_KPEAU_CONTEXT@@PEAU_xDISPATCHER_CONTEXT@@PEBU_s_FuncInfo@@H1E@Z 000000014000d8d0 f i libvcruntime:frame.obj
 0001:0000c8e0       ??$__InternalCxxFrameHandlerWrapper@V__FrameHandler4@@@@YA?AW4_EXCEPTION_DISPOSITION@@PEAUEHExceptionRecord@@PEA_KPEAU_CONTEXT@@PEAU_xDISPATCHER_CONTEXT@@PEAUFuncInfo4@FH4@@H1E@Z 000000014000d8e0 f i libvcruntime:frame.obj
 0001:0000c940       ??0TryBlockMap4@FH4@@QEAA@PEBUFuncInfo4@1@_K@Z 000000014000d940 f i libvcruntime:frame.obj
 0001:0000ca30       ??0bad_exception@std@@QEAA@AEBV01@@Z 000000014000da30 f i libvcruntime:frame.obj
 0001:0000ca70       ??0bad_exception@std@@QEAA@XZ 000000014000da70 f i libvcruntime:frame.obj
 0001:0000caa0       ?CxxCallCatchBlock@__FrameHandler3@@SAPEAXPEAU_EXCEPTION_RECORD@@@Z 000000014000daa0 f   libvcruntime:frame.obj
 0001:0000ccb0       ?CxxCallCatchBlock@__FrameHandler4@@SAPEAXPEAU_EXCEPTION_RECORD@@@Z 000000014000dcb0 f   libvcruntime:frame.obj
 0001:0000cf10       ?DecompHandler@HandlerMap4@FH4@@AEAAXXZ 000000014000df10 f i libvcruntime:frame.obj
 0001:0000d160       ?FrameUnwindToState@__FrameHandler3@@SAXPEA_KPEAU_xDISPATCHER_CONTEXT@@PEBU_s_FuncInfo@@H@Z 000000014000e160 f   libvcruntime:frame.obj
 0001:0000d310       ?FrameUnwindToState@__FrameHandler4@@SAXPEA_KPEAU_xDISPATCHER_CONTEXT@@PEAUFuncInfo4@FH4@@H@Z 000000014000e310 f   libvcruntime:frame.obj
 0001:0000d6f0       ?GetHandlerSearchState@__FrameHandler4@@SAHPEA_KPEAU_xDISPATCHER_CONTEXT@@PEAUFuncInfo4@FH4@@@Z 000000014000e6f0 f i libvcruntime:frame.obj
 0001:0000d760       ?GetMaxState@__FrameHandler4@@SAHPEAU_xDISPATCHER_CONTEXT@@PEAUFuncInfo4@FH4@@@Z 000000014000e760 f i libvcruntime:frame.obj
 0001:0000d940       ?ReadEntry@UWMap4@FH4@@AEAAXPEAPEAE@Z 000000014000e940 f i libvcruntime:frame.obj
 0001:0000d9e0       ?_CallMemberFunction1@@YAXQEAX00@Z 000000014000e9e0 f i libvcruntime:frame.obj
 0001:0000d9f0       ?_CallMemberFunction2@@YAXQEAX00H@Z 000000014000e9f0 f i libvcruntime:frame.obj
 0001:0000da00       ?getStateFromIterators@UWMap4@FH4@@SAHAEBViterator@12@H0H0@Z 000000014000ea00 f i libvcruntime:frame.obj
 0001:0000dae0       ?setBuffer@HandlerMap4@FH4@@QEAAXI@Z 000000014000eae0 f i libvcruntime:frame.obj
 0001:0000dd00       _NLG_Notify                000000014000ed00 f   libvcruntime:notify.obj
 0001:0000dd20       __NLG_Dispatch2            000000014000ed20 f   libvcruntime:notify.obj
 0001:0000dd30       __NLG_Return2              000000014000ed30 f   libvcruntime:notify.obj
 0001:0000dd40       __except_validate_context_record 000000014000ed40 f   libvcruntime:jbcxrval.obj
 0001:0000dd80       __vcrt_initialize_locks    000000014000ed80 f   libvcruntime:locks.obj
 0001:0000de10       __vcrt_uninitialize_locks  000000014000ee10 f   libvcruntime:locks.obj
 0001:0000dea0       _CallSettingFrame          000000014000eea0 f   libvcruntime:handlers.obj
 0001:0000dee0       _CallSettingFrame_LookupContinuationIndex 000000014000eee0 f   libvcruntime:handlers.obj
 0001:0000df10       _CallSettingFrame_NotifyContinuationAddr 000000014000ef10 f   libvcruntime:handlers.obj
 0001:0000df40       _CallSettingFrameEncoded   000000014000ef40 f   libvcruntime:handlers.obj
 0001:0000e1f8       __acrt_initialize_thread_local_exit_callback 000000014000f1f8 f   libucrt:exit.obj
 0001:0000e200       _c_exit                    000000014000f200 f   libucrt:exit.obj
 0001:0000e210       _cexit                     000000014000f210 f   libucrt:exit.obj
 0001:0000e220       _exit                      000000014000f220 f   libucrt:exit.obj
 0001:0000e22c       _register_thread_local_exe_atexit_callback 000000014000f22c f   libucrt:exit.obj
 0001:0000e268       exit                       000000014000f268 f   libucrt:exit.obj
 0001:0000e274       __acrt_initialize_stdio    000000014000f274 f   libucrt:_file.obj
 0001:0000e394       __acrt_iob_func            000000014000f394 f   libucrt:_file.obj
 0001:0000e3a8       __acrt_uninitialize_stdio  000000014000f3a8 f   libucrt:_file.obj
 0001:0000e404       _lock_file                 000000014000f404 f   libucrt:_file.obj
 0001:0000e410       _unlock_file               000000014000f410 f   libucrt:_file.obj
 0001:0000e63c       ?get_raw_ptd@__crt_cached_ptd_host@@QEAAPEAU__acrt_ptd@@XZ 000000014000f63c f i libucrt:fflush.obj
 0001:0000e6a4       __acrt_stdio_flush_nolock  000000014000f6a4 f   libucrt:fflush.obj
 0001:0000e730       _fflush_nolock             000000014000f730 f   libucrt:fflush.obj
 0001:0000e804       _flushall                  000000014000f804 f   libucrt:fflush.obj
 0001:0000e80c       fflush                     000000014000f80c f   libucrt:fflush.obj
 0001:0000e8b4       ??$ensure_buffer_is_big_enough@D@formatting_buffer@__crt_stdio_output@@QEAA_N_KAEAV__crt_cached_ptd_host@@@Z 000000014000f8b4 f i libucrt:output.obj
 0001:0000e95c       ??$parse_integer@KV?$c_string_character_source@D@__crt_strtox@@$0A@@__crt_strtox@@YAKAEAV__crt_cached_ptd_host@@V?$c_string_character_source@D@0@H_N@Z 000000014000f95c f i libucrt:output.obj
 0001:0000ec10       ??$type_case_integer@$07@?$output_processor@DV?$stream_output_adapter@D@__crt_stdio_output@@V?$standard_base@DV?$stream_output_adapter@D@__crt_stdio_output@@@2@@__crt_stdio_output@@AEAA_N_N@Z 000000014000fc10 f i libucrt:output.obj
 0001:0000ec10       ??$type_case_integer@$07@?$output_processor@DV?$string_output_adapter@D@__crt_stdio_output@@V?$standard_base@DV?$string_output_adapter@D@__crt_stdio_output@@@2@@__crt_stdio_output@@AEAA_N_N@Z 000000014000fc10 f i libucrt:output.obj
 0001:0000ee14       ??$type_case_integer@$09@?$output_processor@DV?$stream_output_adapter@D@__crt_stdio_output@@V?$standard_base@DV?$stream_output_adapter@D@__crt_stdio_output@@@2@@__crt_stdio_output@@AEAA_N_N@Z 000000014000fe14 f i libucrt:output.obj
 0001:0000ee14       ??$type_case_integer@$09@?$output_processor@DV?$string_output_adapter@D@__crt_stdio_output@@V?$standard_base@DV?$string_output_adapter@D@__crt_stdio_output@@@2@@__crt_stdio_output@@AEAA_N_N@Z 000000014000fe14 f i libucrt:output.obj
 0001:0000f018       ??$type_case_integer@$0BA@@?$output_processor@DV?$stream_output_adapter@D@__crt_stdio_output@@V?$standard_base@DV?$stream_output_adapter@D@__crt_stdio_output@@@2@@__crt_stdio_output@@AEAA_N_N@Z 0000000140010018 f i libucrt:output.obj
 0001:0000f018       ??$type_case_integer@$0BA@@?$output_processor@DV?$string_output_adapter@D@__crt_stdio_output@@V?$standard_base@DV?$string_output_adapter@D@__crt_stdio_output@@@2@@__crt_stdio_output@@AEAA_N_N@Z 0000000140010018 f i libucrt:output.obj
 0001:0000f21c       ??$type_case_integer_parse_into_buffer@I$07@?$output_processor@DV?$stream_output_adapter@D@__crt_stdio_output@@V?$standard_base@DV?$stream_output_adapter@D@__crt_stdio_output@@@2@@__crt_stdio_output@@AEAAXI_N@Z 000000014001021c f i libucrt:output.obj
 0001:0000f21c       ??$type_case_integer_parse_into_buffer@I$07@?$output_processor@DV?$string_output_adapter@D@__crt_stdio_output@@V?$standard_base@DV?$string_output_adapter@D@__crt_stdio_output@@@2@@__crt_stdio_output@@AEAAXI_N@Z 000000014001021c f i libucrt:output.obj
 0001:0000f28c       ??$type_case_integer_parse_into_buffer@I$09@?$output_processor@DV?$stream_output_adapter@D@__crt_stdio_output@@V?$standard_base@DV?$stream_output_adapter@D@__crt_stdio_output@@@2@@__crt_stdio_output@@AEAAXI_N@Z 000000014001028c f i libucrt:output.obj
 0001:0000f28c       ??$type_case_integer_parse_into_buffer@I$09@?$output_processor@DV?$string_output_adapter@D@__crt_stdio_output@@V?$standard_base@DV?$string_output_adapter@D@__crt_stdio_output@@@2@@__crt_stdio_output@@AEAAXI_N@Z 000000014001028c f i libucrt:output.obj
 0001:0000f338       ??$type_case_integer_parse_into_buffer@I$0BA@@?$output_processor@DV?$stream_output_adapter@D@__crt_stdio_output@@V?$standard_base@DV?$stream_output_adapter@D@__crt_stdio_output@@@2@@__crt_stdio_output@@AEAAXI_N@Z 0000000140010338 f i libucrt:output.obj
 0001:0000f338       ??$type_case_integer_parse_into_buffer@I$0BA@@?$output_processor@DV?$string_output_adapter@D@__crt_stdio_output@@V?$standard_base@DV?$string_output_adapter@D@__crt_stdio_output@@@2@@__crt_stdio_output@@AEAAXI_N@Z 0000000140010338 f i libucrt:output.obj
 0001:0000f3bc       ??$type_case_integer_parse_into_buffer@_K$07@?$output_processor@DV?$stream_output_adapter@D@__crt_stdio_output@@V?$standard_base@DV?$stream_output_adapter@D@__crt_stdio_output@@@2@@__crt_stdio_output@@AEAAX_K_N@Z 00000001400103bc f i libucrt:output.obj
 0001:0000f3bc       ??$type_case_integer_parse_into_buffer@_K$07@?$output_processor@DV?$string_output_adapter@D@__crt_stdio_output@@V?$standard_base@DV?$string_output_adapter@D@__crt_stdio_output@@@2@@__crt_stdio_output@@AEAAX_K_N@Z 00000001400103bc f i libucrt:output.obj
 0001:0000f42c       ??$type_case_integer_parse_into_buffer@_K$09@?$output_processor@DV?$stream_output_adapter@D@__crt_stdio_output@@V?$standard_base@DV?$stream_output_adapter@D@__crt_stdio_output@@@2@@__crt_stdio_output@@AEAAX_K_N@Z 000000014001042c f i libucrt:output.obj
 0001:0000f42c       ??$type_case_integer_parse_into_buffer@_K$09@?$output_processor@DV?$string_output_adapter@D@__crt_stdio_output@@V?$standard_base@DV?$string_output_adapter@D@__crt_stdio_output@@@2@@__crt_stdio_output@@AEAAX_K_N@Z 000000014001042c f i libucrt:output.obj
 0001:0000f4dc       ??$type_case_integer_parse_into_buffer@_K$0BA@@?$output_processor@DV?$stream_output_adapter@D@__crt_stdio_output@@V?$standard_base@DV?$stream_output_adapter@D@__crt_stdio_output@@@2@@__crt_stdio_output@@AEAAX_K_N@Z 00000001400104dc f i libucrt:output.obj
 0001:0000f4dc       ??$type_case_integer_parse_into_buffer@_K$0BA@@?$output_processor@DV?$string_output_adapter@D@__crt_stdio_output@@V?$standard_base@DV?$string_output_adapter@D@__crt_stdio_output@@@2@@__crt_stdio_output@@AEAAX_K_N@Z 00000001400104dc f i libucrt:output.obj
 0001:0000f67c       ?crop_zeroes@__crt_stdio_output@@YAXPEADQEAU__crt_locale_pointers@@@Z 000000014001067c f i libucrt:output.obj
 0001:0000f6e8       ?parse_int_from_format_string@?$output_processor@DV?$stream_output_adapter@D@__crt_stdio_output@@V?$standard_base@DV?$stream_output_adapter@D@__crt_stdio_output@@@2@@__crt_stdio_output@@AEAA_NQEAH@Z 00000001400106e8 f i libucrt:output.obj
 0001:0000f6e8       ?parse_int_from_format_string@?$output_processor@DV?$string_output_adapter@D@__crt_stdio_output@@V?$standard_base@DV?$string_output_adapter@D@__crt_stdio_output@@@2@@__crt_stdio_output@@AEAA_NQEAH@Z 00000001400106e8 f i libucrt:output.obj
 0001:0000f778       ?process@?$output_processor@DV?$stream_output_adapter@D@__crt_stdio_output@@V?$standard_base@DV?$stream_output_adapter@D@__crt_stdio_output@@@2@@__crt_stdio_output@@QEAAHXZ 0000000140010778 f i libucrt:output.obj
 0001:0000fafc       ?process@?$output_processor@DV?$string_output_adapter@D@__crt_stdio_output@@V?$standard_base@DV?$string_output_adapter@D@__crt_stdio_output@@@2@@__crt_stdio_output@@QEAAHXZ 0000000140010afc f i libucrt:output.obj
 0001:0000fe6c       ?state_case_size@?$output_processor@DV?$stream_output_adapter@D@__crt_stdio_output@@V?$standard_base@DV?$stream_output_adapter@D@__crt_stdio_output@@@2@@__crt_stdio_output@@AEAA_NXZ 0000000140010e6c f i libucrt:output.obj
 0001:0000fff4       ?state_case_size@?$output_processor@DV?$string_output_adapter@D@__crt_stdio_output@@V?$standard_base@DV?$string_output_adapter@D@__crt_stdio_output@@@2@@__crt_stdio_output@@AEAA_NXZ 0000000140010ff4 f i libucrt:output.obj
 0001:0001017c       ?state_case_type@?$output_processor@DV?$stream_output_adapter@D@__crt_stdio_output@@V?$standard_base@DV?$stream_output_adapter@D@__crt_stdio_output@@@2@@__crt_stdio_output@@AEAA_NXZ 000000014001117c f i libucrt:output.obj
 0001:000106b4       ?state_case_type@?$output_processor@DV?$string_output_adapter@D@__crt_stdio_output@@V?$standard_base@DV?$string_output_adapter@D@__crt_stdio_output@@@2@@__crt_stdio_output@@AEAA_NXZ 00000001400116b4 f i libucrt:output.obj
 0001:00010b24       ?type_case_Z@?$output_processor@DV?$stream_output_adapter@D@__crt_stdio_output@@V?$standard_base@DV?$stream_output_adapter@D@__crt_stdio_output@@@2@@__crt_stdio_output@@AEAA_NXZ 0000000140011b24 f i libucrt:output.obj
 0001:00010b24       ?type_case_Z@?$output_processor@DV?$string_output_adapter@D@__crt_stdio_output@@V?$standard_base@DV?$string_output_adapter@D@__crt_stdio_output@@@2@@__crt_stdio_output@@AEAA_NXZ 0000000140011b24 f i libucrt:output.obj
 0001:00010ba0       ?type_case_a@?$output_processor@DV?$stream_output_adapter@D@__crt_stdio_output@@V?$standard_base@DV?$stream_output_adapter@D@__crt_stdio_output@@@2@@__crt_stdio_output@@AEAA_NXZ 0000000140011ba0 f i libucrt:output.obj
 0001:00010ba0       ?type_case_a@?$output_processor@DV?$string_output_adapter@D@__crt_stdio_output@@V?$standard_base@DV?$string_output_adapter@D@__crt_stdio_output@@@2@@__crt_stdio_output@@AEAA_NXZ 0000000140011ba0 f i libucrt:output.obj
 0001:00010dfc       ?type_case_c_tchar@?$output_processor@DV?$stream_output_adapter@D@__crt_stdio_output@@V?$standard_base@DV?$stream_output_adapter@D@__crt_stdio_output@@@2@@__crt_stdio_output@@AEAA_ND@Z 0000000140011dfc f i libucrt:output.obj
 0001:00010dfc       ?type_case_c_tchar@?$output_processor@DV?$string_output_adapter@D@__crt_stdio_output@@V?$standard_base@DV?$string_output_adapter@D@__crt_stdio_output@@@2@@__crt_stdio_output@@AEAA_ND@Z 0000000140011dfc f i libucrt:output.obj
 0001:00010ed0       ?type_case_n@?$output_processor@DV?$stream_output_adapter@D@__crt_stdio_output@@V?$standard_base@DV?$stream_output_adapter@D@__crt_stdio_output@@@2@@__crt_stdio_output@@AEAA_NXZ 0000000140011ed0 f i libucrt:output.obj
 0001:00010ed0       ?type_case_n@?$output_processor@DV?$string_output_adapter@D@__crt_stdio_output@@V?$standard_base@DV?$string_output_adapter@D@__crt_stdio_output@@@2@@__crt_stdio_output@@AEAA_NXZ 0000000140011ed0 f i libucrt:output.obj
 0001:00010f88       ?type_case_s@?$output_processor@DV?$stream_output_adapter@D@__crt_stdio_output@@V?$standard_base@DV?$stream_output_adapter@D@__crt_stdio_output@@@2@@__crt_stdio_output@@AEAA_NXZ 0000000140011f88 f i libucrt:output.obj
 0001:00010f88       ?type_case_s@?$output_processor@DV?$string_output_adapter@D@__crt_stdio_output@@V?$standard_base@DV?$string_output_adapter@D@__crt_stdio_output@@@2@@__crt_stdio_output@@AEAA_NXZ 0000000140011f88 f i libucrt:output.obj
 0001:00011030       ?update_locale_slow@__crt_cached_ptd_host@@AEAAXXZ 0000000140012030 f i libucrt:output.obj
 0001:000110a8       ?validate_stream_is_ansi_if_required@?$__acrt_stdio_char_traits@D@@SA_NQEAU_iobuf@@@Z 00000001400120a8 f i libucrt:output.obj
 0001:00011144       ?write_string@?$string_output_adapter@D@__crt_stdio_output@@QEBAXQEBDHQEAHAEAV__crt_cached_ptd_host@@@Z 0000000140012144 f i libucrt:output.obj
 0001:000111e8       ?write_string_impl@?$output_adapter_common@DV?$stream_output_adapter@D@__crt_stdio_output@@@__crt_stdio_output@@IEBAXQEBDHQEAHAEAV__crt_cached_ptd_host@@@Z 00000001400121e8 f i libucrt:output.obj
 0001:000112b8       __stdio_common_vfprintf    00000001400122b8 f   libucrt:output.obj
 0001:000113dc       __stdio_common_vsprintf    00000001400123dc f   libucrt:output.obj
 0001:00011630       terminate                  0000000140012630 f   libucrt:terminate.obj
 0001:00011780       _beginthreadex             0000000140012780 f   libucrt:thread.obj
 0001:00011860       _endthreadex               0000000140012860 f   libucrt:thread.obj
 0001:00011870       abort                      0000000140012870 f   libucrt:abort.obj
 0001:000118c8       _fputc_nolock_internal     00000001400128c8 f   libucrt:fputc.obj
 0001:000118e0       calloc                     00000001400128e0 f   libucrt:calloc.obj
 0001:000118f0       free                       00000001400128f0 f   libucrt:free.obj
 0001:000118f8       _seh_filter_exe            00000001400128f8 f   libucrt:exception_filter.obj
 0001:00011c24       __acrt_allocate_buffer_for_argv 0000000140012c24 f   libucrt:argv_parsing.obj
 0001:00011c84       _configure_narrow_argv     0000000140012c84 f   libucrt:argv_parsing.obj
 0001:000120e8       __dcrt_get_or_create_narrow_environment_nolock 00000001400130e8 f   libucrt:environment_initialization.obj
 0001:00012124       __dcrt_uninitialize_environments_nolock 0000000140013124 f   libucrt:environment_initialization.obj
 0001:00012168       _get_initial_narrow_environment 0000000140013168 f   libucrt:environment_initialization.obj
 0001:000121b8       _initialize_narrow_environment 00000001400131b8 f   libucrt:environment_initialization.obj
 0001:00012500       _crt_atexit                0000000140013500 f   libucrt:onexit.obj
 0001:00012510       _execute_onexit_table      0000000140013510 f   libucrt:onexit.obj
 0001:00012554       _initialize_onexit_table   0000000140013554 f   libucrt:onexit.obj
 0001:0001257c       _register_onexit_function  000000014001357c f   libucrt:onexit.obj
 0001:000126f0       __acrt_initialize          00000001400136f0 f   libucrt:initialization.obj
 0001:00012704       __acrt_uninitialize        0000000140013704 f   libucrt:initialization.obj
 0001:00012740       _callnewh                  0000000140013740 f   libucrt:new_handler.obj
 0001:00012780       __acrt_initialize_new_handler 0000000140013780 f   libucrt:new_handler.obj
 0001:00012790       _query_new_handler         0000000140013790 f   libucrt:new_handler.obj
 0001:000127d0       _set_new_handler           00000001400137d0 f   libucrt:new_handler.obj
 0001:00012830       ?_set_new_handler@@YAP6AH_K@ZH@Z 0000000140013830 f   libucrt:new_handler.obj
 0001:00012840       malloc                     0000000140013840 f   libucrt:malloc.obj
 0001:00012848       _query_app_type            0000000140013848 f   libucrt:report_runtime_error.obj
 0001:00012850       _set_app_type              0000000140013850 f   libucrt:report_runtime_error.obj
 0001:00012860       __acrt_has_user_matherr    0000000140013860 f   libucrt:matherr.obj
 0001:00012880       __acrt_initialize_user_matherr 0000000140013880 f   libucrt:matherr.obj
 0001:00012890       __acrt_invoke_user_matherr 0000000140013890 f   libucrt:matherr.obj
 0001:000128c0       __setusermatherr           00000001400138c0 f   libucrt:matherr.obj
 0001:000128e4       _initterm                  00000001400138e4 f   libucrt:initterm.obj
 0001:0001291c       _initterm_e                000000014001391c f   libucrt:initterm.obj
 0001:00012958       _set_fmode                 0000000140013958 f   libucrt:setmode.obj
 0001:00012998       __acrt_initialize_command_line 0000000140013998 f   libucrt:argv_data.obj
 0001:000129c0       __p___argc                 00000001400139c0 f   libucrt:argv_data.obj
 0001:000129c8       __p___argv                 00000001400139c8 f   libucrt:argv_data.obj
 0001:00012a40       __acrt_set_locale_changed  0000000140013a40 f   libucrt:wsetlocale.obj
 0001:00012a4c       __acrt_uninitialize_locale 0000000140013a4c f   libucrt:wsetlocale.obj
 0001:00012a7c       _configthreadlocale        0000000140013a7c f   libucrt:wsetlocale.obj
 0001:00012af0       _query_new_mode            0000000140013af0 f   libucrt:new_mode.obj
 0001:00012b00       _set_new_mode              0000000140013b00 f   libucrt:new_mode.obj
 0001:00012b2c       __p__commode               0000000140013b2c f   libucrt:ncommode.obj
 0001:00012b40       strcpy_s                   0000000140013b40 f   libucrt:strcpy_s.obj
 0001:00012bc0       __acrt_initialize_locks    0000000140013bc0 f   libucrt:locks.obj
 0001:00012c08       __acrt_lock                0000000140013c08 f   libucrt:locks.obj
 0001:00012c24       __acrt_uninitialize_locks  0000000140013c24 f   libucrt:locks.obj
 0001:00012c5c       __acrt_unlock              0000000140013c5c f   libucrt:locks.obj
 0001:00012c78       __acrt_app_verifier_enabled 0000000140013c78 f   libucrt:peb_access.obj
 0001:00012c94       __acrt_is_secure_process   0000000140013c94 f   libucrt:peb_access.obj
 0001:00012cac       __acrt_get_begin_thread_init_policy 0000000140013cac f   libucrt:win_policies.obj
 0001:00012cec       __acrt_get_process_end_policy 0000000140013cec f   libucrt:win_policies.obj
 0001:00012d20       ?get_raw_ptd_noexit@__crt_cached_ptd_host@@QEAAPEAU__acrt_ptd@@XZ 0000000140013d20 f i libucrt:invalid_parameter.obj
 0001:00012d8c       ?value@?$dual_state_global@P6AXPEB_W00I_K@Z@__crt_state_management@@QEAAAEAP6AXPEB_W00I_K@ZAEAV__crt_cached_ptd_host@@@Z 0000000140013d8c f i libucrt:invalid_parameter.obj
 0001:00012dd8       __acrt_call_reportfault    0000000140013dd8 f   libucrt:invalid_parameter.obj
 0001:00012f48       __acrt_initialize_invalid_parameter_handler 0000000140013f48 f   libucrt:invalid_parameter.obj
 0001:00012f50       _invalid_parameter         0000000140013f50 f   libucrt:invalid_parameter.obj
 0001:00012fec       _invalid_parameter_internal 0000000140013fec f   libucrt:invalid_parameter.obj
 0001:000130a4       _invalid_parameter_noinfo  00000001400140a4 f   libucrt:invalid_parameter.obj
 0001:000130c4       _invoke_watson             00000001400140c4 f   libucrt:invalid_parameter.obj
 0001:0001310c       __acrt_errno_from_os_error 000000014001410c f   libucrt:errno.obj
 0001:000131dc       __acrt_errno_map_os_error  00000001400141dc f   libucrt:errno.obj
 0001:00013204       __acrt_errno_map_os_error_ptd 0000000140014204 f   libucrt:errno.obj
 0001:00013228       __doserrno                 0000000140014228 f   libucrt:errno.obj
 0001:0001324c       _errno                     000000014001424c f   libucrt:errno.obj
 0001:00013270       _calloc_base               0000000140014270 f   libucrt:calloc_base.obj
 0001:000132f0       _free_base                 00000001400142f0 f   libucrt:free_base.obj
 0001:00013534       __acrt_AppPolicyGetProcessTerminationMethodInternal 0000000140014534 f   libucrt:winapi_thunks.obj
 0001:00013590       __acrt_AppPolicyGetThreadInitializationTypeInternal 0000000140014590 f   libucrt:winapi_thunks.obj
 0001:000135ec       __acrt_AreFileApisANSI     00000001400145ec f   libucrt:winapi_thunks.obj
 0001:00013638       __acrt_CompareStringEx     0000000140014638 f   libucrt:winapi_thunks.obj
 0001:000136fc       __acrt_FlsAlloc            00000001400146fc f   libucrt:winapi_thunks.obj
 0001:00013704       __acrt_FlsFree             0000000140014704 f   libucrt:winapi_thunks.obj
 0001:0001370c       __acrt_FlsGetValue         000000014001470c f   libucrt:winapi_thunks.obj
 0001:00013714       __acrt_FlsGetValue2        0000000140014714 f   libucrt:winapi_thunks.obj
 0001:00013720       __acrt_FlsSetValue         0000000140014720 f   libucrt:winapi_thunks.obj
 0001:00013728       __acrt_InitializeCriticalSectionEx 0000000140014728 f   libucrt:winapi_thunks.obj
 0001:00013730       __acrt_LCMapStringEx       0000000140014730 f   libucrt:winapi_thunks.obj
 0001:00013824       __acrt_LocaleNameToLCID    0000000140014824 f   libucrt:winapi_thunks.obj
 0001:00013888       __acrt_RoInitialize        0000000140014888 f   libucrt:winapi_thunks.obj
 0001:000138d8       __acrt_RoUninitialize      00000001400148d8 f   libucrt:winapi_thunks.obj
 0001:0001391c       __acrt_initialize_winapi_thunks 000000014001491c f   libucrt:winapi_thunks.obj
 0001:0001394c       __acrt_tls2_supported      000000014001494c f   libucrt:winapi_thunks.obj
 0001:00013990       __acrt_uninitialize_winapi_thunks 0000000140014990 f   libucrt:winapi_thunks.obj
 0001:000139d4       _fcloseall                 00000001400149d4 f   libucrt:closeall.obj
 0001:00013a88       __acrt_stdio_free_buffer_nolock 0000000140014a88 f   libucrt:_freebuf.obj
 0001:00013cd4       __acrt_initialize_lowio    0000000140014cd4 f   libucrt:ioinit.obj
 0001:00013d10       __acrt_uninitialize_lowio  0000000140014d10 f   libucrt:ioinit.obj
 0001:00013ddc       _commit                    0000000140014ddc f   libucrt:commit.obj
 0001:00013e70       _fileno                    0000000140014e70 f   libucrt:fileno.obj
 0001:000146c4       _write_internal            00000001400156c4 f   libucrt:write.obj
 0001:000147e4       _write_nolock              00000001400157e4 f   libucrt:write.obj
 0001:00014e24       ?internal_get_ptd_head_slow@@YAPEAU__acrt_ptd@@XZ 0000000140015e24 f   libucrt:per_thread_data.obj
 0001:00014f44       __acrt_getptd              0000000140015f44 f   libucrt:per_thread_data.obj
 0001:00014f60       __acrt_getptd_head         0000000140015f60 f   libucrt:per_thread_data.obj
 0001:00014fa4       __acrt_getptd_noexit       0000000140015fa4 f   libucrt:per_thread_data.obj
 0001:00015034       __acrt_getptd_noexit_explicit 0000000140016034 f   libucrt:per_thread_data.obj
 0001:00015090       __acrt_initialize_ptd      0000000140016090 f   libucrt:per_thread_data.obj
 0001:000150d4       __acrt_uninitialize_ptd    00000001400160d4 f   libucrt:per_thread_data.obj
 0001:00015100       _malloc_base               0000000140016100 f   libucrt:malloc_base.obj
 0001:00015160       strnlen                    0000000140016160 f   libucrt:strnlen.obj
 0001:000152f0       wcsnlen                    00000001400162f0 f   libucrt:strnlen.obj
 0001:000154f8       __acrt_update_locale_info  00000001400164f8 f   libucrt:locale_update.obj
 0001:0001552c       __acrt_update_locale_info_explicit 000000014001652c f   libucrt:locale_update.obj
 0001:00015564       __acrt_update_multibyte_info 0000000140016564 f   libucrt:locale_update.obj
 0001:00015598       __acrt_update_multibyte_info_explicit 0000000140016598 f   libucrt:locale_update.obj
 0001:000160e0       __acrt_fp_format           00000001400170e0 f   libucrt:cvt.obj
 0001:000163c8       _wctomb_internal           00000001400173c8 f   libucrt:wctomb.obj
 0001:00016578       _mbtowc_internal           0000000140017578 f   libucrt:mbtowc.obj
 0001:000166f0       ?__mblen_utf8@__crt_mbstring@@YAHPEBD@Z 00000001400176f0 f   libucrt:mbrtoc32.obj
 0001:00016728       ?__mbrtoc32_utf8@__crt_mbstring@@YA_KPEA_UPEBD_KPEAU_Mbstatet@@AEAV__crt_cached_ptd_host@@@Z 0000000140017728 f   libucrt:mbrtoc32.obj
 0001:000168e8       ?__c16rtomb_utf8@__crt_mbstring@@YA_KPEAD_SPEAU_Mbstatet@@AEAV__crt_cached_ptd_host@@@Z 00000001400178e8 f   libucrt:c16rtomb.obj
 0001:0001698c       ?__mbrtowc_utf8@__crt_mbstring@@YA_KPEA_WPEBD_KPEAU_Mbstatet@@AEAV__crt_cached_ptd_host@@@Z 000000014001798c f   libucrt:mbrtowc.obj
 0001:000169d4       ?__mbsrtowcs_utf8@__crt_mbstring@@YA_KPEA_WPEAPEBD_KPEAU_Mbstatet@@AEAV__crt_cached_ptd_host@@@Z 00000001400179d4 f   libucrt:mbrtowc.obj
 0001:00016b8c       _get_printf_count_output   0000000140017b8c f   libucrt:printf_count_output.obj
 0001:00016ba4       __acrt_should_use_temporary_buffer 0000000140017ba4 f   libucrt:_sftbuf.obj
 0001:00016bf0       __acrt_stdio_begin_temporary_buffering_nolock 0000000140017bf0 f   libucrt:_sftbuf.obj
 0001:00016cb8       __acrt_stdio_end_temporary_buffering_nolock 0000000140017cb8 f   libucrt:_sftbuf.obj
 0001:00016d40       __acrt_get_sigabrt_handler 0000000140017d40 f   libucrt:signal.obj
 0001:00016d70       __acrt_initialize_signal_handlers 0000000140017d70 f   libucrt:signal.obj
 0001:00016d90       raise                      0000000140017d90 f   libucrt:signal.obj
 0001:0001716c       __acrt_stdio_flush_and_write_narrow_nolock 000000014001816c f   libucrt:_flsbuf.obj
 0001:0001724c       ??$__acrt_convert_wcs_mbs_cp@D_WV<lambda_7c9dea7b4ca7285d2cdb541a38da6275>@@U__crt_win32_buffer_internal_dynamic_resizing@@@@YAHQEBDAEAV?$__crt_win32_buffer@_WU__crt_win32_buffer_internal_dynamic_resizing@@@@AEBV<lambda_7c9dea7b4ca7285d2cdb541a38da6275>@@I@Z 000000014001824c f i libucrt:argv_wildcards.obj
 0001:000173ec       ??$__acrt_convert_wcs_mbs_cp@_WDV<lambda_d8593a27d1aa8c02be35c86a17d324c4>@@U__crt_win32_buffer_internal_dynamic_resizing@@@@YAHQEB_WAEAV?$__crt_win32_buffer@DU__crt_win32_buffer_internal_dynamic_resizing@@@@AEBV<lambda_d8593a27d1aa8c02be35c86a17d324c4>@@I@Z 00000001400183ec f i libucrt:argv_wildcards.obj
 0001:00017cb8       ??0_LocaleUpdate@@QEAA@QEAU__crt_locale_pointers@@@Z 0000000140018cb8 f i libucrt:argv_wildcards.obj
 0001:00017d54       __acrt_expand_narrow_argv_wildcards 0000000140018d54 f   libucrt:argv_wildcards.obj
 0001:00017d5c       ??$__acrt_convert_wcs_mbs_cp@_WDV<lambda_f788ae46380686e8b737efdd8c720d07>@@U__crt_win32_buffer_no_resizing@@@@YAHQEB_WAEAV?$__crt_win32_buffer@DU__crt_win32_buffer_no_resizing@@@@AEBV<lambda_f788ae46380686e8b737efdd8c720d07>@@I@Z 0000000140018d5c f i libucrt:getmodulefilenamea.obj
 0001:00017e78       __acrt_GetModuleFileNameA  0000000140018e78 f   libucrt:getmodulefilenamea.obj
 0001:000187a4       __acrt_initialize_multibyte 00000001400197a4 f   libucrt:mbctype.obj
 0001:00018804       __acrt_update_thread_multibyte_data 0000000140019804 f   libucrt:mbctype.obj
 0001:00018820       _setmbcp_nolock            0000000140019820 f   libucrt:mbctype.obj
 0001:00018b5c       _ismbblead                 0000000140019b5c f   libucrt:ismbbyte.obj
 0001:00018b70       __acrt_MultiByteToWideChar 0000000140019b70 f   libucrt:multibytetowidechar.obj
 0001:00018c00       __acrt_WideCharToMultiByte 0000000140019c00 f   libucrt:widechartomultibyte.obj
 0001:00018ce0       __dcrt_get_narrow_environment_from_os 0000000140019ce0 f   libucrt:get_environment_from_os.obj
 0001:00019230       __dcrt_set_variable_in_narrow_environment_nolock 000000014001a230 f   libucrt:setenv.obj
 0001:00019240       _recalloc_base             000000014001a240 f   libucrt:recalloc.obj
 0001:000192e0       _recalloc                  000000014001a2e0 f   libucrt:recalloc.obj
 0001:000192f0       _get_heap_handle           000000014001a2f0 f   libucrt:heap_handle.obj
 0001:00019300       __acrt_initialize_heap     000000014001a300 f   libucrt:heap_handle.obj
 0001:00019330       __acrt_uninitialize_heap   000000014001a330 f   libucrt:heap_handle.obj
 0001:00019350       __acrt_getheap             000000014001a350 f   libucrt:heap_handle.obj
 0001:00019358       __acrt_execute_initializers 000000014001a358 f   libucrt:shared_initialization.obj
 0001:000193d8       __acrt_execute_uninitializers 000000014001a3d8 f   libucrt:shared_initialization.obj
 0001:00019414       __acrt_lowio_create_handle_array 000000014001a414 f   libucrt:osfinfo.obj
 0001:000194bc       __acrt_lowio_destroy_handle_array 000000014001a4bc f   libucrt:osfinfo.obj
 0001:0001950c       __acrt_lowio_ensure_fh_exists 000000014001a50c f   libucrt:osfinfo.obj
 0001:000195b4       __acrt_lowio_lock_fh       000000014001a5b4 f   libucrt:osfinfo.obj
 0001:000195dc       __acrt_lowio_unlock_fh     000000014001a5dc f   libucrt:osfinfo.obj
 0001:00019604       _free_osfhnd               000000014001a604 f   libucrt:osfinfo.obj
 0001:000196c0       _get_osfhandle             000000014001a6c0 f   libucrt:osfinfo.obj
 0001:00019738       __acrt_initialize_fmode    000000014001a738 f   libucrt:txtmode.obj
 0001:00019750       __acrt_locale_free_monetary 000000014001a750 f   libucrt:initmon.obj
 0001:0001985c       __acrt_locale_free_numeric 000000014001a85c f   libucrt:initnum.obj
 0001:000198fc       __acrt_locale_free_time    000000014001a8fc f   libucrt:inittime.obj
 0001:00019a10       wcsncmp                    000000014001aa10 f   libucrt:wcsncmp.obj
 0001:00019a44       __acrt_GetStringTypeA      000000014001aa44 f   libucrt:getstringtypea.obj
 0001:00019bd4       __acrt_add_locale_ref      000000014001abd4 f   libucrt:locale_refcounting.obj
 0001:00019c60       __acrt_free_locale         000000014001ac60 f   libucrt:locale_refcounting.obj
 0001:00019dd8       __acrt_locale_add_lc_time_reference 000000014001add8 f   libucrt:locale_refcounting.obj
 0001:00019e00       __acrt_locale_free_lc_time_if_unreferenced 000000014001ae00 f   libucrt:locale_refcounting.obj
 0001:00019e38       __acrt_locale_release_lc_time_reference 000000014001ae38 f   libucrt:locale_refcounting.obj
 0001:00019e60       __acrt_release_locale_ref  000000014001ae60 f   libucrt:locale_refcounting.obj
 0001:00019f08       __acrt_update_thread_locale_data 000000014001af08 f   libucrt:locale_refcounting.obj
 0001:00019f78       _updatetlocinfoEx_nolock   000000014001af78 f   libucrt:locale_refcounting.obj
 0001:00019fe0       __acrt_DownlevelLocaleNameToLCID 000000014001afe0 f   libucrt:lcidtoname_downlevel.obj
 0001:0001a1ac       fclose                     000000014001b1ac f   libucrt:fclose.obj
 0001:0001a244       _isatty                    000000014001b244 f   libucrt:isatty.obj
 0001:0001a474       _lseeki64                  000000014001b474 f   libucrt:lseek.obj
 0001:0001a510       _lseeki64_nolock_internal  000000014001b510 f   libucrt:lseek.obj
 0001:0001a518       _putwch_nolock             000000014001b518 f   libucrt:putwch.obj
 0001:0001a628       __acrt_fp_strflt_to_string 000000014001b628 f   libucrt:_fptostr.obj
 0001:0001a740       ?divide@__crt_strtox@@YA_KAEAUbig_integer@1@AEBU21@@Z 000000014001b740 f i libucrt:cfout.obj
 0001:0001abcc       __acrt_fltout              000000014001bbcc f   libucrt:cfout.obj
 0001:0001bee0       fegetround                 000000014001cee0 f   libucrt:fegetround.obj
 0001:0001bef4       ?__c32rtomb_utf8@__crt_mbstring@@YA_KPEAD_UPEAU_Mbstatet@@AEAV__crt_cached_ptd_host@@@Z 000000014001cef4 f   libucrt:c32rtomb.obj
 0001:0001bf98       ?reset_and_return@__crt_mbstring@@YA_K_KPEAU_Mbstatet@@@Z 000000014001cf98 f   libucrt:common_utf8.obj
 0001:0001bfa0       ?return_illegal_sequence@__crt_mbstring@@YA_KPEAU_Mbstatet@@AEAV__crt_cached_ptd_host@@@Z 000000014001cfa0 f   libucrt:common_utf8.obj
 0001:0001bfb4       __acrt_stdio_allocate_buffer_nolock 000000014001cfb4 f   libucrt:_getbuf.obj
 0001:0001c020       qsort                      000000014001d020 f   libucrt:qsort.obj
 0001:0001c3c0       strncpy_s                  000000014001d3c0 f   libucrt:strncpy_s.obj
 0001:0001c590       strpbrk                    000000014001d590 f   libucrt:strpbrk.obj
 0001:0001c948       _mbsdec                    000000014001d948 f   libucrt:mbsdec.obj
 0001:0001c950       _mbsdec_l                  000000014001d950 f   libucrt:mbsdec.obj
 0001:0001cd18       __acrt_LCMapStringA        000000014001dd18 f   libucrt:lcmapstringa.obj
 0001:0001cdd0       _strnicoll                 000000014001ddd0 f   libucrt:strnicol.obj
 0001:0001cf74       __acrt_SetEnvironmentVariableA 000000014001df74 f   libucrt:setenvironmentvariablea.obj
 0001:0001d120       _msize_base                000000014001e120 f   libucrt:msize.obj
 0001:0001d160       _msize                     000000014001e160 f   libucrt:msize.obj
 0001:0001d170       _realloc_base              000000014001e170 f   libucrt:realloc_base.obj
 0001:0001d1f0       __ascii_wcsnicmp           000000014001e1f0 f   libucrt:wcsnicmp.obj
 0001:0001d2d0       _close_internal            000000014001e2d0 f   libucrt:close.obj
 0001:0001d394       _close_nolock_internal     000000014001e394 f   libucrt:close.obj
 0001:0001d464       ?__acrt_stdio_free_stream@@YAXV__crt_stdio_stream@@@Z 000000014001e464 f   libucrt:stream.obj
 0001:0001d480       __dcrt_lowio_ensure_console_output_initialized 000000014001e480 f   libucrt:initcon.obj
 0001:0001d4d4       __dcrt_terminate_console_output 000000014001e4d4 f   libucrt:initcon.obj
 0001:0001d4f0       __dcrt_write_console       000000014001e4f0 f   libucrt:initcon.obj
 0001:0001d5b0       _controlfp_s               000000014001e5b0 f   libucrt:contrlfp.obj
 0001:0001d620       fegetenv                   000000014001e620 f   libucrt:fegetenv.obj
 0001:0001d640       fesetenv                   000000014001e640 f   libucrt:fesetenv.obj
 0001:0001d6b0       feholdexcept               000000014001e6b0 f   libucrt:feholdexcept.obj
 0001:0001d710       ceil                       000000014001e710 f   libucrt:ceil.obj
 0001:0001d7e0       log10                      000000014001e7e0 f   libucrt:log10.obj
 0001:0001dd90       __acrt_fenv_get_common_round_control 000000014001ed90 f   libucrt:_fenvutils.obj
 0001:0001dda0       __acrt_fenv_get_control    000000014001eda0 f   libucrt:_fenvutils.obj
 0001:0001de80       __acrt_fenv_get_status     000000014001ee80 f   libucrt:_fenvutils.obj
 0001:0001dee0       __acrt_fenv_set_control    000000014001eee0 f   libucrt:_fenvutils.obj
 0001:0001e010       __acrt_fenv_set_status     000000014001f010 f   libucrt:_fenvutils.obj
 0001:0001e084       _guard_check_icall         000000014001f084 f i libucrt:checkcfg.obj
 0001:0001e0a0       __strncnt                  000000014001f0a0 f   libucrt:strncnt.obj
 0001:0001e100       _strnicmp                  000000014001f100 f   libucrt:strnicmp.obj
 0001:0001e190       _strnicmp_l                000000014001f190 f   libucrt:strnicmp.obj
 0001:0001e67c       __acrt_CompareStringA      000000014001f67c f   libucrt:comparestringa.obj
 0001:0001e710       _clearfp                   000000014001f710 f   libucrt:ieee.obj
 0001:0001e780       _control87                 000000014001f780 f   libucrt:ieee.obj
 0001:0001eb40       _handle_error              000000014001fb40 f   libucrt:libm_error.obj
 0001:0001ec80       _handle_nan                000000014001fc80 f   libucrt:libm_error.obj
 0001:0001eca0       ceil_sse41                 000000014001fca0 f   libucrt:floorceil_sse41.obj
 0001:0001ecb0       __acrt_initialize_fma3     000000014001fcb0 f   libucrt:fma3_available.obj
 0001:0001ed70       _log10_special             000000014001fd70 f   libucrt:log_special.obj
 0001:0001ee30       _clrfp                     000000014001fe30 f   libucrt:fpctrl.obj
 0001:0001ee50       _ctrlfp                    000000014001fe50 f   libucrt:fpctrl.obj
 0001:0001eed0       _get_fpcsr                 000000014001fed0 f   libucrt:fpctrl.obj
 0001:0001eed0       _get_fpsr                  000000014001fed0 f   libucrt:fpctrl.obj
 0001:0001eee0       _set_fpcsr                 000000014001fee0 f   libucrt:fpctrl.obj
 0001:0001eee0       _set_fpsr                  000000014001fee0 f   libucrt:fpctrl.obj
 0001:0001eef0       _set_statfp                000000014001fef0 f   libucrt:fpctrl.obj
 0001:0001ef10       _statfp                    000000014001ff10 f   libucrt:fpctrl.obj
 0001:0001ef20       _raise_exc                 000000014001ff20 f   libucrt:fpexcept.obj
 0001:0001ef50       _raise_exc_ex              000000014001ff50 f   libucrt:fpexcept.obj
 0001:0001f260       _set_errno_from_matherr    0000000140020260 f   libucrt:fpexcept.obj
 0001:0001f2a0       _FindPESection             00000001400202a0 f   LIBCMT:pesect.obj
[...]
 0002:0000c594       $unwind$??$?RV<lambda_aa87e3671a710a21b5dc78c0bdf72e11>@@AEAV<lambda_92619d2358a28f41a33ba319515a20b9>@@V<lambda_6992ecaafeb10aed2b74cb1fae11a551>@@@?$__crt_seh_guarded_call@X@@QEAAX$$QEAV<lambda_aa87e3671a710a21b5dc78c0bdf72e11>@@AEAV<lambda_92619d2358a28f41a33ba319515a20b9>@@$$QEAV<lambda_6992ecaafeb10aed2b74cb1fae11a551>@@@Z 000000014002e594     libucrt:per_thread_data.obj
 0002:0000c5b8       $unwind$??$?RV<lambda_f2e299630e499de9f9a165e60fcd3db5>@@AEAV<lambda_2ae9d31cdba2644fcbeaf08da7c24588>@@V<lambda_40d01ff24d0e7b3814fdbdcee8eab3c7>@@@?$__crt_seh_guarded_call@X@@QEAAX$$QEAV<lambda_f2e299630e499de9f9a165e60fcd3db5>@@AEAV<lambda_2ae9d31cdba2644fcbeaf08da7c24588>@@$$QEAV<lambda_40d01ff24d0e7b3814fdbdcee8eab3c7>@@@Z 000000014002e5b8     libucrt:per_thread_data.obj
 0002:0000c5dc       $unwind$??$?RV<lambda_2d41944a1d46af3157314b8a01080d33>@@AEAV<lambda_8f455de75cd7d7f24b4096f044d8b9e6>@@V<lambda_aa500f224e6afead328df44964fe2772>@@@?$__crt_seh_guarded_call@X@@QEAAX$$QEAV<lambda_2d41944a1d46af3157314b8a01080d33>@@AEAV<lambda_8f455de75cd7d7f24b4096f044d8b9e6>@@$$QEAV<lambda_aa500f224e6afead328df44964fe2772>@@@Z 000000014002e5dc     libucrt:per_thread_data.obj
 0002:0000c600       $unwind$_malloc_base       000000014002e600     libucrt:malloc_base.obj
 0002:0000c608       $unwind$__acrt_fp_format   000000014002e608     libucrt:cvt.obj
 0002:0000c618       $unwind$?fp_format_e_internal@@YAHQEAD_KH_NIQEAU_strflt@@2AEAV__crt_cached_ptd_host@@@Z 000000014002e618     libucrt:cvt.obj
 0002:0000c634       $unwind$?fp_format_e@@YAHQEBNQEAD_K12H_NIW4__acrt_rounding_mode@@AEAV__crt_cached_ptd_host@@@Z 000000014002e634     libucrt:cvt.obj
 0002:0000c64c       $unwind$?fp_format_a@@YAHQEBNPEAD_KQEAD2H_NIW4__acrt_rounding_mode@@AEAV__crt_cached_ptd_host@@@Z 000000014002e64c     libucrt:cvt.obj
 0002:0000c668       $unwind$?fp_format_g@@YAHQEBNQEAD_K12H_NIW4__acrt_rounding_mode@@AEAV__crt_cached_ptd_host@@@Z 000000014002e668     libucrt:cvt.obj
 0002:0000c680       $unwind$_wctomb_internal   000000014002e680     libucrt:wctomb.obj
 0002:0000c694       $unwind$?__mbrtoc32_utf8@__crt_mbstring@@YA_KPEA_UPEBD_KPEAU_Mbstatet@@AEAV__crt_cached_ptd_host@@@Z 000000014002e694     libucrt:mbrtoc32.obj
 0002:0000c6b0       $unwind$?__mbsrtowcs_utf8@__crt_mbstring@@YA_KPEA_WPEAPEBD_KPEAU_Mbstatet@@AEAV__crt_cached_ptd_host@@@Z 000000014002e6b0     libucrt:mbrtowc.obj
 0002:0000c6cc       $unwind$__acrt_stdio_end_temporary_buffering_nolock 000000014002e6cc     libucrt:_sftbuf.obj
 0002:0000c6d4       $unwind$raise              000000014002e6d4     libucrt:signal.obj
 0002:0000c714       $unwind$??$?RV<lambda_450d765d439847d4c735a33c368b5fc0>@@AEAV<lambda_44731a7d0e6d81c3e6aa82d741081786>@@V<lambda_601a2a7da3b7a96e9554ac7215c4b07c>@@@?$__crt_seh_guarded_call@P6AXH@Z@@QEAAP6AXH@Z$$QEAV<lambda_450d765d439847d4c735a33c368b5fc0>@@AEAV<lambda_44731a7d0e6d81c3e6aa82d741081786>@@$$QEAV<lambda_601a2a7da3b7a96e9554ac7215c4b07c>@@@Z 000000014002e714     libucrt:signal.obj
 0002:0000c738       $unwind$??$write_buffer_nolock@D@@YA_NDV__crt_stdio_stream@@AEAV__crt_cached_ptd_host@@@Z 000000014002e738     libucrt:_flsbuf.obj
 0002:0000c74c       $unwind$??$common_expand_argv_wildcards@D@@YAHQEAPEADQEAPEAPEAD@Z 000000014002e74c     libucrt:argv_wildcards.obj
 0002:0000c764       $unwind$__dcrt_get_narrow_environment_from_os 000000014002e764     libucrt:get_environment_from_os.obj
 0002:0000c764       $unwind$??$__acrt_convert_wcs_mbs_cp@_WDV<lambda_d8593a27d1aa8c02be35c86a17d324c4>@@U__crt_win32_buffer_internal_dynamic_resizing@@@@YAHQEB_WAEAV?$__crt_win32_buffer@DU__crt_win32_buffer_internal_dynamic_resizing@@@@AEBV<lambda_d8593a27d1aa8c02be35c86a17d324c4>@@I@Z 000000014002e764     libucrt:argv_wildcards.obj
 0002:0000c77c       $unwind$??$expand_argument_wildcards@D@@YAHQEAD0AEAV?$argument_list@D@?A0x5f5c8891@@@Z 000000014002e77c     libucrt:argv_wildcards.obj
 0002:0000c79c       $unwind$__acrt_GetModuleFileNameA 000000014002e79c     libucrt:getmodulefilenamea.obj
 0002:0000c7b8       $unwind$__dcrt_write_console 000000014002e7b8     libucrt:initcon.obj
 0002:0000c7b8       $unwind$??$__acrt_convert_wcs_mbs_cp@_WDV<lambda_f788ae46380686e8b737efdd8c720d07>@@U__crt_win32_buffer_no_resizing@@@@YAHQEB_WAEAV?$__crt_win32_buffer@DU__crt_win32_buffer_no_resizing@@@@AEBV<lambda_f788ae46380686e8b737efdd8c720d07>@@I@Z 000000014002e7b8     libucrt:getmodulefilenamea.obj
 0002:0000c7cc       $unwind$_setmbcp_nolock    000000014002e7cc     libucrt:mbctype.obj
 0002:0000c7ec       $unwind$?update_thread_multibyte_data_internal@@YAPEAU__crt_multibyte_data@@QEAU__acrt_ptd@@QEAPEAU1@@Z 000000014002e7ec     libucrt:mbctype.obj
 0002:0000c814       $unwind$?setmbcp_internal@@YAHH_NQEAU__acrt_ptd@@QEAPEAU__crt_multibyte_data@@@Z 000000014002e814     libucrt:mbctype.obj
 0002:0000c82c       $unwind$?setSBUpLow@@YAXPEAU__crt_multibyte_data@@@Z 000000014002e82c     libucrt:mbctype.obj
 0002:0000c848       $unwind$??$?RV<lambda_efdfa57d1f175319df784efa44bb7b81>@@AEAV<lambda_5f0a4c1567f8adc6734073e5d1e1b35c>@@V<lambda_2e8a7d3640ea6ccb4c2413664c2db6fd>@@@?$__crt_seh_guarded_call@X@@QEAAX$$QEAV<lambda_efdfa57d1f175319df784efa44bb7b81>@@AEAV<lambda_5f0a4c1567f8adc6734073e5d1e1b35c>@@$$QEAV<lambda_2e8a7d3640ea6ccb4c2413664c2db6fd>@@@Z 000000014002e848     libucrt:mbctype.obj
 0002:0000c86c       $unwind$?x_ismbbtype_l@@YAHPEAU__crt_locale_pointers@@IHH@Z 000000014002e86c     libucrt:ismbbyte.obj
 0002:0000c86c       $unwind$_strnicmp_l        000000014002e86c     libucrt:strnicmp.obj
 0002:0000c87c       $unwind$__acrt_WideCharToMultiByte 000000014002e87c     libucrt:widechartomultibyte.obj
 0002:0000c888       $unwind$??$common_set_variable_in_environment_nolock@D@@YAHQEADH@Z 000000014002e888     libucrt:setenv.obj
 0002:0000c8a0       $unwind$??$copy_environment@D@@YAPEAPEADQEAPEAD@Z 000000014002e8a0     libucrt:setenv.obj
 0002:0000c8b4       $unwind$_recalloc_base     000000014002e8b4     libucrt:recalloc.obj
 0002:0000c8c8       $unwind$__acrt_initialize_heap 000000014002e8c8     libucrt:heap_handle.obj
 0002:0000c8d0       $unwind$_free_osfhnd       000000014002e8d0     libucrt:osfinfo.obj
 0002:0000c8e4       $unwind$__acrt_lowio_destroy_handle_array 000000014002e8e4     libucrt:osfinfo.obj
 0002:0000c8f4       $unwind$__acrt_lowio_ensure_fh_exists 000000014002e8f4     libucrt:osfinfo.obj
 0002:0000c920       $unwind$__acrt_locale_free_monetary 000000014002e920     libucrt:initmon.obj
 0002:0000c928       $unwind$__acrt_locale_free_time 000000014002e928     libucrt:inittime.obj
 0002:0000c938       $unwind$__acrt_GetStringTypeA 000000014002e938     libucrt:getstringtypea.obj
 0002:0000c960       $unwind$__acrt_update_thread_locale_data 000000014002e960     libucrt:locale_refcounting.obj
 0002:0000c984       $unwind$?_fclose_nolock_internal@@YAHQEAU_iobuf@@AEAV__crt_cached_ptd_host@@@Z 000000014002e984     libucrt:fclose.obj
 0002:0000c994       $unwind$?_fclose_internal@@YAHQEAU_iobuf@@AEAV__crt_cached_ptd_host@@@Z 000000014002e994     libucrt:fclose.obj
 0002:0000c9b8       $unwind$??$common_lseek@_J@@YA_JH_JHAEAV__crt_cached_ptd_host@@@Z 000000014002e9b8     libucrt:lseek.obj
 0002:0000c9e4       $unwind$_putwch_nolock     000000014002e9e4     libucrt:putwch.obj
 0002:0000c9ec       $unwind$__acrt_fltout      000000014002e9ec     libucrt:cfout.obj
 0002:0000ca10       $unwind$?divide@__crt_strtox@@YA_KAEAUbig_integer@1@AEBU21@@Z 000000014002ea10     libucrt:cfout.obj
 0002:0000ca28       $chain$0$?divide@__crt_strtox@@YA_KAEAUbig_integer@1@AEBU21@@Z 000000014002ea28     libucrt:cfout.obj
 0002:0000ca3c       $chain$1$?divide@__crt_strtox@@YA_KAEAUbig_integer@1@AEBU21@@Z 000000014002ea3c     libucrt:cfout.obj
 0002:0000ca4c       $unwind$qsort              000000014002ea4c     libucrt:qsort.obj
 0002:0000ca64       $chain$3$qsort             000000014002ea64     libucrt:qsort.obj
 0002:0000ca84       $chain$4$qsort             000000014002ea84     libucrt:qsort.obj
 0002:0000ca94       $unwind$strpbrk            000000014002ea94     libucrt:strpbrk.obj
 0002:0000caa4       $unwind$fallbackMethod     000000014002eaa4     libucrt:strpbrk.obj
 0002:0000cab4       $unwind$__acrt_LCMapStringA 000000014002eab4     libucrt:lcmapstringa.obj
 0002:0000cac4       $unwind$?__acrt_LCMapStringA_stat@@YAHPEAU__crt_locale_pointers@@PEB_WKPEBDHPEADHHH@Z 000000014002eac4     libucrt:lcmapstringa.obj
 0002:0000caec       $unwind$_strnicoll         000000014002eaec     libucrt:strnicol.obj
 0002:0000cb00       $chain$0$_strnicoll        000000014002eb00     libucrt:strnicol.obj
 0002:0000cb14       $chain$1$_strnicoll        000000014002eb14     libucrt:strnicol.obj
 0002:0000cb24       $unwind$__acrt_SetEnvironmentVariableA 000000014002eb24     libucrt:setenvironmentvariablea.obj
 0002:0000cb40       $unwind$_msize_base        000000014002eb40     libucrt:msize.obj
 0002:0000cb48       $unwind$_realloc_base      000000014002eb48     libucrt:realloc_base.obj
 0002:0000cb54       $unwind$_close_internal    000000014002eb54     libucrt:close.obj
 0002:0000cb5c       $unwind$??$?RV<lambda_ad8af0d99a0adf03d037d7dffe354bb5>@@AEAV<lambda_c9ba49e555ba839a7b07aa3fbecb7617>@@V<lambda_2f1ebd5d68526518146ae959c9e734c8>@@@?$__crt_seh_guarded_call@H@@QEAAH$$QEAV<lambda_ad8af0d99a0adf03d037d7dffe354bb5>@@AEAV<lambda_c9ba49e555ba839a7b07aa3fbecb7617>@@$$QEAV<lambda_2f1ebd5d68526518146ae959c9e734c8>@@@Z 000000014002eb5c     libucrt:close.obj
 0002:0000cb80       $xdatasym$log10            000000014002eb80     libucrt:log10.obj
 0002:0000cb8c       $unwind$__acrt_fenv_set_control 000000014002eb8c     libucrt:_fenvutils.obj
 0002:0000cb98       $chain$0$__acrt_fenv_set_control 000000014002eb98     libucrt:_fenvutils.obj
 0002:0000cbac       $chain$1$__acrt_fenv_set_control 000000014002ebac     libucrt:_fenvutils.obj
 0002:0000cbbc       $unwind$_guard_check_icall 000000014002ebbc     libucrt:checkcfg.obj
 0002:0000cbc8       $unwind$_strnicmp          000000014002ebc8     libucrt:strnicmp.obj
 0002:0000cbd0       $unwind$__acrt_CompareStringA 000000014002ebd0     libucrt:comparestringa.obj
 0002:0000cbe0       $unwind$?InternalCompareStringA@@YAHPEAU__crt_locale_pointers@@PEB_WKPEBDH2HH@Z 000000014002ebe0     libucrt:comparestringa.obj
 0002:0000cc04       $unwind$common_control87   000000014002ec04     libucrt:ieee.obj
 0002:0000cc28       $unwind$_exception_enabled 000000014002ec28     libucrt:libm_error.obj
 0002:0000cc3c       $chain$0$_exception_enabled 000000014002ec3c     libucrt:libm_error.obj
 0002:0000cc50       $chain$1$_exception_enabled 000000014002ec50     libucrt:libm_error.obj
 0002:0000cc60       $unwind$_handle_error      000000014002ec60     libucrt:libm_error.obj
 0002:0000cc7c       $unwind$__acrt_initialize_fma3 000000014002ec7c     libucrt:fma3_available.obj
 0002:0000cc84       $unwind$_log_special_common 000000014002ec84     libucrt:log_special.obj
 0002:0000cc90       $unwind$_ctrlfp            000000014002ec90     libucrt:fpctrl.obj
 0002:0000ccb0       $unwind$_raise_exc_ex      000000014002ecb0     libucrt:fpexcept.obj
 0002:0000ccc4       $unwind$_IsNonwritableInCurrentImage 000000014002ecc4     LIBCMT:pesect.obj
 0002:0000cce8       $xdatasym                  000000014002ece8     LIBCMT:chkstk.obj
 0002:0000d44c       .idata$6                   000000014002f44c     kernel32:KERNEL32.dll
 0003:00000000       ?g_lock@?A0x392e7a33@virtual_memory@runtime@gxos@@3Vmutex@std@@A 0000000140030000     virtual_memory_region.obj
 0003:00000050       ?g_nextGeneration@?A0x392e7a33@virtual_memory@runtime@gxos@@3_KA 0000000140030050     virtual_memory_region.obj
 0003:00000060       ?g_trace@?A0xea8b3def@virtual_memory@nativeaot@guidexos@@3PAUTraceEvent@234@A 0000000140030060     nativeaot_virtual_memory_adapter.obj
 0003:00002c60       ?g_nextReservationGeneration@?A0xea8b3def@virtual_memory@nativeaot@guidexos@@3_KA 0000000140032c60     nativeaot_virtual_memory_adapter.obj
 0003:00002c68       ?g_nextAdapterInstance@?A0xea8b3def@virtual_memory@nativeaot@guidexos@@3_KA 0000000140032c68     nativeaot_virtual_memory_adapter.obj
 0003:00002c70       ?g_nextOwner@?A0xd5567735@runtime@gxos@@3U?$atomic@_K@std@@A 0000000140032c70     mutex.obj
 0003:00002c80       ?g_mutex@?A0x2e7dfb66@runtime@gxos@@3Vmutex@std@@A 0000000140032c80     native_thread.obj
 0003:00002ce0       ?g_metadataMutex@?A0x3c6ac7df@runtime@gxos@@3Vmutex@std@@A 0000000140032ce0     local_storage.obj
 0003:00002d40       ?_Thread_exit_data_mutex@?A0x7f1b0160@@3Vmutex@std@@A 0000000140032d40     libcpmt:xnotify.obj
 0003:00002e10       ?__vcrt_flsindex@@3KA      0000000140032e10     libvcruntime:per_thread_data.obj
 0003:00002f40       ?errno_no_memory@@3HA      0000000140032f40     libucrt:errno.obj
 0003:00002f44       ?doserrno_no_memory@@3KA   0000000140032f44     libucrt:errno.obj
 0003:00002f98       ?__acrt_flsindex@@3KA      0000000140032f98     libucrt:per_thread_data.obj
 0003:00003340       _mbctypes                  0000000140033340     libucrt:mbctype.obj
 0003:00003450       _mbcasemaps                0000000140033450     libucrt:mbctype.obj
 0003:00003550       ?__rgctypeflag@@3PADA      0000000140033550     libucrt:mbctype.obj
 0003:00003560       ?__rgcode_page_info@@3PAUcode_page_info@@A 0000000140033560     libucrt:mbctype.obj
 0003:00003800       ?__dcrt_lowio_console_output_handle@@3PEAXEA 0000000140033800     libucrt:initcon.obj
 0003:00003810       ?dazSupported@?1??common_control87@@9@9 0000000140033810     libucrt:ieee.obj
 0003:00003820       ?dazSupported@?1??_ctrlfp@@9@9 0000000140033820     libucrt:fpctrl.obj
 0003:00003a38       ?g_check@?A0x8f670e7a@@3HA 0000000140033a38     probe.obj
 0003:00003a40       ?g_regions@?A0x392e7a33@virtual_memory@runtime@gxos@@3PEAUHostRegionState@1234@EA 0000000140033a40     virtual_memory_region.obj
 0003:00003a50       ?g_records@?A0xea8b3def@virtual_memory@nativeaot@guidexos@@3PAURegistryRecord@1234@A 0000000140033a50     nativeaot_virtual_memory_adapter.obj
 0003:00004d50       ?g_traceCount@?A0xea8b3def@virtual_memory@nativeaot@guidexos@@3_KA 0000000140034d50     nativeaot_virtual_memory_adapter.obj
 0003:00004d58       ?g_traceSequence@?A0xea8b3def@virtual_memory@nativeaot@guidexos@@3_KA 0000000140034d58     nativeaot_virtual_memory_adapter.obj
 0003:00004d60       ?g_adapterInstance@?A0xea8b3def@virtual_memory@nativeaot@guidexos@@3_KA 0000000140034d60     nativeaot_virtual_memory_adapter.obj
 0003:00004d68       ?g_initialized@?A0xea8b3def@virtual_memory@nativeaot@guidexos@@3_NA 0000000140034d68     nativeaot_virtual_memory_adapter.obj
 0003:00004d70       ?g_liveStates@?A0x3ad8ae30@runtime@gxos@@3U?$atomic@_K@std@@A 0000000140034d70     event.obj
 0003:00004d80       ?g_slots@?A0x2e7dfb66@runtime@gxos@@3V?$array@UThreadSlot@?A0x2e7dfb66@runtime@gxos@@$0EA@@std@@A 0000000140034d80     native_thread.obj
 0003:00005f80       ?g_liveSlots@?A0x2e7dfb66@runtime@gxos@@3U?$atomic@I@std@@A 0000000140035f80     native_thread.obj
 0003:00005f88       ?g_domain@?A0x3c6ac7df@runtime@gxos@@3ULocalStorageDomain@123@A 0000000140035f88     local_storage.obj
 0003:00006110       ?g_hooks@?A0x3c6ac7df@runtime@gxos@@3ULocalStoragePlatformHooks@23@A 0000000140036110     local_storage.obj
 0003:00006130       ?g_handles@?A0xeb7d5414@fls@nativeaot@guidexos@@3PAULocalStorageIndex@runtime@gxos@@A 0000000140036130     nativeaot_fls_adapter.obj
 0003:00006170       ?g_handleActive@?A0xeb7d5414@fls@nativeaot@guidexos@@3PA_NA 0000000140036170     nativeaot_fls_adapter.obj
 0003:00006178       ?freq_cached@?1??_Query_perf_frequency@@9@4U?$atomic@_J@std@@A 0000000140036178     libcpmt:xtime.obj
 0003:00006180       ?_Thread_exit_data@?A0x7f1b0160@@3U_At_thread_exit_block@1@A 0000000140036180     libcpmt:xnotify.obj
 0003:000064c8       ?is_initialized_as_dll@@3_NA 00000001400364c8     LIBCMT:utility.obj
 0003:000064c9       ?module_local_atexit_table_initialized@@3_NA 00000001400364c9     LIBCMT:utility.obj
 0003:000064d0       ?module_local_atexit_table@@3U_onexit_table_t@@A 00000001400364d0     LIBCMT:utility.obj
 0003:000064e8       ?module_local_at_quick_exit_table@@3U_onexit_table_t@@A 00000001400364e8     LIBCMT:utility.obj
 0003:00006530       ?__vcrt_startup_thread_ptd@@3U__vcrt_ptd@@A 0000000140036530     libvcruntime:per_thread_data.obj
 0003:000065b0       __vcrt_lock_table          00000001400365b0     libvcruntime:locks.obj
 0003:000065d8       __vcrt_locks_initialized   00000001400365d8     libvcruntime:locks.obj
 0003:000065e8       ?c_termination_complete@@3JA 00000001400365e8     libucrt:exit.obj
 0003:000065f0       ?thread_local_exit_callback_func@@3P6AXPEAXK0@ZEA 00000001400365f0     libucrt:exit.obj
 0003:000065f8       ?c_exit_complete@?1???R<lambda_6e4b09c48022b2350581041d5f6b0c4c>@@QEBA@XZ@4_NA 00000001400365f8     libucrt:exit.obj
 0003:00006620       ?program_name@?1???$common_configure_argv@D@@YAHW4_crt_argv_mode@@@Z@4PADA 0000000140036620     libucrt:argv_parsing.obj
 0003:00006778       ?__acrt_new_handler@@3V?$dual_state_global@P6AH_K@Z@__crt_state_management@@A 0000000140036778     libucrt:new_handler.obj
 0003:00006780       ?__acrt_app_type@@3W4_crt_app_type@@A 0000000140036780     libucrt:report_runtime_error.obj
 0003:00006788       ?user_matherr@@3V?$dual_state_global@P6AHPEAU_exception@@@Z@__crt_state_management@@A 0000000140036788     libucrt:matherr.obj
 0003:000067c4       ?__acrt_global_new_mode@@3V?$dual_state_global@J@__crt_state_management@@A 00000001400367c4     libucrt:new_mode.obj
 0003:000067d0       ?__acrt_lock_table@@3PAU_RTL_CRITICAL_SECTION@@A 00000001400367d0     libucrt:locks.obj
 0003:00006a28       ?__acrt_locks_initialized@@3IA 0000000140036a28     libucrt:locks.obj
 0003:00006a2c       ?state_cache@?1???$get_cached_win_policy@Ubegin_thread_init_policy_properties@?1??__acrt_get_begin_thread_init_policy@@YA?AW4begin_thread_init_policy@@XZ@@@YA?AW4begin_thread_init_policy@@W4AppPolicyThreadInitializationType@@@Z@4JA 0000000140036a2c     libucrt:win_policies.obj
 0003:00006a30       ?__acrt_invalid_parameter_handler@@3V?$dual_state_global@P6AXPEB_W00I_K@Z@__crt_state_management@@A 0000000140036a30     libucrt:invalid_parameter.obj
 0003:00006a40       ?module_handles@@3PAPEAUHINSTANCE__@@A 0000000140036a40     libucrt:winapi_thunks.obj
 0003:00006f10       ?internal_state@?1??_mbtowc_internal@@9@4U_Mbstatet@@A 0000000140036f10     libucrt:mbtowc.obj
 0003:00006f18       ?internal_pst@?1??__mbrtoc32_utf8@__crt_mbstring@@YA_KPEA_UPEBD_KPEAU_Mbstatet@@AEAV__crt_cached_ptd_host@@@Z@4U3@A 0000000140036f18     libucrt:mbrtoc32.obj
 0003:00006f20       ?internal_pst@?1??__c16rtomb_utf8@__crt_mbstring@@YA_KPEAD_SPEAU_Mbstatet@@AEAV__crt_cached_ptd_host@@@Z@4U3@A 0000000140036f20     libucrt:c16rtomb.obj
 0003:00006f28       ?enable_percent_n@@3_KA    0000000140036f28     libucrt:printf_count_output.obj
 0003:00006f40       ?ctrlc_action@@3V?$dual_state_global@P6AXH@Z@__crt_state_management@@A 0000000140036f40     libucrt:signal.obj
 0003:00006f48       ?ctrlbreak_action@@3V?$dual_state_global@P6AXH@Z@__crt_state_management@@A 0000000140036f48     libucrt:signal.obj
 0003:00006f50       ?abort_action@@3V?$dual_state_global@P6AXH@Z@__crt_state_management@@A 0000000140036f50     libucrt:signal.obj
 0003:00006f58       ?term_action@@3V?$dual_state_global@P6AXH@Z@__crt_state_management@@A 0000000140036f58     libucrt:signal.obj
 0003:00006f78       ?fSystemSet@@3HA           0000000140036f78     libucrt:mbctype.obj
 0003:00006f7c       ?initialized@?1??__acrt_initialize_multibyte@@9@4_NA 0000000140036f7c     libucrt:mbctype.obj
 0005:00000000       ?function_pointers@@3PAPEAXA 000000014003a000     libucrt:winapi_thunks.obj
