[2J[01;01H[=3h[2J[01;01H[2J[01;01H[=3h[2J[01;01H[2J[01;01H[=3h[2J[01;01HBdsDxe: loading Boot0001 "UEFI QEMU HARDDISK QM00001 " from PciRoot(0x0)/Pci(0x1,0x1)/Ata(Primary,Master,0x0)
BdsDxe: starting Boot0001 "UEFI QEMU HARDDISK QM00001 " from PciRoot(0x0)/Pci(0x1,0x1)/Ata(Primary,Master,0x0)
guideXOS UEFI Bootloader
ACPI RSDP found at 0x000000003F77E000, rev 0
ELF: vaddr range 0x100000 - 0x666b770 (size 0x656b770)
ELF: Allocated 25964 pages at 0x35600000
ELF: Loading seg 0: vaddr=0x100000 -> phys=0x35600000 (filesz=0x1a6018)
ELF: Loading seg 1: vaddr=0x2a7000 -> phys=0x357a7000 (filesz=0x11b048)
ELF: Entry point in segment 0 (vaddr 0x100000)
ELF: Entry vaddr=0x100000, offset=0x0, physEntry=0x35600000
Kernel entry phys: 0x0000000035600000 virt: 0x0000000000100000
Kernel loaded at: 0x0000000035600000 - 0x000000003BB6B770
Could not open file: ramdisk.img
Warning: Failed to load ramdisk
Stack allocated at 0x0000000000200000, top at 0x0000000000210000 (below kernel)

=== PCI Enumeration ===
Found 1 network controller(s)
  [%02x:%02x.0] Vendor=%04x Device=%04x Class=%02x/%02x IRQ=3
    BAR0: Phys=%016lx Size=81040000 ()
    ** Supported Intel E1000 NIC **

*** Using NIC at [%02x:%02x.0] ***
    Vendor: %04x  Device: %04x
    MMIO Phys: %016lx  Size: 81040000
    PCI bus mastering enabled
=========================

Runtime frame pool: 0x000000003CDF3000 pages=4096
Mapping stack: 0x0000000000200000 size 65536
Mapping framebuffer: 0x0000000080000000 size 4096000
Mapping ACPI RSDP region: 0x000000003F77E000
Mapping bootloader: 0x000000003DE33000 size 73728
Mapping allocator region: 0x4000000 size 64MB
Mapping low memory stack region: 0x100000 size 2MB
Mapping NIC MMIO: %016lx size 81040000
NIC MMIO mapped: Phys=%016lx Virt=%016lx
Building identity page tables with 13 ranges...
Page tables built at PML4: 0x000000003DE50000
Pre-EBS marker drawn (green square top-left)
Exiting boot services...


=== GuideXOS Boot (Post-ExitBootServices) ===

=== CPU State Check ===
CR0 = 0x0000000080010033
CR3 = 0x000000003F801000
CR4 = 0x0000000000000668
EFER = 0x0000000000000D00
  [OK] CR0.PG (Paging) enabled
  [OK] CR0.PE (Protected Mode) enabled
  [OK] CR4.PAE enabled
  [OK] EFER.LME (Long Mode Enable) set
  [OK] EFER.LMA (Long Mode Active) set

=== BootInfo ===
Magic: 0x49425847
Framebuffer: 0x0000000080000000 (0x00000500x0x00000320)

=== Kernel Entry Validation ===
Entry point: 0x0000000035600000
First 16 bytes at entry:
  FA 66 31 C0 8E D8 8E C0 8E E0 8E E8 8E D0 48 BC 
  [INFO] Unknown prologue pattern

=== Jumping to Kernel (Trampoline) ===

========================================
=== PRE-HANDOFF VALIDATION ===
========================================

--- Parameters ---
Kernel Entry: 0x0000000035600000
BootInfo:     0x000000003DF47000
Stack Top:    0x0000000000210000
PML4 Phys:    0x000000003DE50000

--- Validating Mappings ---

[1] Kernel Entry:
Checking mapping for: 0x0000000035600000
  PML4[0x00000000] = 0x000000003DE4F003
  PDPT[0x00000000] = 0x000000003DE4E003
  PD[0x000001AB] = 0x000000003DE4C003
  PT[0x00000000] = 0x0000000035600003
  [OK] Maps to physical: 0x0000000035600000

[2] BootInfo:
Checking mapping for: 0x000000003DF47000
  PML4[0x00000000] = 0x000000003DE4F003
  PDPT[0x00000000] = 0x000000003DE4E003
  PD[0x000001EF] = 0x000000003CDC6003
  PT[0x00000147] = 0x000000003DF47003
  [OK] Maps to physical: 0x000000003DF47000

[3] Stack (top - 0x1000):
Checking mapping for: 0x000000000020F000
  PML4[0x00000000] = 0x000000003DE4F003
  PDPT[0x00000000] = 0x000000003DE4E003
  PD[0x00000001] = 0x000000003CDC7003
  PT[0x0000000F] = 0x000000003570F003
  [OK] Maps to physical: 0x000000003570F000

[4] PML4 self-mapping:
Checking mapping for: 0x000000003DE50000
  PML4[0x00000000] = 0x000000003DE4F003
  PDPT[0x00000000] = 0x000000003DE4E003
  PD[0x000001EF] = 0x000000003CDC6003
  PT[0x00000050] = 0x000000003DE50003
  [OK] Maps to physical: 0x000000003DE50000

[5] Framebuffer:
Checking mapping for: 0x0000000080000000
  PML4[0x00000000] = 0x000000003DE4F003
  PDPT[0x00000002] = 0x000000003CDBC003
  PD[0x00000000] = 0x000000003CDBB003
  PT[0x00000000] = 0x0000000080000003
  [OK] Maps to physical: 0x0000000080000000

========================================
=== VALIDATION COMPLETE ===
========================================


[BOOT] Validating VIRTUAL kernel entry mapping:
Checking mapping for: 0x0000000000100000
  PML4[0x00000000] = 0x000000003DE4F003
  PDPT[0x00000000] = 0x000000003DE4E003
  PD[0x00000000] = 0x000000003DE4D003
  PT[0x00000100] = 0x0000000035600003
  [OK] Maps to physical: 0x0000000035600000
[BOOT] About to handoff via trampoline...
[BOOT] Trampoline at: 0x000000003DE51000
[BOOT] Kernel entry: 0x0000000035600000
[BOOT] BootInfo at: 0x000000003DF47000
[BOOT] Stack top: 0x0000000000210000
[BOOT] PML4: 0x000000003DE50000

[BOOT] Validating trampoline mapping:
Checking mapping for: 0x000000003DE51000
  PML4[0x00000000] = 0x000000003DE4F003
  PDPT[0x00000000] = 0x000000003DE4E003
  PD[0x000001EF] = 0x000000003CDC6003
  PT[0x00000051] = 0x000000003DE51003
  [OK] Maps to physical: 0x000000003DE51000

[BOOT] === CALLING TRAMPOLINE NOW ===
[KERNEL] guideXOS kernel_main entered
[KERNEL] Boot method: UEFI BootInfo
[KERNEL] Generic address-space frame pool initialized
[GDT] GDT loaded with 3 entries, segments reloaded
[IRQ] IDT loaded, PIC remapped, interrupts enabled
[IRQ] Master PIC mask: 0xFF Slave PIC mask: 0xFF
[PIT] Timer configured at ~00000064 Hz (divisor=0x00002E9B)
[IRQ] register_irq called for IRQ 00
[IRQ] Handler stored, unmasking...
[IRQ] Registered and unmasked IRQ 00 Master mask: 0xFE Slave mask: 0xFF
[nativeaot-gc-single-thread-suspend-ee] timer services ready
[nativeaot-gc-single-thread-suspend-ee] BEGIN
[nativeaot-gc-single-thread-suspend-ee] Runtime foundation initialization: PASS
[IRQ] dispatch irq=00
[nativeaot-gc-single-thread-suspend-ee] Artifact staged: PASS
[nativeaot-gc-single-thread-suspend-ee] Win64 PAL legacy installation: PASS
[nativeaot-gc-single-thread-suspend-ee] Win64 PAL v1 installation: PASS
[nativeaot-gc-single-thread-suspend-ee] GC platform installation: PASS
[IRQ] dispatch irq=00
[IRQ] dispatch irq=00
[IRQ] dispatch irq=00
[nativeaot-gc-first-allocation] RhInitialize return=00000000 state=02000012 preGcState=00002B0F diagnosticStage=00000070 startupNativeAllocations=0000002B lastSize=00000020
[nativeaot-gc-single-thread-suspend-ee] RhInitialize: PASS
[nativeaot-gc-single-thread-suspend-ee] NativeAOT current-thread TLS vector: PASS
[nativeaot-gc-first-allocation] tlsGsBase=000000000392ACE0 tlsVector=000000000392ABC0 tlsBlock=000000000392ABD0 tlsIndexAssumed=0
[nativeaot-gc-single-thread-suspend-ee] VM trace experiment baseline captured: PASS
[nativeaot-gc-single-thread-suspend-ee] entering ManagedMain once
[IRQ] dispatch irq=00
[nativeaot-gc-single-thread-suspend-ee] SuspendEE entry[IRQ] dispatch irq=00

[nativeaot-gc-single-thread-suspend-ee] ThreadStore adapter registered current mutator
[nativeaot-gc-single-thread-suspend-ee] ThreadStore lock acquired
[nativeaot-gc-single-thread-suspend-ee] ThreadStore registry count complete
[nativeaot-gc-single-thread-suspend-ee] SuspendAllThreads returned
[nativeaot-gc-single-thread-suspend-ee] SuspendEE observer complete
[nativeaot-gc-single-thread-suspend-ee] SuspendEE body complete
[nativeaot-gc-single-thread-suspend-ee] DisablePreemptiveGC entry
[nativeaot-gc-single-thread-suspend-ee] DisablePreemptiveGC returned; safe boundary before GCHeap::GarbageCollect
[nativeaot-gc-single-thread-suspend-ee] safeValidation entry=00000001 lockReq=00000001 lockAcq=00000001 registered=00000001 currentRegistered=00000001 identities=00000001 expectedPeers=00000000 stoppedPeers=00000000 exempt=00000001 entryProhibited=00000001 eeSuspended=00000001
[nativeaot-gc-single-thread-suspend-ee] SAFE_STOP marker=C011EC02 callback=GCHeap::GarbageCollect before fix_allocation_contexts requestCount=00000001 entryCount=00000001 requestedGeneration=00000001 reason=00000005 suspendReason=00000001 blocking=00000001 compacting=00000000 suspendEeEntryCount=00000001 suspendEeReturnCount=00000001 suspendEeSuspensionCount=00000001 lockRequests=00000001 lockAcquisitions=00000001 lockFailures=00000000 unlocks=00000000 lockOwner=000000000392AC00 lockOwnerNativeId=00000000100CE8C0 lockDepth=00000001 registeredThreads=[IRQ] dispatch irq=00
00000001 initiator=000000000392AC00 currentRuntimeThread=000000000392AC00 currentNativeId=00000000100CE8C0 identitiesMatch=00000001 expectedOtherMutators=00000000 stoppedOtherMutators=00000000 currentThreadExempt=00000001 managedEntryProhibited=00000001 eeSuspended=00000001 nextBoundary=00000002 rootRequests=00000000 rootEntries=00000000 stackWalkRequests=00000000 stackWalkEntries=00000000 handleScanRequests=00000000 handleScanEntries=00000000 heapMutationStarted=00000000 restartRequests=00000000 restartEntries=00000000 managedResumeCount=00000000 registryMutationAttemptsWhileLocked=00000000 adapterRegistrations=00000001 safeStopReason=C011EC02 allocations=00000028 fast=00000013 rare=00000016 refills=00000015 sameSegmentCommits=00000002 segmentTransitions=00000000 sentinelChecks=000000A0 sentinelFailures=00000000 liveSentinels=00000004
[IRQ] dispatch irq=00
[IRQ] dispatch irq=00
[IRQ] dispatch irq=00
